7612:2023-03-17 11:57:12,473:INFO:responsedata : {'responseCode': 9, 'responseMessage': 'No Record Found.', 'totalOrders': None, 'totalPages': None, 'currentPage': None, 'orderList': []} | startdate : 01/07/2022 00:00:00 | enddate : 08/07/2022 00:00:00
7612:2023-03-17 11:57:12,862:INFO:responsedata : {'responseCode': 9, 'responseMessage': 'No Record Found.', 'totalOrders': None, 'totalPages': None, 'currentPage': None, 'orderList': []} | startdate : 08/07/2022 00:00:00 | enddate : 15/07/2022 00:00:00
7612:2023-03-17 11:57:13,236:INFO:responsedata : {'responseCode': 9, 'responseMessage': 'No Record Found.', 'totalOrders': None, 'totalPages': None, 'currentPage': None, 'orderList': []} | startdate : 15/07/2022 00:00:00 | enddate : 22/07/2022 00:00:00
7612:2023-03-17 11:57:13,687:INFO:responsedata : {'responseCode': 0, 'responseMessage': 'Success', 'totalOrders': 1, 'totalPages': 1, 'currentPage': 1, 'orderList': [{'SO011086828': {'orderLocation': 'M01', 'orderId': 'M0131993', 'orderNo': 'SO011086828', 'extenalOrderNo': 'SO011086828', 'paymentMethod': 'Prepaid', 'status': 'Shipped & Returned', 'orderDate': '20/10/2021 13:48:29', 'orderAmount': '5499.00', 'orderCurrency': 'INR', 'conversionRate': '1.00', 'customerName': 'KARAN  AGARWAL', 'shipAddress1': 'HOUSE NO - 382, IIIrd FLOOR, DEEPALI ENCLAVE, PITAM PURA DELHI', 'shipAddress2': 'Delhi DL', 'shipAddress3': '', 'landmark': '', 'latitude': '', 'longitude': '', 'shipCity': 'North West Delhi', 'shipState': 'Delhi', 'shipCountry': 'India', 'shipPincode': '110034', 'shipPhone1': '9312005255', 'shipPhone2': '9312005255', 'shipEmail1': 'karanidhi@gmail.com', 'shipEmail2': 'karanidhi@gmail.com', 'billName': 'KARAN  AGARWAL', 'billAddress1': 'HOUSE NO - 382, IIIrd FLOOR, DEEPALI ENCLAVE, PITAM PURA DELHI', 'billAddress2': 'Delhi DL', 'billAddress3': '', 'billCity': 'North West Delhi', 'billState': 'Delhi', 'billCountry': 'India', 'billPincode': '110034', 'billPhone1': '9312005255', 'billPhone2': '9312005255', 'billEmail1': 'karanidhi@gmail.com', 'billEmail2': 'karanidhi@gmail.com', 'orderRemarks': None, 'shippingCharges': '0.00', 'handlingCharge2': '0.00', 'storeCredit': '0.00', 'isVerifiedOrder': '1', 'isOnHold': '0', 'giftvoucher': '0.00', 'otherDiscount': '0.00', 'discountCode': 'null', 'promoCode': None, 'promoName': None, 'cancelRemark': '', 'isGiftwrap': '0', 'giftwrapMsg': '', 'deliverySlot': '', 'customDataFeld1': '', 'customDataFeld2': '', 'customDataFeld3': '', 'customDataFeld4': '["Transaction is yet to complete"]', 'customDataFeld5': '', 'customDataFeld6': '', 'customDataFeld7': 'WHMP0354680390', 'customDataFeld8': '', 'customDataFeld9': '20/10/2021 08:19:30', 'customDataFeld10': '', 'discountAmount': '0.000', 'taxAmount': '838.83', 'updatedDate': '27/07/2022 16:05:27', 'mode': 'wms', 'IsReplacementOrder': 'No', 'originalOrderno': '', 'customerCode': '999999', 'extCustomerCode': '', 'clientId': '0', 'fulfillmentLocCode': 'SHO', 'extFulFillmentLocCode': 'SHO', 'orderSourceName': 'Webstore', 'collectibleAmount': '0.00', 'totalOrderLine': '1', 'delFulfillmentMode': '2', 'geoType': None, 'geoAddress': None, 'geoLatitude': None, 'geoLongitude': None, 'orderSource': 'M01', 'orderType': 'SO', 'shipByDate': '22/10/2021 13:48:29', 'processAfterDate': '', 'masterorderNo': '76090', 'priority': 'Normal', 'pickupLocation': '', 'fulfillmentLocName': 'SKECHERS SOUTH ASIA PRIVATE LIMITED', 'items': [{'lineno': '170780', 'extLineno': '170780', 'internalLineNo': '1', 'sku': '195204302859', 'primaryUPC': 'SKR34456', 'skuName': '232228-BLK/9/SHOE/FLEX ADVANTAGE 4.0 - OVERTAKE', 'status': 'Shipped & Returned', 'imageUrl': 'https://imageserver.skechers.com/img/productimages/large/232228_BLK.jpg', 'uom': 'Each', 'uomqty': '1.00', 'conversion': '1.00', 'orderQty': '1.00', 'commitedQty': '0.00', 'cancelledQty': '0.00', 'shippedQty': '1.00', 'returnQty': '1.00', 'unitPrice': '5499.00', 'discountAmt': '0.00', 'promoCode': None, 'promoName': None, 'taxAmount': '838.83', 'openQty': '0.00', 'udf1': '', 'udf2': '', 'udf3': '', 'udf4': '', 'udf5': '', 'udf6': '', 'udf7': '', 'udf8': '', 'udf9': '', 'udf10': '', 'bundleSkuCode': None, 'shipByDate': '', 'fulfillmentLocCode': 'A74', 'fulfillmentLocName': 'SSAPL-E-COM'}], 'paymentItems': [], 'codcharge': '0.00', 'customerGSTIN': ''}}]} | startdate : 22/07/2022 00:00:00 | enddate : 29/07/2022 00:00:00
7612:2023-03-17 11:57:14,037:INFO:responsedata : {'responseCode': 9, 'responseMessage': 'No Record Found.', 'totalOrders': None, 'totalPages': None, 'currentPage': None, 'orderList': []} | startdate : 29/07/2022 00:00:00 | enddate : 05/08/2022 00:00:00
7612:2023-03-17 11:57:14,469:INFO:responsedata : {'responseCode': 9, 'responseMessage': 'No Record Found.', 'totalOrders': None, 'totalPages': None, 'currentPage': None, 'orderList': []} | startdate : 05/08/2022 00:00:00 | enddate : 12/08/2022 00:00:00
7612:2023-03-17 11:57:14,935:INFO:responsedata : {'responseCode': 0, 'responseMessage': 'Success', 'totalOrders': 1, 'totalPages': 1, 'currentPage': 1, 'orderList': [{'SO011094417': {'orderLocation': 'M01', 'orderId': 'M0135791', 'orderNo': 'SO011094417', 'extenalOrderNo': 'SO011094417', 'paymentMethod': 'Prepaid', 'status': 'Shipped & Returned', 'orderDate': '20/11/2021 06:54:48', 'orderAmount': '5999.00', 'orderCurrency': 'INR', 'conversionRate': '1.00', 'customerName': 'Arpit  Mehta', 'shipAddress1': 'Arpit hospital Plot 9A/FA, Scheme no 94 Ring road (Service road)', 'shipAddress2': 'Madhya Pradesh MP', 'shipAddress3': '', 'landmark': '', 'latitude': '', 'longitude': '', 'shipCity': 'Indore', 'shipState': 'Madhya Pradesh', 'shipCountry': 'India', 'shipPincode': '452018', 'shipPhone1': '7898154738', 'shipPhone2': '7898154738', 'shipEmail1': 'pallavi.mehta9@gmail.com', 'shipEmail2': 'pallavi.mehta9@gmail.com', 'billName': 'Arpit  Mehta', 'billAddress1': 'Arpit hospital Plot 9A/FA, Scheme no 94 Ring road (Service road)', 'billAddress2': 'Madhya Pradesh MP', 'billAddress3': '', 'billCity': 'Indore', 'billState': 'Madhya Pradesh', 'billCountry': 'India', 'billPincode': '452018', 'billPhone1': '7898154738', 'billPhone2': '7898154738', 'billEmail1': 'pallavi.mehta9@gmail.com', 'billEmail2': 'pallavi.mehta9@gmail.com', 'orderRemarks': None, 'shippingCharges': '0.00', 'handlingCharge2': '0.00', 'storeCredit': '0.00', 'isVerifiedOrder': '1', 'isOnHold': '0', 'giftvoucher': '0.00', 'otherDiscount': '0.00', 'discountCode': 'null', 'promoCode': None, 'promoName': None, 'cancelRemark': '', 'isGiftwrap': '0', 'giftwrapMsg': '', 'deliverySlot': '', 'customDataFeld1': '', 'customDataFeld2': '', 'customDataFeld3': '', 'customDataFeld4': '["Transaction is yet to complete"]', 'customDataFeld5': '', 'customDataFeld6': '', 'customDataFeld7': 'WHDF0423119303', 'customDataFeld8': '', 'customDataFeld9': '20/11/2021 01:26:26', 'customDataFeld10': '', 'discountAmount': '0.000', 'taxAmount': '915.10', 'updatedDate': '17/08/2022 12:24:53', 'mode': 'wms', 'IsReplacementOrder': 'No', 'originalOrderno': '', 'customerCode': '999999', 'extCustomerCode': '', 'clientId': '0', 'fulfillmentLocCode': 'SHO', 'extFulFillmentLocCode': 'SHO', 'orderSourceName': 'Webstore', 'collectibleAmount': '0.00', 'totalOrderLine': '1', 'delFulfillmentMode': '2', 'geoType': None, 'geoAddress': None, 'geoLatitude': None, 'geoLongitude': None, 'orderSource': 'M01', 'orderType': 'SO', 'shipByDate': '22/11/2021 06:54:48', 'processAfterDate': '', 'masterorderNo': '83098', 'priority': 'Normal', 'pickupLocation': '', 'fulfillmentLocName': 'SKECHERS SOUTH ASIA PRIVATE LIMITED', 'items': [{'lineno': '186482', 'extLineno': '186482', 'internalLineNo': '1', 'sku': '195204539675', 'primaryUPC': 'SKR34886', 'skuName': '216202-NVOR/7/SHOE/GO WALK 6', 'status': 'Shipped & Returned', 'imageUrl': 'https://imageserver.skechers.com/img/productimages/large/216202_NVOR.jpg', 'uom': 'Each', 'uomqty': '1.00', 'conversion': '1.00', 'orderQty': '1.00', 'commitedQty': '0.00', 'cancelledQty': '0.00', 'shippedQty': '1.00', 'returnQty': '1.00', 'unitPrice': '5999.00', 'discountAmt': '0.00', 'promoCode': None, 'promoName': None, 'taxAmount': '915.10', 'openQty': '0.00', 'udf1': '', 'udf2': '', 'udf3': '', 'udf4': '', 'udf5': '', 'udf6': '', 'udf7': '', 'udf8': '', 'udf9': '', 'udf10': '', 'bundleSkuCode': None, 'shipByDate': '', 'fulfillmentLocCode': 'A74', 'fulfillmentLocName': 'SSAPL-E-COM'}], 'paymentItems': [], 'codcharge': '0.00', 'customerGSTIN': ''}}]} | startdate : 12/08/2022 00:00:00 | enddate : 19/08/2022 00:00:00
7612:2023-03-17 11:57:15,461:INFO:responsedata : {'responseCode': 0, 'responseMessage': 'Success', 'totalOrders': 4, 'totalPages': 1, 'currentPage': 1, 'orderList': [{'SO011081729': {'orderLocation': 'M01', 'orderId': 'M0129229', 'orderNo': 'SO011081729', 'extenalOrderNo': 'SO011081729', 'paymentMethod': 'Prepaid', 'status': 'Shipped & Returned', 'orderDate': '23/09/2021 14:20:48', 'orderAmount': '3899.00', 'orderCurrency': 'INR', 'conversionRate': '1.00', 'customerName': 'Priyanka  Dhillon', 'shipAddress1': 'Bldg 2 flat 903 Chamunda Classic, pandurang Wadi, Mahajanwadi, opp. Thakur mall,mira road east', 'shipAddress2': 'Maharashtra MH', 'shipAddress3': '', 'landmark': '', 'latitude': '', 'longitude': '', 'shipCity': 'Thane', 'shipState': 'Maharashtra', 'shipCountry': 'India', 'shipPincode': '401107', 'shipPhone1': '9167391693', 'shipPhone2': '9167391693', 'shipEmail1': 'priyankad707@gmail.com', 'shipEmail2': 'priyankad707@gmail.com', 'billName': 'Priyanka  Dhillon', 'billAddress1': 'Bldg 2 flat 903 Chamunda Classic, pandurang Wadi, Mahajanwadi, opp. Thakur mall,mira road east', 'billAddress2': 'Maharashtra MH', 'billAddress3': '', 'billCity': 'Thane', 'billState': 'Maharashtra', 'billCountry': 'India', 'billPincode': '401107', 'billPhone1': '9167391693', 'billPhone2': '9167391693', 'billEmail1': 'priyankad707@gmail.com', 'billEmail2': 'priyankad707@gmail.com', 'orderRemarks': None, 'shippingCharges': '0.00', 'handlingCharge2': '0.00', 'storeCredit': '0.00', 'isVerifiedOrder': '1', 'isOnHold': '0', 'giftvoucher': '0.00', 'otherDiscount': '0.00', 'discountCode': 'null', 'promoCode': None, 'promoName': None, 'cancelRemark': '', 'isGiftwrap': '0', 'giftwrapMsg': '', 'deliverySlot': '', 'customDataFeld1': '', 'customDataFeld2': '', 'customDataFeld3': '', 'customDataFeld4': '["Transaction is yet to complete"]', 'customDataFeld5': '', 'customDataFeld6': '', 'customDataFeld7': 'WCPI0289935417', 'customDataFeld8': '', 'customDataFeld9': '23/09/2021 08:52:07', 'customDataFeld10': '', 'discountAmount': '0.000', 'taxAmount': '594.76', 'updatedDate': '25/08/2022 15:07:54', 'mode': 'wms', 'IsReplacementOrder': 'No', 'originalOrderno': '', 'customerCode': '999999', 'extCustomerCode': '', 'clientId': '0', 'fulfillmentLocCode': 'SHO', 'extFulFillmentLocCode': 'SHO', 'orderSourceName': 'Webstore', 'collectibleAmount': '0.00', 'totalOrderLine': '1', 'delFulfillmentMode': '2', 'geoType': None, 'geoAddress': None, 'geoLatitude': None, 'geoLongitude': None, 'orderSource': 'M01', 'orderType': 'SO', 'shipByDate': '25/09/2021 14:20:48', 'processAfterDate': '', 'masterorderNo': '71009', 'priority': 'Normal', 'pickupLocation': '', 'fulfillmentLocName': 'SKECHERS SOUTH ASIA PRIVATE LIMITED', 'items': [{'lineno': '159362', 'extLineno': '159362', 'internalLineNo': '1', 'sku': '193113557575', 'primaryUPC': 'SKR30081', 'skuName': '74191-BKWR/5/Shoe/SOLEI ST.-GROOVILICIOUS', 'status': 'Shipped & Returned', 'imageUrl': 'https://imageserver.skechers.com/img/productimages/large/74191_BKWR.jpg', 'uom': 'Each', 'uomqty': '1.00', 'conversion': '1.00', 'orderQty': '1.00', 'commitedQty': '0.00', 'cancelledQty': '0.00', 'shippedQty': '1.00', 'returnQty': '1.00', 'unitPrice': '3899.00', 'discountAmt': '0.00', 'promoCode': None, 'promoName': None, 'taxAmount': '594.76', 'openQty': '0.00', 'udf1': '', 'udf2': '', 'udf3': '', 'udf4': '', 'udf5': '', 'udf6': '', 'udf7': '', 'udf8': '', 'udf9': '', 'udf10': '', 'bundleSkuCode': None, 'shipByDate': '', 'fulfillmentLocCode': 'D42', 'fulfillmentLocName': 'SSAPL-BIG CENTRE THANE'}], 'paymentItems': [], 'codcharge': '0.00', 'customerGSTIN': ''}}, {'SO011091582': {'orderLocation': 'M01', 'orderId': 'M0134272', 'orderNo': 'SO011091582', 'extenalOrderNo': 'SO011091582', 'paymentMethod': 'Prepaid', 'status': 'Shipped & Returned', 'orderDate': '09/11/2021 13:04:15', 'orderAmount': '3599.00', 'orderCurrency': 'INR', 'conversionRate': '1.00', 'customerName': 'Anand  Rathi', 'shipAddress1': 'Jhumbarlal Rathi, Near SBI, Parsodi road, Dhamangaon Rly', 'shipAddress2': 'Maharashtra MH', 'shipAddress3': '', 'landmark': '', 'latitude': '', 'longitude': '', 'shipCity': 'Amravati', 'shipState': 'Maharashtra', 'shipCountry': 'India', 'shipPincode': '444709', 'shipPhone1': '9730190299', 'shipPhone2': '9730190299', 'shipEmail1': 'anandrathi000@gmail.com', 'shipEmail2': 'anandrathi000@gmail.com', 'billName': 'Anand  Rathi', 'billAddress1': 'Jhumbarlal Rathi, Near SBI, Parsodi road, Dhamangaon Rly', 'billAddress2': 'Maharashtra MH', 'billAddress3': '', 'billCity': 'Amravati', 'billState': 'Maharashtra', 'billCountry': 'India', 'billPincode': '444709', 'billPhone1': '9730190299', 'billPhone2': '9730190299', 'billEmail1': 'anandrathi000@gmail.com', 'billEmail2': 'anandrathi000@gmail.com', 'orderRemarks': None, 'shippingCharges': '0.00', 'handlingCharge2': '0.00', 'storeCredit': '0.00', 'isVerifiedOrder': '1', 'isOnHold': '0', 'giftvoucher': '0.00', 'otherDiscount': '0.00', 'discountCode': 'null', 'promoCode': None, 'promoName': None, 'cancelRemark': '', 'isGiftwrap': '0', 'giftwrapMsg': '', 'deliverySlot': '', 'customDataFeld1': '', 'customDataFeld2': '', 'customDataFeld3': '', 'customDataFeld4': '["Transaction is yet to complete"]', 'customDataFeld5': '', 'customDataFeld6': '', 'customDataFeld7': 'WHMP0400116174', 'customDataFeld8': '', 'customDataFeld9': '09/11/2021 07:36:36', 'customDataFeld10': '', 'discountAmount': '0.000', 'taxAmount': '549.00', 'updatedDate': '25/08/2022 18:20:21', 'mode': 'wms', 'IsReplacementOrder': 'No', 'originalOrderno': '', 'customerCode': '999999', 'extCustomerCode': '', 'clientId': '0', 'fulfillmentLocCode': 'SHO', 'extFulFillmentLocCode': 'SHO', 'orderSourceName': 'Webstore', 'collectibleAmount': '0.00', 'totalOrderLine': '1', 'delFulfillmentMode': '2', 'geoType': None, 'geoAddress': None, 'geoLatitude': None, 'geoLongitude': None, 'orderSource': 'M01', 'orderType': 'SO', 'shipByDate': '11/11/2021 13:04:15', 'processAfterDate': '', 'masterorderNo': '80267', 'priority': 'Normal', 'pickupLocation': '', 'fulfillmentLocName': 'SKECHERS SOUTH ASIA PRIVATE LIMITED', 'items': [{'lineno': '180184', 'extLineno': '180184', 'internalLineNo': '1', 'sku': '194428097305', 'primaryUPC': 'SKR26796', 'skuName': '220017-BBK/7/SHOE/GO TRAIL JACKRABBIT -', 'status': 'Shipped & Returned', 'imageUrl': 'https://imageserver.skechers.com/img/productimages/large/220017_BBK.jpg', 'uom': 'Each', 'uomqty': '1.00', 'conversion': '1.00', 'orderQty': '1.00', 'commitedQty': '0.00', 'cancelledQty': '0.00', 'shippedQty': '1.00', 'returnQty': '1.00', 'unitPrice': '3599.00', 'discountAmt': '0.00', 'promoCode': None, 'promoName': None, 'taxAmount': '549.00', 'openQty': '0.00', 'udf1': '', 'udf2': '', 'udf3': '', 'udf4': '', 'udf5': '', 'udf6': '', 'udf7': '', 'udf8': '', 'udf9': '', 'udf10': '', 'bundleSkuCode': None, 'shipByDate': '', 'fulfillmentLocCode': 'D42', 'fulfillmentLocName': 'SSAPL-BIG CENTRE THANE'}], 'paymentItems': [], 'codcharge': '0.00', 'customerGSTIN': ''}}, {'SO011082134': {'orderLocation': 'M01', 'orderId': 'M0129443', 'orderNo': 'SO011082134', 'extenalOrderNo': 'SO011082134', 'paymentMethod': 'Prepaid', 'status': 'Shipped & Returned', 'orderDate': '25/09/2021 22:44:33', 'orderAmount': '6499.00', 'orderCurrency': 'INR', 'conversionRate': '1.00', 'customerName': 'Zubair  Khan', 'shipAddress1': 'kheteshwar colony  BADI MASJID KE PICHE BEHIND MOTI MARKET', 'shipAddress2': 'Rajasthan RJ', 'shipAddress3': '', 'landmark': '', 'latitude': '', 'longitude': '', 'shipCity': 'BALOTRA', 'shipState': 'Rajasthan', 'shipCountry': 'India', 'shipPincode': '344022', 'shipPhone1': '9001054800', 'shipPhone2': '9001054800', 'shipEmail1': 'zubairhmt77@gmail.com', 'shipEmail2': 'zubairhmt77@gmail.com', 'billName': 'Zubair  Khan', 'billAddress1': 'kheteshwar colony  BADI MASJID KE PICHE BEHIND MOTI MARKET', 'billAddress2': 'Rajasthan RJ', 'billAddress3': '', 'billCity': 'BALOTRA', 'billState': 'Rajasthan', 'billCountry': 'India', 'billPincode': '344022', 'billPhone1': '9001054800', 'billPhone2': '9001054800', 'billEmail1': 'zubairhmt77@gmail.com', 'billEmail2': 'zubairhmt77@gmail.com', 'orderRemarks': None, 'shippingCharges': '0.00', 'handlingCharge2': '0.00', 'storeCredit': '0.00', 'isVerifiedOrder': '1', 'isOnHold': '0', 'giftvoucher': '0.00', 'otherDiscount': '0.00', 'discountCode': 'null', 'promoCode': None, 'promoName': None, 'cancelRemark': '', 'isGiftwrap': '0', 'giftwrapMsg': '', 'deliverySlot': '', 'customDataFeld1': '', 'customDataFeld2': '', 'customDataFeld3': '', 'customDataFeld4': '["Transaction is yet to complete"]', 'customDataFeld5': '', 'customDataFeld6': '', 'customDataFeld7': 'WHMP0295574700', 'customDataFeld8': '', 'customDataFeld9': '25/09/2021 17:17:32', 'customDataFeld10': '', 'discountAmount': '500.000', 'taxAmount': '991.37', 'updatedDate': '25/08/2022 18:41:30', 'mode': 'wms', 'IsReplacementOrder': 'No', 'originalOrderno': '', 'customerCode': '999999', 'extCustomerCode': '', 'clientId': '0', 'fulfillmentLocCode': 'SHO', 'extFulFillmentLocCode': 'SHO', 'orderSourceName': 'Webstore', 'collectibleAmount': '0.00', 'totalOrderLine': '1', 'delFulfillmentMode': '2', 'geoType': None, 'geoAddress': None, 'geoLatitude': None, 'geoLongitude': None, 'orderSource': 'M01', 'orderType': 'SO', 'shipByDate': '27/09/2021 22:44:33', 'processAfterDate': '', 'masterorderNo': '71407', 'priority': 'Normal', 'pickupLocation': '', 'fulfillmentLocName': 'SKECHERS SOUTH ASIA PRIVATE LIMITED', 'items': [{'lineno': '160252', 'extLineno': '160252', 'internalLineNo': '1', 'sku': '193642415605', 'primaryUPC': 'SKR29395', 'skuName': '54450-BKCC/8/SHOE/MAX CUSHIONING PREMIER-VANTAG', 'status': 'Shipped & Returned', 'imageUrl': 'https://imageserver.skechers.com/img/productimages/large/54450_BKCC.jpg', 'uom': 'Each', 'uomqty': '1.00', 'conversion': '1.00', 'orderQty': '1.00', 'commitedQty': '0.00', 'cancelledQty': '0.00', 'shippedQty': '1.00', 'returnQty': '1.00', 'unitPrice': '6999.00', 'discountAmt': '500.00', 'promoCode': None, 'promoName': None, 'taxAmount': '991.37', 'openQty': '0.00', 'udf1': '', 'udf2': '', 'udf3': '', 'udf4': '', 'udf5': '', 'udf6': '', 'udf7': '', 'udf8': '', 'udf9': '', 'udf10': '', 'bundleSkuCode': None, 'shipByDate': '', 'fulfillmentLocCode': 'D42', 'fulfillmentLocName': 'SSAPL-BIG CENTRE THANE'}], 'paymentItems': [], 'codcharge': '0.00', 'customerGSTIN': ''}}, {'SO011080843': {'orderLocation': 'M01', 'orderId': 'M0128754', 'orderNo': 'SO011080843', 'extenalOrderNo': 'SO011080843', 'paymentMethod': 'Prepaid', 'status': 'Shipped & Returned', 'orderDate': '17/09/2021 23:20:45', 'orderAmount': '7378.00', 'orderCurrency': 'INR', 'conversionRate': '1.00', 'customerName': 'Harsha  Agarwal', 'shipAddress1': 'Karachi Kadhai/Punjabi Rasoi, Sachin tendulkar marg, Tulsi vihar, City center Gwalior 474011', 'shipAddress2': 'Madhya Pradesh MP', 'shipAddress3': '', 'landmark': '', 'latitude': '', 'longitude': '', 'shipCity': 'Gwalior', 'shipState': 'Madhya Pradesh', 'shipCountry': 'India', 'shipPincode': '474011', 'shipPhone1': '8952856533', 'shipPhone2': '8952856533', 'shipEmail1': 'agarwalharsha92@gmail.com', 'shipEmail2': 'agarwalharsha92@gmail.com', 'billName': 'Harsha  Agarwal', 'billAddress1': 'Karachi Kadhai/Punjabi Rasoi, Sachin tendulkar marg, Tulsi vihar, City center Gwalior 474011', 'billAddress2': 'Madhya Pradesh MP', 'billAddress3': '', 'billCity': 'Gwalior', 'billState': 'Madhya Pradesh', 'billCountry': 'India', 'billPincode': '474011', 'billPhone1': '8952856533', 'billPhone2': '8952856533', 'billEmail1': 'agarwalharsha92@gmail.com', 'billEmail2': 'agarwalharsha92@gmail.com', 'orderRemarks': None, 'shippingCharges': '0.00', 'handlingCharge2': '0.00', 'storeCredit': '0.00', 'isVerifiedOrder': '1', 'isOnHold': '0', 'giftvoucher': '0.00', 'otherDiscount': '0.00', 'discountCode': 'null', 'promoCode': None, 'promoName': None, 'cancelRemark': '', 'isGiftwrap': '0', 'giftwrapMsg': '', 'deliverySlot': '', 'customDataFeld1': '', 'customDataFeld2': '', 'customDataFeld3': '', 'customDataFeld4': '["Transaction is yet to complete"]', 'customDataFeld5': '', 'customDataFeld6': '', 'customDataFeld7': 'WIDS0277198795', 'customDataFeld8': '', 'customDataFeld9': '17/09/2021 17:54:10', 'customDataFeld10': '', 'discountAmount': '0.000', 'taxAmount': '1125.46', 'updatedDate': '25/08/2022 18:50:46', 'mode': 'wms', 'IsReplacementOrder': 'No', 'originalOrderno': '', 'customerCode': '999999', 'extCustomerCode': '', 'clientId': '0', 'fulfillmentLocCode': 'SHO', 'extFulFillmentLocCode': 'SHO', 'orderSourceName': 'Webstore', 'collectibleAmount': '0.00', 'totalOrderLine': '3', 'delFulfillmentMode': '2', 'geoType': None, 'geoAddress': None, 'geoLatitude': None, 'geoLongitude': None, 'orderSource': 'M01', 'orderType': 'SO', 'shipByDate': '19/09/2021 23:20:45', 'processAfterDate': '', 'masterorderNo': '70123', 'priority': 'Normal', 'pickupLocation': '', 'fulfillmentLocName': 'SKECHERS SOUTH ASIA PRIVATE LIMITED', 'items': [{'lineno': '157302', 'extLineno': '157302', 'internalLineNo': '1', 'sku': '194428289700', 'primaryUPC': 'SKR30026', 'skuName': '163056-GRY/9/SANDAL/REGGAE CUP - HOME SKILLET', 'status': 'Shipped & Returned', 'imageUrl': 'https://imageserver.skechers.com/img/productimages/large/163056_GRY.jpg', 'uom': 'Each', 'uomqty': '1.00', 'conversion': '1.00', 'orderQty': '1.00', 'commitedQty': '0.00', 'cancelledQty': '0.00', 'shippedQty': '1.00', 'returnQty': '1.00', 'unitPrice': '2579.00', 'discountAmt': '0.00', 'promoCode': None, 'promoName': None, 'taxAmount': '393.41', 'openQty': '0.00', 'udf1': '', 'udf2': '', 'udf3': '', 'udf4': '', 'udf5': '', 'udf6': '', 'udf7': '', 'udf8': '', 'udf9': '', 'udf10': '', 'bundleSkuCode': None, 'shipByDate': '', 'fulfillmentLocCode': 'D52', 'fulfillmentLocName': 'SSAPL - AKSHARDHAM NCR'}, {'lineno': '157304', 'extLineno': '157304', 'internalLineNo': '2', 'sku': '193642182552', 'primaryUPC': 'SKR22390', 'skuName': "88888350-NVCL/9/SHOE/FLEX APPEAL 3.0-BREEZIN' KICK", 'status': 'Shipped & Returned', 'imageUrl': 'https://imageserver.skechers.com/img/productimages/large/88888350_NVCL.jpg', 'uom': 'Each', 'uomqty': '1.00', 'conversion': '1.00', 'orderQty': '1.00', 'commitedQty': '0.00', 'cancelledQty': '0.00', 'shippedQty': '1.00', 'returnQty': '1.00', 'unitPrice': '2400.00', 'discountAmt': '0.00', 'promoCode': None, 'promoName': None, 'taxAmount': '366.10', 'openQty': '0.00', 'udf1': '', 'udf2': '', 'udf3': '', 'udf4': '', 'udf5': '', 'udf6': '', 'udf7': '', 'udf8': '', 'udf9': '', 'udf10': '', 'bundleSkuCode': None, 'shipByDate': '', 'fulfillmentLocCode': 'D42', 'fulfillmentLocName': 'SSAPL-BIG CENTRE THANE'}, {'lineno': '157306', 'extLineno': '157306', 'internalLineNo': '3', 'sku': '194428801872', 'primaryUPC': 'SKR30842', 'skuName': '55362-BKOR/9/SANDAL/ON-THE-GO 600 - VIRTUOUS', 'status': 'Shipped & Returned', 'imageUrl': 'https://imageserver.skechers.com/img/productimages/large/55362_BKOR.jpg', 'uom': 'Each', 'uomqty': '1.00', 'conversion': '1.00', 'orderQty': '1.00', 'commitedQty': '0.00', 'cancelledQty': '0.00', 'shippedQty': '1.00', 'returnQty': '1.00', 'unitPrice': '2399.00', 'discountAmt': '0.00', 'promoCode': None, 'promoName': None, 'taxAmount': '365.95', 'openQty': '0.00', 'udf1': '', 'udf2': '', 'udf3': '', 'udf4': '', 'udf5': '', 'udf6': '', 'udf7': '', 'udf8': '', 'udf9': '', 'udf10': '', 'bundleSkuCode': None, 'shipByDate': '', 'fulfillmentLocCode': 'D42', 'fulfillmentLocName': 'SSAPL-BIG CENTRE THANE'}], 'paymentItems': [], 'codcharge': '0.00', 'customerGSTIN': ''}}]} | startdate : 19/08/2022 00:00:00 | enddate : 26/08/2022 00:00:00
7612:2023-03-17 11:57:15,916:INFO:responsedata : {'responseCode': 0, 'responseMessage': 'Success', 'totalOrders': 1, 'totalPages': 1, 'currentPage': 1, 'orderList': [{'SO011092161': {'orderLocation': 'M01', 'orderId': 'M0134566', 'orderNo': 'SO011092161', 'extenalOrderNo': 'SO011092161', 'paymentMethod': 'Prepaid', 'status': 'Shipped & Returned', 'orderDate': '11/11/2021 23:42:26', 'orderAmount': '5000.00', 'orderCurrency': 'INR', 'conversionRate': '1.00', 'customerName': 'VIPIN  Bokariya', 'shipAddress1': 'C904 MAHAVIR CLASSIK OPP L&T GATE NO 5 SAKI VIHAR ROAD POWAI ANDHERI EAST ANDHERI EAST', 'shipAddress2': 'Maharashtra MH', 'shipAddress3': '', 'landmark': '', 'latitude': '', 'longitude': '', 'shipCity': 'Mumbai', 'shipState': 'Maharashtra', 'shipCountry': 'India', 'shipPincode': '400072', 'shipPhone1': '9892728310', 'shipPhone2': '9892728310', 'shipEmail1': 'vipinsonika@gmail.com', 'shipEmail2': 'vipinsonika@gmail.com', 'billName': 'VIPIN  Bokariya', 'billAddress1': 'C904 MAHAVIR CLASSIK OPP L&T GATE NO 5 SAKI VIHAR ROAD POWAI ANDHERI EAST ANDHERI EAST', 'billAddress2': 'Maharashtra MH', 'billAddress3': '', 'billCity': 'Mumbai', 'billState': 'Maharashtra', 'billCountry': 'India', 'billPincode': '400072', 'billPhone1': '9892728310', 'billPhone2': '9892728310', 'billEmail1': 'vipinsonika@gmail.com', 'billEmail2': 'vipinsonika@gmail.com', 'orderRemarks': None, 'shippingCharges': '0.00', 'handlingCharge2': '0.00', 'storeCredit': '0.00', 'isVerifiedOrder': '1', 'isOnHold': '0', 'giftvoucher': '0.00', 'otherDiscount': '0.00', 'discountCode': 'null', 'promoCode': None, 'promoName': None, 'cancelRemark': '', 'isGiftwrap': '0', 'giftwrapMsg': '', 'deliverySlot': '', 'customDataFeld1': '', 'customDataFeld2': '', 'customDataFeld3': '', 'customDataFeld4': '["Transaction is yet to complete"]', 'customDataFeld5': '', 'customDataFeld6': '', 'customDataFeld7': 'WAE20406122128', 'customDataFeld8': '', 'customDataFeld9': '11/11/2021 18:15:17', 'customDataFeld10': '', 'discountAmount': '0.000', 'taxAmount': '762.71', 'updatedDate': '27/08/2022 15:46:33', 'mode': 'wms', 'IsReplacementOrder': 'No', 'originalOrderno': '', 'customerCode': '999999', 'extCustomerCode': '', 'clientId': '0', 'fulfillmentLocCode': 'SHO', 'extFulFillmentLocCode': 'SHO', 'orderSourceName': 'Webstore', 'collectibleAmount': '0.00', 'totalOrderLine': '1', 'delFulfillmentMode': '2', 'geoType': None, 'geoAddress': None, 'geoLatitude': None, 'geoLongitude': None, 'orderSource': 'M01', 'orderType': 'SO', 'shipByDate': '13/11/2021 23:42:26', 'processAfterDate': '', 'masterorderNo': '80844', 'priority': 'Normal', 'pickupLocation': '', 'fulfillmentLocName': 'SKECHERS SOUTH ASIA PRIVATE LIMITED', 'items': [{'lineno': '181452', 'extLineno': '181452', 'internalLineNo': '1', 'sku': '193642043648', 'primaryUPC': 'SKR27238', 'skuName': '55220-WNVR/9/SHOE/GO RUN RAZOR 3', 'status': 'Shipped & Returned', 'imageUrl': 'https://imageserver.skechers.com/img/productimages/large/55220_WNVR.jpg', 'uom': 'Each', 'uomqty': '1.00', 'conversion': '1.00', 'orderQty': '1.00', 'commitedQty': '0.00', 'cancelledQty': '0.00', 'shippedQty': '1.00', 'returnQty': '1.00', 'unitPrice': '5000.00', 'discountAmt': '0.00', 'promoCode': None, 'promoName': None, 'taxAmount': '762.71', 'openQty': '0.00', 'udf1': '', 'udf2': '', 'udf3': '', 'udf4': '', 'udf5': '', 'udf6': '', 'udf7': '', 'udf8': '', 'udf9': '', 'udf10': '', 'bundleSkuCode': None, 'shipByDate': '', 'fulfillmentLocCode': 'D33', 'fulfillmentLocName': 'SSAPL-OMR-CHENNAI'}], 'paymentItems': [], 'codcharge': '0.00', 'customerGSTIN': ''}}]} | startdate : 26/08/2022 00:00:00 | enddate : 02/09/2022 00:00:00
7612:2023-03-17 11:57:16,303:INFO:responsedata : {'responseCode': 9, 'responseMessage': 'No Record Found.', 'totalOrders': None, 'totalPages': None, 'currentPage': None, 'orderList': []} | startdate : 02/09/2022 00:00:00 | enddate : 09/09/2022 00:00:00
7612:2023-03-17 11:57:16,720:INFO:responsedata : {'responseCode': 9, 'responseMessage': 'No Record Found.', 'totalOrders': None, 'totalPages': None, 'currentPage': None, 'orderList': []} | startdate : 09/09/2022 00:00:00 | enddate : 16/09/2022 00:00:00
7612:2023-03-17 11:57:17,095:INFO:responsedata : {'responseCode': 9, 'responseMessage': 'No Record Found.', 'totalOrders': None, 'totalPages': None, 'currentPage': None, 'orderList': []} | startdate : 16/09/2022 00:00:00 | enddate : 23/09/2022 00:00:00
7612:2023-03-17 11:57:18,189:INFO:responsedata : {'responseCode': 0, 'responseMessage': 'Success', 'totalOrders': 20, 'totalPages': 1, 'currentPage': 1, 'orderList': [{'SO011096864': {'orderLocation': 'M01', 'orderId': 'M0137121', 'orderNo': 'SO011096864', 'extenalOrderNo': 'SO011096864', 'paymentMethod': 'Prepaid', 'status': 'Shipped & Returned', 'orderDate': '26/11/2021 23:28:39', 'orderAmount': '3599.00', 'orderCurrency': 'INR', 'conversionRate': '1.00', 'customerName': 'Madhur  Garg', 'shipAddress1': 'Flat No. C1, Kanhaiya Apartment, Mahavir Enclave, Roorkee', 'shipAddress2': 'Uttarakhand UT', 'shipAddress3': '', 'landmark': '', 'latitude': '', 'longitude': '', 'shipCity': 'Haridwar', 'shipState': 'Uttarakhand', 'shipCountry': 'India', 'shipPincode': '247667', 'shipPhone1': '8179615847', 'shipPhone2': '8179615847', 'shipEmail1': 'madhurgarg96@gmail.com', 'shipEmail2': 'madhurgarg96@gmail.com', 'billName': 'Madhur  Garg', 'billAddress1': 'Flat No. C1, Kanhaiya Apartment, Mahavir Enclave, Roorkee', 'billAddress2': 'Uttarakhand UT', 'billAddress3': '', 'billCity': 'Haridwar', 'billState': 'Uttarakhand', 'billCountry': 'India', 'billPincode': '247667', 'billPhone1': '8179615847', 'billPhone2': '8179615847', 'billEmail1': 'madhurgarg96@gmail.com', 'billEmail2': 'madhurgarg96@gmail.com', 'orderRemarks': None, 'shippingCharges': '0.00', 'handlingCharge2': '0.00', 'storeCredit': '0.00', 'isVerifiedOrder': '1', 'isOnHold': '0', 'giftvoucher': '0.00', 'otherDiscount': '0.00', 'discountCode': 'null', 'promoCode': None, 'promoName': None, 'cancelRemark': '', 'isGiftwrap': '0', 'giftwrapMsg': '', 'deliverySlot': '', 'customDataFeld1': '', 'customDataFeld2': '', 'customDataFeld3': '', 'customDataFeld4': '["Transaction is yet to complete"]', 'customDataFeld5': '', 'customDataFeld6': '', 'customDataFeld7': 'WHMP0437422141', 'customDataFeld8': '', 'customDataFeld9': '26/11/2021 18:00:50', 'customDataFeld10': '', 'discountAmount': '0.000', 'taxAmount': '549.00', 'updatedDate': '23/09/2022 19:42:43', 'mode': 'wms', 'IsReplacementOrder': 'No', 'originalOrderno': '', 'customerCode': '999999', 'extCustomerCode': '', 'clientId': '0', 'fulfillmentLocCode': 'SHO', 'extFulFillmentLocCode': 'SHO', 'orderSourceName': 'Webstore', 'collectibleAmount': '0.00', 'totalOrderLine': '1', 'delFulfillmentMode': '2', 'geoType': None, 'geoAddress': None, 'geoLatitude': None, 'geoLongitude': None, 'orderSource': 'M01', 'orderType': 'SO', 'shipByDate': '28/11/2021 23:28:39', 'processAfterDate': '', 'masterorderNo': '85540', 'priority': 'Normal', 'pickupLocation': '', 'fulfillmentLocName': 'SKECHERS SOUTH ASIA PRIVATE LIMITED', 'items': [{'lineno': '192098', 'extLineno': '192098', 'internalLineNo': '1', 'sku': '194428097305', 'primaryUPC': 'SKR26796', 'skuName': '220017-BBK/7/SHOE/GO TRAIL JACKRABBIT -', 'status': 'Shipped & Returned', 'imageUrl': 'https://imageserver.skechers.com/img/productimages/large/220017_BBK.jpg', 'uom': 'Each', 'uomqty': '1.00', 'conversion': '1.00', 'orderQty': '1.00', 'commitedQty': '0.00', 'cancelledQty': '0.00', 'shippedQty': '1.00', 'returnQty': '1.00', 'unitPrice': '3599.00', 'discountAmt': '0.00', 'promoCode': None, 'promoName': None, 'taxAmount': '549.00', 'openQty': '0.00', 'udf1': '', 'udf2': '', 'udf3': '', 'udf4': '', 'udf5': '', 'udf6': '', 'udf7': '', 'udf8': '', 'udf9': '', 'udf10': '', 'bundleSkuCode': None, 'shipByDate': '', 'fulfillmentLocCode': 'D33', 'fulfillmentLocName': 'SSAPL-OMR-CHENNAI'}], 'paymentItems': [], 'codcharge': '0.00', 'customerGSTIN': ''}}, {'SO011042590': {'orderLocation': 'M01', 'orderId': 'M017780', 'orderNo': 'SO011042590', 'extenalOrderNo': 'SO011042590', 'paymentMethod': 'Prepaid', 'status': 'Shipped & Returned', 'orderDate': '11/01/2021 21:14:55', 'orderAmount': '9198.40', 'orderCurrency': 'INR', 'conversionRate': '1.00', 'customerName': 'Chander  Arora', 'shipAddress1': '620-A, JP Nagar', 'shipAddress2': 'Punjab PB', 'shipAddress3': '', 'landmark': '', 'latitude': '', 'longitude': '', 'shipCity': 'Jalandhar', 'shipState': 'Punjab', 'shipCountry': 'India', 'shipPincode': '144002', 'shipPhone1': '9417256080', 'shipPhone2': '9417256080', 'shipEmail1': 'aroraish89@gmail.com', 'shipEmail2': 'aroraish89@gmail.com', 'billName': 'Chander  Arora', 'billAddress1': '620-A, JP Nagar', 'billAddress2': 'Punjab PB', 'billAddress3': '', 'billCity': 'Jalandhar', 'billState': 'Punjab', 'billCountry': 'India', 'billPincode': '144002', 'billPhone1': '9417256080', 'billPhone2': '9417256080', 'billEmail1': 'aroraish89@gmail.com', 'billEmail2': 'aroraish89@gmail.com', 'orderRemarks': None, 'shippingCharges': '0.00', 'handlingCharge2': '0.00', 'storeCredit': '0.00', 'isVerifiedOrder': '1', 'isOnHold': '0', 'giftvoucher': '0.00', 'otherDiscount': '0.00', 'discountCode': 'null', 'promoCode': None, 'promoName': None, 'cancelRemark': '', 'isGiftwrap': '0', 'giftwrapMsg': '', 'deliverySlot': '', 'customDataFeld1': '', 'customDataFeld2': '', 'customDataFeld3': '', 'customDataFeld4': '["Transaction is yet to complete"]', 'customDataFeld5': '', 'customDataFeld6': '', 'customDataFeld7': 'VSBI9648627414', 'customDataFeld8': '', 'customDataFeld9': '11/01/2021 15:50:23', 'customDataFeld10': '', 'discountAmount': '0.000', 'taxAmount': '1403.15', 'updatedDate': '24/09/2022 15:39:20', 'mode': 'wms', 'IsReplacementOrder': 'No', 'originalOrderno': '', 'customerCode': '999999', 'extCustomerCode': '', 'clientId': '0', 'fulfillmentLocCode': 'SHO', 'extFulFillmentLocCode': 'SHO', 'orderSourceName': 'Webstore', 'collectibleAmount': '0.00', 'totalOrderLine': '2', 'delFulfillmentMode': '2', 'geoType': None, 'geoAddress': None, 'geoLatitude': None, 'geoLongitude': None, 'orderSource': 'M01', 'orderType': 'SO', 'shipByDate': '13/01/2021 21:14:55', 'processAfterDate': '', 'masterorderNo': '32191', 'priority': 'Normal', 'pickupLocation': '', 'fulfillmentLocName': 'SKECHERS SOUTH ASIA PRIVATE LIMITED', 'items': [{'lineno': '72332', 'extLineno': '72332', 'internalLineNo': '1', 'sku': '193642097719', 'primaryUPC': 'SKR21575', 'skuName': '15900-BKPK/9/SHOE/GO WALK 5-PRIZED', 'status': 'Shipped & Returned', 'imageUrl': 'https://imageserver.skechers.com/img/productimages/large/15900_BKPK.jpg', 'uom': 'Each', 'uomqty': '1.00', 'conversion': '1.00', 'orderQty': '1.00', 'commitedQty': '0.00', 'cancelledQty': '0.00', 'shippedQty': '1.00', 'returnQty': '1.00', 'unitPrice': '4399.20', 'discountAmt': '0.00', 'promoCode': None, 'promoName': None, 'taxAmount': '671.06', 'openQty': '0.00', 'udf1': '', 'udf2': '', 'udf3': '', 'udf4': '', 'udf5': '', 'udf6': '', 'udf7': '', 'udf8': '', 'udf9': '', 'udf10': '', 'bundleSkuCode': None, 'shipByDate': '', 'fulfillmentLocCode': 'A74', 'fulfillmentLocName': 'SSAPL-E-COM'}, {'lineno': '72334', 'extLineno': '72334', 'internalLineNo': '2', 'sku': '193642125771', 'primaryUPC': 'SKR22658', 'skuName': '55500-BLK/11/SHOE/GO WALK 5-PRIZED', 'status': 'Shipped & Returned', 'imageUrl': 'https://imageserver.skechers.com/img/productimages/large/55500_BLK.jpg', 'uom': 'Each', 'uomqty': '1.00', 'conversion': '1.00', 'orderQty': '1.00', 'commitedQty': '0.00', 'cancelledQty': '0.00', 'shippedQty': '1.00', 'returnQty': '1.00', 'unitPrice': '4799.20', 'discountAmt': '0.00', 'promoCode': None, 'promoName': None, 'taxAmount': '732.08', 'openQty': '0.00', 'udf1': '', 'udf2': '', 'udf3': '', 'udf4': '', 'udf5': '', 'udf6': '', 'udf7': '', 'udf8': '', 'udf9': '', 'udf10': '', 'bundleSkuCode': None, 'shipByDate': '', 'fulfillmentLocCode': 'A74', 'fulfillmentLocName': 'SSAPL-E-COM'}], 'paymentItems': [], 'codcharge': '0.00', 'customerGSTIN': ''}}, {'SO011078787': {'orderLocation': 'M01', 'orderId': 'M0127626', 'orderNo': 'SO011078787', 'extenalOrderNo': 'SO011078787', 'paymentMethod': 'Prepaid', 'status': 'Shipped & Returned', 'orderDate': '06/09/2021 13:57:42', 'orderAmount': '1900.00', 'orderCurrency': 'INR', 'conversionRate': '1.00', 'customerName': 'Neha  Keswani', 'shipAddress1': 'A-706, Montana,  2nd Cross Lane, Lokhandwala complex, Andheri West, Mumbai-400053 Near SBI Bank', 'shipAddress2': 'Maharashtra MH', 'shipAddress3': '', 'landmark': '', 'latitude': '', 'longitude': '', 'shipCity': 'Mumbai', 'shipState': 'Maharashtra', 'shipCountry': 'India', 'shipPincode': '400053', 'shipPhone1': '8097662236', 'shipPhone2': '8097662236', 'shipEmail1': 'nehakeswani20@gmail.com', 'shipEmail2': 'nehakeswani20@gmail.com', 'billName': 'Neha  Keswani', 'billAddress1': 'A-706, Montana,  2nd Cross Lane, Lokhandwala complex, Andheri West, Mumbai-400053 Near SBI Bank', 'billAddress2': 'Maharashtra MH', 'billAddress3': '', 'billCity': 'Mumbai', 'billState': 'Maharashtra', 'billCountry': 'India', 'billPincode': '400053', 'billPhone1': '8097662236', 'billPhone2': '8097662236', 'billEmail1': 'nehakeswani20@gmail.com', 'billEmail2': 'nehakeswani20@gmail.com', 'orderRemarks': None, 'shippingCharges': '0.00', 'handlingCharge2': '0.00', 'storeCredit': '0.00', 'isVerifiedOrder': '1', 'isOnHold': '0', 'giftvoucher': '0.00', 'otherDiscount': '0.00', 'discountCode': 'null', 'promoCode': None, 'promoName': None, 'cancelRemark': '', 'isGiftwrap': '0', 'giftwrapMsg': '', 'deliverySlot': '', 'customDataFeld1': '', 'customDataFeld2': '', 'customDataFeld3': '', 'customDataFeld4': '["Transaction is yet to complete"]', 'customDataFeld5': '', 'customDataFeld6': '', 'customDataFeld7': 'WHMP0250428858', 'customDataFeld8': '', 'customDataFeld9': '06/09/2021 08:32:05', 'customDataFeld10': '', 'discountAmount': '0.000', 'taxAmount': '289.83', 'updatedDate': '26/09/2022 17:18:07', 'mode': 'wms', 'IsReplacementOrder': 'No', 'originalOrderno': '', 'customerCode': '999999', 'extCustomerCode': '', 'clientId': '0', 'fulfillmentLocCode': 'SHO', 'extFulFillmentLocCode': 'SHO', 'orderSourceName': 'Webstore', 'collectibleAmount': '0.00', 'totalOrderLine': '1', 'delFulfillmentMode': '2', 'geoType': None, 'geoAddress': None, 'geoLatitude': None, 'geoLongitude': None, 'orderSource': 'M01', 'orderType': 'SO', 'shipByDate': '08/09/2021 13:57:42', 'processAfterDate': '', 'masterorderNo': '68073', 'priority': 'Normal', 'pickupLocation': '', 'fulfillmentLocName': 'SKECHERS SOUTH ASIA PRIVATE LIMITED', 'items': [{'lineno': '152630', 'extLineno': '152630', 'internalLineNo': '1', 'sku': '889110698693', 'primaryUPC': 'SKR18702', 'skuName': '38527-BLK/6/SANDAL/BEVERLEE - SMITTEN KITTEN', 'status': 'Shipped & Returned', 'imageUrl': 'https://imageserver.skechers.com/img/productimages/large/38527_BLK.jpg', 'uom': 'Each', 'uomqty': '1.00', 'conversion': '1.00', 'orderQty': '1.00', 'commitedQty': '0.00', 'cancelledQty': '0.00', 'shippedQty': '1.00', 'returnQty': '1.00', 'unitPrice': '1900.00', 'discountAmt': '0.00', 'promoCode': None, 'promoName': None, 'taxAmount': '289.83', 'openQty': '0.00', 'udf1': '', 'udf2': '', 'udf3': '', 'udf4': '', 'udf5': '', 'udf6': '', 'udf7': '', 'udf8': '', 'udf9': '', 'udf10': '', 'bundleSkuCode': None, 'shipByDate': '', 'fulfillmentLocCode': 'D42', 'fulfillmentLocName': 'SSAPL-BIG CENTRE THANE'}], 'paymentItems': [], 'codcharge': '0.00', 'customerGSTIN': ''}}, {'SO011080793': {'orderLocation': 'M01', 'orderId': 'M0128722', 'orderNo': 'SO011080793', 'extenalOrderNo': 'SO011080793', 'paymentMethod': 'Prepaid', 'status': 'Shipped & Returned', 'orderDate': '17/09/2021 19:38:31', 'orderAmount': '4799.00', 'orderCurrency': 'INR', 'conversionRate': '1.00', 'customerName': 'SSG  Nikhil', 'shipAddress1': 'A 85 Swati Soc Vibhag 2 Chikuwadi  nana varachha road', 'shipAddress2': 'Gujarat GJ', 'shipAddress3': '', 'landmark': '', 'latitude': '', 'longitude': '', 'shipCity': 'Surat', 'shipState': 'Gujarat', 'shipCountry': 'India', 'shipPincode': '395006', 'shipPhone1': '8000331680', 'shipPhone2': '8000331680', 'shipEmail1': 'nikhilp60@gmail.com', 'shipEmail2': 'nikhilp60@gmail.com', 'billName': 'SSG  Nikhil', 'billAddress1': 'A 85 Swati Soc Vibhag 2 Chikuwadi  nana varachha road', 'billAddress2': 'Gujarat GJ', 'billAddress3': '', 'billCity': 'Surat', 'billState': 'Gujarat', 'billCountry': 'India', 'billPincode': '395006', 'billPhone1': '8000331680', 'billPhone2': '8000331680', 'billEmail1': 'nikhilp60@gmail.com', 'billEmail2': 'nikhilp60@gmail.com', 'orderRemarks': None, 'shippingCharges': '0.00', 'handlingCharge2': '0.00', 'storeCredit': '0.00', 'isVerifiedOrder': '1', 'isOnHold': '0', 'giftvoucher': '0.00', 'otherDiscount': '0.00', 'discountCode': 'null', 'promoCode': None, 'promoName': None, 'cancelRemark': '', 'isGiftwrap': '0', 'giftwrapMsg': '', 'deliverySlot': '', 'customDataFeld1': '', 'customDataFeld2': '', 'customDataFeld3': '', 'customDataFeld4': '["Transaction is yet to complete"]', 'customDataFeld5': '', 'customDataFeld6': '', 'customDataFeld7': 'WCPI0276809692', 'customDataFeld8': '', 'customDataFeld9': '17/09/2021 14:09:38', 'customDataFeld10': '', 'discountAmount': '0.000', 'taxAmount': '732.05', 'updatedDate': '26/09/2022 17:18:39', 'mode': 'wms', 'IsReplacementOrder': 'No', 'originalOrderno': '', 'customerCode': '999999', 'extCustomerCode': '', 'clientId': '0', 'fulfillmentLocCode': 'SHO', 'extFulFillmentLocCode': 'SHO', 'orderSourceName': 'Webstore', 'collectibleAmount': '0.00', 'totalOrderLine': '1', 'delFulfillmentMode': '2', 'geoType': None, 'geoAddress': None, 'geoLatitude': None, 'geoLongitude': None, 'orderSource': 'M01', 'orderType': 'SO', 'shipByDate': '19/09/2021 19:38:31', 'processAfterDate': '', 'masterorderNo': '70073', 'priority': 'Normal', 'pickupLocation': '', 'fulfillmentLocName': 'SKECHERS SOUTH ASIA PRIVATE LIMITED', 'items': [{'lineno': '157170', 'extLineno': '157170', 'internalLineNo': '1', 'sku': '193642400656', 'primaryUPC': 'SKR26083', 'skuName': '68997-BKGY/9/SHOE/MAKO - REID', 'status': 'Shipped & Returned', 'imageUrl': 'https://imageserver.skechers.com/img/productimages/large/68997_BKGY.jpg', 'uom': 'Each', 'uomqty': '1.00', 'conversion': '1.00', 'orderQty': '1.00', 'commitedQty': '0.00', 'cancelledQty': '0.00', 'shippedQty': '1.00', 'returnQty': '1.00', 'unitPrice': '4799.00', 'discountAmt': '0.00', 'promoCode': None, 'promoName': None, 'taxAmount': '732.05', 'openQty': '0.00', 'udf1': '', 'udf2': '', 'udf3': '', 'udf4': '', 'udf5': '', 'udf6': '', 'udf7': '', 'udf8': '', 'udf9': '', 'udf10': '', 'bundleSkuCode': None, 'shipByDate': '', 'fulfillmentLocCode': 'D42', 'fulfillmentLocName': 'SSAPL-BIG CENTRE THANE'}], 'paymentItems': [], 'codcharge': '0.00', 'customerGSTIN': ''}}, {'SO011083484': {'orderLocation': 'M01', 'orderId': 'M0130187', 'orderNo': 'SO011083484', 'extenalOrderNo': 'SO011083484', 'paymentMethod': 'Prepaid', 'status': 'Shipped & Returned', 'orderDate': '03/10/2021 09:39:50', 'orderAmount': '7798.00', 'orderCurrency': 'INR', 'conversionRate': '1.00', 'customerName': 'Prabhakar  Kaluse', 'shipAddress1': 'N3 CIDCO PLOT NO 41  BESIDE HIGH COURT AURANGABAD', 'shipAddress2': 'Maharashtra MH', 'shipAddress3': '', 'landmark': '', 'latitude': '', 'longitude': '', 'shipCity': 'Aurangabad', 'shipState': 'Maharashtra', 'shipCountry': 'India', 'shipPincode': '431003', 'shipPhone1': '7517492734', 'shipPhone2': '7517492734', 'shipEmail1': 'pkaluse3003@gmail.com', 'shipEmail2': 'pkaluse3003@gmail.com', 'billName': 'Prabhakar  Kaluse', 'billAddress1': 'N3 CIDCO PLOT NO 41  BESIDE HIGH COURT AURANGABAD', 'billAddress2': 'Maharashtra MH', 'billAddress3': '', 'billCity': 'Aurangabad', 'billState': 'Maharashtra', 'billCountry': 'India', 'billPincode': '431003', 'billPhone1': '7517492734', 'billPhone2': '7517492734', 'billEmail1': 'pkaluse3003@gmail.com', 'billEmail2': 'pkaluse3003@gmail.com', 'orderRemarks': None, 'shippingCharges': '0.00', 'handlingCharge2': '0.00', 'storeCredit': '0.00', 'isVerifiedOrder': '1', 'isOnHold': '0', 'giftvoucher': '0.00', 'otherDiscount': '0.00', 'discountCode': 'null', 'promoCode': None, 'promoName': None, 'cancelRemark': '', 'isGiftwrap': '0', 'giftwrapMsg': '', 'deliverySlot': '', 'customDataFeld1': '', 'customDataFeld2': '', 'customDataFeld3': '', 'customDataFeld4': '["Transaction is yet to complete"]', 'customDataFeld5': '', 'customDataFeld6': '', 'customDataFeld7': 'WHMP0312873409', 'customDataFeld8': '', 'customDataFeld9': '03/10/2021 04:14:09', 'customDataFeld10': '', 'discountAmount': '1000.000', 'taxAmount': '1189.53', 'updatedDate': '26/09/2022 17:19:04', 'mode': 'wms', 'IsReplacementOrder': 'No', 'originalOrderno': '', 'customerCode': '999999', 'extCustomerCode': '', 'clientId': '0', 'fulfillmentLocCode': 'SHO', 'extFulFillmentLocCode': 'SHO', 'orderSourceName': 'Webstore', 'collectibleAmount': '0.00', 'totalOrderLine': '2', 'delFulfillmentMode': '2', 'geoType': None, 'geoAddress': None, 'geoLatitude': None, 'geoLongitude': None, 'orderSource': 'M01', 'orderType': 'SO', 'shipByDate': '05/10/2021 09:39:50', 'processAfterDate': '', 'masterorderNo': '72752', 'priority': 'Normal', 'pickupLocation': '', 'fulfillmentLocName': 'SKECHERS SOUTH ASIA PRIVATE LIMITED', 'items': [{'lineno': '163252', 'extLineno': '163252', 'internalLineNo': '1', 'sku': '194880463472', 'primaryUPC': 'SKR35102', 'skuName': '119099-MVE/6/SANDAL/FLEX APPEAL 2.0-COOL CITY', 'status': 'Shipped & Returned', 'imageUrl': 'https://imageserver.skechers.com/img/productimages/large/119099_MVE.jpg', 'uom': 'Each', 'uomqty': '1.00', 'conversion': '1.00', 'orderQty': '1.00', 'commitedQty': '0.00', 'cancelledQty': '0.00', 'shippedQty': '1.00', 'returnQty': '1.00', 'unitPrice': '3799.00', 'discountAmt': '431.80', 'promoCode': None, 'promoName': None, 'taxAmount': '513.64', 'openQty': '0.00', 'udf1': '', 'udf2': '', 'udf3': '', 'udf4': '', 'udf5': '', 'udf6': '', 'udf7': '', 'udf8': '', 'udf9': '', 'udf10': '', 'bundleSkuCode': None, 'shipByDate': '', 'fulfillmentLocCode': 'D42', 'fulfillmentLocName': 'SSAPL-BIG CENTRE THANE'}, {'lineno': '163254', 'extLineno': '163254', 'internalLineNo': '2', 'sku': '195204519387', 'primaryUPC': 'SKR37300', 'skuName': '119236-BLSH/6/SANDAL/ARCH FIT-CITY CATCH', 'status': 'Shipped & Returned', 'imageUrl': 'https://imageserver.skechers.com/img/productimages/large/119236_BLSH.jpg', 'uom': 'Each', 'uomqty': '1.00', 'conversion': '1.00', 'orderQty': '1.00', 'commitedQty': '0.00', 'cancelledQty': '0.00', 'shippedQty': '1.00', 'returnQty': '1.00', 'unitPrice': '4999.00', 'discountAmt': '568.20', 'promoCode': None, 'promoName': None, 'taxAmount': '675.88', 'openQty': '0.00', 'udf1': '', 'udf2': '', 'udf3': '', 'udf4': '', 'udf5': '', 'udf6': '', 'udf7': '', 'udf8': '', 'udf9': '', 'udf10': '', 'bundleSkuCode': None, 'shipByDate': '', 'fulfillmentLocCode': 'A74', 'fulfillmentLocName': 'SSAPL-E-COM'}], 'paymentItems': [], 'codcharge': '0.00', 'customerGSTIN': ''}}, {'SO011085683': {'orderLocation': 'M01', 'orderId': 'M0131397', 'orderNo': 'SO011085683', 'extenalOrderNo': 'SO011085683', 'paymentMethod': 'Prepaid', 'status': 'Shipped & Returned', 'orderDate': '14/10/2021 22:51:50', 'orderAmount': '2999.00', 'orderCurrency': 'INR', 'conversionRate': '1.00', 'customerName': 'Brijesh  Vaghasiya', 'shipAddress1': 'Plot no 378, Street no 5, Vijayrajnagar Bhavnagar Gujarat', 'shipAddress2': 'Gujarat GJ', 'shipAddress3': '', 'landmark': '', 'latitude': '', 'longitude': '', 'shipCity': 'Bhavnagar', 'shipState': 'Gujarat', 'shipCountry': 'India', 'shipPincode': '364002', 'shipPhone1': '9726902836', 'shipPhone2': '9726902836', 'shipEmail1': 'bj081118@gmail.com', 'shipEmail2': 'bj081118@gmail.com', 'billName': 'Brijesh  Vaghasiya', 'billAddress1': 'Plot no 378, Street no 5, Vijayrajnagar Bhavnagar Gujarat', 'billAddress2': 'Gujarat GJ', 'billAddress3': '', 'billCity': 'Bhavnagar', 'billState': 'Gujarat', 'billCountry': 'India', 'billPincode': '364002', 'billPhone1': '9726902836', 'billPhone2': '9726902836', 'billEmail1': 'bj081118@gmail.com', 'billEmail2': 'bj081118@gmail.com', 'orderRemarks': None, 'shippingCharges': '0.00', 'handlingCharge2': '0.00', 'storeCredit': '0.00', 'isVerifiedOrder': '1', 'isOnHold': '0', 'giftvoucher': '0.00', 'otherDiscount': '0.00', 'discountCode': 'null', 'promoCode': None, 'promoName': None, 'cancelRemark': '', 'isGiftwrap': '0', 'giftwrapMsg': '', 'deliverySlot': '', 'customDataFeld1': '', 'customDataFeld2': '', 'customDataFeld3': '', 'customDataFeld4': 'No Payment Information Required', 'customDataFeld5': '', 'customDataFeld6': '', 'customDataFeld7': '', 'customDataFeld8': '', 'customDataFeld9': '', 'customDataFeld10': '', 'discountAmount': '0.000', 'taxAmount': '457.47', 'updatedDate': '26/09/2022 17:19:28', 'mode': 'wms', 'IsReplacementOrder': 'No', 'originalOrderno': '', 'customerCode': '999999', 'extCustomerCode': '', 'clientId': '0', 'fulfillmentLocCode': 'SHO', 'extFulFillmentLocCode': 'SHO', 'orderSourceName': 'Webstore', 'collectibleAmount': '0.00', 'totalOrderLine': '1', 'delFulfillmentMode': '2', 'geoType': None, 'geoAddress': None, 'geoLatitude': None, 'geoLongitude': None, 'orderSource': 'M01', 'orderType': 'SO', 'shipByDate': '16/10/2021 22:51:50', 'processAfterDate': '', 'masterorderNo': '74946', 'priority': 'Normal', 'pickupLocation': '', 'fulfillmentLocName': 'SKECHERS SOUTH ASIA PRIVATE LIMITED', 'items': [{'lineno': '168190', 'extLineno': '168190', 'internalLineNo': '1', 'sku': '191665203506', 'primaryUPC': 'SKR13628', 'skuName': '55350-NVY/10/SLIPPER/ON-THE-GO 600', 'status': 'Shipped & Returned', 'imageUrl': 'https://imageserver.skechers.com/img/productimages/large/55350_NVY.jpg', 'uom': 'Each', 'uomqty': '1.00', 'conversion': '1.00', 'orderQty': '1.00', 'commitedQty': '0.00', 'cancelledQty': '0.00', 'shippedQty': '1.00', 'returnQty': '1.00', 'unitPrice': '2999.00', 'discountAmt': '0.00', 'promoCode': None, 'promoName': None, 'taxAmount': '457.47', 'openQty': '0.00', 'udf1': '', 'udf2': '', 'udf3': '', 'udf4': '', 'udf5': '', 'udf6': '', 'udf7': '', 'udf8': '', 'udf9': '', 'udf10': '', 'bundleSkuCode': None, 'shipByDate': '', 'fulfillmentLocCode': 'D42', 'fulfillmentLocName': 'SSAPL-BIG CENTRE THANE'}], 'paymentItems': [], 'codcharge': '0.00', 'customerGSTIN': ''}}, {'SO011084287': {'orderLocation': 'M01', 'orderId': 'M0130659', 'orderNo': 'SO011084287', 'extenalOrderNo': 'SO011084287', 'paymentMethod': 'Prepaid', 'status': 'Shipped & Returned', 'orderDate': '07/10/2021 21:20:26', 'orderAmount': '3899.00', 'orderCurrency': 'INR', 'conversionRate': '1.00', 'customerName': 'Pratishtha  Agrawal', 'shipAddress1': '48  D radha nagar near krishna nagar Mathura', 'shipAddress2': 'Uttar Pradesh UP', 'shipAddress3': '', 'landmark': '', 'latitude': '', 'longitude': '', 'shipCity': 'Mathura', 'shipState': 'Uttar Pradesh', 'shipCountry': 'India', 'shipPincode': '281004', 'shipPhone1': '7014697450', 'shipPhone2': '7014697450', 'shipEmail1': 'pratishtha.ag13@gmail.com', 'shipEmail2': 'pratishtha.ag13@gmail.com', 'billName': 'Pratishtha  Agrawal', 'billAddress1': '48  D radha nagar near krishna nagar Mathura', 'billAddress2': 'Uttar Pradesh UP', 'billAddress3': '', 'billCity': 'Mathura', 'billState': 'Uttar Pradesh', 'billCountry': 'India', 'billPincode': '281004', 'billPhone1': '7014697450', 'billPhone2': '7014697450', 'billEmail1': 'pratishtha.ag13@gmail.com', 'billEmail2': 'pratishtha.ag13@gmail.com', 'orderRemarks': None, 'shippingCharges': '0.00', 'handlingCharge2': '0.00', 'storeCredit': '0.00', 'isVerifiedOrder': '1', 'isOnHold': '0', 'giftvoucher': '0.00', 'otherDiscount': '0.00', 'discountCode': 'null', 'promoCode': None, 'promoName': None, 'cancelRemark': '', 'isGiftwrap': '0', 'giftwrapMsg': '', 'deliverySlot': '', 'customDataFeld1': '', 'customDataFeld2': '', 'customDataFeld3': '', 'customDataFeld4': '["Transaction is yet to complete"]', 'customDataFeld5': '', 'customDataFeld6': '', 'customDataFeld7': 'WCPI0324775194', 'customDataFeld8': '', 'customDataFeld9': '07/10/2021 15:56:16', 'customDataFeld10': '', 'discountAmount': '0.000', 'taxAmount': '594.76', 'updatedDate': '26/09/2022 17:19:51', 'mode': 'wms', 'IsReplacementOrder': 'No', 'originalOrderno': '', 'customerCode': '999999', 'extCustomerCode': '', 'clientId': '0', 'fulfillmentLocCode': 'SHO', 'extFulFillmentLocCode': 'SHO', 'orderSourceName': 'Webstore', 'collectibleAmount': '0.00', 'totalOrderLine': '1', 'delFulfillmentMode': '2', 'geoType': None, 'geoAddress': None, 'geoLatitude': None, 'geoLongitude': None, 'orderSource': 'M01', 'orderType': 'SO', 'shipByDate': '09/10/2021 21:20:26', 'processAfterDate': '', 'masterorderNo': '73555', 'priority': 'Normal', 'pickupLocation': '', 'fulfillmentLocName': 'SKECHERS SOUTH ASIA PRIVATE LIMITED', 'items': [{'lineno': '165054', 'extLineno': '165054', 'internalLineNo': '1', 'sku': '193642167313', 'primaryUPC': 'SKR24702', 'skuName': '13278-MVE/7/SHOE/SKECH-AIR STRATUS-WIND BREEZE', 'status': 'Shipped & Returned', 'imageUrl': 'https://imageserver.skechers.com/img/productimages/large/13278_MVE.jpg', 'uom': 'Each', 'uomqty': '1.00', 'conversion': '1.00', 'orderQty': '1.00', 'commitedQty': '0.00', 'cancelledQty': '0.00', 'shippedQty': '1.00', 'returnQty': '1.00', 'unitPrice': '3899.00', 'discountAmt': '0.00', 'promoCode': None, 'promoName': None, 'taxAmount': '594.76', 'openQty': '0.00', 'udf1': '', 'udf2': '', 'udf3': '', 'udf4': '', 'udf5': '', 'udf6': '', 'udf7': '', 'udf8': '', 'udf9': '', 'udf10': '', 'bundleSkuCode': None, 'shipByDate': '', 'fulfillmentLocCode': 'D42', 'fulfillmentLocName': 'SSAPL-BIG CENTRE THANE'}], 'paymentItems': [], 'codcharge': '0.00', 'customerGSTIN': ''}}, {'SO011089965': {'orderLocation': 'M01', 'orderId': 'M0133395', 'orderNo': 'SO011089965', 'extenalOrderNo': 'SO011089965', 'paymentMethod': 'Prepaid', 'status': 'Shipped & Returned', 'orderDate': '01/11/2021 16:15:31', 'orderAmount': '1650.00', 'orderCurrency': 'INR', 'conversionRate': '1.00', 'customerName': 'Ved  Vyas', 'shipAddress1': 'B11 Nandanvan park Behind Swastik School,opp c u shah medical college Surendranagar', 'shipAddress2': 'Gujarat GJ', 'shipAddress3': '', 'landmark': '', 'latitude': '', 'longitude': '', 'shipCity': 'Surendra Nagar', 'shipState': 'Gujarat', 'shipCountry': 'India', 'shipPincode': '363001', 'shipPhone1': '7490018003', 'shipPhone2': '7490018003', 'shipEmail1': 'vyasved78@gmail.com', 'shipEmail2': 'vyasved78@gmail.com', 'billName': 'Ved  Vyas', 'billAddress1': 'B11 Nandanvan park Behind Swastik School,opp c u shah medical college Surendranagar', 'billAddress2': 'Gujarat GJ', 'billAddress3': '', 'billCity': 'Surendra Nagar', 'billState': 'Gujarat', 'billCountry': 'India', 'billPincode': '363001', 'billPhone1': '7490018003', 'billPhone2': '7490018003', 'billEmail1': 'vyasved78@gmail.com', 'billEmail2': 'vyasved78@gmail.com', 'orderRemarks': None, 'shippingCharges': '0.00', 'handlingCharge2': '0.00', 'storeCredit': '0.00', 'isVerifiedOrder': '1', 'isOnHold': '0', 'giftvoucher': '0.00', 'otherDiscount': '0.00', 'discountCode': 'null', 'promoCode': None, 'promoName': None, 'cancelRemark': '', 'isGiftwrap': '0', 'giftwrapMsg': '', 'deliverySlot': '', 'customDataFeld1': '', 'customDataFeld2': '', 'customDataFeld3': '', 'customDataFeld4': '["Transaction is yet to complete"]', 'customDataFeld5': '', 'customDataFeld6': '', 'customDataFeld7': 'WCPI0384385855', 'customDataFeld8': '', 'customDataFeld9': '01/11/2021 10:46:32', 'customDataFeld10': '', 'discountAmount': '0.000', 'taxAmount': '251.69', 'updatedDate': '26/09/2022 17:21:15', 'mode': 'wms', 'IsReplacementOrder': 'No', 'originalOrderno': '', 'customerCode': '999999', 'extCustomerCode': '', 'clientId': '0', 'fulfillmentLocCode': 'SHO', 'extFulFillmentLocCode': 'SHO', 'orderSourceName': 'Webstore', 'collectibleAmount': '0.00', 'totalOrderLine': '1', 'delFulfillmentMode': '2', 'geoType': None, 'geoAddress': None, 'geoLatitude': None, 'geoLongitude': None, 'orderSource': 'M01', 'orderType': 'SO', 'shipByDate': '03/11/2021 16:15:31', 'processAfterDate': '', 'masterorderNo': '78663', 'priority': 'Normal', 'pickupLocation': '', 'fulfillmentLocName': 'SKECHERS SOUTH ASIA PRIVATE LIMITED', 'items': [{'lineno': '176578', 'extLineno': '176578', 'internalLineNo': '1', 'sku': '191665203902', 'primaryUPC': 'SKR13653', 'skuName': '55352-CHOC/12/SLIPPER/ON-THE-GO 600', 'status': 'Shipped & Returned', 'imageUrl': 'https://imageserver.skechers.com/img/productimages/large/55352_CHOC.jpg', 'uom': 'Each', 'uomqty': '1.00', 'conversion': '1.00', 'orderQty': '1.00', 'commitedQty': '0.00', 'cancelledQty': '0.00', 'shippedQty': '1.00', 'returnQty': '1.00', 'unitPrice': '1650.00', 'discountAmt': '0.00', 'promoCode': None, 'promoName': None, 'taxAmount': '251.69', 'openQty': '0.00', 'udf1': '', 'udf2': '', 'udf3': '', 'udf4': '', 'udf5': '', 'udf6': '', 'udf7': '', 'udf8': '', 'udf9': '', 'udf10': '', 'bundleSkuCode': None, 'shipByDate': '', 'fulfillmentLocCode': 'D42', 'fulfillmentLocName': 'SSAPL-BIG CENTRE THANE'}], 'paymentItems': [], 'codcharge': '0.00', 'customerGSTIN': ''}}, {'SO011090225': {'orderLocation': 'M01', 'orderId': 'M0133544', 'orderNo': 'SO011090225', 'extenalOrderNo': 'SO011090225', 'paymentMethod': 'Prepaid', 'status': 'Shipped & Returned', 'orderDate': '02/11/2021 20:43:14', 'orderAmount': '3599.00', 'orderCurrency': 'INR', 'conversionRate': '1.00', 'customerName': 'Rajendra  Gupta', 'shipAddress1': '128 Kandhai Hanuman Ganj', 'shipAddress2': 'Uttar Pradesh UP', 'shipAddress3': '', 'landmark': '', 'latitude': '', 'longitude': '', 'shipCity': 'Pratapgarh', 'shipState': 'Uttar Pradesh', 'shipCountry': 'India', 'shipPincode': '230403', 'shipPhone1': '9918944306', 'shipPhone2': '9918944306', 'shipEmail1': 'rajendrakimsln@gmail.com', 'shipEmail2': 'rajendrakimsln@gmail.com', 'billName': 'Rajendra  Gupta', 'billAddress1': '128 Kandhai Hanuman Ganj', 'billAddress2': 'Uttar Pradesh UP', 'billAddress3': '', 'billCity': 'Pratapgarh', 'billState': 'Uttar Pradesh', 'billCountry': 'India', 'billPincode': '230403', 'billPhone1': '9918944306', 'billPhone2': '9918944306', 'billEmail1': 'rajendrakimsln@gmail.com', 'billEmail2': 'rajendrakimsln@gmail.com', 'orderRemarks': None, 'shippingCharges': '0.00', 'handlingCharge2': '0.00', 'storeCredit': '0.00', 'isVerifiedOrder': '1', 'isOnHold': '0', 'giftvoucher': '0.00', 'otherDiscount': '0.00', 'discountCode': 'null', 'promoCode': None, 'promoName': None, 'cancelRemark': '', 'isGiftwrap': '0', 'giftwrapMsg': '', 'deliverySlot': '', 'customDataFeld1': '', 'customDataFeld2': '', 'customDataFeld3': '', 'customDataFeld4': '["Transaction is yet to complete"]', 'customDataFeld5': '', 'customDataFeld6': '', 'customDataFeld7': 'WCPI0387341555', 'customDataFeld8': '', 'customDataFeld9': '02/11/2021 15:15:11', 'customDataFeld10': '', 'discountAmount': '0.000', 'taxAmount': '549.00', 'updatedDate': '26/09/2022 17:21:42', 'mode': 'wms', 'IsReplacementOrder': 'No', 'originalOrderno': '', 'customerCode': '999999', 'extCustomerCode': '', 'clientId': '0', 'fulfillmentLocCode': 'SHO', 'extFulFillmentLocCode': 'SHO', 'orderSourceName': 'Webstore', 'collectibleAmount': '0.00', 'totalOrderLine': '1', 'delFulfillmentMode': '2', 'geoType': None, 'geoAddress': None, 'geoLatitude': None, 'geoLongitude': None, 'orderSource': 'M01', 'orderType': 'SO', 'shipByDate': '04/11/2021 20:43:14', 'processAfterDate': '', 'masterorderNo': '78921', 'priority': 'Normal', 'pickupLocation': '', 'fulfillmentLocName': 'SKECHERS SOUTH ASIA PRIVATE LIMITED', 'items': [{'lineno': '177158', 'extLineno': '177158', 'internalLineNo': '1', 'sku': '194428097343', 'primaryUPC': 'SKR26798', 'skuName': '220017-BBK/9/SHOE/GO TRAIL JACKRABBIT -', 'status': 'Shipped & Returned', 'imageUrl': 'https://imageserver.skechers.com/img/productimages/large/220017_BBK.jpg', 'uom': 'Each', 'uomqty': '1.00', 'conversion': '1.00', 'orderQty': '1.00', 'commitedQty': '0.00', 'cancelledQty': '0.00', 'shippedQty': '1.00', 'returnQty': '1.00', 'unitPrice': '3599.00', 'discountAmt': '0.00', 'promoCode': None, 'promoName': None, 'taxAmount': '549.00', 'openQty': '0.00', 'udf1': '', 'udf2': '', 'udf3': '', 'udf4': '', 'udf5': '', 'udf6': '', 'udf7': '', 'udf8': '', 'udf9': '', 'udf10': '', 'bundleSkuCode': None, 'shipByDate': '', 'fulfillmentLocCode': 'D42', 'fulfillmentLocName': 'SSAPL-BIG CENTRE THANE'}], 'paymentItems': [], 'codcharge': '0.00', 'customerGSTIN': ''}}, {'SO011094499': {'orderLocation': 'M01', 'orderId': 'M0135843', 'orderNo': 'SO011094499', 'extenalOrderNo': 'SO011094499', 'paymentMethod': 'Prepaid', 'status': 'Delivered', 'orderDate': '20/11/2021 14:01:57', 'orderAmount': '7579.00', 'orderCurrency': 'INR', 'conversionRate': '1.00', 'customerName': 'LALIT  TIWARI', 'shipAddress1': 'H.NO. 2025, 60 FEET ROAD OPP DR. DUA CLINIC SECTOR 3, BALLABGARH', 'shipAddress2': 'Haryana HR', 'shipAddress3': '', 'landmark': '', 'latitude': '', 'longitude': '', 'shipCity': 'Faridabad', 'shipState': 'Haryana', 'shipCountry': 'India', 'shipPincode': '121004', 'shipPhone1': '9313361750', 'shipPhone2': '9313361750', 'shipEmail1': 'LALIT.TIWARI@OUTLOOK.COM', 'shipEmail2': 'LALIT.TIWARI@OUTLOOK.COM', 'billName': 'LALIT  TIWARI', 'billAddress1': 'H.NO. 2025, 60 FEET ROAD OPP DR. DUA CLINIC SECTOR 3, BALLABGARH', 'billAddress2': 'Haryana HR', 'billAddress3': '', 'billCity': 'Faridabad', 'billState': 'Haryana', 'billCountry': 'India', 'billPincode': '121004', 'billPhone1': '9313361750', 'billPhone2': '9313361750', 'billEmail1': 'LALIT.TIWARI@OUTLOOK.COM', 'billEmail2': 'LALIT.TIWARI@OUTLOOK.COM', 'orderRemarks': None, 'shippingCharges': '0.00', 'handlingCharge2': '0.00', 'storeCredit': '0.00', 'isVerifiedOrder': '1', 'isOnHold': '0', 'giftvoucher': '0.00', 'otherDiscount': '0.00', 'discountCode': 'null', 'promoCode': None, 'promoName': None, 'cancelRemark': '', 'isGiftwrap': '0', 'giftwrapMsg': '', 'deliverySlot': '', 'customDataFeld1': '', 'customDataFeld2': '', 'customDataFeld3': '', 'customDataFeld4': '["Transaction is yet to complete"]', 'customDataFeld5': '', 'customDataFeld6': '', 'customDataFeld7': 'WHMP0423930138', 'customDataFeld8': '', 'customDataFeld9': '20/11/2021 08:33:03', 'customDataFeld10': '', 'discountAmount': '0.000', 'taxAmount': '1107.13', 'updatedDate': '26/09/2022 17:22:11', 'mode': 'wms', 'IsReplacementOrder': 'No', 'originalOrderno': '', 'customerCode': '999999', 'extCustomerCode': '', 'clientId': '0', 'fulfillmentLocCode': 'SHO', 'extFulFillmentLocCode': 'SHO', 'orderSourceName': 'Webstore', 'collectibleAmount': '0.00', 'totalOrderLine': '3', 'delFulfillmentMode': '2', 'geoType': None, 'geoAddress': None, 'geoLatitude': None, 'geoLongitude': None, 'orderSource': 'M01', 'orderType': 'SO', 'shipByDate': '22/11/2021 14:01:57', 'processAfterDate': '', 'masterorderNo': '83180', 'priority': 'Normal', 'pickupLocation': '', 'fulfillmentLocName': 'SKECHERS SOUTH ASIA PRIVATE LIMITED', 'items': [{'lineno': '186670', 'extLineno': '186670', 'internalLineNo': '1', 'sku': '192283984648', 'primaryUPC': 'SKR21254', 'skuName': '68671-BKW/10/SHOE/SHOGUN - DOWN TIME', 'status': 'Delivered', 'imageUrl': 'https://imageserver.skechers.com/img/productimages/large/68671_BKW.jpg', 'uom': 'Each', 'uomqty': '1.00', 'conversion': '1.00', 'orderQty': '1.00', 'commitedQty': '0.00', 'cancelledQty': '0.00', 'shippedQty': '1.00', 'returnQty': '0.00', 'unitPrice': '4000.00', 'discountAmt': '0.00', 'promoCode': None, 'promoName': None, 'taxAmount': '610.17', 'openQty': '0.00', 'udf1': '', 'udf2': '', 'udf3': '', 'udf4': '', 'udf5': '', 'udf6': '', 'udf7': '', 'udf8': '', 'udf9': '', 'udf10': '', 'bundleSkuCode': None, 'shipByDate': '', 'fulfillmentLocCode': 'D42', 'fulfillmentLocName': 'SSAPL-BIG CENTRE THANE'}, {'lineno': '186672', 'extLineno': '186672', 'internalLineNo': '2', 'sku': '191665421269', 'primaryUPC': 'SKR13496', 'skuName': '54684-NVGY/10/SHOE/GO WALK 4', 'status': 'Shipped & Returned', 'imageUrl': 'https://imageserver.skechers.com/img/productimages/large/54684_NVGY.jpg', 'uom': 'Each', 'uomqty': '1.00', 'conversion': '1.00', 'orderQty': '1.00', 'commitedQty': '0.00', 'cancelledQty': '0.00', 'shippedQty': '1.00', 'returnQty': '1.00', 'unitPrice': '2500.00', 'discountAmt': '0.00', 'promoCode': None, 'promoName': None, 'taxAmount': '381.36', 'openQty': '0.00', 'udf1': '', 'udf2': '', 'udf3': '', 'udf4': '', 'udf5': '', 'udf6': '', 'udf7': '', 'udf8': '', 'udf9': '', 'udf10': '', 'bundleSkuCode': None, 'shipByDate': '', 'fulfillmentLocCode': 'D42', 'fulfillmentLocName': 'SSAPL-BIG CENTRE THANE'}, {'lineno': '186674', 'extLineno': '186674', 'internalLineNo': '3', 'sku': '193642686456', 'primaryUPC': 'SKR24013', 'skuName': 'M4LT78A-CHAR/XL/T-SHIRTS/SKECHERS 92 LS', 'status': 'Shipped & Returned', 'imageUrl': 'https://imageserver.skechers.com/img/productimages/large/M4LT78A_CHAR.jpg', 'uom': 'Each', 'uomqty': '1.00', 'conversion': '1.00', 'orderQty': '1.00', 'commitedQty': '0.00', 'cancelledQty': '0.00', 'shippedQty': '1.00', 'returnQty': '1.00', 'unitPrice': '1079.00', 'discountAmt': '0.00', 'promoCode': None, 'promoName': None, 'taxAmount': '115.61', 'openQty': '0.00', 'udf1': '', 'udf2': '', 'udf3': '', 'udf4': '', 'udf5': '', 'udf6': '', 'udf7': '', 'udf8': '', 'udf9': '', 'udf10': '', 'bundleSkuCode': None, 'shipByDate': '', 'fulfillmentLocCode': 'D42', 'fulfillmentLocName': 'SSAPL-BIG CENTRE THANE'}], 'paymentItems': [], 'codcharge': '0.00', 'customerGSTIN': ''}}, {'SO011094240': {'orderLocation': 'M01', 'orderId': 'M0135685', 'orderNo': 'SO011094240', 'extenalOrderNo': 'SO011094240', 'paymentMethod': 'Prepaid', 'status': 'Delivered', 'orderDate': '19/11/2021 14:40:36', 'orderAmount': '5999.00', 'orderCurrency': 'INR', 'conversionRate': '1.00', 'customerName': 'Suryansh  Gupta', 'shipAddress1': 'Satya Prakash Bhawan Phagwara Road Shakti Trading Company', 'shipAddress2': 'Punjab PB', 'shipAddress3': '', 'landmark': '', 'latitude': '', 'longitude': '', 'shipCity': 'Hoshiarpur', 'shipState': 'Punjab', 'shipCountry': 'India', 'shipPincode': '146001', 'shipPhone1': '9060300022', 'shipPhone2': '9060300022', 'shipEmail1': 'suryanshgupta145@gmail.com', 'shipEmail2': 'suryanshgupta145@gmail.com', 'billName': 'Suryansh  Gupta', 'billAddress1': 'Satya Prakash Bhawan Phagwara Road Shakti Trading Company', 'billAddress2': 'Punjab PB', 'billAddress3': '', 'billCity': 'Hoshiarpur', 'billState': 'Punjab', 'billCountry': 'India', 'billPincode': '146001', 'billPhone1': '9060300022', 'billPhone2': '9060300022', 'billEmail1': 'suryanshgupta145@gmail.com', 'billEmail2': 'suryanshgupta145@gmail.com', 'orderRemarks': None, 'shippingCharges': '0.00', 'handlingCharge2': '0.00', 'storeCredit': '0.00', 'isVerifiedOrder': '1', 'isOnHold': '0', 'giftvoucher': '0.00', 'otherDiscount': '0.00', 'discountCode': 'null', 'promoCode': None, 'promoName': None, 'cancelRemark': '', 'isGiftwrap': '0', 'giftwrapMsg': '', 'deliverySlot': '', 'customDataFeld1': '', 'customDataFeld2': '', 'customDataFeld3': '', 'customDataFeld4': '["Transaction is yet to complete"]', 'customDataFeld5': '', 'customDataFeld6': '', 'customDataFeld7': 'WHMP0422070025', 'customDataFeld8': '', 'customDataFeld9': '19/11/2021 09:12:18', 'customDataFeld10': '', 'discountAmount': '0.000', 'taxAmount': '915.10', 'updatedDate': '26/09/2022 17:24:03', 'mode': 'wms', 'IsReplacementOrder': 'No', 'originalOrderno': '', 'customerCode': '999999', 'extCustomerCode': '', 'clientId': '0', 'fulfillmentLocCode': 'SHO', 'extFulFillmentLocCode': 'SHO', 'orderSourceName': 'Webstore', 'collectibleAmount': '0.00', 'totalOrderLine': '2', 'delFulfillmentMode': '2', 'geoType': None, 'geoAddress': None, 'geoLatitude': None, 'geoLongitude': None, 'orderSource': 'M01', 'orderType': 'SO', 'shipByDate': '21/11/2021 14:40:36', 'processAfterDate': '', 'masterorderNo': '82922', 'priority': 'Normal', 'pickupLocation': '', 'fulfillmentLocName': 'SKECHERS SOUTH ASIA PRIVATE LIMITED', 'items': [{'lineno': '186092', 'extLineno': '186092', 'internalLineNo': '1', 'sku': '193113914057', 'primaryUPC': 'SKR21729', 'skuName': '55509-BBK/7/SHOE/GO WALK 5-QUALIFY', 'status': 'Shipped & Returned', 'imageUrl': 'https://imageserver.skechers.com/img/productimages/large/55509_BBK.jpg', 'uom': 'Each', 'uomqty': '1.00', 'conversion': '1.00', 'orderQty': '1.00', 'commitedQty': '0.00', 'cancelledQty': '0.00', 'shippedQty': '1.00', 'returnQty': '1.00', 'unitPrice': '2999.00', 'discountAmt': '0.00', 'promoCode': None, 'promoName': None, 'taxAmount': '457.47', 'openQty': '0.00', 'udf1': '', 'udf2': '', 'udf3': '', 'udf4': '', 'udf5': '', 'udf6': '', 'udf7': '', 'udf8': '', 'udf9': '', 'udf10': '', 'bundleSkuCode': None, 'shipByDate': '', 'fulfillmentLocCode': 'D42', 'fulfillmentLocName': 'SSAPL-BIG CENTRE THANE'}, {'lineno': '186094', 'extLineno': '186094', 'internalLineNo': '2', 'sku': '193113266705', 'primaryUPC': 'SKR22784', 'skuName': '52871-BKGY/7/SHOE/ELITE FLEX-CLEAR LEAF', 'status': 'Delivered', 'imageUrl': 'https://imageserver.skechers.com/img/productimages/large/52871_BKGY.jpg', 'uom': 'Each', 'uomqty': '1.00', 'conversion': '1.00', 'orderQty': '1.00', 'commitedQty': '0.00', 'cancelledQty': '0.00', 'shippedQty': '1.00', 'returnQty': '0.00', 'unitPrice': '3000.00', 'discountAmt': '0.00', 'promoCode': None, 'promoName': None, 'taxAmount': '457.63', 'openQty': '0.00', 'udf1': '', 'udf2': '', 'udf3': '', 'udf4': '', 'udf5': '', 'udf6': '', 'udf7': '', 'udf8': '', 'udf9': '', 'udf10': '', 'bundleSkuCode': None, 'shipByDate': '', 'fulfillmentLocCode': 'D33', 'fulfillmentLocName': 'SSAPL-OMR-CHENNAI'}], 'paymentItems': [], 'codcharge': '0.00', 'customerGSTIN': ''}}, {'SO011094936': {'orderLocation': 'M01', 'orderId': 'M0136067', 'orderNo': 'SO011094936', 'extenalOrderNo': 'SO011094936', 'paymentMethod': 'Prepaid', 'status': 'Allocated', 'orderDate': '21/11/2021 18:37:19', 'orderAmount': '7723.00', 'orderCurrency': 'INR', 'conversionRate': '1.00', 'customerName': 'Pankaj  Kabra', 'shipAddress1': 'Mhasawad Road  Behind MSEB substation', 'shipAddress2': 'Maharashtra MH', 'shipAddress3': '', 'landmark': '', 'latitude': '', 'longitude': '', 'shipCity': 'Jalgaon', 'shipState': 'Maharashtra', 'shipCountry': 'India', 'shipPincode': '425109', 'shipPhone1': '9422258798', 'shipPhone2': '9422258798', 'shipEmail1': 'pankajmkabra@gmail.com', 'shipEmail2': 'pankajmkabra@gmail.com', 'billName': 'Pankaj  Kabra', 'billAddress1': 'Mhasawad Road  Behind MSEB substation', 'billAddress2': 'Maharashtra MH', 'billAddress3': '', 'billCity': 'Jalgaon', 'billState': 'Maharashtra', 'billCountry': 'India', 'billPincode': '425109', 'billPhone1': '9422258798', 'billPhone2': '9422258798', 'billEmail1': 'pankajmkabra@gmail.com', 'billEmail2': 'pankajmkabra@gmail.com', 'orderRemarks': None, 'shippingCharges': '0.00', 'handlingCharge2': '0.00', 'storeCredit': '0.00', 'isVerifiedOrder': '1', 'isOnHold': '0', 'giftvoucher': '0.00', 'otherDiscount': '0.00', 'discountCode': 'null', 'promoCode': None, 'promoName': None, 'cancelRemark': '', 'isGiftwrap': '0', 'giftwrapMsg': '', 'deliverySlot': '', 'customDataFeld1': '', 'customDataFeld2': '', 'customDataFeld3': '', 'customDataFeld4': '["Transaction is yet to complete"]', 'customDataFeld5': '', 'customDataFeld6': '', 'customDataFeld7': 'WSBI0426098858', 'customDataFeld8': '', 'customDataFeld9': '21/11/2021 13:11:13', 'customDataFeld10': '', 'discountAmount': '0.000', 'taxAmount': '1059.00', 'updatedDate': '26/09/2022 17:25:35', 'mode': 'wms', 'IsReplacementOrder': 'No', 'originalOrderno': '', 'customerCode': '999999', 'extCustomerCode': '', 'clientId': '0', 'fulfillmentLocCode': 'SHO', 'extFulFillmentLocCode': 'SHO', 'orderSourceName': 'Webstore', 'collectibleAmount': '0.00', 'totalOrderLine': '4', 'delFulfillmentMode': '2', 'geoType': None, 'geoAddress': None, 'geoLatitude': None, 'geoLongitude': None, 'orderSource': 'M01', 'orderType': 'SO', 'shipByDate': '23/11/2021 18:37:19', 'processAfterDate': '', 'masterorderNo': '83617', 'priority': 'Normal', 'pickupLocation': '', 'fulfillmentLocName': 'SKECHERS SOUTH ASIA PRIVATE LIMITED', 'items': [{'lineno': '187706', 'extLineno': '187706', 'internalLineNo': '1', 'sku': '190211726193', 'primaryUPC': 'SKR13267', 'skuName': '54150-BBK/11/SHOE/GO WALK 4', 'status': 'Shipped & Returned', 'imageUrl': 'https://imageserver.skechers.com/img/productimages/large/54150_BBK.jpg', 'uom': 'Each', 'uomqty': '1.00', 'conversion': '1.00', 'orderQty': '1.00', 'commitedQty': '0.00', 'cancelledQty': '0.00', 'shippedQty': '1.00', 'returnQty': '1.00', 'unitPrice': '2850.00', 'discountAmt': '0.00', 'promoCode': None, 'promoName': None, 'taxAmount': '434.75', 'openQty': '0.00', 'udf1': '', 'udf2': '', 'udf3': '', 'udf4': '', 'udf5': '', 'udf6': '', 'udf7': '', 'udf8': '', 'udf9': '', 'udf10': '', 'bundleSkuCode': None, 'shipByDate': '', 'fulfillmentLocCode': 'A74', 'fulfillmentLocName': 'SSAPL-E-COM'}, {'lineno': '187708', 'extLineno': '187708', 'internalLineNo': '2', 'sku': '193113565303', 'primaryUPC': 'SKR19527', 'skuName': '66043-BRN/10/SANDAL/PELEM-BERONE', 'status': 'Shipped & Returned', 'imageUrl': 'https://imageserver.skechers.com/img/productimages/large/66043_BRN.jpg', 'uom': 'Each', 'uomqty': '1.00', 'conversion': '1.00', 'orderQty': '1.00', 'commitedQty': '0.00', 'cancelledQty': '0.00', 'shippedQty': '1.00', 'returnQty': '1.00', 'unitPrice': '2250.00', 'discountAmt': '0.00', 'promoCode': None, 'promoName': None, 'taxAmount': '343.22', 'openQty': '0.00', 'udf1': '', 'udf2': '', 'udf3': '', 'udf4': '', 'udf5': '', 'udf6': '', 'udf7': '', 'udf8': '', 'udf9': '', 'udf10': '', 'bundleSkuCode': None, 'shipByDate': '', 'fulfillmentLocCode': 'D42', 'fulfillmentLocName': 'SSAPL-BIG CENTRE THANE'}, {'lineno': '187710', 'extLineno': '187710', 'internalLineNo': '3', 'sku': '194880184148', 'primaryUPC': 'SKR32221', 'skuName': 'M3TS240A-BLU/L/TOPWEAR/SEAMLESS S/S TEE', 'status': 'Allocated', 'imageUrl': 'https://imageserver.skechers.com/img/productimages/large/M3TS240A_BLU.jpg', 'uom': 'Each', 'uomqty': '1.00', 'conversion': '1.00', 'orderQty': '1.00', 'commitedQty': '1.00', 'cancelledQty': '0.00', 'shippedQty': '0.00', 'returnQty': '0.00', 'unitPrice': '1274.00', 'discountAmt': '0.00', 'promoCode': None, 'promoName': None, 'taxAmount': '136.50', 'openQty': '0.00', 'udf1': '', 'udf2': '', 'udf3': '', 'udf4': '', 'udf5': '', 'udf6': '', 'udf7': '', 'udf8': '', 'udf9': '', 'udf10': '', 'bundleSkuCode': None, 'shipByDate': '', 'fulfillmentLocCode': 'D52', 'fulfillmentLocName': 'SSAPL - AKSHARDHAM NCR'}, {'lineno': '187712', 'extLineno': '187712', 'internalLineNo': '4', 'sku': '194428633107', 'primaryUPC': 'SKR29664', 'skuName': 'M2SH49A-NVY/M/BOTTOMWEAR/TRIBUTE 7" SHORT', 'status': 'Delivered', 'imageUrl': 'https://imageserver.skechers.com/img/productimages/large/M2SH49A_NVY.jpg', 'uom': 'Each', 'uomqty': '1.00', 'conversion': '1.00', 'orderQty': '1.00', 'commitedQty': '0.00', 'cancelledQty': '0.00', 'shippedQty': '1.00', 'returnQty': '0.00', 'unitPrice': '1349.00', 'discountAmt': '0.00', 'promoCode': None, 'promoName': None, 'taxAmount': '144.54', 'openQty': '0.00', 'udf1': '', 'udf2': '', 'udf3': '', 'udf4': '', 'udf5': '', 'udf6': '', 'udf7': '', 'udf8': '', 'udf9': '', 'udf10': '', 'bundleSkuCode': None, 'shipByDate': '', 'fulfillmentLocCode': 'A26', 'fulfillmentLocName': 'SSAPL-KOLKATA FORUM'}], 'paymentItems': [], 'codcharge': '0.00', 'customerGSTIN': ''}}, {'SO011096617': {'orderLocation': 'M01', 'orderId': 'M0136993', 'orderNo': 'SO011096617', 'extenalOrderNo': 'SO011096617', 'paymentMethod': 'Prepaid', 'status': 'Shipped & Returned', 'orderDate': '26/11/2021 13:44:10', 'orderAmount': '3500.00', 'orderCurrency': 'INR', 'conversionRate': '1.00', 'customerName': 'Vishal  Chauhan', 'shipAddress1': 'Ivy International School Shimla, Chakryal Kamlanagar', 'shipAddress2': 'Himachal Pradesh HP', 'shipAddress3': '', 'landmark': '', 'latitude': '', 'longitude': '', 'shipCity': 'Shimla', 'shipState': 'Himachal Pradesh', 'shipCountry': 'India', 'shipPincode': '171006', 'shipPhone1': '9882366666', 'shipPhone2': '9882366666', 'shipEmail1': 'vishal@ivyshimla.com', 'shipEmail2': 'vishal@ivyshimla.com', 'billName': 'Vishal  Chauhan', 'billAddress1': 'Ivy International School Shimla, Chakryal Kamlanagar', 'billAddress2': 'Himachal Pradesh HP', 'billAddress3': '', 'billCity': 'Shimla', 'billState': 'Himachal Pradesh', 'billCountry': 'India', 'billPincode': '171006', 'billPhone1': '9882366666', 'billPhone2': '9882366666', 'billEmail1': 'vishal@ivyshimla.com', 'billEmail2': 'vishal@ivyshimla.com', 'orderRemarks': None, 'shippingCharges': '0.00', 'handlingCharge2': '0.00', 'storeCredit': '0.00', 'isVerifiedOrder': '1', 'isOnHold': '0', 'giftvoucher': '0.00', 'otherDiscount': '0.00', 'discountCode': 'null', 'promoCode': None, 'promoName': None, 'cancelRemark': '', 'isGiftwrap': '0', 'giftwrapMsg': '', 'deliverySlot': '', 'customDataFeld1': '', 'customDataFeld2': '', 'customDataFeld3': '', 'customDataFeld4': '["Transaction is yet to complete"]', 'customDataFeld5': '', 'customDataFeld6': '', 'customDataFeld7': 'WHMP0436237922', 'customDataFeld8': '', 'customDataFeld9': '26/11/2021 08:16:15', 'customDataFeld10': '', 'discountAmount': '0.000', 'taxAmount': '533.90', 'updatedDate': '26/09/2022 17:26:05', 'mode': 'wms', 'IsReplacementOrder': 'No', 'originalOrderno': '', 'customerCode': '999999', 'extCustomerCode': '', 'clientId': '0', 'fulfillmentLocCode': 'SHO', 'extFulFillmentLocCode': 'SHO', 'orderSourceName': 'Webstore', 'collectibleAmount': '0.00', 'totalOrderLine': '1', 'delFulfillmentMode': '2', 'geoType': None, 'geoAddress': None, 'geoLatitude': None, 'geoLongitude': None, 'orderSource': 'M01', 'orderType': 'SO', 'shipByDate': '28/11/2021 13:44:10', 'processAfterDate': '', 'masterorderNo': '85293', 'priority': 'Normal', 'pickupLocation': '', 'fulfillmentLocName': 'SKECHERS SOUTH ASIA PRIVATE LIMITED', 'items': [{'lineno': '191544', 'extLineno': '191544', 'internalLineNo': '1', 'sku': '193642235692', 'primaryUPC': 'SKR24814', 'skuName': '66401-CHAR/9/SHOE/BREGMAN-MODESO', 'status': 'Shipped & Returned', 'imageUrl': 'https://imageserver.skechers.com/img/productimages/large/66401_CHAR.jpg', 'uom': 'Each', 'uomqty': '1.00', 'conversion': '1.00', 'orderQty': '1.00', 'commitedQty': '0.00', 'cancelledQty': '0.00', 'shippedQty': '1.00', 'returnQty': '1.00', 'unitPrice': '3500.00', 'discountAmt': '0.00', 'promoCode': None, 'promoName': None, 'taxAmount': '533.90', 'openQty': '0.00', 'udf1': '', 'udf2': '', 'udf3': '', 'udf4': '', 'udf5': '', 'udf6': '', 'udf7': '', 'udf8': '', 'udf9': '', 'udf10': '', 'bundleSkuCode': None, 'shipByDate': '', 'fulfillmentLocCode': 'D42', 'fulfillmentLocName': 'SSAPL-BIG CENTRE THANE'}], 'paymentItems': [], 'codcharge': '0.00', 'customerGSTIN': ''}}, {'SO011091500': {'orderLocation': 'M01', 'orderId': 'M0134236', 'orderNo': 'SO011091500', 'extenalOrderNo': 'SO011091500', 'paymentMethod': 'Prepaid', 'status': 'Delivered', 'orderDate': '08/11/2021 23:07:46', 'orderAmount': '3099.00', 'orderCurrency': 'INR', 'conversionRate': '1.00', 'customerName': 'Hitesh  Sharma', 'shipAddress1': 'Y4/308, GYH Enclave, Siddharth Vihar, Sector-7', 'shipAddress2': 'Uttar Pradesh UP', 'shipAddress3': '', 'landmark': '', 'latitude': '', 'longitude': '', 'shipCity': 'Ghaziabad', 'shipState': 'Uttar Pradesh', 'shipCountry': 'India', 'shipPincode': '201009', 'shipPhone1': '9821728233', 'shipPhone2': '9821728233', 'shipEmail1': 'hiteshsharmalatti@gmail.com', 'shipEmail2': 'hiteshsharmalatti@gmail.com', 'billName': 'Hitesh  Sharma', 'billAddress1': 'Y4/308, GYH Enclave, Siddharth Vihar, Sector-7', 'billAddress2': 'Uttar Pradesh UP', 'billAddress3': '', 'billCity': 'Ghaziabad', 'billState': 'Uttar Pradesh', 'billCountry': 'India', 'billPincode': '201009', 'billPhone1': '9821728233', 'billPhone2': '9821728233', 'billEmail1': 'hiteshsharmalatti@gmail.com', 'billEmail2': 'hiteshsharmalatti@gmail.com', 'orderRemarks': None, 'shippingCharges': '0.00', 'handlingCharge2': '0.00', 'storeCredit': '0.00', 'isVerifiedOrder': '1', 'isOnHold': '0', 'giftvoucher': '0.00', 'otherDiscount': '0.00', 'discountCode': 'null', 'promoCode': None, 'promoName': None, 'cancelRemark': '', 'isGiftwrap': '0', 'giftwrapMsg': '', 'deliverySlot': '', 'customDataFeld1': '', 'customDataFeld2': '', 'customDataFeld3': '', 'customDataFeld4': '["Transaction is yet to complete"]', 'customDataFeld5': '', 'customDataFeld6': '', 'customDataFeld7': 'WICI0399154092', 'customDataFeld8': '', 'customDataFeld9': '08/11/2021 17:43:15', 'customDataFeld10': '', 'discountAmount': '0.000', 'taxAmount': '367.81', 'updatedDate': '26/09/2022 17:29:10', 'mode': 'wms', 'IsReplacementOrder': 'No', 'originalOrderno': '', 'customerCode': '999999', 'extCustomerCode': '', 'clientId': '0', 'fulfillmentLocCode': 'SHO', 'extFulFillmentLocCode': 'SHO', 'orderSourceName': 'Webstore', 'collectibleAmount': '0.00', 'totalOrderLine': '2', 'delFulfillmentMode': '2', 'geoType': None, 'geoAddress': None, 'geoLatitude': None, 'geoLongitude': None, 'orderSource': 'M01', 'orderType': 'SO', 'shipByDate': '10/11/2021 23:07:46', 'processAfterDate': '', 'masterorderNo': '80191', 'priority': 'Normal', 'pickupLocation': '', 'fulfillmentLocName': 'SKECHERS SOUTH ASIA PRIVATE LIMITED', 'items': [{'lineno': '180026', 'extLineno': '180026', 'internalLineNo': '1', 'sku': '190872287422', 'primaryUPC': 'SKR13901', 'skuName': '90604L-CCOR/4/SHOE/ENERGY LIGHTS- TARVOS', 'status': 'Shipped & Returned', 'imageUrl': 'https://imageserver.skechers.com/img/productimages/large/90604L_CCOR.jpg', 'uom': 'Each', 'uomqty': '1.00', 'conversion': '1.00', 'orderQty': '1.00', 'commitedQty': '0.00', 'cancelledQty': '0.00', 'shippedQty': '1.00', 'returnQty': '1.00', 'unitPrice': '2099.00', 'discountAmt': '0.00', 'promoCode': None, 'promoName': None, 'taxAmount': '320.19', 'openQty': '0.00', 'udf1': '', 'udf2': '', 'udf3': '', 'udf4': '', 'udf5': '', 'udf6': '', 'udf7': '', 'udf8': '', 'udf9': '', 'udf10': '', 'bundleSkuCode': None, 'shipByDate': '', 'fulfillmentLocCode': 'D42', 'fulfillmentLocName': 'SSAPL-BIG CENTRE THANE'}, {'lineno': '180028', 'extLineno': '180028', 'internalLineNo': '2', 'sku': '192283208997', 'primaryUPC': 'SKR19455', 'skuName': '97850L-NVOR/6/SHOE/GO WALK MAX', 'status': 'Delivered', 'imageUrl': 'https://imageserver.skechers.com/img/productimages/large/97850L_NVOR.jpg', 'uom': 'Each', 'uomqty': '1.00', 'conversion': '1.00', 'orderQty': '1.00', 'commitedQty': '0.00', 'cancelledQty': '0.00', 'shippedQty': '1.00', 'returnQty': '0.00', 'unitPrice': '1000.00', 'discountAmt': '0.00', 'promoCode': None, 'promoName': None, 'taxAmount': '47.62', 'openQty': '0.00', 'udf1': '', 'udf2': '', 'udf3': '', 'udf4': '', 'udf5': '', 'udf6': '', 'udf7': '', 'udf8': '', 'udf9': '', 'udf10': '', 'bundleSkuCode': None, 'shipByDate': '', 'fulfillmentLocCode': 'D33', 'fulfillmentLocName': 'SSAPL-OMR-CHENNAI'}], 'paymentItems': [], 'codcharge': '0.00', 'customerGSTIN': ''}}, {'SO011089355': {'orderLocation': 'M01', 'orderId': 'M0133069', 'orderNo': 'SO011089355', 'extenalOrderNo': 'SO011089355', 'paymentMethod': 'Prepaid', 'status': 'Shipped & Returned', 'orderDate': '29/10/2021 17:55:03', 'orderAmount': '5499.00', 'orderCurrency': 'INR', 'conversionRate': '1.00', 'customerName': 'Binita  Lama', 'shipAddress1': 'Flat 5D,  Baikuntha Apartment 114 NSC BOSE ROAD', 'shipAddress2': 'West Bengal WB', 'shipAddress3': '', 'landmark': '', 'latitude': '', 'longitude': '', 'shipCity': 'Kolkata', 'shipState': 'West Bengal', 'shipCountry': 'India', 'shipPincode': '700040', 'shipPhone1': '9007044136', 'shipPhone2': '9007044136', 'shipEmail1': 'binita.l.pradhan@gmail.com', 'shipEmail2': 'binita.l.pradhan@gmail.com', 'billName': 'Binita  Lama', 'billAddress1': 'Flat 5D,  Baikuntha Apartment 114 NSC BOSE ROAD', 'billAddress2': 'West Bengal WB', 'billAddress3': '', 'billCity': 'Kolkata', 'billState': 'West Bengal', 'billCountry': 'India', 'billPincode': '700040', 'billPhone1': '9007044136', 'billPhone2': '9007044136', 'billEmail1': 'binita.l.pradhan@gmail.com', 'billEmail2': 'binita.l.pradhan@gmail.com', 'orderRemarks': None, 'shippingCharges': '0.00', 'handlingCharge2': '0.00', 'storeCredit': '0.00', 'isVerifiedOrder': '1', 'isOnHold': '0', 'giftvoucher': '0.00', 'otherDiscount': '0.00', 'discountCode': 'null', 'promoCode': None, 'promoName': None, 'cancelRemark': '', 'isGiftwrap': '0', 'giftwrapMsg': '', 'deliverySlot': '', 'customDataFeld1': '', 'customDataFeld2': '', 'customDataFeld3': '', 'customDataFeld4': '["Transaction is yet to complete"]', 'customDataFeld5': '', 'customDataFeld6': '', 'customDataFeld7': 'WHMP0377484332', 'customDataFeld8': '', 'customDataFeld9': '29/10/2021 12:26:55', 'customDataFeld10': '', 'discountAmount': '0.000', 'taxAmount': '838.83', 'updatedDate': '26/09/2022 17:32:03', 'mode': 'wms', 'IsReplacementOrder': 'No', 'originalOrderno': '', 'customerCode': '999999', 'extCustomerCode': '', 'clientId': '0', 'fulfillmentLocCode': 'SHO', 'extFulFillmentLocCode': 'SHO', 'orderSourceName': 'Webstore', 'collectibleAmount': '0.00', 'totalOrderLine': '1', 'delFulfillmentMode': '2', 'geoType': None, 'geoAddress': None, 'geoLatitude': None, 'geoLongitude': None, 'orderSource': 'M01', 'orderType': 'SO', 'shipByDate': '31/10/2021 17:55:03', 'processAfterDate': '', 'masterorderNo': '78066', 'priority': 'Normal', 'pickupLocation': '', 'fulfillmentLocName': 'SKECHERS SOUTH ASIA PRIVATE LIMITED', 'items': [{'lineno': '175276', 'extLineno': '175276', 'internalLineNo': '1', 'sku': '191665119197', 'primaryUPC': 'SKR21510', 'skuName': '73690-WHT/6/SHOE/UNO - STAND ON AIR', 'status': 'Shipped & Returned', 'imageUrl': 'https://imageserver.skechers.com/img/productimages/large/73690_WHT.jpg', 'uom': 'Each', 'uomqty': '1.00', 'conversion': '1.00', 'orderQty': '1.00', 'commitedQty': '0.00', 'cancelledQty': '0.00', 'shippedQty': '1.00', 'returnQty': '1.00', 'unitPrice': '5499.00', 'discountAmt': '0.00', 'promoCode': None, 'promoName': None, 'taxAmount': '838.83', 'openQty': '0.00', 'udf1': '', 'udf2': '', 'udf3': '', 'udf4': '', 'udf5': '', 'udf6': '', 'udf7': '', 'udf8': '', 'udf9': '', 'udf10': '', 'bundleSkuCode': None, 'shipByDate': '', 'fulfillmentLocCode': 'D42', 'fulfillmentLocName': 'SSAPL-BIG CENTRE THANE'}], 'paymentItems': [], 'codcharge': '0.00', 'customerGSTIN': ''}}, {'SO011079372': {'orderLocation': 'M01', 'orderId': 'M0127948', 'orderNo': 'SO011079372', 'extenalOrderNo': 'SO011079372', 'paymentMethod': 'Prepaid', 'status': 'Shipped & Returned', 'orderDate': '09/09/2021 21:35:52', 'orderAmount': '3250.00', 'orderCurrency': 'INR', 'conversionRate': '1.00', 'customerName': 'Ashok  Pandey', 'shipAddress1': '64 Astha Vihar Phase-2, Awadhpuri BHEL Near Regal Town', 'shipAddress2': 'Madhya Pradesh MP', 'shipAddress3': '', 'landmark': '', 'latitude': '', 'longitude': '', 'shipCity': 'Bhopal', 'shipState': 'Madhya Pradesh', 'shipCountry': 'India', 'shipPincode': '462022', 'shipPhone1': '09755163388', 'shipPhone2': '09755163388', 'shipEmail1': 'ashokpanday@gmail.com', 'shipEmail2': 'ashokpanday@gmail.com', 'billName': 'Ashok  Pandey', 'billAddress1': '64 Astha Vihar Phase-2, Awadhpuri BHEL Near Regal Town', 'billAddress2': 'Madhya Pradesh MP', 'billAddress3': '', 'billCity': 'Bhopal', 'billState': 'Madhya Pradesh', 'billCountry': 'India', 'billPincode': '462022', 'billPhone1': '09755163388', 'billPhone2': '09755163388', 'billEmail1': 'ashokpanday@gmail.com', 'billEmail2': 'ashokpanday@gmail.com', 'orderRemarks': None, 'shippingCharges': '0.00', 'handlingCharge2': '0.00', 'storeCredit': '0.00', 'isVerifiedOrder': '1', 'isOnHold': '0', 'giftvoucher': '0.00', 'otherDiscount': '0.00', 'discountCode': 'null', 'promoCode': None, 'promoName': None, 'cancelRemark': '', 'isGiftwrap': '0', 'giftwrapMsg': '', 'deliverySlot': '', 'customDataFeld1': '', 'customDataFeld2': '', 'customDataFeld3': '', 'customDataFeld4': '["Transaction is yet to complete"]', 'customDataFeld5': '', 'customDataFeld6': '', 'customDataFeld7': 'WSBI0259216005', 'customDataFeld8': '', 'customDataFeld9': '09/09/2021 16:07:11', 'customDataFeld10': '', 'discountAmount': '0.000', 'taxAmount': '495.76', 'updatedDate': '26/09/2022 17:42:57', 'mode': 'wms', 'IsReplacementOrder': 'No', 'originalOrderno': '', 'customerCode': '999999', 'extCustomerCode': '', 'clientId': '0', 'fulfillmentLocCode': 'SHO', 'extFulFillmentLocCode': 'SHO', 'orderSourceName': 'Webstore', 'collectibleAmount': '0.00', 'totalOrderLine': '1', 'delFulfillmentMode': '2', 'geoType': None, 'geoAddress': None, 'geoLatitude': None, 'geoLongitude': None, 'orderSource': 'M01', 'orderType': 'SO', 'shipByDate': '11/09/2021 21:35:52', 'processAfterDate': '', 'masterorderNo': '68654', 'priority': 'Normal', 'pickupLocation': '', 'fulfillmentLocName': 'SKECHERS SOUTH ASIA PRIVATE LIMITED', 'items': [{'lineno': '153964', 'extLineno': '153964', 'internalLineNo': '1', 'sku': '194428038537', 'primaryUPC': 'SKR26666', 'skuName': '232029-BKLM/9/SHOE/ULTRA GROOVE', 'status': 'Shipped & Returned', 'imageUrl': 'https://imageserver.skechers.com/img/productimages/large/232029_BKLM.jpg', 'uom': 'Each', 'uomqty': '1.00', 'conversion': '1.00', 'orderQty': '1.00', 'commitedQty': '0.00', 'cancelledQty': '0.00', 'shippedQty': '1.00', 'returnQty': '1.00', 'unitPrice': '3250.00', 'discountAmt': '0.00', 'promoCode': None, 'promoName': None, 'taxAmount': '495.76', 'openQty': '0.00', 'udf1': '', 'udf2': '', 'udf3': '', 'udf4': '', 'udf5': '', 'udf6': '', 'udf7': '', 'udf8': '', 'udf9': '', 'udf10': '', 'bundleSkuCode': None, 'shipByDate': '', 'fulfillmentLocCode': 'D42', 'fulfillmentLocName': 'SSAPL-BIG CENTRE THANE'}], 'paymentItems': [], 'codcharge': '0.00', 'customerGSTIN': ''}}, {'SO011097097': {'orderLocation': 'M01', 'orderId': 'M0137253', 'orderNo': 'SO011097097', 'extenalOrderNo': 'SO011097097', 'paymentMethod': 'Prepaid', 'status': 'Shipped & Returned', 'orderDate': '27/11/2021 14:50:11', 'orderAmount': '2999.00', 'orderCurrency': 'INR', 'conversionRate': '1.00', 'customerName': 'Lovish  Goyal', 'shipAddress1': 'Atc mart  heera tower  Nabha bhabhat road  Opposite liquor and wine shop near victoria society', 'shipAddress2': 'Punjab PB', 'shipAddress3': '', 'landmark': '', 'latitude': '', 'longitude': '', 'shipCity': 'Patiala', 'shipState': 'Punjab', 'shipCountry': 'India', 'shipPincode': '140603', 'shipPhone1': '7009769920', 'shipPhone2': '7009769920', 'shipEmail1': 'lovishgoyal@gmail.com', 'shipEmail2': 'lovishgoyal@gmail.com', 'billName': 'Lovish  Goyal', 'billAddress1': 'Atc mart  heera tower  Nabha bhabhat road  Opposite liquor and wine shop near victoria society', 'billAddress2': 'Punjab PB', 'billAddress3': '', 'billCity': 'Patiala', 'billState': 'Punjab', 'billCountry': 'India', 'billPincode': '140603', 'billPhone1': '7009769920', 'billPhone2': '7009769920', 'billEmail1': 'lovishgoyal@gmail.com', 'billEmail2': 'lovishgoyal@gmail.com', 'orderRemarks': None, 'shippingCharges': '0.00', 'handlingCharge2': '0.00', 'storeCredit': '0.00', 'isVerifiedOrder': '1', 'isOnHold': '0', 'giftvoucher': '0.00', 'otherDiscount': '0.00', 'discountCode': 'null', 'promoCode': None, 'promoName': None, 'cancelRemark': '', 'isGiftwrap': '0', 'giftwrapMsg': '', 'deliverySlot': '', 'customDataFeld1': '', 'customDataFeld2': '', 'customDataFeld3': '', 'customDataFeld4': '["Transaction is yet to complete"]', 'customDataFeld5': '', 'customDataFeld6': '', 'customDataFeld7': 'WHMP0438381746', 'customDataFeld8': '', 'customDataFeld9': '27/11/2021 09:21:42', 'customDataFeld10': '', 'discountAmount': '0.000', 'taxAmount': '457.47', 'updatedDate': '26/09/2022 17:54:50', 'mode': 'wms', 'IsReplacementOrder': 'No', 'originalOrderno': '', 'customerCode': '999999', 'extCustomerCode': '', 'clientId': '0', 'fulfillmentLocCode': 'SHO', 'extFulFillmentLocCode': 'SHO', 'orderSourceName': 'Webstore', 'collectibleAmount': '0.00', 'totalOrderLine': '1', 'delFulfillmentMode': '2', 'geoType': None, 'geoAddress': None, 'geoLatitude': None, 'geoLongitude': None, 'orderSource': 'M01', 'orderType': 'SO', 'shipByDate': '29/11/2021 14:50:11', 'processAfterDate': '', 'masterorderNo': '85773', 'priority': 'Normal', 'pickupLocation': '', 'fulfillmentLocName': 'SKECHERS SOUTH ASIA PRIVATE LIMITED', 'items': [{'lineno': '192620', 'extLineno': '192620', 'internalLineNo': '1', 'sku': '193642416763', 'primaryUPC': 'SKR23551', 'skuName': '66150-BLK/11/SHOE/STATUS 2.0', 'status': 'Shipped & Returned', 'imageUrl': 'https://imageserver.skechers.com/img/productimages/large/66150_BLK.jpg', 'uom': 'Each', 'uomqty': '1.00', 'conversion': '1.00', 'orderQty': '1.00', 'commitedQty': '0.00', 'cancelledQty': '0.00', 'shippedQty': '1.00', 'returnQty': '1.00', 'unitPrice': '2999.00', 'discountAmt': '0.00', 'promoCode': None, 'promoName': None, 'taxAmount': '457.47', 'openQty': '0.00', 'udf1': '', 'udf2': '', 'udf3': '', 'udf4': '', 'udf5': '', 'udf6': '', 'udf7': '', 'udf8': '', 'udf9': '', 'udf10': '', 'bundleSkuCode': None, 'shipByDate': '', 'fulfillmentLocCode': 'D42', 'fulfillmentLocName': 'SSAPL-BIG CENTRE THANE'}], 'paymentItems': [], 'codcharge': '0.00', 'customerGSTIN': ''}}, {'SO011084768': {'orderLocation': 'M01', 'orderId': 'M0130899', 'orderNo': 'SO011084768', 'extenalOrderNo': 'SO011084768', 'paymentMethod': 'Prepaid', 'status': 'Shipped & Returned', 'orderDate': '10/10/2021 10:01:01', 'orderAmount': '3500.00', 'orderCurrency': 'INR', 'conversionRate': '1.00', 'customerName': 'Parth  Dabhi', 'shipAddress1': '319,sarita vihar society Opp. Remuka bhavan,  Puna to bombay market road', 'shipAddress2': 'Gujarat GJ', 'shipAddress3': '', 'landmark': '', 'latitude': '', 'longitude': '', 'shipCity': 'Surat', 'shipState': 'Gujarat', 'shipCountry': 'India', 'shipPincode': '395006', 'shipPhone1': '9768187157', 'shipPhone2': '9768187157', 'shipEmail1': 'parthdabhi7@gmail.com', 'shipEmail2': 'parthdabhi7@gmail.com', 'billName': 'Parth  Dabhi', 'billAddress1': '319,sarita vihar society Opp. Remuka bhavan,  Puna to bombay market road', 'billAddress2': 'Gujarat GJ', 'billAddress3': '', 'billCity': 'Surat', 'billState': 'Gujarat', 'billCountry': 'India', 'billPincode': '395006', 'billPhone1': '9768187157', 'billPhone2': '9768187157', 'billEmail1': 'parthdabhi7@gmail.com', 'billEmail2': 'parthdabhi7@gmail.com', 'orderRemarks': None, 'shippingCharges': '0.00', 'handlingCharge2': '0.00', 'storeCredit': '0.00', 'isVerifiedOrder': '1', 'isOnHold': '0', 'giftvoucher': '0.00', 'otherDiscount': '0.00', 'discountCode': 'null', 'promoCode': None, 'promoName': None, 'cancelRemark': '', 'isGiftwrap': '0', 'giftwrapMsg': '', 'deliverySlot': '', 'customDataFeld1': '', 'customDataFeld2': '', 'customDataFeld3': '', 'customDataFeld4': '["Transaction is yet to complete"]', 'customDataFeld5': '', 'customDataFeld6': '', 'customDataFeld7': 'WHMP0330440654', 'customDataFeld8': '', 'customDataFeld9': '10/10/2021 04:32:20', 'customDataFeld10': '', 'discountAmount': '0.000', 'taxAmount': '533.90', 'updatedDate': '26/09/2022 21:14:21', 'mode': 'wms', 'IsReplacementOrder': 'No', 'originalOrderno': '', 'customerCode': '999999', 'extCustomerCode': '', 'clientId': '0', 'fulfillmentLocCode': 'SHO', 'extFulFillmentLocCode': 'SHO', 'orderSourceName': 'Webstore', 'collectibleAmount': '0.00', 'totalOrderLine': '1', 'delFulfillmentMode': '2', 'geoType': None, 'geoAddress': None, 'geoLatitude': None, 'geoLongitude': None, 'orderSource': 'M01', 'orderType': 'SO', 'shipByDate': '12/10/2021 10:01:01', 'processAfterDate': '', 'masterorderNo': '74035', 'priority': 'Normal', 'pickupLocation': '', 'fulfillmentLocName': 'SKECHERS SOUTH ASIA PRIVATE LIMITED', 'items': [{'lineno': '166148', 'extLineno': '166148', 'internalLineNo': '1', 'sku': '194428034492', 'primaryUPC': 'SKR26970', 'skuName': '54490-NVY/10/SHOE/GO WALK AIR-AIRFLOW', 'status': 'Shipped & Returned', 'imageUrl': 'https://imageserver.skechers.com/img/productimages/large/54490_NVY.jpg', 'uom': 'Each', 'uomqty': '1.00', 'conversion': '1.00', 'orderQty': '1.00', 'commitedQty': '0.00', 'cancelledQty': '0.00', 'shippedQty': '1.00', 'returnQty': '1.00', 'unitPrice': '3500.00', 'discountAmt': '0.00', 'promoCode': None, 'promoName': None, 'taxAmount': '533.90', 'openQty': '0.00', 'udf1': '', 'udf2': '', 'udf3': '', 'udf4': '', 'udf5': '', 'udf6': '', 'udf7': '', 'udf8': '', 'udf9': '', 'udf10': '', 'bundleSkuCode': None, 'shipByDate': '', 'fulfillmentLocCode': 'D42', 'fulfillmentLocName': 'SSAPL-BIG CENTRE THANE'}], 'paymentItems': [], 'codcharge': '0.00', 'customerGSTIN': ''}}, {'SO011050274': {'orderLocation': 'M01', 'orderId': 'M0111874', 'orderNo': 'SO011050274', 'extenalOrderNo': 'SO011050274', 'paymentMethod': 'Prepaid', 'status': 'Shipped & Returned', 'orderDate': '20/02/2021 08:13:49', 'orderAmount': '2649.50', 'orderCurrency': 'INR', 'conversionRate': '1.00', 'customerName': 'Ankush  Kaushal', 'shipAddress1': 'Airtel Center ,Plot No. 16, Phase IV, Sector 18 Gurugram', 'shipAddress2': 'Haryana HR', 'shipAddress3': '', 'landmark': '', 'latitude': '', 'longitude': '', 'shipCity': 'Gurgaon', 'shipState': 'Haryana', 'shipCountry': 'India', 'shipPincode': '122015', 'shipPhone1': '8146971555', 'shipPhone2': '8146971555', 'shipEmail1': 'kaushal_ankush84@yahoo.co.in', 'shipEmail2': 'kaushal_ankush84@yahoo.co.in', 'billName': 'Ankush  Kaushal', 'billAddress1': 'Airtel Center ,Plot No. 16, Phase IV, Sector 18 Gurugram', 'billAddress2': 'Haryana HR', 'billAddress3': '', 'billCity': 'Gurgaon', 'billState': 'Haryana', 'billCountry': 'India', 'billPincode': '122015', 'billPhone1': '8146971555', 'billPhone2': '8146971555', 'billEmail1': 'kaushal_ankush84@yahoo.co.in', 'billEmail2': 'kaushal_ankush84@yahoo.co.in', 'orderRemarks': None, 'shippingCharges': '0.00', 'handlingCharge2': '0.00', 'storeCredit': '0.00', 'isVerifiedOrder': '1', 'isOnHold': '0', 'giftvoucher': '0.00', 'otherDiscount': '0.00', 'discountCode': 'null', 'promoCode': None, 'promoName': None, 'cancelRemark': '', 'isGiftwrap': '0', 'giftwrapMsg': '', 'deliverySlot': '', 'customDataFeld1': '', 'customDataFeld2': '', 'customDataFeld3': '', 'customDataFeld4': '["Transaction is yet to complete"]', 'customDataFeld5': '', 'customDataFeld6': '', 'customDataFeld7': 'VICI9765663445', 'customDataFeld8': '', 'customDataFeld9': '20/02/2021 02:45:01', 'customDataFeld10': '', 'discountAmount': '0.000', 'taxAmount': '404.16', 'updatedDate': '28/09/2022 13:08:07', 'mode': 'wms', 'IsReplacementOrder': 'No', 'originalOrderno': '', 'customerCode': '999999', 'extCustomerCode': '', 'clientId': '0', 'fulfillmentLocCode': 'SHO', 'extFulFillmentLocCode': 'SHO', 'orderSourceName': 'Webstore', 'collectibleAmount': '0.00', 'totalOrderLine': '1', 'delFulfillmentMode': '2', 'geoType': None, 'geoAddress': None, 'geoLatitude': None, 'geoLongitude': None, 'orderSource': 'M01', 'orderType': 'SO', 'shipByDate': '22/02/2021 08:13:49', 'processAfterDate': '', 'masterorderNo': '39861', 'priority': 'Normal', 'pickupLocation': '', 'fulfillmentLocName': 'SKECHERS SOUTH ASIA PRIVATE LIMITED', 'items': [{'lineno': '89288', 'extLineno': '89288', 'internalLineNo': '1', 'sku': '193642165340', 'primaryUPC': 'SKR22610', 'skuName': '55169-BKBL/9/SHOE/GO RUN FOCUS', 'status': 'Shipped & Returned', 'imageUrl': 'https://imageserver.skechers.com/img/productimages/large/55169_BKBL.jpg', 'uom': 'Each', 'uomqty': '1.00', 'conversion': '1.00', 'orderQty': '1.00', 'commitedQty': '0.00', 'cancelledQty': '0.00', 'shippedQty': '1.00', 'returnQty': '1.00', 'unitPrice': '2649.50', 'discountAmt': '0.00', 'promoCode': None, 'promoName': None, 'taxAmount': '404.16', 'openQty': '0.00', 'udf1': '', 'udf2': '', 'udf3': '', 'udf4': '', 'udf5': '', 'udf6': '', 'udf7': '', 'udf8': '', 'udf9': '', 'udf10': '', 'bundleSkuCode': None, 'shipByDate': '', 'fulfillmentLocCode': 'D42', 'fulfillmentLocName': 'SSAPL-BIG CENTRE THANE'}], 'paymentItems': [], 'codcharge': '0.00', 'customerGSTIN': ''}}, {'SO011096889': {'orderLocation': 'M01', 'orderId': 'M0137132', 'orderNo': 'SO011096889', 'extenalOrderNo': 'SO011096889', 'paymentMethod': 'Prepaid', 'status': 'Shipped & Returned', 'orderDate': '27/11/2021 00:00:19', 'orderAmount': '3500.00', 'orderCurrency': 'INR', 'conversionRate': '1.00', 'customerName': 'Puja  Bengani', 'shipAddress1': 'B5 - 71 Elite Empire Balewadi, Baner road', 'shipAddress2': 'Maharashtra MH', 'shipAddress3': '', 'landmark': '', 'latitude': '', 'longitude': '', 'shipCity': 'Pune', 'shipState': 'Maharashtra', 'shipCountry': 'India', 'shipPincode': '411045', 'shipPhone1': '9674917003', 'shipPhone2': '9674917003', 'shipEmail1': 'jain.pujadugar@gmail.com', 'shipEmail2': 'jain.pujadugar@gmail.com', 'billName': 'Puja  Bengani', 'billAddress1': 'B5 - 71 Elite Empire Balewadi, Baner road', 'billAddress2': 'Maharashtra MH', 'billAddress3': '', 'billCity': 'Pune', 'billState': 'Maharashtra', 'billCountry': 'India', 'billPincode': '411045', 'billPhone1': '9674917003', 'billPhone2': '9674917003', 'billEmail1': 'jain.pujadugar@gmail.com', 'billEmail2': 'jain.pujadugar@gmail.com', 'orderRemarks': None, 'shippingCharges': '0.00', 'handlingCharge2': '0.00', 'storeCredit': '0.00', 'isVerifiedOrder': '1', 'isOnHold': '0', 'giftvoucher': '0.00', 'otherDiscount': '0.00', 'discountCode': 'null', 'promoCode': None, 'promoName': None, 'cancelRemark': '', 'isGiftwrap': '0', 'giftwrapMsg': '', 'deliverySlot': '', 'customDataFeld1': '', 'customDataFeld2': '', 'customDataFeld3': '', 'customDataFeld4': '["Transaction is yet to complete"]', 'customDataFeld5': '', 'customDataFeld6': '', 'customDataFeld7': 'WPNB0437450751', 'customDataFeld8': '', 'customDataFeld9': '26/11/2021 18:33:07', 'customDataFeld10': '', 'discountAmount': '0.000', 'taxAmount': '533.90', 'updatedDate': '28/09/2022 13:09:17', 'mode': 'wms', 'IsReplacementOrder': 'No', 'originalOrderno': '', 'customerCode': '999999', 'extCustomerCode': '', 'clientId': '0', 'fulfillmentLocCode': 'SHO', 'extFulFillmentLocCode': 'SHO', 'orderSourceName': 'Webstore', 'collectibleAmount': '0.00', 'totalOrderLine': '1', 'delFulfillmentMode': '2', 'geoType': None, 'geoAddress': None, 'geoLatitude': None, 'geoLongitude': None, 'orderSource': 'M01', 'orderType': 'SO', 'shipByDate': '29/11/2021 00:00:19', 'processAfterDate': '', 'masterorderNo': '85565', 'priority': 'Normal', 'pickupLocation': '', 'fulfillmentLocName': 'SKECHERS SOUTH ASIA PRIVATE LIMITED', 'items': [{'lineno': '192152', 'extLineno': '192152', 'internalLineNo': '1', 'sku': '193113954213', 'primaryUPC': 'SKR24820', 'skuName': '66402-BLK/9/SHOE/BREGMAN-SELONE', 'status': 'Shipped & Returned', 'imageUrl': 'https://imageserver.skechers.com/img/productimages/large/66402_BLK.jpg', 'uom': 'Each', 'uomqty': '1.00', 'conversion': '1.00', 'orderQty': '1.00', 'commitedQty': '0.00', 'cancelledQty': '0.00', 'shippedQty': '1.00', 'returnQty': '1.00', 'unitPrice': '3500.00', 'discountAmt': '0.00', 'promoCode': None, 'promoName': None, 'taxAmount': '533.90', 'openQty': '0.00', 'udf1': '', 'udf2': '', 'udf3': '', 'udf4': '', 'udf5': '', 'udf6': '', 'udf7': '', 'udf8': '', 'udf9': '', 'udf10': '', 'bundleSkuCode': None, 'shipByDate': '', 'fulfillmentLocCode': 'D42', 'fulfillmentLocName': 'SSAPL-BIG CENTRE THANE'}], 'paymentItems': [], 'codcharge': '0.00', 'customerGSTIN': ''}}]} | startdate : 23/09/2022 00:00:00 | enddate : 30/09/2022 00:00:00
7612:2023-03-17 11:57:18,539:INFO:responsedata : {'responseCode': 9, 'responseMessage': 'No Record Found.', 'totalOrders': None, 'totalPages': None, 'currentPage': None, 'orderList': []} | startdate : 30/09/2022 00:00:00 | enddate : 07/10/2022 00:00:00
7612:2023-03-17 11:57:18,960:INFO:responsedata : {'responseCode': 0, 'responseMessage': 'Success', 'totalOrders': 2, 'totalPages': 1, 'currentPage': 1, 'orderList': [{'SO011048748': {'orderLocation': 'M01', 'orderId': 'M0111104', 'orderNo': 'SO011048748', 'extenalOrderNo': 'SO011048748', 'paymentMethod': 'Prepaid', 'status': 'Shipped & Returned', 'orderDate': '10/02/2021 18:09:21', 'orderAmount': '3749.50', 'orderCurrency': 'INR', 'conversionRate': '1.00', 'customerName': 'Rishabh  Rastogi', 'shipAddress1': 'B-12 Samrat Palace, Garh Road, Meerut', 'shipAddress2': 'Uttar Pradesh UP', 'shipAddress3': '', 'landmark': '', 'latitude': '', 'longitude': '', 'shipCity': 'Meerut', 'shipState': 'Uttar Pradesh', 'shipCountry': 'India', 'shipPincode': '250002', 'shipPhone1': '8218404586', 'shipPhone2': '8218404586', 'shipEmail1': 'rishabh0211@gmail.com', 'shipEmail2': 'rishabh0211@gmail.com', 'billName': 'Rishabh  Rastogi', 'billAddress1': 'B-12 Samrat Palace, Garh Road, Meerut', 'billAddress2': 'Uttar Pradesh UP', 'billAddress3': '', 'billCity': 'Meerut', 'billState': 'Uttar Pradesh', 'billCountry': 'India', 'billPincode': '250002', 'billPhone1': '8218404586', 'billPhone2': '8218404586', 'billEmail1': 'rishabh0211@gmail.com', 'billEmail2': 'rishabh0211@gmail.com', 'orderRemarks': None, 'shippingCharges': '0.00', 'handlingCharge2': '0.00', 'storeCredit': '0.00', 'isVerifiedOrder': '1', 'isOnHold': '0', 'giftvoucher': '0.00', 'otherDiscount': '0.00', 'discountCode': 'null', 'promoCode': None, 'promoName': None, 'cancelRemark': '', 'isGiftwrap': '0', 'giftwrapMsg': '', 'deliverySlot': '', 'customDataFeld1': '', 'customDataFeld2': '', 'customDataFeld3': '', 'customDataFeld4': '["Transaction is yet to complete"]', 'customDataFeld5': '', 'customDataFeld6': '', 'customDataFeld7': 'VHMP9737994994', 'customDataFeld8': '', 'customDataFeld9': '10/02/2021 12:43:16', 'customDataFeld10': '', 'discountAmount': '0.000', 'taxAmount': '571.96', 'updatedDate': '09/10/2022 17:13:16', 'mode': 'wms', 'IsReplacementOrder': 'No', 'originalOrderno': '', 'customerCode': '999999', 'extCustomerCode': '', 'clientId': '0', 'fulfillmentLocCode': 'SHO', 'extFulFillmentLocCode': 'SHO', 'orderSourceName': 'Webstore', 'collectibleAmount': '0.00', 'totalOrderLine': '1', 'delFulfillmentMode': '2', 'geoType': None, 'geoAddress': None, 'geoLatitude': None, 'geoLongitude': None, 'orderSource': 'M01', 'orderType': 'SO', 'shipByDate': '12/02/2021 18:09:21', 'processAfterDate': '', 'masterorderNo': '38339', 'priority': 'Normal', 'pickupLocation': '', 'fulfillmentLocName': 'SKECHERS SOUTH ASIA PRIVATE LIMITED', 'items': [{'lineno': '85904', 'extLineno': '85904', 'internalLineNo': '1', 'sku': '193113990860', 'primaryUPC': 'SKR24465', 'skuName': '69710-NVY/8/SHOE/MODERN JOGGER 2.0 - SWITZER', 'status': 'Shipped & Returned', 'imageUrl': 'https://imageserver.skechers.com/img/productimages/large/69710_NVY.jpg', 'uom': 'Each', 'uomqty': '1.00', 'conversion': '1.00', 'orderQty': '1.00', 'commitedQty': '0.00', 'cancelledQty': '0.00', 'shippedQty': '1.00', 'returnQty': '1.00', 'unitPrice': '3749.50', 'discountAmt': '0.00', 'promoCode': None, 'promoName': None, 'taxAmount': '571.96', 'openQty': '0.00', 'udf1': '', 'udf2': '', 'udf3': '', 'udf4': '', 'udf5': '', 'udf6': '', 'udf7': '', 'udf8': '', 'udf9': '', 'udf10': '', 'bundleSkuCode': None, 'shipByDate': '', 'fulfillmentLocCode': 'D42', 'fulfillmentLocName': 'SSAPL-BIG CENTRE THANE'}], 'paymentItems': [], 'codcharge': '0.00', 'customerGSTIN': ''}}, {'SO011085170': {'orderLocation': 'M01', 'orderId': 'M0131109', 'orderNo': 'SO011085170', 'extenalOrderNo': 'SO011085170', 'paymentMethod': 'Prepaid', 'status': 'Shipped & Returned', 'orderDate': '12/10/2021 00:00:30', 'orderAmount': '5000.00', 'orderCurrency': 'INR', 'conversionRate': '1.00', 'customerName': 'Sumati  Jaggi', 'shipAddress1': 'House number :-140/10 Mohalla Joshian  Thanesar, Kurukshetra', 'shipAddress2': 'Haryana HR', 'shipAddress3': '', 'landmark': '', 'latitude': '', 'longitude': '', 'shipCity': 'Kurukshetra', 'shipState': 'Haryana', 'shipCountry': 'India', 'shipPincode': '136118', 'shipPhone1': '9728277999', 'shipPhone2': '9728277999', 'shipEmail1': 'Sumati.jaggi9@gmail.com', 'shipEmail2': 'Sumati.jaggi9@gmail.com', 'billName': 'Sumati  Jaggi', 'billAddress1': 'House number :-140/10 Mohalla Joshian  Thanesar, Kurukshetra', 'billAddress2': 'Haryana HR', 'billAddress3': '', 'billCity': 'Kurukshetra', 'billState': 'Haryana', 'billCountry': 'India', 'billPincode': '136118', 'billPhone1': '9728277999', 'billPhone2': '9728277999', 'billEmail1': 'Sumati.jaggi9@gmail.com', 'billEmail2': 'Sumati.jaggi9@gmail.com', 'orderRemarks': None, 'shippingCharges': '0.00', 'handlingCharge2': '0.00', 'storeCredit': '0.00', 'isVerifiedOrder': '1', 'isOnHold': '0', 'giftvoucher': '0.00', 'otherDiscount': '0.00', 'discountCode': 'null', 'promoCode': None, 'promoName': None, 'cancelRemark': '', 'isGiftwrap': '0', 'giftwrapMsg': '', 'deliverySlot': '', 'customDataFeld1': '', 'customDataFeld2': '', 'customDataFeld3': '', 'customDataFeld4': '["Transaction is yet to complete"]', 'customDataFeld5': '', 'customDataFeld6': '', 'customDataFeld7': 'WHMP0334724906', 'customDataFeld8': '', 'customDataFeld9': '11/10/2021 18:35:15', 'customDataFeld10': '', 'discountAmount': '0.000', 'taxAmount': '762.71', 'updatedDate': '09/10/2022 18:07:21', 'mode': 'wms', 'IsReplacementOrder': 'No', 'originalOrderno': '', 'customerCode': '999999', 'extCustomerCode': '', 'clientId': '0', 'fulfillmentLocCode': 'SHO', 'extFulFillmentLocCode': 'SHO', 'orderSourceName': 'Webstore', 'collectibleAmount': '0.00', 'totalOrderLine': '1', 'delFulfillmentMode': '2', 'geoType': None, 'geoAddress': None, 'geoLatitude': None, 'geoLongitude': None, 'orderSource': 'M01', 'orderType': 'SO', 'shipByDate': '14/10/2021 00:00:30', 'processAfterDate': '', 'masterorderNo': '74436', 'priority': 'Normal', 'pickupLocation': '', 'fulfillmentLocName': 'SKECHERS SOUTH ASIA PRIVATE LIMITED', 'items': [{'lineno': '167058', 'extLineno': '167058', 'internalLineNo': '1', 'sku': '193113982650', 'primaryUPC': 'SKR23690', 'skuName': '23482-BBK/10/SHOE/MICROBURST 2.0', 'status': 'Shipped & Returned', 'imageUrl': 'https://imageserver.skechers.com/img/productimages/large/23482_BBK.jpg', 'uom': 'Each', 'uomqty': '2.00', 'conversion': '1.00', 'orderQty': '2.00', 'commitedQty': '0.00', 'cancelledQty': '0.00', 'shippedQty': '2.00', 'returnQty': '2.00', 'unitPrice': '2500.00', 'discountAmt': '0.00', 'promoCode': None, 'promoName': None, 'taxAmount': '762.71', 'openQty': '0.00', 'udf1': '', 'udf2': '', 'udf3': '', 'udf4': '', 'udf5': '', 'udf6': '', 'udf7': '', 'udf8': '', 'udf9': '', 'udf10': '', 'bundleSkuCode': None, 'shipByDate': '', 'fulfillmentLocCode': 'D42', 'fulfillmentLocName': 'SSAPL-BIG CENTRE THANE'}], 'paymentItems': [], 'codcharge': '0.00', 'customerGSTIN': ''}}]} | startdate : 07/10/2022 00:00:00 | enddate : 14/10/2022 00:00:00
7612:2023-03-17 11:57:19,335:INFO:responsedata : {'responseCode': 9, 'responseMessage': 'No Record Found.', 'totalOrders': None, 'totalPages': None, 'currentPage': None, 'orderList': []} | startdate : 14/10/2022 00:00:00 | enddate : 21/10/2022 00:00:00
7612:2023-03-17 11:57:19,671:INFO:responsedata : {'responseCode': 9, 'responseMessage': 'No Record Found.', 'totalOrders': None, 'totalPages': None, 'currentPage': None, 'orderList': []} | startdate : 21/10/2022 00:00:00 | enddate : 28/10/2022 00:00:00
7612:2023-03-17 11:57:20,015:INFO:responsedata : {'responseCode': 9, 'responseMessage': 'No Record Found.', 'totalOrders': None, 'totalPages': None, 'currentPage': None, 'orderList': []} | startdate : 28/10/2022 00:00:00 | enddate : 04/11/2022 00:00:00
7612:2023-03-17 11:57:20,402:INFO:responsedata : {'responseCode': 0, 'responseMessage': 'Success', 'totalOrders': 1, 'totalPages': 1, 'currentPage': 1, 'orderList': [{'SO011085155': {'orderLocation': 'M01', 'orderId': 'M0131101', 'orderNo': 'SO011085155', 'extenalOrderNo': 'SO011085155', 'paymentMethod': 'Prepaid', 'status': 'Shipped & Returned', 'orderDate': '11/10/2021 23:20:35', 'orderAmount': '5500.00', 'orderCurrency': 'INR', 'conversionRate': '1.00', 'customerName': 'Jesika  Shah', 'shipAddress1': 'Before Ajaypal, Behind Destination Bir Chaugan Bir', 'shipAddress2': 'Himachal Pradesh HP', 'shipAddress3': '', 'landmark': '', 'latitude': '', 'longitude': '', 'shipCity': 'Kangra', 'shipState': 'Himachal Pradesh', 'shipCountry': 'India', 'shipPincode': '176077', 'shipPhone1': '9819154929', 'shipPhone2': '9819154929', 'shipEmail1': 'jespit@gmail.com', 'shipEmail2': 'jespit@gmail.com', 'billName': 'Jesika  Shah', 'billAddress1': 'Before Ajaypal, Behind Destination Bir Chaugan Bir', 'billAddress2': 'Himachal Pradesh HP', 'billAddress3': '', 'billCity': 'Kangra', 'billState': 'Himachal Pradesh', 'billCountry': 'India', 'billPincode': '176077', 'billPhone1': '9819154929', 'billPhone2': '9819154929', 'billEmail1': 'jespit@gmail.com', 'billEmail2': 'jespit@gmail.com', 'orderRemarks': None, 'shippingCharges': '0.00', 'handlingCharge2': '0.00', 'storeCredit': '0.00', 'isVerifiedOrder': '1', 'isOnHold': '0', 'giftvoucher': '0.00', 'otherDiscount': '0.00', 'discountCode': 'null', 'promoCode': None, 'promoName': None, 'cancelRemark': '', 'isGiftwrap': '0', 'giftwrapMsg': '', 'deliverySlot': '', 'customDataFeld1': '', 'customDataFeld2': '', 'customDataFeld3': '', 'customDataFeld4': '["Transaction is yet to complete"]', 'customDataFeld5': '', 'customDataFeld6': '', 'customDataFeld7': 'WHMP0334672995', 'customDataFeld8': '', 'customDataFeld9': '11/10/2021 17:51:54', 'customDataFeld10': '', 'discountAmount': '0.000', 'taxAmount': '838.98', 'updatedDate': '04/11/2022 16:46:25', 'mode': 'wms', 'IsReplacementOrder': 'No', 'originalOrderno': '', 'customerCode': '999999', 'extCustomerCode': '', 'clientId': '0', 'fulfillmentLocCode': 'SHO', 'extFulFillmentLocCode': 'SHO', 'orderSourceName': 'Webstore', 'collectibleAmount': '0.00', 'totalOrderLine': '1', 'delFulfillmentMode': '2', 'geoType': None, 'geoAddress': None, 'geoLatitude': None, 'geoLongitude': None, 'orderSource': 'M01', 'orderType': 'SO', 'shipByDate': '13/10/2021 23:20:35', 'processAfterDate': '', 'masterorderNo': '74421', 'priority': 'Normal', 'pickupLocation': '', 'fulfillmentLocName': 'SKECHERS SOUTH ASIA PRIVATE LIMITED', 'items': [{'lineno': '167028', 'extLineno': '167028', 'internalLineNo': '1', 'sku': '193642409307', 'primaryUPC': 'SKR26060', 'skuName': '55260-BKBL/10/SHOE/SPEED TRL', 'status': 'Shipped & Returned', 'imageUrl': 'https://imageserver.skechers.com/img/productimages/large/55260_BKBL.jpg', 'uom': 'Each', 'uomqty': '1.00', 'conversion': '1.00', 'orderQty': '1.00', 'commitedQty': '0.00', 'cancelledQty': '0.00', 'shippedQty': '1.00', 'returnQty': '1.00', 'unitPrice': '5500.00', 'discountAmt': '0.00', 'promoCode': None, 'promoName': None, 'taxAmount': '838.98', 'openQty': '0.00', 'udf1': '', 'udf2': '', 'udf3': '', 'udf4': '', 'udf5': '', 'udf6': '', 'udf7': '', 'udf8': '', 'udf9': '', 'udf10': '', 'bundleSkuCode': None, 'shipByDate': '', 'fulfillmentLocCode': 'D42', 'fulfillmentLocName': 'SSAPL-BIG CENTRE THANE'}], 'paymentItems': [], 'codcharge': '0.00', 'customerGSTIN': ''}}]} | startdate : 04/11/2022 00:00:00 | enddate : 11/11/2022 00:00:00
7612:2023-03-17 11:57:20,829:INFO:responsedata : {'responseCode': 0, 'responseMessage': 'Success', 'totalOrders': 1, 'totalPages': 1, 'currentPage': 1, 'orderList': [{'SO011039673': {'orderLocation': 'M01', 'orderId': 'M016157', 'orderNo': 'SO011039673', 'extenalOrderNo': 'SO011039673', 'paymentMethod': 'Prepaid', 'status': 'Shipped & Returned', 'orderDate': '01/01/2021 20:26:23', 'orderAmount': '6798.50', 'orderCurrency': 'INR', 'conversionRate': '1.00', 'customerName': 'KARTIK  SYAL', 'shipAddress1': 'Sudama Cottage Cemetery Road Sanjauli', 'shipAddress2': 'Himachal Pradesh HP', 'shipAddress3': '', 'landmark': '', 'latitude': '', 'longitude': '', 'shipCity': 'Shimla', 'shipState': 'Himachal Pradesh', 'shipCountry': 'India', 'shipPincode': '171006', 'shipPhone1': '9418485155', 'shipPhone2': '9418485155', 'shipEmail1': 'kartik.syal@gmail.com', 'shipEmail2': 'kartik.syal@gmail.com', 'billName': 'KARTIK  SYAL', 'billAddress1': 'Sudama Cottage Cemetery Road Sanjauli', 'billAddress2': 'Himachal Pradesh HP', 'billAddress3': '', 'billCity': 'Shimla', 'billState': 'Himachal Pradesh', 'billCountry': 'India', 'billPincode': '171006', 'billPhone1': '9418485155', 'billPhone2': '9418485155', 'billEmail1': 'kartik.syal@gmail.com', 'billEmail2': 'kartik.syal@gmail.com', 'orderRemarks': None, 'shippingCharges': '0.00', 'handlingCharge2': '0.00', 'storeCredit': '0.00', 'isVerifiedOrder': '1', 'isOnHold': '0', 'giftvoucher': '0.00', 'otherDiscount': '0.00', 'discountCode': 'null', 'promoCode': None, 'promoName': None, 'cancelRemark': '', 'isGiftwrap': '0', 'giftwrapMsg': '', 'deliverySlot': '', 'customDataFeld1': '', 'customDataFeld2': '', 'customDataFeld3': '', 'customDataFeld4': '["Transaction is yet to complete"]', 'customDataFeld5': '', 'customDataFeld6': '', 'customDataFeld7': 'VCPI9616915895', 'customDataFeld8': '', 'customDataFeld9': '01/01/2021 14:57:48', 'customDataFeld10': '', 'discountAmount': '0.000', 'taxAmount': '1037.06', 'updatedDate': '17/11/2022 17:08:01', 'mode': 'wms', 'IsReplacementOrder': 'No', 'originalOrderno': '', 'customerCode': '999999', 'extCustomerCode': '', 'clientId': '0', 'fulfillmentLocCode': 'SHO', 'extFulFillmentLocCode': 'SHO', 'orderSourceName': 'Webstore', 'collectibleAmount': '0.00', 'totalOrderLine': '3', 'delFulfillmentMode': '2', 'geoType': None, 'geoAddress': None, 'geoLatitude': None, 'geoLongitude': None, 'orderSource': 'M01', 'orderType': 'SO', 'shipByDate': '03/01/2021 20:26:23', 'processAfterDate': '', 'masterorderNo': '29282', 'priority': 'Normal', 'pickupLocation': '', 'fulfillmentLocName': 'SKECHERS SOUTH ASIA PRIVATE LIMITED', 'items': [{'lineno': '65818', 'extLineno': '65818', 'internalLineNo': '1', 'sku': '192283360923', 'primaryUPC': 'SKR14931', 'skuName': '12614-NVBL/7/SHOE/GRACEFUL', 'status': 'Shipped & Returned', 'imageUrl': 'https://imageserver.skechers.com/img/productimages/large/12614_NVBL.jpg', 'uom': 'Each', 'uomqty': '1.00', 'conversion': '1.00', 'orderQty': '1.00', 'commitedQty': '0.00', 'cancelledQty': '0.00', 'shippedQty': '1.00', 'returnQty': '1.00', 'unitPrice': '1999.50', 'discountAmt': '0.00', 'promoCode': None, 'promoName': None, 'taxAmount': '305.01', 'openQty': '0.00', 'udf1': '', 'udf2': '', 'udf3': '', 'udf4': '', 'udf5': '', 'udf6': '', 'udf7': '', 'udf8': '', 'udf9': '', 'udf10': '', 'bundleSkuCode': None, 'shipByDate': '', 'fulfillmentLocCode': 'A74', 'fulfillmentLocName': 'SSAPL-E-COM'}, {'lineno': '65820', 'extLineno': '65820', 'internalLineNo': '2', 'sku': '193113594136', 'primaryUPC': 'SKR22106', 'skuName': '32709-NVBL/8/SHOE/BOBS SPARROW - SNEAKER CLUB', 'status': 'Shipped & Returned', 'imageUrl': 'https://imageserver.skechers.com/img/productimages/large/32709_NVBL.jpg', 'uom': 'Each', 'uomqty': '1.00', 'conversion': '1.00', 'orderQty': '1.00', 'commitedQty': '0.00', 'cancelledQty': '0.00', 'shippedQty': '1.00', 'returnQty': '1.00', 'unitPrice': '2399.50', 'discountAmt': '0.00', 'promoCode': None, 'promoName': None, 'taxAmount': '366.03', 'openQty': '0.00', 'udf1': '', 'udf2': '', 'udf3': '', 'udf4': '', 'udf5': '', 'udf6': '', 'udf7': '', 'udf8': '', 'udf9': '', 'udf10': '', 'bundleSkuCode': None, 'shipByDate': '', 'fulfillmentLocCode': 'A74', 'fulfillmentLocName': 'SSAPL-E-COM'}, {'lineno': '65822', 'extLineno': '65822', 'internalLineNo': '3', 'sku': '193113236616', 'primaryUPC': 'SKR23280', 'skuName': '32709-MVE/8/SHOE/BOBS SPARROW - SNEAKER CLUB', 'status': 'Shipped & Returned', 'imageUrl': 'https://imageserver.skechers.com/img/productimages/large/32709_MVE.jpg', 'uom': 'Each', 'uomqty': '1.00', 'conversion': '1.00', 'orderQty': '1.00', 'commitedQty': '0.00', 'cancelledQty': '0.00', 'shippedQty': '1.00', 'returnQty': '1.00', 'unitPrice': '2399.50', 'discountAmt': '0.00', 'promoCode': None, 'promoName': None, 'taxAmount': '366.03', 'openQty': '0.00', 'udf1': '', 'udf2': '', 'udf3': '', 'udf4': '', 'udf5': '', 'udf6': '', 'udf7': '', 'udf8': '', 'udf9': '', 'udf10': '', 'bundleSkuCode': None, 'shipByDate': '', 'fulfillmentLocCode': 'D42', 'fulfillmentLocName': 'SSAPL-BIG CENTRE THANE'}], 'paymentItems': [], 'codcharge': '0.00', 'customerGSTIN': ''}}]} | startdate : 11/11/2022 00:00:00 | enddate : 18/11/2022 00:00:00
7612:2023-03-17 11:57:21,165:INFO:responsedata : {'responseCode': 9, 'responseMessage': 'No Record Found.', 'totalOrders': None, 'totalPages': None, 'currentPage': None, 'orderList': []} | startdate : 18/11/2022 00:00:00 | enddate : 25/11/2022 00:00:00
7612:2023-03-17 11:57:21,542:INFO:responsedata : {'responseCode': 9, 'responseMessage': 'No Record Found.', 'totalOrders': None, 'totalPages': None, 'currentPage': None, 'orderList': []} | startdate : 25/11/2022 00:00:00 | enddate : 02/12/2022 00:00:00
7612:2023-03-17 11:57:21,904:INFO:responsedata : {'responseCode': 9, 'responseMessage': 'No Record Found.', 'totalOrders': None, 'totalPages': None, 'currentPage': None, 'orderList': []} | startdate : 02/12/2022 00:00:00 | enddate : 09/12/2022 00:00:00
7612:2023-03-17 11:57:22,274:INFO:responsedata : {'responseCode': 9, 'responseMessage': 'No Record Found.', 'totalOrders': None, 'totalPages': None, 'currentPage': None, 'orderList': []} | startdate : 09/12/2022 00:00:00 | enddate : 16/12/2022 00:00:00
7612:2023-03-17 11:57:22,632:INFO:responsedata : {'responseCode': 9, 'responseMessage': 'No Record Found.', 'totalOrders': None, 'totalPages': None, 'currentPage': None, 'orderList': []} | startdate : 16/12/2022 00:00:00 | enddate : 23/12/2022 00:00:00
7612:2023-03-17 11:57:23,007:INFO:responsedata : {'responseCode': 9, 'responseMessage': 'No Record Found.', 'totalOrders': None, 'totalPages': None, 'currentPage': None, 'orderList': []} | startdate : 23/12/2022 00:00:00 | enddate : 30/12/2022 00:00:00
7612:2023-03-17 11:57:23,362:INFO:responsedata : {'responseCode': 9, 'responseMessage': 'No Record Found.', 'totalOrders': None, 'totalPages': None, 'currentPage': None, 'orderList': []} | startdate : 30/12/2022 00:00:00 | enddate : 06/01/2023 00:00:00
7612:2023-03-17 11:57:23,740:INFO:responsedata : {'responseCode': 9, 'responseMessage': 'No Record Found.', 'totalOrders': None, 'totalPages': None, 'currentPage': None, 'orderList': []} | startdate : 06/01/2023 00:00:00 | enddate : 13/01/2023 00:00:00
7612:2023-03-17 11:57:24,147:INFO:responsedata : {'responseCode': 9, 'responseMessage': 'No Record Found.', 'totalOrders': None, 'totalPages': None, 'currentPage': None, 'orderList': []} | startdate : 13/01/2023 00:00:00 | enddate : 20/01/2023 00:00:00
7612:2023-03-17 11:57:24,527:INFO:responsedata : {'responseCode': 9, 'responseMessage': 'No Record Found.', 'totalOrders': None, 'totalPages': None, 'currentPage': None, 'orderList': []} | startdate : 20/01/2023 00:00:00 | enddate : 27/01/2023 00:00:00
7612:2023-03-17 11:57:24,920:INFO:responsedata : {'responseCode': 9, 'responseMessage': 'No Record Found.', 'totalOrders': None, 'totalPages': None, 'currentPage': None, 'orderList': []} | startdate : 27/01/2023 00:00:00 | enddate : 03/02/2023 00:00:00
7612:2023-03-17 11:57:25,285:INFO:responsedata : {'responseCode': 9, 'responseMessage': 'No Record Found.', 'totalOrders': None, 'totalPages': None, 'currentPage': None, 'orderList': []} | startdate : 03/02/2023 00:00:00 | enddate : 10/02/2023 00:00:00
7612:2023-03-17 11:57:25,679:INFO:responsedata : {'responseCode': 9, 'responseMessage': 'No Record Found.', 'totalOrders': None, 'totalPages': None, 'currentPage': None, 'orderList': []} | startdate : 10/02/2023 00:00:00 | enddate : 17/02/2023 00:00:00
7612:2023-03-17 11:57:26,069:INFO:responsedata : {'responseCode': 0, 'responseMessage': 'Success', 'totalOrders': 1, 'totalPages': 1, 'currentPage': 1, 'orderList': [{'SO011094472': {'orderLocation': 'M01', 'orderId': 'M0135825', 'orderNo': 'SO011094472', 'extenalOrderNo': 'SO011094472', 'paymentMethod': 'Prepaid', 'status': 'Shipped & Returned', 'orderDate': '20/11/2021 12:30:08', 'orderAmount': '1699.00', 'orderCurrency': 'INR', 'conversionRate': '1.00', 'customerName': 'Aniket  Singh', 'shipAddress1': 'Vidhya  Bhawan  Narayanpur', 'shipAddress2': 'Uttar Pradesh UP', 'shipAddress3': '', 'landmark': '', 'latitude': '', 'longitude': '', 'shipCity': 'Ballia', 'shipState': 'Uttar Pradesh', 'shipCountry': 'India', 'shipPincode': '277213', 'shipPhone1': '8777303129', 'shipPhone2': '8777303129', 'shipEmail1': 'ani8777303129@gmail.com', 'shipEmail2': 'ani8777303129@gmail.com', 'billName': 'Aniket  Singh', 'billAddress1': 'Vidhya  Bhawan  Narayanpur', 'billAddress2': 'Uttar Pradesh UP', 'billAddress3': '', 'billCity': 'Ballia', 'billState': 'Uttar Pradesh', 'billCountry': 'India', 'billPincode': '277213', 'billPhone1': '8777303129', 'billPhone2': '8777303129', 'billEmail1': 'ani8777303129@gmail.com', 'billEmail2': 'ani8777303129@gmail.com', 'orderRemarks': None, 'shippingCharges': '0.00', 'handlingCharge2': '0.00', 'storeCredit': '0.00', 'isVerifiedOrder': '1', 'isOnHold': '0', 'giftvoucher': '0.00', 'otherDiscount': '0.00', 'discountCode': 'null', 'promoCode': None, 'promoName': None, 'cancelRemark': '', 'isGiftwrap': '0', 'giftwrapMsg': '', 'deliverySlot': '', 'customDataFeld1': '', 'customDataFeld2': '', 'customDataFeld3': '', 'customDataFeld4': '["Transaction is yet to complete"]', 'customDataFeld5': '', 'customDataFeld6': '', 'customDataFeld7': 'WCPI0423696953', 'customDataFeld8': '', 'customDataFeld9': '20/11/2021 07:00:46', 'customDataFeld10': '', 'discountAmount': '0.000', 'taxAmount': '259.17', 'updatedDate': '18/02/2023 20:13:24', 'mode': 'wms', 'IsReplacementOrder': 'No', 'originalOrderno': '', 'customerCode': '999999', 'extCustomerCode': '', 'clientId': '0', 'fulfillmentLocCode': 'SHO', 'extFulFillmentLocCode': 'SHO', 'orderSourceName': 'Webstore', 'collectibleAmount': '0.00', 'totalOrderLine': '1', 'delFulfillmentMode': '2', 'geoType': None, 'geoAddress': None, 'geoLatitude': None, 'geoLongitude': None, 'orderSource': 'M01', 'orderType': 'SO', 'shipByDate': '22/11/2021 12:30:08', 'processAfterDate': '', 'masterorderNo': '83153', 'priority': 'Normal', 'pickupLocation': '', 'fulfillmentLocName': 'SKECHERS SOUTH ASIA PRIVATE LIMITED', 'items': [{'lineno': '186610', 'extLineno': '186610', 'internalLineNo': '1', 'sku': '193642118391', 'primaryUPC': 'SKR21108', 'skuName': '999163-RDBK/8/SLIPPER/GAMBIX', 'status': 'Shipped & Returned', 'imageUrl': 'https://imageserver.skechers.com/img/productimages/large/999163_RDBK.jpg', 'uom': 'Each', 'uomqty': '1.00', 'conversion': '1.00', 'orderQty': '1.00', 'commitedQty': '0.00', 'cancelledQty': '0.00', 'shippedQty': '1.00', 'returnQty': '1.00', 'unitPrice': '1699.00', 'discountAmt': '0.00', 'promoCode': None, 'promoName': None, 'taxAmount': '259.17', 'openQty': '0.00', 'udf1': '', 'udf2': '', 'udf3': '', 'udf4': '', 'udf5': '', 'udf6': '', 'udf7': '', 'udf8': '', 'udf9': '', 'udf10': '', 'bundleSkuCode': None, 'shipByDate': '', 'fulfillmentLocCode': 'D15', 'fulfillmentLocName': 'SSAPL-LINKING ROAD'}], 'paymentItems': [], 'codcharge': '0.00', 'customerGSTIN': ''}}]} | startdate : 17/02/2023 00:00:00 | enddate : 24/02/2023 00:00:00
7612:2023-03-17 11:57:26,447:INFO:responsedata : {'responseCode': 9, 'responseMessage': 'No Record Found.', 'totalOrders': None, 'totalPages': None, 'currentPage': None, 'orderList': []} | startdate : 24/02/2023 00:00:00 | enddate : 03/03/2023 00:00:00
7612:2023-03-17 11:57:26,809:INFO:responsedata : {'responseCode': 9, 'responseMessage': 'No Record Found.', 'totalOrders': None, 'totalPages': None, 'currentPage': None, 'orderList': []} | startdate : 03/03/2023 00:00:00 | enddate : 10/03/2023 00:00:00
7612:2023-03-17 11:57:27,170:INFO:responsedata : {'responseCode': 9, 'responseMessage': 'No Record Found.', 'totalOrders': None, 'totalPages': None, 'currentPage': None, 'orderList': []} | startdate : 10/03/2023 00:00:00 | enddate : 17/03/2023 00:00:00
7612:2023-03-17 11:57:27,499:INFO:responsedata : {'responseCode': 9, 'responseMessage': 'No Record Found.', 'totalOrders': None, 'totalPages': None, 'currentPage': None, 'orderList': []} | startdate : 17/03/2023 00:00:00 | enddate : 24/03/2023 00:00:00
16292:2023-03-17 17:52:03,975:INFO:responsedata : {'responseCode': 9, 'responseMessage': 'No Record Found.', 'totalOrders': None, 'totalPages': None, 'currentPage': None, 'orderList': []} | startdate : 01/07/2022 00:00:00 | enddate : 08/07/2022 00:00:00
16292:2023-03-17 17:52:04,388:INFO:responsedata : {'responseCode': 9, 'responseMessage': 'No Record Found.', 'totalOrders': None, 'totalPages': None, 'currentPage': None, 'orderList': []} | startdate : 08/07/2022 00:00:00 | enddate : 15/07/2022 00:00:00
16292:2023-03-17 17:52:04,873:INFO:responsedata : {'responseCode': 9, 'responseMessage': 'No Record Found.', 'totalOrders': None, 'totalPages': None, 'currentPage': None, 'orderList': []} | startdate : 15/07/2022 00:00:00 | enddate : 22/07/2022 00:00:00
16292:2023-03-17 17:52:05,391:INFO:responsedata : {'responseCode': 0, 'responseMessage': 'Success', 'totalOrders': 1, 'totalPages': 1, 'currentPage': 1, 'orderList': [{'SO011086828': {'orderLocation': 'M01', 'orderId': 'M0131993', 'orderNo': 'SO011086828', 'extenalOrderNo': 'SO011086828', 'paymentMethod': 'Prepaid', 'status': 'Shipped & Returned', 'orderDate': '20/10/2021 13:48:29', 'orderAmount': '5499.00', 'orderCurrency': 'INR', 'conversionRate': '1.00', 'customerName': 'KARAN  AGARWAL', 'shipAddress1': 'HOUSE NO - 382, IIIrd FLOOR, DEEPALI ENCLAVE, PITAM PURA DELHI', 'shipAddress2': 'Delhi DL', 'shipAddress3': '', 'landmark': '', 'latitude': '', 'longitude': '', 'shipCity': 'North West Delhi', 'shipState': 'Delhi', 'shipCountry': 'India', 'shipPincode': '110034', 'shipPhone1': '9312005255', 'shipPhone2': '9312005255', 'shipEmail1': 'karanidhi@gmail.com', 'shipEmail2': 'karanidhi@gmail.com', 'billName': 'KARAN  AGARWAL', 'billAddress1': 'HOUSE NO - 382, IIIrd FLOOR, DEEPALI ENCLAVE, PITAM PURA DELHI', 'billAddress2': 'Delhi DL', 'billAddress3': '', 'billCity': 'North West Delhi', 'billState': 'Delhi', 'billCountry': 'India', 'billPincode': '110034', 'billPhone1': '9312005255', 'billPhone2': '9312005255', 'billEmail1': 'karanidhi@gmail.com', 'billEmail2': 'karanidhi@gmail.com', 'orderRemarks': None, 'shippingCharges': '0.00', 'handlingCharge2': '0.00', 'storeCredit': '0.00', 'isVerifiedOrder': '1', 'isOnHold': '0', 'giftvoucher': '0.00', 'otherDiscount': '0.00', 'discountCode': 'null', 'promoCode': None, 'promoName': None, 'cancelRemark': '', 'isGiftwrap': '0', 'giftwrapMsg': '', 'deliverySlot': '', 'customDataFeld1': '', 'customDataFeld2': '', 'customDataFeld3': '', 'customDataFeld4': '["Transaction is yet to complete"]', 'customDataFeld5': '', 'customDataFeld6': '', 'customDataFeld7': 'WHMP0354680390', 'customDataFeld8': '', 'customDataFeld9': '20/10/2021 08:19:30', 'customDataFeld10': '', 'discountAmount': '0.000', 'taxAmount': '838.83', 'updatedDate': '27/07/2022 16:05:27', 'mode': 'wms', 'IsReplacementOrder': 'No', 'originalOrderno': '', 'customerCode': '999999', 'extCustomerCode': '', 'clientId': '0', 'fulfillmentLocCode': 'SHO', 'extFulFillmentLocCode': 'SHO', 'orderSourceName': 'Webstore', 'collectibleAmount': '0.00', 'totalOrderLine': '1', 'delFulfillmentMode': '2', 'geoType': None, 'geoAddress': None, 'geoLatitude': None, 'geoLongitude': None, 'orderSource': 'M01', 'orderType': 'SO', 'shipByDate': '22/10/2021 13:48:29', 'processAfterDate': '', 'masterorderNo': '76090', 'priority': 'Normal', 'pickupLocation': '', 'fulfillmentLocName': 'SKECHERS SOUTH ASIA PRIVATE LIMITED', 'items': [{'lineno': '170780', 'extLineno': '170780', 'internalLineNo': '1', 'sku': '195204302859', 'primaryUPC': 'SKR34456', 'skuName': '232228-BLK/9/SHOE/FLEX ADVANTAGE 4.0 - OVERTAKE', 'status': 'Shipped & Returned', 'imageUrl': 'https://imageserver.skechers.com/img/productimages/large/232228_BLK.jpg', 'uom': 'Each', 'uomqty': '1.00', 'conversion': '1.00', 'orderQty': '1.00', 'commitedQty': '0.00', 'cancelledQty': '0.00', 'shippedQty': '1.00', 'returnQty': '1.00', 'unitPrice': '5499.00', 'discountAmt': '0.00', 'promoCode': None, 'promoName': None, 'taxAmount': '838.83', 'openQty': '0.00', 'udf1': '', 'udf2': '', 'udf3': '', 'udf4': '', 'udf5': '', 'udf6': '', 'udf7': '', 'udf8': '', 'udf9': '', 'udf10': '', 'bundleSkuCode': None, 'shipByDate': '', 'fulfillmentLocCode': 'A74', 'fulfillmentLocName': 'SSAPL-E-COM'}], 'paymentItems': [], 'codcharge': '0.00', 'customerGSTIN': ''}}]} | startdate : 22/07/2022 00:00:00 | enddate : 29/07/2022 00:00:00
16292:2023-03-17 17:52:05,811:INFO:responsedata : {'responseCode': 9, 'responseMessage': 'No Record Found.', 'totalOrders': None, 'totalPages': None, 'currentPage': None, 'orderList': []} | startdate : 29/07/2022 00:00:00 | enddate : 05/08/2022 00:00:00
16292:2023-03-17 17:52:06,211:INFO:responsedata : {'responseCode': 9, 'responseMessage': 'No Record Found.', 'totalOrders': None, 'totalPages': None, 'currentPage': None, 'orderList': []} | startdate : 05/08/2022 00:00:00 | enddate : 12/08/2022 00:00:00
16292:2023-03-17 17:52:06,652:INFO:responsedata : {'responseCode': 0, 'responseMessage': 'Success', 'totalOrders': 1, 'totalPages': 1, 'currentPage': 1, 'orderList': [{'SO011094417': {'orderLocation': 'M01', 'orderId': 'M0135791', 'orderNo': 'SO011094417', 'extenalOrderNo': 'SO011094417', 'paymentMethod': 'Prepaid', 'status': 'Shipped & Returned', 'orderDate': '20/11/2021 06:54:48', 'orderAmount': '5999.00', 'orderCurrency': 'INR', 'conversionRate': '1.00', 'customerName': 'Arpit  Mehta', 'shipAddress1': 'Arpit hospital Plot 9A/FA, Scheme no 94 Ring road (Service road)', 'shipAddress2': 'Madhya Pradesh MP', 'shipAddress3': '', 'landmark': '', 'latitude': '', 'longitude': '', 'shipCity': 'Indore', 'shipState': 'Madhya Pradesh', 'shipCountry': 'India', 'shipPincode': '452018', 'shipPhone1': '7898154738', 'shipPhone2': '7898154738', 'shipEmail1': 'pallavi.mehta9@gmail.com', 'shipEmail2': 'pallavi.mehta9@gmail.com', 'billName': 'Arpit  Mehta', 'billAddress1': 'Arpit hospital Plot 9A/FA, Scheme no 94 Ring road (Service road)', 'billAddress2': 'Madhya Pradesh MP', 'billAddress3': '', 'billCity': 'Indore', 'billState': 'Madhya Pradesh', 'billCountry': 'India', 'billPincode': '452018', 'billPhone1': '7898154738', 'billPhone2': '7898154738', 'billEmail1': 'pallavi.mehta9@gmail.com', 'billEmail2': 'pallavi.mehta9@gmail.com', 'orderRemarks': None, 'shippingCharges': '0.00', 'handlingCharge2': '0.00', 'storeCredit': '0.00', 'isVerifiedOrder': '1', 'isOnHold': '0', 'giftvoucher': '0.00', 'otherDiscount': '0.00', 'discountCode': 'null', 'promoCode': None, 'promoName': None, 'cancelRemark': '', 'isGiftwrap': '0', 'giftwrapMsg': '', 'deliverySlot': '', 'customDataFeld1': '', 'customDataFeld2': '', 'customDataFeld3': '', 'customDataFeld4': '["Transaction is yet to complete"]', 'customDataFeld5': '', 'customDataFeld6': '', 'customDataFeld7': 'WHDF0423119303', 'customDataFeld8': '', 'customDataFeld9': '20/11/2021 01:26:26', 'customDataFeld10': '', 'discountAmount': '0.000', 'taxAmount': '915.10', 'updatedDate': '17/08/2022 12:24:53', 'mode': 'wms', 'IsReplacementOrder': 'No', 'originalOrderno': '', 'customerCode': '999999', 'extCustomerCode': '', 'clientId': '0', 'fulfillmentLocCode': 'SHO', 'extFulFillmentLocCode': 'SHO', 'orderSourceName': 'Webstore', 'collectibleAmount': '0.00', 'totalOrderLine': '1', 'delFulfillmentMode': '2', 'geoType': None, 'geoAddress': None, 'geoLatitude': None, 'geoLongitude': None, 'orderSource': 'M01', 'orderType': 'SO', 'shipByDate': '22/11/2021 06:54:48', 'processAfterDate': '', 'masterorderNo': '83098', 'priority': 'Normal', 'pickupLocation': '', 'fulfillmentLocName': 'SKECHERS SOUTH ASIA PRIVATE LIMITED', 'items': [{'lineno': '186482', 'extLineno': '186482', 'internalLineNo': '1', 'sku': '195204539675', 'primaryUPC': 'SKR34886', 'skuName': '216202-NVOR/7/SHOE/GO WALK 6', 'status': 'Shipped & Returned', 'imageUrl': 'https://imageserver.skechers.com/img/productimages/large/216202_NVOR.jpg', 'uom': 'Each', 'uomqty': '1.00', 'conversion': '1.00', 'orderQty': '1.00', 'commitedQty': '0.00', 'cancelledQty': '0.00', 'shippedQty': '1.00', 'returnQty': '1.00', 'unitPrice': '5999.00', 'discountAmt': '0.00', 'promoCode': None, 'promoName': None, 'taxAmount': '915.10', 'openQty': '0.00', 'udf1': '', 'udf2': '', 'udf3': '', 'udf4': '', 'udf5': '', 'udf6': '', 'udf7': '', 'udf8': '', 'udf9': '', 'udf10': '', 'bundleSkuCode': None, 'shipByDate': '', 'fulfillmentLocCode': 'A74', 'fulfillmentLocName': 'SSAPL-E-COM'}], 'paymentItems': [], 'customerGSTIN': '', 'codcharge': '0.00'}}]} | startdate : 12/08/2022 00:00:00 | enddate : 19/08/2022 00:00:00
16292:2023-03-17 17:52:07,205:INFO:responsedata : {'responseCode': 0, 'responseMessage': 'Success', 'totalOrders': 4, 'totalPages': 1, 'currentPage': 1, 'orderList': [{'SO011081729': {'orderLocation': 'M01', 'orderId': 'M0129229', 'orderNo': 'SO011081729', 'extenalOrderNo': 'SO011081729', 'paymentMethod': 'Prepaid', 'status': 'Shipped & Returned', 'orderDate': '23/09/2021 14:20:48', 'orderAmount': '3899.00', 'orderCurrency': 'INR', 'conversionRate': '1.00', 'customerName': 'Priyanka  Dhillon', 'shipAddress1': 'Bldg 2 flat 903 Chamunda Classic, pandurang Wadi, Mahajanwadi, opp. Thakur mall,mira road east', 'shipAddress2': 'Maharashtra MH', 'shipAddress3': '', 'landmark': '', 'latitude': '', 'longitude': '', 'shipCity': 'Thane', 'shipState': 'Maharashtra', 'shipCountry': 'India', 'shipPincode': '401107', 'shipPhone1': '9167391693', 'shipPhone2': '9167391693', 'shipEmail1': 'priyankad707@gmail.com', 'shipEmail2': 'priyankad707@gmail.com', 'billName': 'Priyanka  Dhillon', 'billAddress1': 'Bldg 2 flat 903 Chamunda Classic, pandurang Wadi, Mahajanwadi, opp. Thakur mall,mira road east', 'billAddress2': 'Maharashtra MH', 'billAddress3': '', 'billCity': 'Thane', 'billState': 'Maharashtra', 'billCountry': 'India', 'billPincode': '401107', 'billPhone1': '9167391693', 'billPhone2': '9167391693', 'billEmail1': 'priyankad707@gmail.com', 'billEmail2': 'priyankad707@gmail.com', 'orderRemarks': None, 'shippingCharges': '0.00', 'handlingCharge2': '0.00', 'storeCredit': '0.00', 'isVerifiedOrder': '1', 'isOnHold': '0', 'giftvoucher': '0.00', 'otherDiscount': '0.00', 'discountCode': 'null', 'promoCode': None, 'promoName': None, 'cancelRemark': '', 'isGiftwrap': '0', 'giftwrapMsg': '', 'deliverySlot': '', 'customDataFeld1': '', 'customDataFeld2': '', 'customDataFeld3': '', 'customDataFeld4': '["Transaction is yet to complete"]', 'customDataFeld5': '', 'customDataFeld6': '', 'customDataFeld7': 'WCPI0289935417', 'customDataFeld8': '', 'customDataFeld9': '23/09/2021 08:52:07', 'customDataFeld10': '', 'discountAmount': '0.000', 'taxAmount': '594.76', 'updatedDate': '25/08/2022 15:07:54', 'mode': 'wms', 'IsReplacementOrder': 'No', 'originalOrderno': '', 'customerCode': '999999', 'extCustomerCode': '', 'clientId': '0', 'fulfillmentLocCode': 'SHO', 'extFulFillmentLocCode': 'SHO', 'orderSourceName': 'Webstore', 'collectibleAmount': '0.00', 'totalOrderLine': '1', 'delFulfillmentMode': '2', 'geoType': None, 'geoAddress': None, 'geoLatitude': None, 'geoLongitude': None, 'orderSource': 'M01', 'orderType': 'SO', 'shipByDate': '25/09/2021 14:20:48', 'processAfterDate': '', 'masterorderNo': '71009', 'priority': 'Normal', 'pickupLocation': '', 'fulfillmentLocName': 'SKECHERS SOUTH ASIA PRIVATE LIMITED', 'items': [{'lineno': '159362', 'extLineno': '159362', 'internalLineNo': '1', 'sku': '193113557575', 'primaryUPC': 'SKR30081', 'skuName': '74191-BKWR/5/Shoe/SOLEI ST.-GROOVILICIOUS', 'status': 'Shipped & Returned', 'imageUrl': 'https://imageserver.skechers.com/img/productimages/large/74191_BKWR.jpg', 'uom': 'Each', 'uomqty': '1.00', 'conversion': '1.00', 'orderQty': '1.00', 'commitedQty': '0.00', 'cancelledQty': '0.00', 'shippedQty': '1.00', 'returnQty': '1.00', 'unitPrice': '3899.00', 'discountAmt': '0.00', 'promoCode': None, 'promoName': None, 'taxAmount': '594.76', 'openQty': '0.00', 'udf1': '', 'udf2': '', 'udf3': '', 'udf4': '', 'udf5': '', 'udf6': '', 'udf7': '', 'udf8': '', 'udf9': '', 'udf10': '', 'bundleSkuCode': None, 'shipByDate': '', 'fulfillmentLocCode': 'D42', 'fulfillmentLocName': 'SSAPL-BIG CENTRE THANE'}], 'paymentItems': [], 'customerGSTIN': '', 'codcharge': '0.00'}}, {'SO011091582': {'orderLocation': 'M01', 'orderId': 'M0134272', 'orderNo': 'SO011091582', 'extenalOrderNo': 'SO011091582', 'paymentMethod': 'Prepaid', 'status': 'Shipped & Returned', 'orderDate': '09/11/2021 13:04:15', 'orderAmount': '3599.00', 'orderCurrency': 'INR', 'conversionRate': '1.00', 'customerName': 'Anand  Rathi', 'shipAddress1': 'Jhumbarlal Rathi, Near SBI, Parsodi road, Dhamangaon Rly', 'shipAddress2': 'Maharashtra MH', 'shipAddress3': '', 'landmark': '', 'latitude': '', 'longitude': '', 'shipCity': 'Amravati', 'shipState': 'Maharashtra', 'shipCountry': 'India', 'shipPincode': '444709', 'shipPhone1': '9730190299', 'shipPhone2': '9730190299', 'shipEmail1': 'anandrathi000@gmail.com', 'shipEmail2': 'anandrathi000@gmail.com', 'billName': 'Anand  Rathi', 'billAddress1': 'Jhumbarlal Rathi, Near SBI, Parsodi road, Dhamangaon Rly', 'billAddress2': 'Maharashtra MH', 'billAddress3': '', 'billCity': 'Amravati', 'billState': 'Maharashtra', 'billCountry': 'India', 'billPincode': '444709', 'billPhone1': '9730190299', 'billPhone2': '9730190299', 'billEmail1': 'anandrathi000@gmail.com', 'billEmail2': 'anandrathi000@gmail.com', 'orderRemarks': None, 'shippingCharges': '0.00', 'handlingCharge2': '0.00', 'storeCredit': '0.00', 'isVerifiedOrder': '1', 'isOnHold': '0', 'giftvoucher': '0.00', 'otherDiscount': '0.00', 'discountCode': 'null', 'promoCode': None, 'promoName': None, 'cancelRemark': '', 'isGiftwrap': '0', 'giftwrapMsg': '', 'deliverySlot': '', 'customDataFeld1': '', 'customDataFeld2': '', 'customDataFeld3': '', 'customDataFeld4': '["Transaction is yet to complete"]', 'customDataFeld5': '', 'customDataFeld6': '', 'customDataFeld7': 'WHMP0400116174', 'customDataFeld8': '', 'customDataFeld9': '09/11/2021 07:36:36', 'customDataFeld10': '', 'discountAmount': '0.000', 'taxAmount': '549.00', 'updatedDate': '25/08/2022 18:20:21', 'mode': 'wms', 'IsReplacementOrder': 'No', 'originalOrderno': '', 'customerCode': '999999', 'extCustomerCode': '', 'clientId': '0', 'fulfillmentLocCode': 'SHO', 'extFulFillmentLocCode': 'SHO', 'orderSourceName': 'Webstore', 'collectibleAmount': '0.00', 'totalOrderLine': '1', 'delFulfillmentMode': '2', 'geoType': None, 'geoAddress': None, 'geoLatitude': None, 'geoLongitude': None, 'orderSource': 'M01', 'orderType': 'SO', 'shipByDate': '11/11/2021 13:04:15', 'processAfterDate': '', 'masterorderNo': '80267', 'priority': 'Normal', 'pickupLocation': '', 'fulfillmentLocName': 'SKECHERS SOUTH ASIA PRIVATE LIMITED', 'items': [{'lineno': '180184', 'extLineno': '180184', 'internalLineNo': '1', 'sku': '194428097305', 'primaryUPC': 'SKR26796', 'skuName': '220017-BBK/7/SHOE/GO TRAIL JACKRABBIT -', 'status': 'Shipped & Returned', 'imageUrl': 'https://imageserver.skechers.com/img/productimages/large/220017_BBK.jpg', 'uom': 'Each', 'uomqty': '1.00', 'conversion': '1.00', 'orderQty': '1.00', 'commitedQty': '0.00', 'cancelledQty': '0.00', 'shippedQty': '1.00', 'returnQty': '1.00', 'unitPrice': '3599.00', 'discountAmt': '0.00', 'promoCode': None, 'promoName': None, 'taxAmount': '549.00', 'openQty': '0.00', 'udf1': '', 'udf2': '', 'udf3': '', 'udf4': '', 'udf5': '', 'udf6': '', 'udf7': '', 'udf8': '', 'udf9': '', 'udf10': '', 'bundleSkuCode': None, 'shipByDate': '', 'fulfillmentLocCode': 'D42', 'fulfillmentLocName': 'SSAPL-BIG CENTRE THANE'}], 'paymentItems': [], 'customerGSTIN': '', 'codcharge': '0.00'}}, {'SO011082134': {'orderLocation': 'M01', 'orderId': 'M0129443', 'orderNo': 'SO011082134', 'extenalOrderNo': 'SO011082134', 'paymentMethod': 'Prepaid', 'status': 'Shipped & Returned', 'orderDate': '25/09/2021 22:44:33', 'orderAmount': '6499.00', 'orderCurrency': 'INR', 'conversionRate': '1.00', 'customerName': 'Zubair  Khan', 'shipAddress1': 'kheteshwar colony  BADI MASJID KE PICHE BEHIND MOTI MARKET', 'shipAddress2': 'Rajasthan RJ', 'shipAddress3': '', 'landmark': '', 'latitude': '', 'longitude': '', 'shipCity': 'BALOTRA', 'shipState': 'Rajasthan', 'shipCountry': 'India', 'shipPincode': '344022', 'shipPhone1': '9001054800', 'shipPhone2': '9001054800', 'shipEmail1': 'zubairhmt77@gmail.com', 'shipEmail2': 'zubairhmt77@gmail.com', 'billName': 'Zubair  Khan', 'billAddress1': 'kheteshwar colony  BADI MASJID KE PICHE BEHIND MOTI MARKET', 'billAddress2': 'Rajasthan RJ', 'billAddress3': '', 'billCity': 'BALOTRA', 'billState': 'Rajasthan', 'billCountry': 'India', 'billPincode': '344022', 'billPhone1': '9001054800', 'billPhone2': '9001054800', 'billEmail1': 'zubairhmt77@gmail.com', 'billEmail2': 'zubairhmt77@gmail.com', 'orderRemarks': None, 'shippingCharges': '0.00', 'handlingCharge2': '0.00', 'storeCredit': '0.00', 'isVerifiedOrder': '1', 'isOnHold': '0', 'giftvoucher': '0.00', 'otherDiscount': '0.00', 'discountCode': 'null', 'promoCode': None, 'promoName': None, 'cancelRemark': '', 'isGiftwrap': '0', 'giftwrapMsg': '', 'deliverySlot': '', 'customDataFeld1': '', 'customDataFeld2': '', 'customDataFeld3': '', 'customDataFeld4': '["Transaction is yet to complete"]', 'customDataFeld5': '', 'customDataFeld6': '', 'customDataFeld7': 'WHMP0295574700', 'customDataFeld8': '', 'customDataFeld9': '25/09/2021 17:17:32', 'customDataFeld10': '', 'discountAmount': '500.000', 'taxAmount': '991.37', 'updatedDate': '25/08/2022 18:41:30', 'mode': 'wms', 'IsReplacementOrder': 'No', 'originalOrderno': '', 'customerCode': '999999', 'extCustomerCode': '', 'clientId': '0', 'fulfillmentLocCode': 'SHO', 'extFulFillmentLocCode': 'SHO', 'orderSourceName': 'Webstore', 'collectibleAmount': '0.00', 'totalOrderLine': '1', 'delFulfillmentMode': '2', 'geoType': None, 'geoAddress': None, 'geoLatitude': None, 'geoLongitude': None, 'orderSource': 'M01', 'orderType': 'SO', 'shipByDate': '27/09/2021 22:44:33', 'processAfterDate': '', 'masterorderNo': '71407', 'priority': 'Normal', 'pickupLocation': '', 'fulfillmentLocName': 'SKECHERS SOUTH ASIA PRIVATE LIMITED', 'items': [{'lineno': '160252', 'extLineno': '160252', 'internalLineNo': '1', 'sku': '193642415605', 'primaryUPC': 'SKR29395', 'skuName': '54450-BKCC/8/SHOE/MAX CUSHIONING PREMIER-VANTAG', 'status': 'Shipped & Returned', 'imageUrl': 'https://imageserver.skechers.com/img/productimages/large/54450_BKCC.jpg', 'uom': 'Each', 'uomqty': '1.00', 'conversion': '1.00', 'orderQty': '1.00', 'commitedQty': '0.00', 'cancelledQty': '0.00', 'shippedQty': '1.00', 'returnQty': '1.00', 'unitPrice': '6999.00', 'discountAmt': '500.00', 'promoCode': None, 'promoName': None, 'taxAmount': '991.37', 'openQty': '0.00', 'udf1': '', 'udf2': '', 'udf3': '', 'udf4': '', 'udf5': '', 'udf6': '', 'udf7': '', 'udf8': '', 'udf9': '', 'udf10': '', 'bundleSkuCode': None, 'shipByDate': '', 'fulfillmentLocCode': 'D42', 'fulfillmentLocName': 'SSAPL-BIG CENTRE THANE'}], 'paymentItems': [], 'customerGSTIN': '', 'codcharge': '0.00'}}, {'SO011080843': {'orderLocation': 'M01', 'orderId': 'M0128754', 'orderNo': 'SO011080843', 'extenalOrderNo': 'SO011080843', 'paymentMethod': 'Prepaid', 'status': 'Shipped & Returned', 'orderDate': '17/09/2021 23:20:45', 'orderAmount': '7378.00', 'orderCurrency': 'INR', 'conversionRate': '1.00', 'customerName': 'Harsha  Agarwal', 'shipAddress1': 'Karachi Kadhai/Punjabi Rasoi, Sachin tendulkar marg, Tulsi vihar, City center Gwalior 474011', 'shipAddress2': 'Madhya Pradesh MP', 'shipAddress3': '', 'landmark': '', 'latitude': '', 'longitude': '', 'shipCity': 'Gwalior', 'shipState': 'Madhya Pradesh', 'shipCountry': 'India', 'shipPincode': '474011', 'shipPhone1': '8952856533', 'shipPhone2': '8952856533', 'shipEmail1': 'agarwalharsha92@gmail.com', 'shipEmail2': 'agarwalharsha92@gmail.com', 'billName': 'Harsha  Agarwal', 'billAddress1': 'Karachi Kadhai/Punjabi Rasoi, Sachin tendulkar marg, Tulsi vihar, City center Gwalior 474011', 'billAddress2': 'Madhya Pradesh MP', 'billAddress3': '', 'billCity': 'Gwalior', 'billState': 'Madhya Pradesh', 'billCountry': 'India', 'billPincode': '474011', 'billPhone1': '8952856533', 'billPhone2': '8952856533', 'billEmail1': 'agarwalharsha92@gmail.com', 'billEmail2': 'agarwalharsha92@gmail.com', 'orderRemarks': None, 'shippingCharges': '0.00', 'handlingCharge2': '0.00', 'storeCredit': '0.00', 'isVerifiedOrder': '1', 'isOnHold': '0', 'giftvoucher': '0.00', 'otherDiscount': '0.00', 'discountCode': 'null', 'promoCode': None, 'promoName': None, 'cancelRemark': '', 'isGiftwrap': '0', 'giftwrapMsg': '', 'deliverySlot': '', 'customDataFeld1': '', 'customDataFeld2': '', 'customDataFeld3': '', 'customDataFeld4': '["Transaction is yet to complete"]', 'customDataFeld5': '', 'customDataFeld6': '', 'customDataFeld7': 'WIDS0277198795', 'customDataFeld8': '', 'customDataFeld9': '17/09/2021 17:54:10', 'customDataFeld10': '', 'discountAmount': '0.000', 'taxAmount': '1125.46', 'updatedDate': '25/08/2022 18:50:46', 'mode': 'wms', 'IsReplacementOrder': 'No', 'originalOrderno': '', 'customerCode': '999999', 'extCustomerCode': '', 'clientId': '0', 'fulfillmentLocCode': 'SHO', 'extFulFillmentLocCode': 'SHO', 'orderSourceName': 'Webstore', 'collectibleAmount': '0.00', 'totalOrderLine': '3', 'delFulfillmentMode': '2', 'geoType': None, 'geoAddress': None, 'geoLatitude': None, 'geoLongitude': None, 'orderSource': 'M01', 'orderType': 'SO', 'shipByDate': '19/09/2021 23:20:45', 'processAfterDate': '', 'masterorderNo': '70123', 'priority': 'Normal', 'pickupLocation': '', 'fulfillmentLocName': 'SKECHERS SOUTH ASIA PRIVATE LIMITED', 'items': [{'lineno': '157302', 'extLineno': '157302', 'internalLineNo': '1', 'sku': '194428289700', 'primaryUPC': 'SKR30026', 'skuName': '163056-GRY/9/SANDAL/REGGAE CUP - HOME SKILLET', 'status': 'Shipped & Returned', 'imageUrl': 'https://imageserver.skechers.com/img/productimages/large/163056_GRY.jpg', 'uom': 'Each', 'uomqty': '1.00', 'conversion': '1.00', 'orderQty': '1.00', 'commitedQty': '0.00', 'cancelledQty': '0.00', 'shippedQty': '1.00', 'returnQty': '1.00', 'unitPrice': '2579.00', 'discountAmt': '0.00', 'promoCode': None, 'promoName': None, 'taxAmount': '393.41', 'openQty': '0.00', 'udf1': '', 'udf2': '', 'udf3': '', 'udf4': '', 'udf5': '', 'udf6': '', 'udf7': '', 'udf8': '', 'udf9': '', 'udf10': '', 'bundleSkuCode': None, 'shipByDate': '', 'fulfillmentLocCode': 'D52', 'fulfillmentLocName': 'SSAPL - AKSHARDHAM NCR'}, {'lineno': '157304', 'extLineno': '157304', 'internalLineNo': '2', 'sku': '193642182552', 'primaryUPC': 'SKR22390', 'skuName': "88888350-NVCL/9/SHOE/FLEX APPEAL 3.0-BREEZIN' KICK", 'status': 'Shipped & Returned', 'imageUrl': 'https://imageserver.skechers.com/img/productimages/large/88888350_NVCL.jpg', 'uom': 'Each', 'uomqty': '1.00', 'conversion': '1.00', 'orderQty': '1.00', 'commitedQty': '0.00', 'cancelledQty': '0.00', 'shippedQty': '1.00', 'returnQty': '1.00', 'unitPrice': '2400.00', 'discountAmt': '0.00', 'promoCode': None, 'promoName': None, 'taxAmount': '366.10', 'openQty': '0.00', 'udf1': '', 'udf2': '', 'udf3': '', 'udf4': '', 'udf5': '', 'udf6': '', 'udf7': '', 'udf8': '', 'udf9': '', 'udf10': '', 'bundleSkuCode': None, 'shipByDate': '', 'fulfillmentLocCode': 'D42', 'fulfillmentLocName': 'SSAPL-BIG CENTRE THANE'}, {'lineno': '157306', 'extLineno': '157306', 'internalLineNo': '3', 'sku': '194428801872', 'primaryUPC': 'SKR30842', 'skuName': '55362-BKOR/9/SANDAL/ON-THE-GO 600 - VIRTUOUS', 'status': 'Shipped & Returned', 'imageUrl': 'https://imageserver.skechers.com/img/productimages/large/55362_BKOR.jpg', 'uom': 'Each', 'uomqty': '1.00', 'conversion': '1.00', 'orderQty': '1.00', 'commitedQty': '0.00', 'cancelledQty': '0.00', 'shippedQty': '1.00', 'returnQty': '1.00', 'unitPrice': '2399.00', 'discountAmt': '0.00', 'promoCode': None, 'promoName': None, 'taxAmount': '365.95', 'openQty': '0.00', 'udf1': '', 'udf2': '', 'udf3': '', 'udf4': '', 'udf5': '', 'udf6': '', 'udf7': '', 'udf8': '', 'udf9': '', 'udf10': '', 'bundleSkuCode': None, 'shipByDate': '', 'fulfillmentLocCode': 'D42', 'fulfillmentLocName': 'SSAPL-BIG CENTRE THANE'}], 'paymentItems': [], 'customerGSTIN': '', 'codcharge': '0.00'}}]} | startdate : 19/08/2022 00:00:00 | enddate : 26/08/2022 00:00:00
16292:2023-03-17 17:52:07,704:INFO:responsedata : {'responseCode': 0, 'responseMessage': 'Success', 'totalOrders': 1, 'totalPages': 1, 'currentPage': 1, 'orderList': [{'SO011092161': {'orderLocation': 'M01', 'orderId': 'M0134566', 'orderNo': 'SO011092161', 'extenalOrderNo': 'SO011092161', 'paymentMethod': 'Prepaid', 'status': 'Shipped & Returned', 'orderDate': '11/11/2021 23:42:26', 'orderAmount': '5000.00', 'orderCurrency': 'INR', 'conversionRate': '1.00', 'customerName': 'VIPIN  Bokariya', 'shipAddress1': 'C904 MAHAVIR CLASSIK OPP L&T GATE NO 5 SAKI VIHAR ROAD POWAI ANDHERI EAST ANDHERI EAST', 'shipAddress2': 'Maharashtra MH', 'shipAddress3': '', 'landmark': '', 'latitude': '', 'longitude': '', 'shipCity': 'Mumbai', 'shipState': 'Maharashtra', 'shipCountry': 'India', 'shipPincode': '400072', 'shipPhone1': '9892728310', 'shipPhone2': '9892728310', 'shipEmail1': 'vipinsonika@gmail.com', 'shipEmail2': 'vipinsonika@gmail.com', 'billName': 'VIPIN  Bokariya', 'billAddress1': 'C904 MAHAVIR CLASSIK OPP L&T GATE NO 5 SAKI VIHAR ROAD POWAI ANDHERI EAST ANDHERI EAST', 'billAddress2': 'Maharashtra MH', 'billAddress3': '', 'billCity': 'Mumbai', 'billState': 'Maharashtra', 'billCountry': 'India', 'billPincode': '400072', 'billPhone1': '9892728310', 'billPhone2': '9892728310', 'billEmail1': 'vipinsonika@gmail.com', 'billEmail2': 'vipinsonika@gmail.com', 'orderRemarks': None, 'shippingCharges': '0.00', 'handlingCharge2': '0.00', 'storeCredit': '0.00', 'isVerifiedOrder': '1', 'isOnHold': '0', 'giftvoucher': '0.00', 'otherDiscount': '0.00', 'discountCode': 'null', 'promoCode': None, 'promoName': None, 'cancelRemark': '', 'isGiftwrap': '0', 'giftwrapMsg': '', 'deliverySlot': '', 'customDataFeld1': '', 'customDataFeld2': '', 'customDataFeld3': '', 'customDataFeld4': '["Transaction is yet to complete"]', 'customDataFeld5': '', 'customDataFeld6': '', 'customDataFeld7': 'WAE20406122128', 'customDataFeld8': '', 'customDataFeld9': '11/11/2021 18:15:17', 'customDataFeld10': '', 'discountAmount': '0.000', 'taxAmount': '762.71', 'updatedDate': '27/08/2022 15:46:33', 'mode': 'wms', 'IsReplacementOrder': 'No', 'originalOrderno': '', 'customerCode': '999999', 'extCustomerCode': '', 'clientId': '0', 'fulfillmentLocCode': 'SHO', 'extFulFillmentLocCode': 'SHO', 'orderSourceName': 'Webstore', 'collectibleAmount': '0.00', 'totalOrderLine': '1', 'delFulfillmentMode': '2', 'geoType': None, 'geoAddress': None, 'geoLatitude': None, 'geoLongitude': None, 'orderSource': 'M01', 'orderType': 'SO', 'shipByDate': '13/11/2021 23:42:26', 'processAfterDate': '', 'masterorderNo': '80844', 'priority': 'Normal', 'pickupLocation': '', 'fulfillmentLocName': 'SKECHERS SOUTH ASIA PRIVATE LIMITED', 'items': [{'lineno': '181452', 'extLineno': '181452', 'internalLineNo': '1', 'sku': '193642043648', 'primaryUPC': 'SKR27238', 'skuName': '55220-WNVR/9/SHOE/GO RUN RAZOR 3', 'status': 'Shipped & Returned', 'imageUrl': 'https://imageserver.skechers.com/img/productimages/large/55220_WNVR.jpg', 'uom': 'Each', 'uomqty': '1.00', 'conversion': '1.00', 'orderQty': '1.00', 'commitedQty': '0.00', 'cancelledQty': '0.00', 'shippedQty': '1.00', 'returnQty': '1.00', 'unitPrice': '5000.00', 'discountAmt': '0.00', 'promoCode': None, 'promoName': None, 'taxAmount': '762.71', 'openQty': '0.00', 'udf1': '', 'udf2': '', 'udf3': '', 'udf4': '', 'udf5': '', 'udf6': '', 'udf7': '', 'udf8': '', 'udf9': '', 'udf10': '', 'bundleSkuCode': None, 'shipByDate': '', 'fulfillmentLocCode': 'D33', 'fulfillmentLocName': 'SSAPL-OMR-CHENNAI'}], 'paymentItems': [], 'customerGSTIN': '', 'codcharge': '0.00'}}]} | startdate : 26/08/2022 00:00:00 | enddate : 02/09/2022 00:00:00
16292:2023-03-17 17:52:08,105:INFO:responsedata : {'responseCode': 9, 'responseMessage': 'No Record Found.', 'totalOrders': None, 'totalPages': None, 'currentPage': None, 'orderList': []} | startdate : 02/09/2022 00:00:00 | enddate : 09/09/2022 00:00:00
16292:2023-03-17 17:52:08,480:INFO:responsedata : {'responseCode': 9, 'responseMessage': 'No Record Found.', 'totalOrders': None, 'totalPages': None, 'currentPage': None, 'orderList': []} | startdate : 09/09/2022 00:00:00 | enddate : 16/09/2022 00:00:00
16292:2023-03-17 17:52:08,887:INFO:responsedata : {'responseCode': 9, 'responseMessage': 'No Record Found.', 'totalOrders': None, 'totalPages': None, 'currentPage': None, 'orderList': []} | startdate : 16/09/2022 00:00:00 | enddate : 23/09/2022 00:00:00
16292:2023-03-17 17:52:09,708:INFO:responsedata : {'responseCode': 0, 'responseMessage': 'Success', 'totalOrders': 20, 'totalPages': 1, 'currentPage': 1, 'orderList': [{'SO011096864': {'orderLocation': 'M01', 'orderId': 'M0137121', 'orderNo': 'SO011096864', 'extenalOrderNo': 'SO011096864', 'paymentMethod': 'Prepaid', 'status': 'Shipped & Returned', 'orderDate': '26/11/2021 23:28:39', 'orderAmount': '3599.00', 'orderCurrency': 'INR', 'conversionRate': '1.00', 'customerName': 'Madhur  Garg', 'shipAddress1': 'Flat No. C1, Kanhaiya Apartment, Mahavir Enclave, Roorkee', 'shipAddress2': 'Uttarakhand UT', 'shipAddress3': '', 'landmark': '', 'latitude': '', 'longitude': '', 'shipCity': 'Haridwar', 'shipState': 'Uttarakhand', 'shipCountry': 'India', 'shipPincode': '247667', 'shipPhone1': '8179615847', 'shipPhone2': '8179615847', 'shipEmail1': 'madhurgarg96@gmail.com', 'shipEmail2': 'madhurgarg96@gmail.com', 'billName': 'Madhur  Garg', 'billAddress1': 'Flat No. C1, Kanhaiya Apartment, Mahavir Enclave, Roorkee', 'billAddress2': 'Uttarakhand UT', 'billAddress3': '', 'billCity': 'Haridwar', 'billState': 'Uttarakhand', 'billCountry': 'India', 'billPincode': '247667', 'billPhone1': '8179615847', 'billPhone2': '8179615847', 'billEmail1': 'madhurgarg96@gmail.com', 'billEmail2': 'madhurgarg96@gmail.com', 'orderRemarks': None, 'shippingCharges': '0.00', 'handlingCharge2': '0.00', 'storeCredit': '0.00', 'isVerifiedOrder': '1', 'isOnHold': '0', 'giftvoucher': '0.00', 'otherDiscount': '0.00', 'discountCode': 'null', 'promoCode': None, 'promoName': None, 'cancelRemark': '', 'isGiftwrap': '0', 'giftwrapMsg': '', 'deliverySlot': '', 'customDataFeld1': '', 'customDataFeld2': '', 'customDataFeld3': '', 'customDataFeld4': '["Transaction is yet to complete"]', 'customDataFeld5': '', 'customDataFeld6': '', 'customDataFeld7': 'WHMP0437422141', 'customDataFeld8': '', 'customDataFeld9': '26/11/2021 18:00:50', 'customDataFeld10': '', 'discountAmount': '0.000', 'taxAmount': '549.00', 'updatedDate': '23/09/2022 19:42:43', 'mode': 'wms', 'IsReplacementOrder': 'No', 'originalOrderno': '', 'customerCode': '999999', 'extCustomerCode': '', 'clientId': '0', 'fulfillmentLocCode': 'SHO', 'extFulFillmentLocCode': 'SHO', 'orderSourceName': 'Webstore', 'collectibleAmount': '0.00', 'totalOrderLine': '1', 'delFulfillmentMode': '2', 'geoType': None, 'geoAddress': None, 'geoLatitude': None, 'geoLongitude': None, 'orderSource': 'M01', 'orderType': 'SO', 'shipByDate': '28/11/2021 23:28:39', 'processAfterDate': '', 'masterorderNo': '85540', 'priority': 'Normal', 'pickupLocation': '', 'fulfillmentLocName': 'SKECHERS SOUTH ASIA PRIVATE LIMITED', 'items': [{'lineno': '192098', 'extLineno': '192098', 'internalLineNo': '1', 'sku': '194428097305', 'primaryUPC': 'SKR26796', 'skuName': '220017-BBK/7/SHOE/GO TRAIL JACKRABBIT -', 'status': 'Shipped & Returned', 'imageUrl': 'https://imageserver.skechers.com/img/productimages/large/220017_BBK.jpg', 'uom': 'Each', 'uomqty': '1.00', 'conversion': '1.00', 'orderQty': '1.00', 'commitedQty': '0.00', 'cancelledQty': '0.00', 'shippedQty': '1.00', 'returnQty': '1.00', 'unitPrice': '3599.00', 'discountAmt': '0.00', 'promoCode': None, 'promoName': None, 'taxAmount': '549.00', 'openQty': '0.00', 'udf1': '', 'udf2': '', 'udf3': '', 'udf4': '', 'udf5': '', 'udf6': '', 'udf7': '', 'udf8': '', 'udf9': '', 'udf10': '', 'bundleSkuCode': None, 'shipByDate': '', 'fulfillmentLocCode': 'D33', 'fulfillmentLocName': 'SSAPL-OMR-CHENNAI'}], 'paymentItems': [], 'customerGSTIN': '', 'codcharge': '0.00'}}, {'SO011042590': {'orderLocation': 'M01', 'orderId': 'M017780', 'orderNo': 'SO011042590', 'extenalOrderNo': 'SO011042590', 'paymentMethod': 'Prepaid', 'status': 'Shipped & Returned', 'orderDate': '11/01/2021 21:14:55', 'orderAmount': '9198.40', 'orderCurrency': 'INR', 'conversionRate': '1.00', 'customerName': 'Chander  Arora', 'shipAddress1': '620-A, JP Nagar', 'shipAddress2': 'Punjab PB', 'shipAddress3': '', 'landmark': '', 'latitude': '', 'longitude': '', 'shipCity': 'Jalandhar', 'shipState': 'Punjab', 'shipCountry': 'India', 'shipPincode': '144002', 'shipPhone1': '9417256080', 'shipPhone2': '9417256080', 'shipEmail1': 'aroraish89@gmail.com', 'shipEmail2': 'aroraish89@gmail.com', 'billName': 'Chander  Arora', 'billAddress1': '620-A, JP Nagar', 'billAddress2': 'Punjab PB', 'billAddress3': '', 'billCity': 'Jalandhar', 'billState': 'Punjab', 'billCountry': 'India', 'billPincode': '144002', 'billPhone1': '9417256080', 'billPhone2': '9417256080', 'billEmail1': 'aroraish89@gmail.com', 'billEmail2': 'aroraish89@gmail.com', 'orderRemarks': None, 'shippingCharges': '0.00', 'handlingCharge2': '0.00', 'storeCredit': '0.00', 'isVerifiedOrder': '1', 'isOnHold': '0', 'giftvoucher': '0.00', 'otherDiscount': '0.00', 'discountCode': 'null', 'promoCode': None, 'promoName': None, 'cancelRemark': '', 'isGiftwrap': '0', 'giftwrapMsg': '', 'deliverySlot': '', 'customDataFeld1': '', 'customDataFeld2': '', 'customDataFeld3': '', 'customDataFeld4': '["Transaction is yet to complete"]', 'customDataFeld5': '', 'customDataFeld6': '', 'customDataFeld7': 'VSBI9648627414', 'customDataFeld8': '', 'customDataFeld9': '11/01/2021 15:50:23', 'customDataFeld10': '', 'discountAmount': '0.000', 'taxAmount': '1403.15', 'updatedDate': '24/09/2022 15:39:20', 'mode': 'wms', 'IsReplacementOrder': 'No', 'originalOrderno': '', 'customerCode': '999999', 'extCustomerCode': '', 'clientId': '0', 'fulfillmentLocCode': 'SHO', 'extFulFillmentLocCode': 'SHO', 'orderSourceName': 'Webstore', 'collectibleAmount': '0.00', 'totalOrderLine': '2', 'delFulfillmentMode': '2', 'geoType': None, 'geoAddress': None, 'geoLatitude': None, 'geoLongitude': None, 'orderSource': 'M01', 'orderType': 'SO', 'shipByDate': '13/01/2021 21:14:55', 'processAfterDate': '', 'masterorderNo': '32191', 'priority': 'Normal', 'pickupLocation': '', 'fulfillmentLocName': 'SKECHERS SOUTH ASIA PRIVATE LIMITED', 'items': [{'lineno': '72332', 'extLineno': '72332', 'internalLineNo': '1', 'sku': '193642097719', 'primaryUPC': 'SKR21575', 'skuName': '15900-BKPK/9/SHOE/GO WALK 5-PRIZED', 'status': 'Shipped & Returned', 'imageUrl': 'https://imageserver.skechers.com/img/productimages/large/15900_BKPK.jpg', 'uom': 'Each', 'uomqty': '1.00', 'conversion': '1.00', 'orderQty': '1.00', 'commitedQty': '0.00', 'cancelledQty': '0.00', 'shippedQty': '1.00', 'returnQty': '1.00', 'unitPrice': '4399.20', 'discountAmt': '0.00', 'promoCode': None, 'promoName': None, 'taxAmount': '671.06', 'openQty': '0.00', 'udf1': '', 'udf2': '', 'udf3': '', 'udf4': '', 'udf5': '', 'udf6': '', 'udf7': '', 'udf8': '', 'udf9': '', 'udf10': '', 'bundleSkuCode': None, 'shipByDate': '', 'fulfillmentLocCode': 'A74', 'fulfillmentLocName': 'SSAPL-E-COM'}, {'lineno': '72334', 'extLineno': '72334', 'internalLineNo': '2', 'sku': '193642125771', 'primaryUPC': 'SKR22658', 'skuName': '55500-BLK/11/SHOE/GO WALK 5-PRIZED', 'status': 'Shipped & Returned', 'imageUrl': 'https://imageserver.skechers.com/img/productimages/large/55500_BLK.jpg', 'uom': 'Each', 'uomqty': '1.00', 'conversion': '1.00', 'orderQty': '1.00', 'commitedQty': '0.00', 'cancelledQty': '0.00', 'shippedQty': '1.00', 'returnQty': '1.00', 'unitPrice': '4799.20', 'discountAmt': '0.00', 'promoCode': None, 'promoName': None, 'taxAmount': '732.08', 'openQty': '0.00', 'udf1': '', 'udf2': '', 'udf3': '', 'udf4': '', 'udf5': '', 'udf6': '', 'udf7': '', 'udf8': '', 'udf9': '', 'udf10': '', 'bundleSkuCode': None, 'shipByDate': '', 'fulfillmentLocCode': 'A74', 'fulfillmentLocName': 'SSAPL-E-COM'}], 'paymentItems': [], 'customerGSTIN': '', 'codcharge': '0.00'}}, {'SO011078787': {'orderLocation': 'M01', 'orderId': 'M0127626', 'orderNo': 'SO011078787', 'extenalOrderNo': 'SO011078787', 'paymentMethod': 'Prepaid', 'status': 'Shipped & Returned', 'orderDate': '06/09/2021 13:57:42', 'orderAmount': '1900.00', 'orderCurrency': 'INR', 'conversionRate': '1.00', 'customerName': 'Neha  Keswani', 'shipAddress1': 'A-706, Montana,  2nd Cross Lane, Lokhandwala complex, Andheri West, Mumbai-400053 Near SBI Bank', 'shipAddress2': 'Maharashtra MH', 'shipAddress3': '', 'landmark': '', 'latitude': '', 'longitude': '', 'shipCity': 'Mumbai', 'shipState': 'Maharashtra', 'shipCountry': 'India', 'shipPincode': '400053', 'shipPhone1': '8097662236', 'shipPhone2': '8097662236', 'shipEmail1': 'nehakeswani20@gmail.com', 'shipEmail2': 'nehakeswani20@gmail.com', 'billName': 'Neha  Keswani', 'billAddress1': 'A-706, Montana,  2nd Cross Lane, Lokhandwala complex, Andheri West, Mumbai-400053 Near SBI Bank', 'billAddress2': 'Maharashtra MH', 'billAddress3': '', 'billCity': 'Mumbai', 'billState': 'Maharashtra', 'billCountry': 'India', 'billPincode': '400053', 'billPhone1': '8097662236', 'billPhone2': '8097662236', 'billEmail1': 'nehakeswani20@gmail.com', 'billEmail2': 'nehakeswani20@gmail.com', 'orderRemarks': None, 'shippingCharges': '0.00', 'handlingCharge2': '0.00', 'storeCredit': '0.00', 'isVerifiedOrder': '1', 'isOnHold': '0', 'giftvoucher': '0.00', 'otherDiscount': '0.00', 'discountCode': 'null', 'promoCode': None, 'promoName': None, 'cancelRemark': '', 'isGiftwrap': '0', 'giftwrapMsg': '', 'deliverySlot': '', 'customDataFeld1': '', 'customDataFeld2': '', 'customDataFeld3': '', 'customDataFeld4': '["Transaction is yet to complete"]', 'customDataFeld5': '', 'customDataFeld6': '', 'customDataFeld7': 'WHMP0250428858', 'customDataFeld8': '', 'customDataFeld9': '06/09/2021 08:32:05', 'customDataFeld10': '', 'discountAmount': '0.000', 'taxAmount': '289.83', 'updatedDate': '26/09/2022 17:18:07', 'mode': 'wms', 'IsReplacementOrder': 'No', 'originalOrderno': '', 'customerCode': '999999', 'extCustomerCode': '', 'clientId': '0', 'fulfillmentLocCode': 'SHO', 'extFulFillmentLocCode': 'SHO', 'orderSourceName': 'Webstore', 'collectibleAmount': '0.00', 'totalOrderLine': '1', 'delFulfillmentMode': '2', 'geoType': None, 'geoAddress': None, 'geoLatitude': None, 'geoLongitude': None, 'orderSource': 'M01', 'orderType': 'SO', 'shipByDate': '08/09/2021 13:57:42', 'processAfterDate': '', 'masterorderNo': '68073', 'priority': 'Normal', 'pickupLocation': '', 'fulfillmentLocName': 'SKECHERS SOUTH ASIA PRIVATE LIMITED', 'items': [{'lineno': '152630', 'extLineno': '152630', 'internalLineNo': '1', 'sku': '889110698693', 'primaryUPC': 'SKR18702', 'skuName': '38527-BLK/6/SANDAL/BEVERLEE - SMITTEN KITTEN', 'status': 'Shipped & Returned', 'imageUrl': 'https://imageserver.skechers.com/img/productimages/large/38527_BLK.jpg', 'uom': 'Each', 'uomqty': '1.00', 'conversion': '1.00', 'orderQty': '1.00', 'commitedQty': '0.00', 'cancelledQty': '0.00', 'shippedQty': '1.00', 'returnQty': '1.00', 'unitPrice': '1900.00', 'discountAmt': '0.00', 'promoCode': None, 'promoName': None, 'taxAmount': '289.83', 'openQty': '0.00', 'udf1': '', 'udf2': '', 'udf3': '', 'udf4': '', 'udf5': '', 'udf6': '', 'udf7': '', 'udf8': '', 'udf9': '', 'udf10': '', 'bundleSkuCode': None, 'shipByDate': '', 'fulfillmentLocCode': 'D42', 'fulfillmentLocName': 'SSAPL-BIG CENTRE THANE'}], 'paymentItems': [], 'customerGSTIN': '', 'codcharge': '0.00'}}, {'SO011080793': {'orderLocation': 'M01', 'orderId': 'M0128722', 'orderNo': 'SO011080793', 'extenalOrderNo': 'SO011080793', 'paymentMethod': 'Prepaid', 'status': 'Shipped & Returned', 'orderDate': '17/09/2021 19:38:31', 'orderAmount': '4799.00', 'orderCurrency': 'INR', 'conversionRate': '1.00', 'customerName': 'SSG  Nikhil', 'shipAddress1': 'A 85 Swati Soc Vibhag 2 Chikuwadi  nana varachha road', 'shipAddress2': 'Gujarat GJ', 'shipAddress3': '', 'landmark': '', 'latitude': '', 'longitude': '', 'shipCity': 'Surat', 'shipState': 'Gujarat', 'shipCountry': 'India', 'shipPincode': '395006', 'shipPhone1': '8000331680', 'shipPhone2': '8000331680', 'shipEmail1': 'nikhilp60@gmail.com', 'shipEmail2': 'nikhilp60@gmail.com', 'billName': 'SSG  Nikhil', 'billAddress1': 'A 85 Swati Soc Vibhag 2 Chikuwadi  nana varachha road', 'billAddress2': 'Gujarat GJ', 'billAddress3': '', 'billCity': 'Surat', 'billState': 'Gujarat', 'billCountry': 'India', 'billPincode': '395006', 'billPhone1': '8000331680', 'billPhone2': '8000331680', 'billEmail1': 'nikhilp60@gmail.com', 'billEmail2': 'nikhilp60@gmail.com', 'orderRemarks': None, 'shippingCharges': '0.00', 'handlingCharge2': '0.00', 'storeCredit': '0.00', 'isVerifiedOrder': '1', 'isOnHold': '0', 'giftvoucher': '0.00', 'otherDiscount': '0.00', 'discountCode': 'null', 'promoCode': None, 'promoName': None, 'cancelRemark': '', 'isGiftwrap': '0', 'giftwrapMsg': '', 'deliverySlot': '', 'customDataFeld1': '', 'customDataFeld2': '', 'customDataFeld3': '', 'customDataFeld4': '["Transaction is yet to complete"]', 'customDataFeld5': '', 'customDataFeld6': '', 'customDataFeld7': 'WCPI0276809692', 'customDataFeld8': '', 'customDataFeld9': '17/09/2021 14:09:38', 'customDataFeld10': '', 'discountAmount': '0.000', 'taxAmount': '732.05', 'updatedDate': '26/09/2022 17:18:39', 'mode': 'wms', 'IsReplacementOrder': 'No', 'originalOrderno': '', 'customerCode': '999999', 'extCustomerCode': '', 'clientId': '0', 'fulfillmentLocCode': 'SHO', 'extFulFillmentLocCode': 'SHO', 'orderSourceName': 'Webstore', 'collectibleAmount': '0.00', 'totalOrderLine': '1', 'delFulfillmentMode': '2', 'geoType': None, 'geoAddress': None, 'geoLatitude': None, 'geoLongitude': None, 'orderSource': 'M01', 'orderType': 'SO', 'shipByDate': '19/09/2021 19:38:31', 'processAfterDate': '', 'masterorderNo': '70073', 'priority': 'Normal', 'pickupLocation': '', 'fulfillmentLocName': 'SKECHERS SOUTH ASIA PRIVATE LIMITED', 'items': [{'lineno': '157170', 'extLineno': '157170', 'internalLineNo': '1', 'sku': '193642400656', 'primaryUPC': 'SKR26083', 'skuName': '68997-BKGY/9/SHOE/MAKO - REID', 'status': 'Shipped & Returned', 'imageUrl': 'https://imageserver.skechers.com/img/productimages/large/68997_BKGY.jpg', 'uom': 'Each', 'uomqty': '1.00', 'conversion': '1.00', 'orderQty': '1.00', 'commitedQty': '0.00', 'cancelledQty': '0.00', 'shippedQty': '1.00', 'returnQty': '1.00', 'unitPrice': '4799.00', 'discountAmt': '0.00', 'promoCode': None, 'promoName': None, 'taxAmount': '732.05', 'openQty': '0.00', 'udf1': '', 'udf2': '', 'udf3': '', 'udf4': '', 'udf5': '', 'udf6': '', 'udf7': '', 'udf8': '', 'udf9': '', 'udf10': '', 'bundleSkuCode': None, 'shipByDate': '', 'fulfillmentLocCode': 'D42', 'fulfillmentLocName': 'SSAPL-BIG CENTRE THANE'}], 'paymentItems': [], 'customerGSTIN': '', 'codcharge': '0.00'}}, {'SO011083484': {'orderLocation': 'M01', 'orderId': 'M0130187', 'orderNo': 'SO011083484', 'extenalOrderNo': 'SO011083484', 'paymentMethod': 'Prepaid', 'status': 'Shipped & Returned', 'orderDate': '03/10/2021 09:39:50', 'orderAmount': '7798.00', 'orderCurrency': 'INR', 'conversionRate': '1.00', 'customerName': 'Prabhakar  Kaluse', 'shipAddress1': 'N3 CIDCO PLOT NO 41  BESIDE HIGH COURT AURANGABAD', 'shipAddress2': 'Maharashtra MH', 'shipAddress3': '', 'landmark': '', 'latitude': '', 'longitude': '', 'shipCity': 'Aurangabad', 'shipState': 'Maharashtra', 'shipCountry': 'India', 'shipPincode': '431003', 'shipPhone1': '7517492734', 'shipPhone2': '7517492734', 'shipEmail1': 'pkaluse3003@gmail.com', 'shipEmail2': 'pkaluse3003@gmail.com', 'billName': 'Prabhakar  Kaluse', 'billAddress1': 'N3 CIDCO PLOT NO 41  BESIDE HIGH COURT AURANGABAD', 'billAddress2': 'Maharashtra MH', 'billAddress3': '', 'billCity': 'Aurangabad', 'billState': 'Maharashtra', 'billCountry': 'India', 'billPincode': '431003', 'billPhone1': '7517492734', 'billPhone2': '7517492734', 'billEmail1': 'pkaluse3003@gmail.com', 'billEmail2': 'pkaluse3003@gmail.com', 'orderRemarks': None, 'shippingCharges': '0.00', 'handlingCharge2': '0.00', 'storeCredit': '0.00', 'isVerifiedOrder': '1', 'isOnHold': '0', 'giftvoucher': '0.00', 'otherDiscount': '0.00', 'discountCode': 'null', 'promoCode': None, 'promoName': None, 'cancelRemark': '', 'isGiftwrap': '0', 'giftwrapMsg': '', 'deliverySlot': '', 'customDataFeld1': '', 'customDataFeld2': '', 'customDataFeld3': '', 'customDataFeld4': '["Transaction is yet to complete"]', 'customDataFeld5': '', 'customDataFeld6': '', 'customDataFeld7': 'WHMP0312873409', 'customDataFeld8': '', 'customDataFeld9': '03/10/2021 04:14:09', 'customDataFeld10': '', 'discountAmount': '1000.000', 'taxAmount': '1189.53', 'updatedDate': '26/09/2022 17:19:04', 'mode': 'wms', 'IsReplacementOrder': 'No', 'originalOrderno': '', 'customerCode': '999999', 'extCustomerCode': '', 'clientId': '0', 'fulfillmentLocCode': 'SHO', 'extFulFillmentLocCode': 'SHO', 'orderSourceName': 'Webstore', 'collectibleAmount': '0.00', 'totalOrderLine': '2', 'delFulfillmentMode': '2', 'geoType': None, 'geoAddress': None, 'geoLatitude': None, 'geoLongitude': None, 'orderSource': 'M01', 'orderType': 'SO', 'shipByDate': '05/10/2021 09:39:50', 'processAfterDate': '', 'masterorderNo': '72752', 'priority': 'Normal', 'pickupLocation': '', 'fulfillmentLocName': 'SKECHERS SOUTH ASIA PRIVATE LIMITED', 'items': [{'lineno': '163252', 'extLineno': '163252', 'internalLineNo': '1', 'sku': '194880463472', 'primaryUPC': 'SKR35102', 'skuName': '119099-MVE/6/SANDAL/FLEX APPEAL 2.0-COOL CITY', 'status': 'Shipped & Returned', 'imageUrl': 'https://imageserver.skechers.com/img/productimages/large/119099_MVE.jpg', 'uom': 'Each', 'uomqty': '1.00', 'conversion': '1.00', 'orderQty': '1.00', 'commitedQty': '0.00', 'cancelledQty': '0.00', 'shippedQty': '1.00', 'returnQty': '1.00', 'unitPrice': '3799.00', 'discountAmt': '431.80', 'promoCode': None, 'promoName': None, 'taxAmount': '513.64', 'openQty': '0.00', 'udf1': '', 'udf2': '', 'udf3': '', 'udf4': '', 'udf5': '', 'udf6': '', 'udf7': '', 'udf8': '', 'udf9': '', 'udf10': '', 'bundleSkuCode': None, 'shipByDate': '', 'fulfillmentLocCode': 'D42', 'fulfillmentLocName': 'SSAPL-BIG CENTRE THANE'}, {'lineno': '163254', 'extLineno': '163254', 'internalLineNo': '2', 'sku': '195204519387', 'primaryUPC': 'SKR37300', 'skuName': '119236-BLSH/6/SANDAL/ARCH FIT-CITY CATCH', 'status': 'Shipped & Returned', 'imageUrl': 'https://imageserver.skechers.com/img/productimages/large/119236_BLSH.jpg', 'uom': 'Each', 'uomqty': '1.00', 'conversion': '1.00', 'orderQty': '1.00', 'commitedQty': '0.00', 'cancelledQty': '0.00', 'shippedQty': '1.00', 'returnQty': '1.00', 'unitPrice': '4999.00', 'discountAmt': '568.20', 'promoCode': None, 'promoName': None, 'taxAmount': '675.88', 'openQty': '0.00', 'udf1': '', 'udf2': '', 'udf3': '', 'udf4': '', 'udf5': '', 'udf6': '', 'udf7': '', 'udf8': '', 'udf9': '', 'udf10': '', 'bundleSkuCode': None, 'shipByDate': '', 'fulfillmentLocCode': 'A74', 'fulfillmentLocName': 'SSAPL-E-COM'}], 'paymentItems': [], 'customerGSTIN': '', 'codcharge': '0.00'}}, {'SO011085683': {'orderLocation': 'M01', 'orderId': 'M0131397', 'orderNo': 'SO011085683', 'extenalOrderNo': 'SO011085683', 'paymentMethod': 'Prepaid', 'status': 'Shipped & Returned', 'orderDate': '14/10/2021 22:51:50', 'orderAmount': '2999.00', 'orderCurrency': 'INR', 'conversionRate': '1.00', 'customerName': 'Brijesh  Vaghasiya', 'shipAddress1': 'Plot no 378, Street no 5, Vijayrajnagar Bhavnagar Gujarat', 'shipAddress2': 'Gujarat GJ', 'shipAddress3': '', 'landmark': '', 'latitude': '', 'longitude': '', 'shipCity': 'Bhavnagar', 'shipState': 'Gujarat', 'shipCountry': 'India', 'shipPincode': '364002', 'shipPhone1': '9726902836', 'shipPhone2': '9726902836', 'shipEmail1': 'bj081118@gmail.com', 'shipEmail2': 'bj081118@gmail.com', 'billName': 'Brijesh  Vaghasiya', 'billAddress1': 'Plot no 378, Street no 5, Vijayrajnagar Bhavnagar Gujarat', 'billAddress2': 'Gujarat GJ', 'billAddress3': '', 'billCity': 'Bhavnagar', 'billState': 'Gujarat', 'billCountry': 'India', 'billPincode': '364002', 'billPhone1': '9726902836', 'billPhone2': '9726902836', 'billEmail1': 'bj081118@gmail.com', 'billEmail2': 'bj081118@gmail.com', 'orderRemarks': None, 'shippingCharges': '0.00', 'handlingCharge2': '0.00', 'storeCredit': '0.00', 'isVerifiedOrder': '1', 'isOnHold': '0', 'giftvoucher': '0.00', 'otherDiscount': '0.00', 'discountCode': 'null', 'promoCode': None, 'promoName': None, 'cancelRemark': '', 'isGiftwrap': '0', 'giftwrapMsg': '', 'deliverySlot': '', 'customDataFeld1': '', 'customDataFeld2': '', 'customDataFeld3': '', 'customDataFeld4': 'No Payment Information Required', 'customDataFeld5': '', 'customDataFeld6': '', 'customDataFeld7': '', 'customDataFeld8': '', 'customDataFeld9': '', 'customDataFeld10': '', 'discountAmount': '0.000', 'taxAmount': '457.47', 'updatedDate': '26/09/2022 17:19:28', 'mode': 'wms', 'IsReplacementOrder': 'No', 'originalOrderno': '', 'customerCode': '999999', 'extCustomerCode': '', 'clientId': '0', 'fulfillmentLocCode': 'SHO', 'extFulFillmentLocCode': 'SHO', 'orderSourceName': 'Webstore', 'collectibleAmount': '0.00', 'totalOrderLine': '1', 'delFulfillmentMode': '2', 'geoType': None, 'geoAddress': None, 'geoLatitude': None, 'geoLongitude': None, 'orderSource': 'M01', 'orderType': 'SO', 'shipByDate': '16/10/2021 22:51:50', 'processAfterDate': '', 'masterorderNo': '74946', 'priority': 'Normal', 'pickupLocation': '', 'fulfillmentLocName': 'SKECHERS SOUTH ASIA PRIVATE LIMITED', 'items': [{'lineno': '168190', 'extLineno': '168190', 'internalLineNo': '1', 'sku': '191665203506', 'primaryUPC': 'SKR13628', 'skuName': '55350-NVY/10/SLIPPER/ON-THE-GO 600', 'status': 'Shipped & Returned', 'imageUrl': 'https://imageserver.skechers.com/img/productimages/large/55350_NVY.jpg', 'uom': 'Each', 'uomqty': '1.00', 'conversion': '1.00', 'orderQty': '1.00', 'commitedQty': '0.00', 'cancelledQty': '0.00', 'shippedQty': '1.00', 'returnQty': '1.00', 'unitPrice': '2999.00', 'discountAmt': '0.00', 'promoCode': None, 'promoName': None, 'taxAmount': '457.47', 'openQty': '0.00', 'udf1': '', 'udf2': '', 'udf3': '', 'udf4': '', 'udf5': '', 'udf6': '', 'udf7': '', 'udf8': '', 'udf9': '', 'udf10': '', 'bundleSkuCode': None, 'shipByDate': '', 'fulfillmentLocCode': 'D42', 'fulfillmentLocName': 'SSAPL-BIG CENTRE THANE'}], 'paymentItems': [], 'customerGSTIN': '', 'codcharge': '0.00'}}, {'SO011084287': {'orderLocation': 'M01', 'orderId': 'M0130659', 'orderNo': 'SO011084287', 'extenalOrderNo': 'SO011084287', 'paymentMethod': 'Prepaid', 'status': 'Shipped & Returned', 'orderDate': '07/10/2021 21:20:26', 'orderAmount': '3899.00', 'orderCurrency': 'INR', 'conversionRate': '1.00', 'customerName': 'Pratishtha  Agrawal', 'shipAddress1': '48  D radha nagar near krishna nagar Mathura', 'shipAddress2': 'Uttar Pradesh UP', 'shipAddress3': '', 'landmark': '', 'latitude': '', 'longitude': '', 'shipCity': 'Mathura', 'shipState': 'Uttar Pradesh', 'shipCountry': 'India', 'shipPincode': '281004', 'shipPhone1': '7014697450', 'shipPhone2': '7014697450', 'shipEmail1': 'pratishtha.ag13@gmail.com', 'shipEmail2': 'pratishtha.ag13@gmail.com', 'billName': 'Pratishtha  Agrawal', 'billAddress1': '48  D radha nagar near krishna nagar Mathura', 'billAddress2': 'Uttar Pradesh UP', 'billAddress3': '', 'billCity': 'Mathura', 'billState': 'Uttar Pradesh', 'billCountry': 'India', 'billPincode': '281004', 'billPhone1': '7014697450', 'billPhone2': '7014697450', 'billEmail1': 'pratishtha.ag13@gmail.com', 'billEmail2': 'pratishtha.ag13@gmail.com', 'orderRemarks': None, 'shippingCharges': '0.00', 'handlingCharge2': '0.00', 'storeCredit': '0.00', 'isVerifiedOrder': '1', 'isOnHold': '0', 'giftvoucher': '0.00', 'otherDiscount': '0.00', 'discountCode': 'null', 'promoCode': None, 'promoName': None, 'cancelRemark': '', 'isGiftwrap': '0', 'giftwrapMsg': '', 'deliverySlot': '', 'customDataFeld1': '', 'customDataFeld2': '', 'customDataFeld3': '', 'customDataFeld4': '["Transaction is yet to complete"]', 'customDataFeld5': '', 'customDataFeld6': '', 'customDataFeld7': 'WCPI0324775194', 'customDataFeld8': '', 'customDataFeld9': '07/10/2021 15:56:16', 'customDataFeld10': '', 'discountAmount': '0.000', 'taxAmount': '594.76', 'updatedDate': '26/09/2022 17:19:51', 'mode': 'wms', 'IsReplacementOrder': 'No', 'originalOrderno': '', 'customerCode': '999999', 'extCustomerCode': '', 'clientId': '0', 'fulfillmentLocCode': 'SHO', 'extFulFillmentLocCode': 'SHO', 'orderSourceName': 'Webstore', 'collectibleAmount': '0.00', 'totalOrderLine': '1', 'delFulfillmentMode': '2', 'geoType': None, 'geoAddress': None, 'geoLatitude': None, 'geoLongitude': None, 'orderSource': 'M01', 'orderType': 'SO', 'shipByDate': '09/10/2021 21:20:26', 'processAfterDate': '', 'masterorderNo': '73555', 'priority': 'Normal', 'pickupLocation': '', 'fulfillmentLocName': 'SKECHERS SOUTH ASIA PRIVATE LIMITED', 'items': [{'lineno': '165054', 'extLineno': '165054', 'internalLineNo': '1', 'sku': '193642167313', 'primaryUPC': 'SKR24702', 'skuName': '13278-MVE/7/SHOE/SKECH-AIR STRATUS-WIND BREEZE', 'status': 'Shipped & Returned', 'imageUrl': 'https://imageserver.skechers.com/img/productimages/large/13278_MVE.jpg', 'uom': 'Each', 'uomqty': '1.00', 'conversion': '1.00', 'orderQty': '1.00', 'commitedQty': '0.00', 'cancelledQty': '0.00', 'shippedQty': '1.00', 'returnQty': '1.00', 'unitPrice': '3899.00', 'discountAmt': '0.00', 'promoCode': None, 'promoName': None, 'taxAmount': '594.76', 'openQty': '0.00', 'udf1': '', 'udf2': '', 'udf3': '', 'udf4': '', 'udf5': '', 'udf6': '', 'udf7': '', 'udf8': '', 'udf9': '', 'udf10': '', 'bundleSkuCode': None, 'shipByDate': '', 'fulfillmentLocCode': 'D42', 'fulfillmentLocName': 'SSAPL-BIG CENTRE THANE'}], 'paymentItems': [], 'customerGSTIN': '', 'codcharge': '0.00'}}, {'SO011089965': {'orderLocation': 'M01', 'orderId': 'M0133395', 'orderNo': 'SO011089965', 'extenalOrderNo': 'SO011089965', 'paymentMethod': 'Prepaid', 'status': 'Shipped & Returned', 'orderDate': '01/11/2021 16:15:31', 'orderAmount': '1650.00', 'orderCurrency': 'INR', 'conversionRate': '1.00', 'customerName': 'Ved  Vyas', 'shipAddress1': 'B11 Nandanvan park Behind Swastik School,opp c u shah medical college Surendranagar', 'shipAddress2': 'Gujarat GJ', 'shipAddress3': '', 'landmark': '', 'latitude': '', 'longitude': '', 'shipCity': 'Surendra Nagar', 'shipState': 'Gujarat', 'shipCountry': 'India', 'shipPincode': '363001', 'shipPhone1': '7490018003', 'shipPhone2': '7490018003', 'shipEmail1': 'vyasved78@gmail.com', 'shipEmail2': 'vyasved78@gmail.com', 'billName': 'Ved  Vyas', 'billAddress1': 'B11 Nandanvan park Behind Swastik School,opp c u shah medical college Surendranagar', 'billAddress2': 'Gujarat GJ', 'billAddress3': '', 'billCity': 'Surendra Nagar', 'billState': 'Gujarat', 'billCountry': 'India', 'billPincode': '363001', 'billPhone1': '7490018003', 'billPhone2': '7490018003', 'billEmail1': 'vyasved78@gmail.com', 'billEmail2': 'vyasved78@gmail.com', 'orderRemarks': None, 'shippingCharges': '0.00', 'handlingCharge2': '0.00', 'storeCredit': '0.00', 'isVerifiedOrder': '1', 'isOnHold': '0', 'giftvoucher': '0.00', 'otherDiscount': '0.00', 'discountCode': 'null', 'promoCode': None, 'promoName': None, 'cancelRemark': '', 'isGiftwrap': '0', 'giftwrapMsg': '', 'deliverySlot': '', 'customDataFeld1': '', 'customDataFeld2': '', 'customDataFeld3': '', 'customDataFeld4': '["Transaction is yet to complete"]', 'customDataFeld5': '', 'customDataFeld6': '', 'customDataFeld7': 'WCPI0384385855', 'customDataFeld8': '', 'customDataFeld9': '01/11/2021 10:46:32', 'customDataFeld10': '', 'discountAmount': '0.000', 'taxAmount': '251.69', 'updatedDate': '26/09/2022 17:21:15', 'mode': 'wms', 'IsReplacementOrder': 'No', 'originalOrderno': '', 'customerCode': '999999', 'extCustomerCode': '', 'clientId': '0', 'fulfillmentLocCode': 'SHO', 'extFulFillmentLocCode': 'SHO', 'orderSourceName': 'Webstore', 'collectibleAmount': '0.00', 'totalOrderLine': '1', 'delFulfillmentMode': '2', 'geoType': None, 'geoAddress': None, 'geoLatitude': None, 'geoLongitude': None, 'orderSource': 'M01', 'orderType': 'SO', 'shipByDate': '03/11/2021 16:15:31', 'processAfterDate': '', 'masterorderNo': '78663', 'priority': 'Normal', 'pickupLocation': '', 'fulfillmentLocName': 'SKECHERS SOUTH ASIA PRIVATE LIMITED', 'items': [{'lineno': '176578', 'extLineno': '176578', 'internalLineNo': '1', 'sku': '191665203902', 'primaryUPC': 'SKR13653', 'skuName': '55352-CHOC/12/SLIPPER/ON-THE-GO 600', 'status': 'Shipped & Returned', 'imageUrl': 'https://imageserver.skechers.com/img/productimages/large/55352_CHOC.jpg', 'uom': 'Each', 'uomqty': '1.00', 'conversion': '1.00', 'orderQty': '1.00', 'commitedQty': '0.00', 'cancelledQty': '0.00', 'shippedQty': '1.00', 'returnQty': '1.00', 'unitPrice': '1650.00', 'discountAmt': '0.00', 'promoCode': None, 'promoName': None, 'taxAmount': '251.69', 'openQty': '0.00', 'udf1': '', 'udf2': '', 'udf3': '', 'udf4': '', 'udf5': '', 'udf6': '', 'udf7': '', 'udf8': '', 'udf9': '', 'udf10': '', 'bundleSkuCode': None, 'shipByDate': '', 'fulfillmentLocCode': 'D42', 'fulfillmentLocName': 'SSAPL-BIG CENTRE THANE'}], 'paymentItems': [], 'customerGSTIN': '', 'codcharge': '0.00'}}, {'SO011090225': {'orderLocation': 'M01', 'orderId': 'M0133544', 'orderNo': 'SO011090225', 'extenalOrderNo': 'SO011090225', 'paymentMethod': 'Prepaid', 'status': 'Shipped & Returned', 'orderDate': '02/11/2021 20:43:14', 'orderAmount': '3599.00', 'orderCurrency': 'INR', 'conversionRate': '1.00', 'customerName': 'Rajendra  Gupta', 'shipAddress1': '128 Kandhai Hanuman Ganj', 'shipAddress2': 'Uttar Pradesh UP', 'shipAddress3': '', 'landmark': '', 'latitude': '', 'longitude': '', 'shipCity': 'Pratapgarh', 'shipState': 'Uttar Pradesh', 'shipCountry': 'India', 'shipPincode': '230403', 'shipPhone1': '9918944306', 'shipPhone2': '9918944306', 'shipEmail1': 'rajendrakimsln@gmail.com', 'shipEmail2': 'rajendrakimsln@gmail.com', 'billName': 'Rajendra  Gupta', 'billAddress1': '128 Kandhai Hanuman Ganj', 'billAddress2': 'Uttar Pradesh UP', 'billAddress3': '', 'billCity': 'Pratapgarh', 'billState': 'Uttar Pradesh', 'billCountry': 'India', 'billPincode': '230403', 'billPhone1': '9918944306', 'billPhone2': '9918944306', 'billEmail1': 'rajendrakimsln@gmail.com', 'billEmail2': 'rajendrakimsln@gmail.com', 'orderRemarks': None, 'shippingCharges': '0.00', 'handlingCharge2': '0.00', 'storeCredit': '0.00', 'isVerifiedOrder': '1', 'isOnHold': '0', 'giftvoucher': '0.00', 'otherDiscount': '0.00', 'discountCode': 'null', 'promoCode': None, 'promoName': None, 'cancelRemark': '', 'isGiftwrap': '0', 'giftwrapMsg': '', 'deliverySlot': '', 'customDataFeld1': '', 'customDataFeld2': '', 'customDataFeld3': '', 'customDataFeld4': '["Transaction is yet to complete"]', 'customDataFeld5': '', 'customDataFeld6': '', 'customDataFeld7': 'WCPI0387341555', 'customDataFeld8': '', 'customDataFeld9': '02/11/2021 15:15:11', 'customDataFeld10': '', 'discountAmount': '0.000', 'taxAmount': '549.00', 'updatedDate': '26/09/2022 17:21:42', 'mode': 'wms', 'IsReplacementOrder': 'No', 'originalOrderno': '', 'customerCode': '999999', 'extCustomerCode': '', 'clientId': '0', 'fulfillmentLocCode': 'SHO', 'extFulFillmentLocCode': 'SHO', 'orderSourceName': 'Webstore', 'collectibleAmount': '0.00', 'totalOrderLine': '1', 'delFulfillmentMode': '2', 'geoType': None, 'geoAddress': None, 'geoLatitude': None, 'geoLongitude': None, 'orderSource': 'M01', 'orderType': 'SO', 'shipByDate': '04/11/2021 20:43:14', 'processAfterDate': '', 'masterorderNo': '78921', 'priority': 'Normal', 'pickupLocation': '', 'fulfillmentLocName': 'SKECHERS SOUTH ASIA PRIVATE LIMITED', 'items': [{'lineno': '177158', 'extLineno': '177158', 'internalLineNo': '1', 'sku': '194428097343', 'primaryUPC': 'SKR26798', 'skuName': '220017-BBK/9/SHOE/GO TRAIL JACKRABBIT -', 'status': 'Shipped & Returned', 'imageUrl': 'https://imageserver.skechers.com/img/productimages/large/220017_BBK.jpg', 'uom': 'Each', 'uomqty': '1.00', 'conversion': '1.00', 'orderQty': '1.00', 'commitedQty': '0.00', 'cancelledQty': '0.00', 'shippedQty': '1.00', 'returnQty': '1.00', 'unitPrice': '3599.00', 'discountAmt': '0.00', 'promoCode': None, 'promoName': None, 'taxAmount': '549.00', 'openQty': '0.00', 'udf1': '', 'udf2': '', 'udf3': '', 'udf4': '', 'udf5': '', 'udf6': '', 'udf7': '', 'udf8': '', 'udf9': '', 'udf10': '', 'bundleSkuCode': None, 'shipByDate': '', 'fulfillmentLocCode': 'D42', 'fulfillmentLocName': 'SSAPL-BIG CENTRE THANE'}], 'paymentItems': [], 'customerGSTIN': '', 'codcharge': '0.00'}}, {'SO011094499': {'orderLocation': 'M01', 'orderId': 'M0135843', 'orderNo': 'SO011094499', 'extenalOrderNo': 'SO011094499', 'paymentMethod': 'Prepaid', 'status': 'Delivered', 'orderDate': '20/11/2021 14:01:57', 'orderAmount': '7579.00', 'orderCurrency': 'INR', 'conversionRate': '1.00', 'customerName': 'LALIT  TIWARI', 'shipAddress1': 'H.NO. 2025, 60 FEET ROAD OPP DR. DUA CLINIC SECTOR 3, BALLABGARH', 'shipAddress2': 'Haryana HR', 'shipAddress3': '', 'landmark': '', 'latitude': '', 'longitude': '', 'shipCity': 'Faridabad', 'shipState': 'Haryana', 'shipCountry': 'India', 'shipPincode': '121004', 'shipPhone1': '9313361750', 'shipPhone2': '9313361750', 'shipEmail1': 'LALIT.TIWARI@OUTLOOK.COM', 'shipEmail2': 'LALIT.TIWARI@OUTLOOK.COM', 'billName': 'LALIT  TIWARI', 'billAddress1': 'H.NO. 2025, 60 FEET ROAD OPP DR. DUA CLINIC SECTOR 3, BALLABGARH', 'billAddress2': 'Haryana HR', 'billAddress3': '', 'billCity': 'Faridabad', 'billState': 'Haryana', 'billCountry': 'India', 'billPincode': '121004', 'billPhone1': '9313361750', 'billPhone2': '9313361750', 'billEmail1': 'LALIT.TIWARI@OUTLOOK.COM', 'billEmail2': 'LALIT.TIWARI@OUTLOOK.COM', 'orderRemarks': None, 'shippingCharges': '0.00', 'handlingCharge2': '0.00', 'storeCredit': '0.00', 'isVerifiedOrder': '1', 'isOnHold': '0', 'giftvoucher': '0.00', 'otherDiscount': '0.00', 'discountCode': 'null', 'promoCode': None, 'promoName': None, 'cancelRemark': '', 'isGiftwrap': '0', 'giftwrapMsg': '', 'deliverySlot': '', 'customDataFeld1': '', 'customDataFeld2': '', 'customDataFeld3': '', 'customDataFeld4': '["Transaction is yet to complete"]', 'customDataFeld5': '', 'customDataFeld6': '', 'customDataFeld7': 'WHMP0423930138', 'customDataFeld8': '', 'customDataFeld9': '20/11/2021 08:33:03', 'customDataFeld10': '', 'discountAmount': '0.000', 'taxAmount': '1107.13', 'updatedDate': '26/09/2022 17:22:11', 'mode': 'wms', 'IsReplacementOrder': 'No', 'originalOrderno': '', 'customerCode': '999999', 'extCustomerCode': '', 'clientId': '0', 'fulfillmentLocCode': 'SHO', 'extFulFillmentLocCode': 'SHO', 'orderSourceName': 'Webstore', 'collectibleAmount': '0.00', 'totalOrderLine': '3', 'delFulfillmentMode': '2', 'geoType': None, 'geoAddress': None, 'geoLatitude': None, 'geoLongitude': None, 'orderSource': 'M01', 'orderType': 'SO', 'shipByDate': '22/11/2021 14:01:57', 'processAfterDate': '', 'masterorderNo': '83180', 'priority': 'Normal', 'pickupLocation': '', 'fulfillmentLocName': 'SKECHERS SOUTH ASIA PRIVATE LIMITED', 'items': [{'lineno': '186670', 'extLineno': '186670', 'internalLineNo': '1', 'sku': '192283984648', 'primaryUPC': 'SKR21254', 'skuName': '68671-BKW/10/SHOE/SHOGUN - DOWN TIME', 'status': 'Delivered', 'imageUrl': 'https://imageserver.skechers.com/img/productimages/large/68671_BKW.jpg', 'uom': 'Each', 'uomqty': '1.00', 'conversion': '1.00', 'orderQty': '1.00', 'commitedQty': '0.00', 'cancelledQty': '0.00', 'shippedQty': '1.00', 'returnQty': '0.00', 'unitPrice': '4000.00', 'discountAmt': '0.00', 'promoCode': None, 'promoName': None, 'taxAmount': '610.17', 'openQty': '0.00', 'udf1': '', 'udf2': '', 'udf3': '', 'udf4': '', 'udf5': '', 'udf6': '', 'udf7': '', 'udf8': '', 'udf9': '', 'udf10': '', 'bundleSkuCode': None, 'shipByDate': '', 'fulfillmentLocCode': 'D42', 'fulfillmentLocName': 'SSAPL-BIG CENTRE THANE'}, {'lineno': '186672', 'extLineno': '186672', 'internalLineNo': '2', 'sku': '191665421269', 'primaryUPC': 'SKR13496', 'skuName': '54684-NVGY/10/SHOE/GO WALK 4', 'status': 'Shipped & Returned', 'imageUrl': 'https://imageserver.skechers.com/img/productimages/large/54684_NVGY.jpg', 'uom': 'Each', 'uomqty': '1.00', 'conversion': '1.00', 'orderQty': '1.00', 'commitedQty': '0.00', 'cancelledQty': '0.00', 'shippedQty': '1.00', 'returnQty': '1.00', 'unitPrice': '2500.00', 'discountAmt': '0.00', 'promoCode': None, 'promoName': None, 'taxAmount': '381.36', 'openQty': '0.00', 'udf1': '', 'udf2': '', 'udf3': '', 'udf4': '', 'udf5': '', 'udf6': '', 'udf7': '', 'udf8': '', 'udf9': '', 'udf10': '', 'bundleSkuCode': None, 'shipByDate': '', 'fulfillmentLocCode': 'D42', 'fulfillmentLocName': 'SSAPL-BIG CENTRE THANE'}, {'lineno': '186674', 'extLineno': '186674', 'internalLineNo': '3', 'sku': '193642686456', 'primaryUPC': 'SKR24013', 'skuName': 'M4LT78A-CHAR/XL/T-SHIRTS/SKECHERS 92 LS', 'status': 'Shipped & Returned', 'imageUrl': 'https://imageserver.skechers.com/img/productimages/large/M4LT78A_CHAR.jpg', 'uom': 'Each', 'uomqty': '1.00', 'conversion': '1.00', 'orderQty': '1.00', 'commitedQty': '0.00', 'cancelledQty': '0.00', 'shippedQty': '1.00', 'returnQty': '1.00', 'unitPrice': '1079.00', 'discountAmt': '0.00', 'promoCode': None, 'promoName': None, 'taxAmount': '115.61', 'openQty': '0.00', 'udf1': '', 'udf2': '', 'udf3': '', 'udf4': '', 'udf5': '', 'udf6': '', 'udf7': '', 'udf8': '', 'udf9': '', 'udf10': '', 'bundleSkuCode': None, 'shipByDate': '', 'fulfillmentLocCode': 'D42', 'fulfillmentLocName': 'SSAPL-BIG CENTRE THANE'}], 'paymentItems': [], 'customerGSTIN': '', 'codcharge': '0.00'}}, {'SO011094240': {'orderLocation': 'M01', 'orderId': 'M0135685', 'orderNo': 'SO011094240', 'extenalOrderNo': 'SO011094240', 'paymentMethod': 'Prepaid', 'status': 'Delivered', 'orderDate': '19/11/2021 14:40:36', 'orderAmount': '5999.00', 'orderCurrency': 'INR', 'conversionRate': '1.00', 'customerName': 'Suryansh  Gupta', 'shipAddress1': 'Satya Prakash Bhawan Phagwara Road Shakti Trading Company', 'shipAddress2': 'Punjab PB', 'shipAddress3': '', 'landmark': '', 'latitude': '', 'longitude': '', 'shipCity': 'Hoshiarpur', 'shipState': 'Punjab', 'shipCountry': 'India', 'shipPincode': '146001', 'shipPhone1': '9060300022', 'shipPhone2': '9060300022', 'shipEmail1': 'suryanshgupta145@gmail.com', 'shipEmail2': 'suryanshgupta145@gmail.com', 'billName': 'Suryansh  Gupta', 'billAddress1': 'Satya Prakash Bhawan Phagwara Road Shakti Trading Company', 'billAddress2': 'Punjab PB', 'billAddress3': '', 'billCity': 'Hoshiarpur', 'billState': 'Punjab', 'billCountry': 'India', 'billPincode': '146001', 'billPhone1': '9060300022', 'billPhone2': '9060300022', 'billEmail1': 'suryanshgupta145@gmail.com', 'billEmail2': 'suryanshgupta145@gmail.com', 'orderRemarks': None, 'shippingCharges': '0.00', 'handlingCharge2': '0.00', 'storeCredit': '0.00', 'isVerifiedOrder': '1', 'isOnHold': '0', 'giftvoucher': '0.00', 'otherDiscount': '0.00', 'discountCode': 'null', 'promoCode': None, 'promoName': None, 'cancelRemark': '', 'isGiftwrap': '0', 'giftwrapMsg': '', 'deliverySlot': '', 'customDataFeld1': '', 'customDataFeld2': '', 'customDataFeld3': '', 'customDataFeld4': '["Transaction is yet to complete"]', 'customDataFeld5': '', 'customDataFeld6': '', 'customDataFeld7': 'WHMP0422070025', 'customDataFeld8': '', 'customDataFeld9': '19/11/2021 09:12:18', 'customDataFeld10': '', 'discountAmount': '0.000', 'taxAmount': '915.10', 'updatedDate': '26/09/2022 17:24:03', 'mode': 'wms', 'IsReplacementOrder': 'No', 'originalOrderno': '', 'customerCode': '999999', 'extCustomerCode': '', 'clientId': '0', 'fulfillmentLocCode': 'SHO', 'extFulFillmentLocCode': 'SHO', 'orderSourceName': 'Webstore', 'collectibleAmount': '0.00', 'totalOrderLine': '2', 'delFulfillmentMode': '2', 'geoType': None, 'geoAddress': None, 'geoLatitude': None, 'geoLongitude': None, 'orderSource': 'M01', 'orderType': 'SO', 'shipByDate': '21/11/2021 14:40:36', 'processAfterDate': '', 'masterorderNo': '82922', 'priority': 'Normal', 'pickupLocation': '', 'fulfillmentLocName': 'SKECHERS SOUTH ASIA PRIVATE LIMITED', 'items': [{'lineno': '186092', 'extLineno': '186092', 'internalLineNo': '1', 'sku': '193113914057', 'primaryUPC': 'SKR21729', 'skuName': '55509-BBK/7/SHOE/GO WALK 5-QUALIFY', 'status': 'Shipped & Returned', 'imageUrl': 'https://imageserver.skechers.com/img/productimages/large/55509_BBK.jpg', 'uom': 'Each', 'uomqty': '1.00', 'conversion': '1.00', 'orderQty': '1.00', 'commitedQty': '0.00', 'cancelledQty': '0.00', 'shippedQty': '1.00', 'returnQty': '1.00', 'unitPrice': '2999.00', 'discountAmt': '0.00', 'promoCode': None, 'promoName': None, 'taxAmount': '457.47', 'openQty': '0.00', 'udf1': '', 'udf2': '', 'udf3': '', 'udf4': '', 'udf5': '', 'udf6': '', 'udf7': '', 'udf8': '', 'udf9': '', 'udf10': '', 'bundleSkuCode': None, 'shipByDate': '', 'fulfillmentLocCode': 'D42', 'fulfillmentLocName': 'SSAPL-BIG CENTRE THANE'}, {'lineno': '186094', 'extLineno': '186094', 'internalLineNo': '2', 'sku': '193113266705', 'primaryUPC': 'SKR22784', 'skuName': '52871-BKGY/7/SHOE/ELITE FLEX-CLEAR LEAF', 'status': 'Delivered', 'imageUrl': 'https://imageserver.skechers.com/img/productimages/large/52871_BKGY.jpg', 'uom': 'Each', 'uomqty': '1.00', 'conversion': '1.00', 'orderQty': '1.00', 'commitedQty': '0.00', 'cancelledQty': '0.00', 'shippedQty': '1.00', 'returnQty': '0.00', 'unitPrice': '3000.00', 'discountAmt': '0.00', 'promoCode': None, 'promoName': None, 'taxAmount': '457.63', 'openQty': '0.00', 'udf1': '', 'udf2': '', 'udf3': '', 'udf4': '', 'udf5': '', 'udf6': '', 'udf7': '', 'udf8': '', 'udf9': '', 'udf10': '', 'bundleSkuCode': None, 'shipByDate': '', 'fulfillmentLocCode': 'D33', 'fulfillmentLocName': 'SSAPL-OMR-CHENNAI'}], 'paymentItems': [], 'customerGSTIN': '', 'codcharge': '0.00'}}, {'SO011094936': {'orderLocation': 'M01', 'orderId': 'M0136067', 'orderNo': 'SO011094936', 'extenalOrderNo': 'SO011094936', 'paymentMethod': 'Prepaid', 'status': 'Allocated', 'orderDate': '21/11/2021 18:37:19', 'orderAmount': '7723.00', 'orderCurrency': 'INR', 'conversionRate': '1.00', 'customerName': 'Pankaj  Kabra', 'shipAddress1': 'Mhasawad Road  Behind MSEB substation', 'shipAddress2': 'Maharashtra MH', 'shipAddress3': '', 'landmark': '', 'latitude': '', 'longitude': '', 'shipCity': 'Jalgaon', 'shipState': 'Maharashtra', 'shipCountry': 'India', 'shipPincode': '425109', 'shipPhone1': '9422258798', 'shipPhone2': '9422258798', 'shipEmail1': 'pankajmkabra@gmail.com', 'shipEmail2': 'pankajmkabra@gmail.com', 'billName': 'Pankaj  Kabra', 'billAddress1': 'Mhasawad Road  Behind MSEB substation', 'billAddress2': 'Maharashtra MH', 'billAddress3': '', 'billCity': 'Jalgaon', 'billState': 'Maharashtra', 'billCountry': 'India', 'billPincode': '425109', 'billPhone1': '9422258798', 'billPhone2': '9422258798', 'billEmail1': 'pankajmkabra@gmail.com', 'billEmail2': 'pankajmkabra@gmail.com', 'orderRemarks': None, 'shippingCharges': '0.00', 'handlingCharge2': '0.00', 'storeCredit': '0.00', 'isVerifiedOrder': '1', 'isOnHold': '0', 'giftvoucher': '0.00', 'otherDiscount': '0.00', 'discountCode': 'null', 'promoCode': None, 'promoName': None, 'cancelRemark': '', 'isGiftwrap': '0', 'giftwrapMsg': '', 'deliverySlot': '', 'customDataFeld1': '', 'customDataFeld2': '', 'customDataFeld3': '', 'customDataFeld4': '["Transaction is yet to complete"]', 'customDataFeld5': '', 'customDataFeld6': '', 'customDataFeld7': 'WSBI0426098858', 'customDataFeld8': '', 'customDataFeld9': '21/11/2021 13:11:13', 'customDataFeld10': '', 'discountAmount': '0.000', 'taxAmount': '1059.00', 'updatedDate': '26/09/2022 17:25:35', 'mode': 'wms', 'IsReplacementOrder': 'No', 'originalOrderno': '', 'customerCode': '999999', 'extCustomerCode': '', 'clientId': '0', 'fulfillmentLocCode': 'SHO', 'extFulFillmentLocCode': 'SHO', 'orderSourceName': 'Webstore', 'collectibleAmount': '0.00', 'totalOrderLine': '4', 'delFulfillmentMode': '2', 'geoType': None, 'geoAddress': None, 'geoLatitude': None, 'geoLongitude': None, 'orderSource': 'M01', 'orderType': 'SO', 'shipByDate': '23/11/2021 18:37:19', 'processAfterDate': '', 'masterorderNo': '83617', 'priority': 'Normal', 'pickupLocation': '', 'fulfillmentLocName': 'SKECHERS SOUTH ASIA PRIVATE LIMITED', 'items': [{'lineno': '187706', 'extLineno': '187706', 'internalLineNo': '1', 'sku': '190211726193', 'primaryUPC': 'SKR13267', 'skuName': '54150-BBK/11/SHOE/GO WALK 4', 'status': 'Shipped & Returned', 'imageUrl': 'https://imageserver.skechers.com/img/productimages/large/54150_BBK.jpg', 'uom': 'Each', 'uomqty': '1.00', 'conversion': '1.00', 'orderQty': '1.00', 'commitedQty': '0.00', 'cancelledQty': '0.00', 'shippedQty': '1.00', 'returnQty': '1.00', 'unitPrice': '2850.00', 'discountAmt': '0.00', 'promoCode': None, 'promoName': None, 'taxAmount': '434.75', 'openQty': '0.00', 'udf1': '', 'udf2': '', 'udf3': '', 'udf4': '', 'udf5': '', 'udf6': '', 'udf7': '', 'udf8': '', 'udf9': '', 'udf10': '', 'bundleSkuCode': None, 'shipByDate': '', 'fulfillmentLocCode': 'A74', 'fulfillmentLocName': 'SSAPL-E-COM'}, {'lineno': '187708', 'extLineno': '187708', 'internalLineNo': '2', 'sku': '193113565303', 'primaryUPC': 'SKR19527', 'skuName': '66043-BRN/10/SANDAL/PELEM-BERONE', 'status': 'Shipped & Returned', 'imageUrl': 'https://imageserver.skechers.com/img/productimages/large/66043_BRN.jpg', 'uom': 'Each', 'uomqty': '1.00', 'conversion': '1.00', 'orderQty': '1.00', 'commitedQty': '0.00', 'cancelledQty': '0.00', 'shippedQty': '1.00', 'returnQty': '1.00', 'unitPrice': '2250.00', 'discountAmt': '0.00', 'promoCode': None, 'promoName': None, 'taxAmount': '343.22', 'openQty': '0.00', 'udf1': '', 'udf2': '', 'udf3': '', 'udf4': '', 'udf5': '', 'udf6': '', 'udf7': '', 'udf8': '', 'udf9': '', 'udf10': '', 'bundleSkuCode': None, 'shipByDate': '', 'fulfillmentLocCode': 'D42', 'fulfillmentLocName': 'SSAPL-BIG CENTRE THANE'}, {'lineno': '187710', 'extLineno': '187710', 'internalLineNo': '3', 'sku': '194880184148', 'primaryUPC': 'SKR32221', 'skuName': 'M3TS240A-BLU/L/TOPWEAR/SEAMLESS S/S TEE', 'status': 'Allocated', 'imageUrl': 'https://imageserver.skechers.com/img/productimages/large/M3TS240A_BLU.jpg', 'uom': 'Each', 'uomqty': '1.00', 'conversion': '1.00', 'orderQty': '1.00', 'commitedQty': '1.00', 'cancelledQty': '0.00', 'shippedQty': '0.00', 'returnQty': '0.00', 'unitPrice': '1274.00', 'discountAmt': '0.00', 'promoCode': None, 'promoName': None, 'taxAmount': '136.50', 'openQty': '0.00', 'udf1': '', 'udf2': '', 'udf3': '', 'udf4': '', 'udf5': '', 'udf6': '', 'udf7': '', 'udf8': '', 'udf9': '', 'udf10': '', 'bundleSkuCode': None, 'shipByDate': '', 'fulfillmentLocCode': 'D52', 'fulfillmentLocName': 'SSAPL - AKSHARDHAM NCR'}, {'lineno': '187712', 'extLineno': '187712', 'internalLineNo': '4', 'sku': '194428633107', 'primaryUPC': 'SKR29664', 'skuName': 'M2SH49A-NVY/M/BOTTOMWEAR/TRIBUTE 7" SHORT', 'status': 'Delivered', 'imageUrl': 'https://imageserver.skechers.com/img/productimages/large/M2SH49A_NVY.jpg', 'uom': 'Each', 'uomqty': '1.00', 'conversion': '1.00', 'orderQty': '1.00', 'commitedQty': '0.00', 'cancelledQty': '0.00', 'shippedQty': '1.00', 'returnQty': '0.00', 'unitPrice': '1349.00', 'discountAmt': '0.00', 'promoCode': None, 'promoName': None, 'taxAmount': '144.54', 'openQty': '0.00', 'udf1': '', 'udf2': '', 'udf3': '', 'udf4': '', 'udf5': '', 'udf6': '', 'udf7': '', 'udf8': '', 'udf9': '', 'udf10': '', 'bundleSkuCode': None, 'shipByDate': '', 'fulfillmentLocCode': 'A26', 'fulfillmentLocName': 'SSAPL-KOLKATA FORUM'}], 'paymentItems': [], 'customerGSTIN': '', 'codcharge': '0.00'}}, {'SO011096617': {'orderLocation': 'M01', 'orderId': 'M0136993', 'orderNo': 'SO011096617', 'extenalOrderNo': 'SO011096617', 'paymentMethod': 'Prepaid', 'status': 'Shipped & Returned', 'orderDate': '26/11/2021 13:44:10', 'orderAmount': '3500.00', 'orderCurrency': 'INR', 'conversionRate': '1.00', 'customerName': 'Vishal  Chauhan', 'shipAddress1': 'Ivy International School Shimla, Chakryal Kamlanagar', 'shipAddress2': 'Himachal Pradesh HP', 'shipAddress3': '', 'landmark': '', 'latitude': '', 'longitude': '', 'shipCity': 'Shimla', 'shipState': 'Himachal Pradesh', 'shipCountry': 'India', 'shipPincode': '171006', 'shipPhone1': '9882366666', 'shipPhone2': '9882366666', 'shipEmail1': 'vishal@ivyshimla.com', 'shipEmail2': 'vishal@ivyshimla.com', 'billName': 'Vishal  Chauhan', 'billAddress1': 'Ivy International School Shimla, Chakryal Kamlanagar', 'billAddress2': 'Himachal Pradesh HP', 'billAddress3': '', 'billCity': 'Shimla', 'billState': 'Himachal Pradesh', 'billCountry': 'India', 'billPincode': '171006', 'billPhone1': '9882366666', 'billPhone2': '9882366666', 'billEmail1': 'vishal@ivyshimla.com', 'billEmail2': 'vishal@ivyshimla.com', 'orderRemarks': None, 'shippingCharges': '0.00', 'handlingCharge2': '0.00', 'storeCredit': '0.00', 'isVerifiedOrder': '1', 'isOnHold': '0', 'giftvoucher': '0.00', 'otherDiscount': '0.00', 'discountCode': 'null', 'promoCode': None, 'promoName': None, 'cancelRemark': '', 'isGiftwrap': '0', 'giftwrapMsg': '', 'deliverySlot': '', 'customDataFeld1': '', 'customDataFeld2': '', 'customDataFeld3': '', 'customDataFeld4': '["Transaction is yet to complete"]', 'customDataFeld5': '', 'customDataFeld6': '', 'customDataFeld7': 'WHMP0436237922', 'customDataFeld8': '', 'customDataFeld9': '26/11/2021 08:16:15', 'customDataFeld10': '', 'discountAmount': '0.000', 'taxAmount': '533.90', 'updatedDate': '26/09/2022 17:26:05', 'mode': 'wms', 'IsReplacementOrder': 'No', 'originalOrderno': '', 'customerCode': '999999', 'extCustomerCode': '', 'clientId': '0', 'fulfillmentLocCode': 'SHO', 'extFulFillmentLocCode': 'SHO', 'orderSourceName': 'Webstore', 'collectibleAmount': '0.00', 'totalOrderLine': '1', 'delFulfillmentMode': '2', 'geoType': None, 'geoAddress': None, 'geoLatitude': None, 'geoLongitude': None, 'orderSource': 'M01', 'orderType': 'SO', 'shipByDate': '28/11/2021 13:44:10', 'processAfterDate': '', 'masterorderNo': '85293', 'priority': 'Normal', 'pickupLocation': '', 'fulfillmentLocName': 'SKECHERS SOUTH ASIA PRIVATE LIMITED', 'items': [{'lineno': '191544', 'extLineno': '191544', 'internalLineNo': '1', 'sku': '193642235692', 'primaryUPC': 'SKR24814', 'skuName': '66401-CHAR/9/SHOE/BREGMAN-MODESO', 'status': 'Shipped & Returned', 'imageUrl': 'https://imageserver.skechers.com/img/productimages/large/66401_CHAR.jpg', 'uom': 'Each', 'uomqty': '1.00', 'conversion': '1.00', 'orderQty': '1.00', 'commitedQty': '0.00', 'cancelledQty': '0.00', 'shippedQty': '1.00', 'returnQty': '1.00', 'unitPrice': '3500.00', 'discountAmt': '0.00', 'promoCode': None, 'promoName': None, 'taxAmount': '533.90', 'openQty': '0.00', 'udf1': '', 'udf2': '', 'udf3': '', 'udf4': '', 'udf5': '', 'udf6': '', 'udf7': '', 'udf8': '', 'udf9': '', 'udf10': '', 'bundleSkuCode': None, 'shipByDate': '', 'fulfillmentLocCode': 'D42', 'fulfillmentLocName': 'SSAPL-BIG CENTRE THANE'}], 'paymentItems': [], 'customerGSTIN': '', 'codcharge': '0.00'}}, {'SO011091500': {'orderLocation': 'M01', 'orderId': 'M0134236', 'orderNo': 'SO011091500', 'extenalOrderNo': 'SO011091500', 'paymentMethod': 'Prepaid', 'status': 'Delivered', 'orderDate': '08/11/2021 23:07:46', 'orderAmount': '3099.00', 'orderCurrency': 'INR', 'conversionRate': '1.00', 'customerName': 'Hitesh  Sharma', 'shipAddress1': 'Y4/308, GYH Enclave, Siddharth Vihar, Sector-7', 'shipAddress2': 'Uttar Pradesh UP', 'shipAddress3': '', 'landmark': '', 'latitude': '', 'longitude': '', 'shipCity': 'Ghaziabad', 'shipState': 'Uttar Pradesh', 'shipCountry': 'India', 'shipPincode': '201009', 'shipPhone1': '9821728233', 'shipPhone2': '9821728233', 'shipEmail1': 'hiteshsharmalatti@gmail.com', 'shipEmail2': 'hiteshsharmalatti@gmail.com', 'billName': 'Hitesh  Sharma', 'billAddress1': 'Y4/308, GYH Enclave, Siddharth Vihar, Sector-7', 'billAddress2': 'Uttar Pradesh UP', 'billAddress3': '', 'billCity': 'Ghaziabad', 'billState': 'Uttar Pradesh', 'billCountry': 'India', 'billPincode': '201009', 'billPhone1': '9821728233', 'billPhone2': '9821728233', 'billEmail1': 'hiteshsharmalatti@gmail.com', 'billEmail2': 'hiteshsharmalatti@gmail.com', 'orderRemarks': None, 'shippingCharges': '0.00', 'handlingCharge2': '0.00', 'storeCredit': '0.00', 'isVerifiedOrder': '1', 'isOnHold': '0', 'giftvoucher': '0.00', 'otherDiscount': '0.00', 'discountCode': 'null', 'promoCode': None, 'promoName': None, 'cancelRemark': '', 'isGiftwrap': '0', 'giftwrapMsg': '', 'deliverySlot': '', 'customDataFeld1': '', 'customDataFeld2': '', 'customDataFeld3': '', 'customDataFeld4': '["Transaction is yet to complete"]', 'customDataFeld5': '', 'customDataFeld6': '', 'customDataFeld7': 'WICI0399154092', 'customDataFeld8': '', 'customDataFeld9': '08/11/2021 17:43:15', 'customDataFeld10': '', 'discountAmount': '0.000', 'taxAmount': '367.81', 'updatedDate': '26/09/2022 17:29:10', 'mode': 'wms', 'IsReplacementOrder': 'No', 'originalOrderno': '', 'customerCode': '999999', 'extCustomerCode': '', 'clientId': '0', 'fulfillmentLocCode': 'SHO', 'extFulFillmentLocCode': 'SHO', 'orderSourceName': 'Webstore', 'collectibleAmount': '0.00', 'totalOrderLine': '2', 'delFulfillmentMode': '2', 'geoType': None, 'geoAddress': None, 'geoLatitude': None, 'geoLongitude': None, 'orderSource': 'M01', 'orderType': 'SO', 'shipByDate': '10/11/2021 23:07:46', 'processAfterDate': '', 'masterorderNo': '80191', 'priority': 'Normal', 'pickupLocation': '', 'fulfillmentLocName': 'SKECHERS SOUTH ASIA PRIVATE LIMITED', 'items': [{'lineno': '180026', 'extLineno': '180026', 'internalLineNo': '1', 'sku': '190872287422', 'primaryUPC': 'SKR13901', 'skuName': '90604L-CCOR/4/SHOE/ENERGY LIGHTS- TARVOS', 'status': 'Shipped & Returned', 'imageUrl': 'https://imageserver.skechers.com/img/productimages/large/90604L_CCOR.jpg', 'uom': 'Each', 'uomqty': '1.00', 'conversion': '1.00', 'orderQty': '1.00', 'commitedQty': '0.00', 'cancelledQty': '0.00', 'shippedQty': '1.00', 'returnQty': '1.00', 'unitPrice': '2099.00', 'discountAmt': '0.00', 'promoCode': None, 'promoName': None, 'taxAmount': '320.19', 'openQty': '0.00', 'udf1': '', 'udf2': '', 'udf3': '', 'udf4': '', 'udf5': '', 'udf6': '', 'udf7': '', 'udf8': '', 'udf9': '', 'udf10': '', 'bundleSkuCode': None, 'shipByDate': '', 'fulfillmentLocCode': 'D42', 'fulfillmentLocName': 'SSAPL-BIG CENTRE THANE'}, {'lineno': '180028', 'extLineno': '180028', 'internalLineNo': '2', 'sku': '192283208997', 'primaryUPC': 'SKR19455', 'skuName': '97850L-NVOR/6/SHOE/GO WALK MAX', 'status': 'Delivered', 'imageUrl': 'https://imageserver.skechers.com/img/productimages/large/97850L_NVOR.jpg', 'uom': 'Each', 'uomqty': '1.00', 'conversion': '1.00', 'orderQty': '1.00', 'commitedQty': '0.00', 'cancelledQty': '0.00', 'shippedQty': '1.00', 'returnQty': '0.00', 'unitPrice': '1000.00', 'discountAmt': '0.00', 'promoCode': None, 'promoName': None, 'taxAmount': '47.62', 'openQty': '0.00', 'udf1': '', 'udf2': '', 'udf3': '', 'udf4': '', 'udf5': '', 'udf6': '', 'udf7': '', 'udf8': '', 'udf9': '', 'udf10': '', 'bundleSkuCode': None, 'shipByDate': '', 'fulfillmentLocCode': 'D33', 'fulfillmentLocName': 'SSAPL-OMR-CHENNAI'}], 'paymentItems': [], 'customerGSTIN': '', 'codcharge': '0.00'}}, {'SO011089355': {'orderLocation': 'M01', 'orderId': 'M0133069', 'orderNo': 'SO011089355', 'extenalOrderNo': 'SO011089355', 'paymentMethod': 'Prepaid', 'status': 'Shipped & Returned', 'orderDate': '29/10/2021 17:55:03', 'orderAmount': '5499.00', 'orderCurrency': 'INR', 'conversionRate': '1.00', 'customerName': 'Binita  Lama', 'shipAddress1': 'Flat 5D,  Baikuntha Apartment 114 NSC BOSE ROAD', 'shipAddress2': 'West Bengal WB', 'shipAddress3': '', 'landmark': '', 'latitude': '', 'longitude': '', 'shipCity': 'Kolkata', 'shipState': 'West Bengal', 'shipCountry': 'India', 'shipPincode': '700040', 'shipPhone1': '9007044136', 'shipPhone2': '9007044136', 'shipEmail1': 'binita.l.pradhan@gmail.com', 'shipEmail2': 'binita.l.pradhan@gmail.com', 'billName': 'Binita  Lama', 'billAddress1': 'Flat 5D,  Baikuntha Apartment 114 NSC BOSE ROAD', 'billAddress2': 'West Bengal WB', 'billAddress3': '', 'billCity': 'Kolkata', 'billState': 'West Bengal', 'billCountry': 'India', 'billPincode': '700040', 'billPhone1': '9007044136', 'billPhone2': '9007044136', 'billEmail1': 'binita.l.pradhan@gmail.com', 'billEmail2': 'binita.l.pradhan@gmail.com', 'orderRemarks': None, 'shippingCharges': '0.00', 'handlingCharge2': '0.00', 'storeCredit': '0.00', 'isVerifiedOrder': '1', 'isOnHold': '0', 'giftvoucher': '0.00', 'otherDiscount': '0.00', 'discountCode': 'null', 'promoCode': None, 'promoName': None, 'cancelRemark': '', 'isGiftwrap': '0', 'giftwrapMsg': '', 'deliverySlot': '', 'customDataFeld1': '', 'customDataFeld2': '', 'customDataFeld3': '', 'customDataFeld4': '["Transaction is yet to complete"]', 'customDataFeld5': '', 'customDataFeld6': '', 'customDataFeld7': 'WHMP0377484332', 'customDataFeld8': '', 'customDataFeld9': '29/10/2021 12:26:55', 'customDataFeld10': '', 'discountAmount': '0.000', 'taxAmount': '838.83', 'updatedDate': '26/09/2022 17:32:03', 'mode': 'wms', 'IsReplacementOrder': 'No', 'originalOrderno': '', 'customerCode': '999999', 'extCustomerCode': '', 'clientId': '0', 'fulfillmentLocCode': 'SHO', 'extFulFillmentLocCode': 'SHO', 'orderSourceName': 'Webstore', 'collectibleAmount': '0.00', 'totalOrderLine': '1', 'delFulfillmentMode': '2', 'geoType': None, 'geoAddress': None, 'geoLatitude': None, 'geoLongitude': None, 'orderSource': 'M01', 'orderType': 'SO', 'shipByDate': '31/10/2021 17:55:03', 'processAfterDate': '', 'masterorderNo': '78066', 'priority': 'Normal', 'pickupLocation': '', 'fulfillmentLocName': 'SKECHERS SOUTH ASIA PRIVATE LIMITED', 'items': [{'lineno': '175276', 'extLineno': '175276', 'internalLineNo': '1', 'sku': '191665119197', 'primaryUPC': 'SKR21510', 'skuName': '73690-WHT/6/SHOE/UNO - STAND ON AIR', 'status': 'Shipped & Returned', 'imageUrl': 'https://imageserver.skechers.com/img/productimages/large/73690_WHT.jpg', 'uom': 'Each', 'uomqty': '1.00', 'conversion': '1.00', 'orderQty': '1.00', 'commitedQty': '0.00', 'cancelledQty': '0.00', 'shippedQty': '1.00', 'returnQty': '1.00', 'unitPrice': '5499.00', 'discountAmt': '0.00', 'promoCode': None, 'promoName': None, 'taxAmount': '838.83', 'openQty': '0.00', 'udf1': '', 'udf2': '', 'udf3': '', 'udf4': '', 'udf5': '', 'udf6': '', 'udf7': '', 'udf8': '', 'udf9': '', 'udf10': '', 'bundleSkuCode': None, 'shipByDate': '', 'fulfillmentLocCode': 'D42', 'fulfillmentLocName': 'SSAPL-BIG CENTRE THANE'}], 'paymentItems': [], 'customerGSTIN': '', 'codcharge': '0.00'}}, {'SO011079372': {'orderLocation': 'M01', 'orderId': 'M0127948', 'orderNo': 'SO011079372', 'extenalOrderNo': 'SO011079372', 'paymentMethod': 'Prepaid', 'status': 'Shipped & Returned', 'orderDate': '09/09/2021 21:35:52', 'orderAmount': '3250.00', 'orderCurrency': 'INR', 'conversionRate': '1.00', 'customerName': 'Ashok  Pandey', 'shipAddress1': '64 Astha Vihar Phase-2, Awadhpuri BHEL Near Regal Town', 'shipAddress2': 'Madhya Pradesh MP', 'shipAddress3': '', 'landmark': '', 'latitude': '', 'longitude': '', 'shipCity': 'Bhopal', 'shipState': 'Madhya Pradesh', 'shipCountry': 'India', 'shipPincode': '462022', 'shipPhone1': '09755163388', 'shipPhone2': '09755163388', 'shipEmail1': 'ashokpanday@gmail.com', 'shipEmail2': 'ashokpanday@gmail.com', 'billName': 'Ashok  Pandey', 'billAddress1': '64 Astha Vihar Phase-2, Awadhpuri BHEL Near Regal Town', 'billAddress2': 'Madhya Pradesh MP', 'billAddress3': '', 'billCity': 'Bhopal', 'billState': 'Madhya Pradesh', 'billCountry': 'India', 'billPincode': '462022', 'billPhone1': '09755163388', 'billPhone2': '09755163388', 'billEmail1': 'ashokpanday@gmail.com', 'billEmail2': 'ashokpanday@gmail.com', 'orderRemarks': None, 'shippingCharges': '0.00', 'handlingCharge2': '0.00', 'storeCredit': '0.00', 'isVerifiedOrder': '1', 'isOnHold': '0', 'giftvoucher': '0.00', 'otherDiscount': '0.00', 'discountCode': 'null', 'promoCode': None, 'promoName': None, 'cancelRemark': '', 'isGiftwrap': '0', 'giftwrapMsg': '', 'deliverySlot': '', 'customDataFeld1': '', 'customDataFeld2': '', 'customDataFeld3': '', 'customDataFeld4': '["Transaction is yet to complete"]', 'customDataFeld5': '', 'customDataFeld6': '', 'customDataFeld7': 'WSBI0259216005', 'customDataFeld8': '', 'customDataFeld9': '09/09/2021 16:07:11', 'customDataFeld10': '', 'discountAmount': '0.000', 'taxAmount': '495.76', 'updatedDate': '26/09/2022 17:42:57', 'mode': 'wms', 'IsReplacementOrder': 'No', 'originalOrderno': '', 'customerCode': '999999', 'extCustomerCode': '', 'clientId': '0', 'fulfillmentLocCode': 'SHO', 'extFulFillmentLocCode': 'SHO', 'orderSourceName': 'Webstore', 'collectibleAmount': '0.00', 'totalOrderLine': '1', 'delFulfillmentMode': '2', 'geoType': None, 'geoAddress': None, 'geoLatitude': None, 'geoLongitude': None, 'orderSource': 'M01', 'orderType': 'SO', 'shipByDate': '11/09/2021 21:35:52', 'processAfterDate': '', 'masterorderNo': '68654', 'priority': 'Normal', 'pickupLocation': '', 'fulfillmentLocName': 'SKECHERS SOUTH ASIA PRIVATE LIMITED', 'items': [{'lineno': '153964', 'extLineno': '153964', 'internalLineNo': '1', 'sku': '194428038537', 'primaryUPC': 'SKR26666', 'skuName': '232029-BKLM/9/SHOE/ULTRA GROOVE', 'status': 'Shipped & Returned', 'imageUrl': 'https://imageserver.skechers.com/img/productimages/large/232029_BKLM.jpg', 'uom': 'Each', 'uomqty': '1.00', 'conversion': '1.00', 'orderQty': '1.00', 'commitedQty': '0.00', 'cancelledQty': '0.00', 'shippedQty': '1.00', 'returnQty': '1.00', 'unitPrice': '3250.00', 'discountAmt': '0.00', 'promoCode': None, 'promoName': None, 'taxAmount': '495.76', 'openQty': '0.00', 'udf1': '', 'udf2': '', 'udf3': '', 'udf4': '', 'udf5': '', 'udf6': '', 'udf7': '', 'udf8': '', 'udf9': '', 'udf10': '', 'bundleSkuCode': None, 'shipByDate': '', 'fulfillmentLocCode': 'D42', 'fulfillmentLocName': 'SSAPL-BIG CENTRE THANE'}], 'paymentItems': [], 'customerGSTIN': '', 'codcharge': '0.00'}}, {'SO011097097': {'orderLocation': 'M01', 'orderId': 'M0137253', 'orderNo': 'SO011097097', 'extenalOrderNo': 'SO011097097', 'paymentMethod': 'Prepaid', 'status': 'Shipped & Returned', 'orderDate': '27/11/2021 14:50:11', 'orderAmount': '2999.00', 'orderCurrency': 'INR', 'conversionRate': '1.00', 'customerName': 'Lovish  Goyal', 'shipAddress1': 'Atc mart  heera tower  Nabha bhabhat road  Opposite liquor and wine shop near victoria society', 'shipAddress2': 'Punjab PB', 'shipAddress3': '', 'landmark': '', 'latitude': '', 'longitude': '', 'shipCity': 'Patiala', 'shipState': 'Punjab', 'shipCountry': 'India', 'shipPincode': '140603', 'shipPhone1': '7009769920', 'shipPhone2': '7009769920', 'shipEmail1': 'lovishgoyal@gmail.com', 'shipEmail2': 'lovishgoyal@gmail.com', 'billName': 'Lovish  Goyal', 'billAddress1': 'Atc mart  heera tower  Nabha bhabhat road  Opposite liquor and wine shop near victoria society', 'billAddress2': 'Punjab PB', 'billAddress3': '', 'billCity': 'Patiala', 'billState': 'Punjab', 'billCountry': 'India', 'billPincode': '140603', 'billPhone1': '7009769920', 'billPhone2': '7009769920', 'billEmail1': 'lovishgoyal@gmail.com', 'billEmail2': 'lovishgoyal@gmail.com', 'orderRemarks': None, 'shippingCharges': '0.00', 'handlingCharge2': '0.00', 'storeCredit': '0.00', 'isVerifiedOrder': '1', 'isOnHold': '0', 'giftvoucher': '0.00', 'otherDiscount': '0.00', 'discountCode': 'null', 'promoCode': None, 'promoName': None, 'cancelRemark': '', 'isGiftwrap': '0', 'giftwrapMsg': '', 'deliverySlot': '', 'customDataFeld1': '', 'customDataFeld2': '', 'customDataFeld3': '', 'customDataFeld4': '["Transaction is yet to complete"]', 'customDataFeld5': '', 'customDataFeld6': '', 'customDataFeld7': 'WHMP0438381746', 'customDataFeld8': '', 'customDataFeld9': '27/11/2021 09:21:42', 'customDataFeld10': '', 'discountAmount': '0.000', 'taxAmount': '457.47', 'updatedDate': '26/09/2022 17:54:50', 'mode': 'wms', 'IsReplacementOrder': 'No', 'originalOrderno': '', 'customerCode': '999999', 'extCustomerCode': '', 'clientId': '0', 'fulfillmentLocCode': 'SHO', 'extFulFillmentLocCode': 'SHO', 'orderSourceName': 'Webstore', 'collectibleAmount': '0.00', 'totalOrderLine': '1', 'delFulfillmentMode': '2', 'geoType': None, 'geoAddress': None, 'geoLatitude': None, 'geoLongitude': None, 'orderSource': 'M01', 'orderType': 'SO', 'shipByDate': '29/11/2021 14:50:11', 'processAfterDate': '', 'masterorderNo': '85773', 'priority': 'Normal', 'pickupLocation': '', 'fulfillmentLocName': 'SKECHERS SOUTH ASIA PRIVATE LIMITED', 'items': [{'lineno': '192620', 'extLineno': '192620', 'internalLineNo': '1', 'sku': '193642416763', 'primaryUPC': 'SKR23551', 'skuName': '66150-BLK/11/SHOE/STATUS 2.0', 'status': 'Shipped & Returned', 'imageUrl': 'https://imageserver.skechers.com/img/productimages/large/66150_BLK.jpg', 'uom': 'Each', 'uomqty': '1.00', 'conversion': '1.00', 'orderQty': '1.00', 'commitedQty': '0.00', 'cancelledQty': '0.00', 'shippedQty': '1.00', 'returnQty': '1.00', 'unitPrice': '2999.00', 'discountAmt': '0.00', 'promoCode': None, 'promoName': None, 'taxAmount': '457.47', 'openQty': '0.00', 'udf1': '', 'udf2': '', 'udf3': '', 'udf4': '', 'udf5': '', 'udf6': '', 'udf7': '', 'udf8': '', 'udf9': '', 'udf10': '', 'bundleSkuCode': None, 'shipByDate': '', 'fulfillmentLocCode': 'D42', 'fulfillmentLocName': 'SSAPL-BIG CENTRE THANE'}], 'paymentItems': [], 'customerGSTIN': '', 'codcharge': '0.00'}}, {'SO011084768': {'orderLocation': 'M01', 'orderId': 'M0130899', 'orderNo': 'SO011084768', 'extenalOrderNo': 'SO011084768', 'paymentMethod': 'Prepaid', 'status': 'Shipped & Returned', 'orderDate': '10/10/2021 10:01:01', 'orderAmount': '3500.00', 'orderCurrency': 'INR', 'conversionRate': '1.00', 'customerName': 'Parth  Dabhi', 'shipAddress1': '319,sarita vihar society Opp. Remuka bhavan,  Puna to bombay market road', 'shipAddress2': 'Gujarat GJ', 'shipAddress3': '', 'landmark': '', 'latitude': '', 'longitude': '', 'shipCity': 'Surat', 'shipState': 'Gujarat', 'shipCountry': 'India', 'shipPincode': '395006', 'shipPhone1': '9768187157', 'shipPhone2': '9768187157', 'shipEmail1': 'parthdabhi7@gmail.com', 'shipEmail2': 'parthdabhi7@gmail.com', 'billName': 'Parth  Dabhi', 'billAddress1': '319,sarita vihar society Opp. Remuka bhavan,  Puna to bombay market road', 'billAddress2': 'Gujarat GJ', 'billAddress3': '', 'billCity': 'Surat', 'billState': 'Gujarat', 'billCountry': 'India', 'billPincode': '395006', 'billPhone1': '9768187157', 'billPhone2': '9768187157', 'billEmail1': 'parthdabhi7@gmail.com', 'billEmail2': 'parthdabhi7@gmail.com', 'orderRemarks': None, 'shippingCharges': '0.00', 'handlingCharge2': '0.00', 'storeCredit': '0.00', 'isVerifiedOrder': '1', 'isOnHold': '0', 'giftvoucher': '0.00', 'otherDiscount': '0.00', 'discountCode': 'null', 'promoCode': None, 'promoName': None, 'cancelRemark': '', 'isGiftwrap': '0', 'giftwrapMsg': '', 'deliverySlot': '', 'customDataFeld1': '', 'customDataFeld2': '', 'customDataFeld3': '', 'customDataFeld4': '["Transaction is yet to complete"]', 'customDataFeld5': '', 'customDataFeld6': '', 'customDataFeld7': 'WHMP0330440654', 'customDataFeld8': '', 'customDataFeld9': '10/10/2021 04:32:20', 'customDataFeld10': '', 'discountAmount': '0.000', 'taxAmount': '533.90', 'updatedDate': '26/09/2022 21:14:21', 'mode': 'wms', 'IsReplacementOrder': 'No', 'originalOrderno': '', 'customerCode': '999999', 'extCustomerCode': '', 'clientId': '0', 'fulfillmentLocCode': 'SHO', 'extFulFillmentLocCode': 'SHO', 'orderSourceName': 'Webstore', 'collectibleAmount': '0.00', 'totalOrderLine': '1', 'delFulfillmentMode': '2', 'geoType': None, 'geoAddress': None, 'geoLatitude': None, 'geoLongitude': None, 'orderSource': 'M01', 'orderType': 'SO', 'shipByDate': '12/10/2021 10:01:01', 'processAfterDate': '', 'masterorderNo': '74035', 'priority': 'Normal', 'pickupLocation': '', 'fulfillmentLocName': 'SKECHERS SOUTH ASIA PRIVATE LIMITED', 'items': [{'lineno': '166148', 'extLineno': '166148', 'internalLineNo': '1', 'sku': '194428034492', 'primaryUPC': 'SKR26970', 'skuName': '54490-NVY/10/SHOE/GO WALK AIR-AIRFLOW', 'status': 'Shipped & Returned', 'imageUrl': 'https://imageserver.skechers.com/img/productimages/large/54490_NVY.jpg', 'uom': 'Each', 'uomqty': '1.00', 'conversion': '1.00', 'orderQty': '1.00', 'commitedQty': '0.00', 'cancelledQty': '0.00', 'shippedQty': '1.00', 'returnQty': '1.00', 'unitPrice': '3500.00', 'discountAmt': '0.00', 'promoCode': None, 'promoName': None, 'taxAmount': '533.90', 'openQty': '0.00', 'udf1': '', 'udf2': '', 'udf3': '', 'udf4': '', 'udf5': '', 'udf6': '', 'udf7': '', 'udf8': '', 'udf9': '', 'udf10': '', 'bundleSkuCode': None, 'shipByDate': '', 'fulfillmentLocCode': 'D42', 'fulfillmentLocName': 'SSAPL-BIG CENTRE THANE'}], 'paymentItems': [], 'customerGSTIN': '', 'codcharge': '0.00'}}, {'SO011050274': {'orderLocation': 'M01', 'orderId': 'M0111874', 'orderNo': 'SO011050274', 'extenalOrderNo': 'SO011050274', 'paymentMethod': 'Prepaid', 'status': 'Shipped & Returned', 'orderDate': '20/02/2021 08:13:49', 'orderAmount': '2649.50', 'orderCurrency': 'INR', 'conversionRate': '1.00', 'customerName': 'Ankush  Kaushal', 'shipAddress1': 'Airtel Center ,Plot No. 16, Phase IV, Sector 18 Gurugram', 'shipAddress2': 'Haryana HR', 'shipAddress3': '', 'landmark': '', 'latitude': '', 'longitude': '', 'shipCity': 'Gurgaon', 'shipState': 'Haryana', 'shipCountry': 'India', 'shipPincode': '122015', 'shipPhone1': '8146971555', 'shipPhone2': '8146971555', 'shipEmail1': 'kaushal_ankush84@yahoo.co.in', 'shipEmail2': 'kaushal_ankush84@yahoo.co.in', 'billName': 'Ankush  Kaushal', 'billAddress1': 'Airtel Center ,Plot No. 16, Phase IV, Sector 18 Gurugram', 'billAddress2': 'Haryana HR', 'billAddress3': '', 'billCity': 'Gurgaon', 'billState': 'Haryana', 'billCountry': 'India', 'billPincode': '122015', 'billPhone1': '8146971555', 'billPhone2': '8146971555', 'billEmail1': 'kaushal_ankush84@yahoo.co.in', 'billEmail2': 'kaushal_ankush84@yahoo.co.in', 'orderRemarks': None, 'shippingCharges': '0.00', 'handlingCharge2': '0.00', 'storeCredit': '0.00', 'isVerifiedOrder': '1', 'isOnHold': '0', 'giftvoucher': '0.00', 'otherDiscount': '0.00', 'discountCode': 'null', 'promoCode': None, 'promoName': None, 'cancelRemark': '', 'isGiftwrap': '0', 'giftwrapMsg': '', 'deliverySlot': '', 'customDataFeld1': '', 'customDataFeld2': '', 'customDataFeld3': '', 'customDataFeld4': '["Transaction is yet to complete"]', 'customDataFeld5': '', 'customDataFeld6': '', 'customDataFeld7': 'VICI9765663445', 'customDataFeld8': '', 'customDataFeld9': '20/02/2021 02:45:01', 'customDataFeld10': '', 'discountAmount': '0.000', 'taxAmount': '404.16', 'updatedDate': '28/09/2022 13:08:07', 'mode': 'wms', 'IsReplacementOrder': 'No', 'originalOrderno': '', 'customerCode': '999999', 'extCustomerCode': '', 'clientId': '0', 'fulfillmentLocCode': 'SHO', 'extFulFillmentLocCode': 'SHO', 'orderSourceName': 'Webstore', 'collectibleAmount': '0.00', 'totalOrderLine': '1', 'delFulfillmentMode': '2', 'geoType': None, 'geoAddress': None, 'geoLatitude': None, 'geoLongitude': None, 'orderSource': 'M01', 'orderType': 'SO', 'shipByDate': '22/02/2021 08:13:49', 'processAfterDate': '', 'masterorderNo': '39861', 'priority': 'Normal', 'pickupLocation': '', 'fulfillmentLocName': 'SKECHERS SOUTH ASIA PRIVATE LIMITED', 'items': [{'lineno': '89288', 'extLineno': '89288', 'internalLineNo': '1', 'sku': '193642165340', 'primaryUPC': 'SKR22610', 'skuName': '55169-BKBL/9/SHOE/GO RUN FOCUS', 'status': 'Shipped & Returned', 'imageUrl': 'https://imageserver.skechers.com/img/productimages/large/55169_BKBL.jpg', 'uom': 'Each', 'uomqty': '1.00', 'conversion': '1.00', 'orderQty': '1.00', 'commitedQty': '0.00', 'cancelledQty': '0.00', 'shippedQty': '1.00', 'returnQty': '1.00', 'unitPrice': '2649.50', 'discountAmt': '0.00', 'promoCode': None, 'promoName': None, 'taxAmount': '404.16', 'openQty': '0.00', 'udf1': '', 'udf2': '', 'udf3': '', 'udf4': '', 'udf5': '', 'udf6': '', 'udf7': '', 'udf8': '', 'udf9': '', 'udf10': '', 'bundleSkuCode': None, 'shipByDate': '', 'fulfillmentLocCode': 'D42', 'fulfillmentLocName': 'SSAPL-BIG CENTRE THANE'}], 'paymentItems': [], 'customerGSTIN': '', 'codcharge': '0.00'}}, {'SO011096889': {'orderLocation': 'M01', 'orderId': 'M0137132', 'orderNo': 'SO011096889', 'extenalOrderNo': 'SO011096889', 'paymentMethod': 'Prepaid', 'status': 'Shipped & Returned', 'orderDate': '27/11/2021 00:00:19', 'orderAmount': '3500.00', 'orderCurrency': 'INR', 'conversionRate': '1.00', 'customerName': 'Puja  Bengani', 'shipAddress1': 'B5 - 71 Elite Empire Balewadi, Baner road', 'shipAddress2': 'Maharashtra MH', 'shipAddress3': '', 'landmark': '', 'latitude': '', 'longitude': '', 'shipCity': 'Pune', 'shipState': 'Maharashtra', 'shipCountry': 'India', 'shipPincode': '411045', 'shipPhone1': '9674917003', 'shipPhone2': '9674917003', 'shipEmail1': 'jain.pujadugar@gmail.com', 'shipEmail2': 'jain.pujadugar@gmail.com', 'billName': 'Puja  Bengani', 'billAddress1': 'B5 - 71 Elite Empire Balewadi, Baner road', 'billAddress2': 'Maharashtra MH', 'billAddress3': '', 'billCity': 'Pune', 'billState': 'Maharashtra', 'billCountry': 'India', 'billPincode': '411045', 'billPhone1': '9674917003', 'billPhone2': '9674917003', 'billEmail1': 'jain.pujadugar@gmail.com', 'billEmail2': 'jain.pujadugar@gmail.com', 'orderRemarks': None, 'shippingCharges': '0.00', 'handlingCharge2': '0.00', 'storeCredit': '0.00', 'isVerifiedOrder': '1', 'isOnHold': '0', 'giftvoucher': '0.00', 'otherDiscount': '0.00', 'discountCode': 'null', 'promoCode': None, 'promoName': None, 'cancelRemark': '', 'isGiftwrap': '0', 'giftwrapMsg': '', 'deliverySlot': '', 'customDataFeld1': '', 'customDataFeld2': '', 'customDataFeld3': '', 'customDataFeld4': '["Transaction is yet to complete"]', 'customDataFeld5': '', 'customDataFeld6': '', 'customDataFeld7': 'WPNB0437450751', 'customDataFeld8': '', 'customDataFeld9': '26/11/2021 18:33:07', 'customDataFeld10': '', 'discountAmount': '0.000', 'taxAmount': '533.90', 'updatedDate': '28/09/2022 13:09:17', 'mode': 'wms', 'IsReplacementOrder': 'No', 'originalOrderno': '', 'customerCode': '999999', 'extCustomerCode': '', 'clientId': '0', 'fulfillmentLocCode': 'SHO', 'extFulFillmentLocCode': 'SHO', 'orderSourceName': 'Webstore', 'collectibleAmount': '0.00', 'totalOrderLine': '1', 'delFulfillmentMode': '2', 'geoType': None, 'geoAddress': None, 'geoLatitude': None, 'geoLongitude': None, 'orderSource': 'M01', 'orderType': 'SO', 'shipByDate': '29/11/2021 00:00:19', 'processAfterDate': '', 'masterorderNo': '85565', 'priority': 'Normal', 'pickupLocation': '', 'fulfillmentLocName': 'SKECHERS SOUTH ASIA PRIVATE LIMITED', 'items': [{'lineno': '192152', 'extLineno': '192152', 'internalLineNo': '1', 'sku': '193113954213', 'primaryUPC': 'SKR24820', 'skuName': '66402-BLK/9/SHOE/BREGMAN-SELONE', 'status': 'Shipped & Returned', 'imageUrl': 'https://imageserver.skechers.com/img/productimages/large/66402_BLK.jpg', 'uom': 'Each', 'uomqty': '1.00', 'conversion': '1.00', 'orderQty': '1.00', 'commitedQty': '0.00', 'cancelledQty': '0.00', 'shippedQty': '1.00', 'returnQty': '1.00', 'unitPrice': '3500.00', 'discountAmt': '0.00', 'promoCode': None, 'promoName': None, 'taxAmount': '533.90', 'openQty': '0.00', 'udf1': '', 'udf2': '', 'udf3': '', 'udf4': '', 'udf5': '', 'udf6': '', 'udf7': '', 'udf8': '', 'udf9': '', 'udf10': '', 'bundleSkuCode': None, 'shipByDate': '', 'fulfillmentLocCode': 'D42', 'fulfillmentLocName': 'SSAPL-BIG CENTRE THANE'}], 'paymentItems': [], 'customerGSTIN': '', 'codcharge': '0.00'}}]} | startdate : 23/09/2022 00:00:00 | enddate : 30/09/2022 00:00:00
16292:2023-03-17 17:52:10,151:INFO:responsedata : {'responseCode': 9, 'responseMessage': 'No Record Found.', 'totalOrders': None, 'totalPages': None, 'currentPage': None, 'orderList': []} | startdate : 30/09/2022 00:00:00 | enddate : 07/10/2022 00:00:00
16292:2023-03-17 17:52:10,713:INFO:responsedata : {'responseCode': 0, 'responseMessage': 'Success', 'totalOrders': 2, 'totalPages': 1, 'currentPage': 1, 'orderList': [{'SO011048748': {'orderLocation': 'M01', 'orderId': 'M0111104', 'orderNo': 'SO011048748', 'extenalOrderNo': 'SO011048748', 'paymentMethod': 'Prepaid', 'status': 'Shipped & Returned', 'orderDate': '10/02/2021 18:09:21', 'orderAmount': '3749.50', 'orderCurrency': 'INR', 'conversionRate': '1.00', 'customerName': 'Rishabh  Rastogi', 'shipAddress1': 'B-12 Samrat Palace, Garh Road, Meerut', 'shipAddress2': 'Uttar Pradesh UP', 'shipAddress3': '', 'landmark': '', 'latitude': '', 'longitude': '', 'shipCity': 'Meerut', 'shipState': 'Uttar Pradesh', 'shipCountry': 'India', 'shipPincode': '250002', 'shipPhone1': '8218404586', 'shipPhone2': '8218404586', 'shipEmail1': 'rishabh0211@gmail.com', 'shipEmail2': 'rishabh0211@gmail.com', 'billName': 'Rishabh  Rastogi', 'billAddress1': 'B-12 Samrat Palace, Garh Road, Meerut', 'billAddress2': 'Uttar Pradesh UP', 'billAddress3': '', 'billCity': 'Meerut', 'billState': 'Uttar Pradesh', 'billCountry': 'India', 'billPincode': '250002', 'billPhone1': '8218404586', 'billPhone2': '8218404586', 'billEmail1': 'rishabh0211@gmail.com', 'billEmail2': 'rishabh0211@gmail.com', 'orderRemarks': None, 'shippingCharges': '0.00', 'handlingCharge2': '0.00', 'storeCredit': '0.00', 'isVerifiedOrder': '1', 'isOnHold': '0', 'giftvoucher': '0.00', 'otherDiscount': '0.00', 'discountCode': 'null', 'promoCode': None, 'promoName': None, 'cancelRemark': '', 'isGiftwrap': '0', 'giftwrapMsg': '', 'deliverySlot': '', 'customDataFeld1': '', 'customDataFeld2': '', 'customDataFeld3': '', 'customDataFeld4': '["Transaction is yet to complete"]', 'customDataFeld5': '', 'customDataFeld6': '', 'customDataFeld7': 'VHMP9737994994', 'customDataFeld8': '', 'customDataFeld9': '10/02/2021 12:43:16', 'customDataFeld10': '', 'discountAmount': '0.000', 'taxAmount': '571.96', 'updatedDate': '09/10/2022 17:13:16', 'mode': 'wms', 'IsReplacementOrder': 'No', 'originalOrderno': '', 'customerCode': '999999', 'extCustomerCode': '', 'clientId': '0', 'fulfillmentLocCode': 'SHO', 'extFulFillmentLocCode': 'SHO', 'orderSourceName': 'Webstore', 'collectibleAmount': '0.00', 'totalOrderLine': '1', 'delFulfillmentMode': '2', 'geoType': None, 'geoAddress': None, 'geoLatitude': None, 'geoLongitude': None, 'orderSource': 'M01', 'orderType': 'SO', 'shipByDate': '12/02/2021 18:09:21', 'processAfterDate': '', 'masterorderNo': '38339', 'priority': 'Normal', 'pickupLocation': '', 'fulfillmentLocName': 'SKECHERS SOUTH ASIA PRIVATE LIMITED', 'items': [{'lineno': '85904', 'extLineno': '85904', 'internalLineNo': '1', 'sku': '193113990860', 'primaryUPC': 'SKR24465', 'skuName': '69710-NVY/8/SHOE/MODERN JOGGER 2.0 - SWITZER', 'status': 'Shipped & Returned', 'imageUrl': 'https://imageserver.skechers.com/img/productimages/large/69710_NVY.jpg', 'uom': 'Each', 'uomqty': '1.00', 'conversion': '1.00', 'orderQty': '1.00', 'commitedQty': '0.00', 'cancelledQty': '0.00', 'shippedQty': '1.00', 'returnQty': '1.00', 'unitPrice': '3749.50', 'discountAmt': '0.00', 'promoCode': None, 'promoName': None, 'taxAmount': '571.96', 'openQty': '0.00', 'udf1': '', 'udf2': '', 'udf3': '', 'udf4': '', 'udf5': '', 'udf6': '', 'udf7': '', 'udf8': '', 'udf9': '', 'udf10': '', 'bundleSkuCode': None, 'shipByDate': '', 'fulfillmentLocCode': 'D42', 'fulfillmentLocName': 'SSAPL-BIG CENTRE THANE'}], 'paymentItems': [], 'customerGSTIN': '', 'codcharge': '0.00'}}, {'SO011085170': {'orderLocation': 'M01', 'orderId': 'M0131109', 'orderNo': 'SO011085170', 'extenalOrderNo': 'SO011085170', 'paymentMethod': 'Prepaid', 'status': 'Shipped & Returned', 'orderDate': '12/10/2021 00:00:30', 'orderAmount': '5000.00', 'orderCurrency': 'INR', 'conversionRate': '1.00', 'customerName': 'Sumati  Jaggi', 'shipAddress1': 'House number :-140/10 Mohalla Joshian  Thanesar, Kurukshetra', 'shipAddress2': 'Haryana HR', 'shipAddress3': '', 'landmark': '', 'latitude': '', 'longitude': '', 'shipCity': 'Kurukshetra', 'shipState': 'Haryana', 'shipCountry': 'India', 'shipPincode': '136118', 'shipPhone1': '9728277999', 'shipPhone2': '9728277999', 'shipEmail1': 'Sumati.jaggi9@gmail.com', 'shipEmail2': 'Sumati.jaggi9@gmail.com', 'billName': 'Sumati  Jaggi', 'billAddress1': 'House number :-140/10 Mohalla Joshian  Thanesar, Kurukshetra', 'billAddress2': 'Haryana HR', 'billAddress3': '', 'billCity': 'Kurukshetra', 'billState': 'Haryana', 'billCountry': 'India', 'billPincode': '136118', 'billPhone1': '9728277999', 'billPhone2': '9728277999', 'billEmail1': 'Sumati.jaggi9@gmail.com', 'billEmail2': 'Sumati.jaggi9@gmail.com', 'orderRemarks': None, 'shippingCharges': '0.00', 'handlingCharge2': '0.00', 'storeCredit': '0.00', 'isVerifiedOrder': '1', 'isOnHold': '0', 'giftvoucher': '0.00', 'otherDiscount': '0.00', 'discountCode': 'null', 'promoCode': None, 'promoName': None, 'cancelRemark': '', 'isGiftwrap': '0', 'giftwrapMsg': '', 'deliverySlot': '', 'customDataFeld1': '', 'customDataFeld2': '', 'customDataFeld3': '', 'customDataFeld4': '["Transaction is yet to complete"]', 'customDataFeld5': '', 'customDataFeld6': '', 'customDataFeld7': 'WHMP0334724906', 'customDataFeld8': '', 'customDataFeld9': '11/10/2021 18:35:15', 'customDataFeld10': '', 'discountAmount': '0.000', 'taxAmount': '762.71', 'updatedDate': '09/10/2022 18:07:21', 'mode': 'wms', 'IsReplacementOrder': 'No', 'originalOrderno': '', 'customerCode': '999999', 'extCustomerCode': '', 'clientId': '0', 'fulfillmentLocCode': 'SHO', 'extFulFillmentLocCode': 'SHO', 'orderSourceName': 'Webstore', 'collectibleAmount': '0.00', 'totalOrderLine': '1', 'delFulfillmentMode': '2', 'geoType': None, 'geoAddress': None, 'geoLatitude': None, 'geoLongitude': None, 'orderSource': 'M01', 'orderType': 'SO', 'shipByDate': '14/10/2021 00:00:30', 'processAfterDate': '', 'masterorderNo': '74436', 'priority': 'Normal', 'pickupLocation': '', 'fulfillmentLocName': 'SKECHERS SOUTH ASIA PRIVATE LIMITED', 'items': [{'lineno': '167058', 'extLineno': '167058', 'internalLineNo': '1', 'sku': '193113982650', 'primaryUPC': 'SKR23690', 'skuName': '23482-BBK/10/SHOE/MICROBURST 2.0', 'status': 'Shipped & Returned', 'imageUrl': 'https://imageserver.skechers.com/img/productimages/large/23482_BBK.jpg', 'uom': 'Each', 'uomqty': '2.00', 'conversion': '1.00', 'orderQty': '2.00', 'commitedQty': '0.00', 'cancelledQty': '0.00', 'shippedQty': '2.00', 'returnQty': '2.00', 'unitPrice': '2500.00', 'discountAmt': '0.00', 'promoCode': None, 'promoName': None, 'taxAmount': '762.71', 'openQty': '0.00', 'udf1': '', 'udf2': '', 'udf3': '', 'udf4': '', 'udf5': '', 'udf6': '', 'udf7': '', 'udf8': '', 'udf9': '', 'udf10': '', 'bundleSkuCode': None, 'shipByDate': '', 'fulfillmentLocCode': 'D42', 'fulfillmentLocName': 'SSAPL-BIG CENTRE THANE'}], 'paymentItems': [], 'customerGSTIN': '', 'codcharge': '0.00'}}]} | startdate : 07/10/2022 00:00:00 | enddate : 14/10/2022 00:00:00
16292:2023-03-17 17:52:11,104:INFO:responsedata : {'responseCode': 9, 'responseMessage': 'No Record Found.', 'totalOrders': None, 'totalPages': None, 'currentPage': None, 'orderList': []} | startdate : 14/10/2022 00:00:00 | enddate : 21/10/2022 00:00:00
16292:2023-03-17 17:52:11,571:INFO:responsedata : {'responseCode': 9, 'responseMessage': 'No Record Found.', 'totalOrders': None, 'totalPages': None, 'currentPage': None, 'orderList': []} | startdate : 21/10/2022 00:00:00 | enddate : 28/10/2022 00:00:00
16292:2023-03-17 17:52:11,955:INFO:responsedata : {'responseCode': 9, 'responseMessage': 'No Record Found.', 'totalOrders': None, 'totalPages': None, 'currentPage': None, 'orderList': []} | startdate : 28/10/2022 00:00:00 | enddate : 04/11/2022 00:00:00
16292:2023-03-17 17:52:12,421:INFO:responsedata : {'responseCode': 0, 'responseMessage': 'Success', 'totalOrders': 1, 'totalPages': 1, 'currentPage': 1, 'orderList': [{'SO011085155': {'orderLocation': 'M01', 'orderId': 'M0131101', 'orderNo': 'SO011085155', 'extenalOrderNo': 'SO011085155', 'paymentMethod': 'Prepaid', 'status': 'Shipped & Returned', 'orderDate': '11/10/2021 23:20:35', 'orderAmount': '5500.00', 'orderCurrency': 'INR', 'conversionRate': '1.00', 'customerName': 'Jesika  Shah', 'shipAddress1': 'Before Ajaypal, Behind Destination Bir Chaugan Bir', 'shipAddress2': 'Himachal Pradesh HP', 'shipAddress3': '', 'landmark': '', 'latitude': '', 'longitude': '', 'shipCity': 'Kangra', 'shipState': 'Himachal Pradesh', 'shipCountry': 'India', 'shipPincode': '176077', 'shipPhone1': '9819154929', 'shipPhone2': '9819154929', 'shipEmail1': 'jespit@gmail.com', 'shipEmail2': 'jespit@gmail.com', 'billName': 'Jesika  Shah', 'billAddress1': 'Before Ajaypal, Behind Destination Bir Chaugan Bir', 'billAddress2': 'Himachal Pradesh HP', 'billAddress3': '', 'billCity': 'Kangra', 'billState': 'Himachal Pradesh', 'billCountry': 'India', 'billPincode': '176077', 'billPhone1': '9819154929', 'billPhone2': '9819154929', 'billEmail1': 'jespit@gmail.com', 'billEmail2': 'jespit@gmail.com', 'orderRemarks': None, 'shippingCharges': '0.00', 'handlingCharge2': '0.00', 'storeCredit': '0.00', 'isVerifiedOrder': '1', 'isOnHold': '0', 'giftvoucher': '0.00', 'otherDiscount': '0.00', 'discountCode': 'null', 'promoCode': None, 'promoName': None, 'cancelRemark': '', 'isGiftwrap': '0', 'giftwrapMsg': '', 'deliverySlot': '', 'customDataFeld1': '', 'customDataFeld2': '', 'customDataFeld3': '', 'customDataFeld4': '["Transaction is yet to complete"]', 'customDataFeld5': '', 'customDataFeld6': '', 'customDataFeld7': 'WHMP0334672995', 'customDataFeld8': '', 'customDataFeld9': '11/10/2021 17:51:54', 'customDataFeld10': '', 'discountAmount': '0.000', 'taxAmount': '838.98', 'updatedDate': '04/11/2022 16:46:25', 'mode': 'wms', 'IsReplacementOrder': 'No', 'originalOrderno': '', 'customerCode': '999999', 'extCustomerCode': '', 'clientId': '0', 'fulfillmentLocCode': 'SHO', 'extFulFillmentLocCode': 'SHO', 'orderSourceName': 'Webstore', 'collectibleAmount': '0.00', 'totalOrderLine': '1', 'delFulfillmentMode': '2', 'geoType': None, 'geoAddress': None, 'geoLatitude': None, 'geoLongitude': None, 'orderSource': 'M01', 'orderType': 'SO', 'shipByDate': '13/10/2021 23:20:35', 'processAfterDate': '', 'masterorderNo': '74421', 'priority': 'Normal', 'pickupLocation': '', 'fulfillmentLocName': 'SKECHERS SOUTH ASIA PRIVATE LIMITED', 'items': [{'lineno': '167028', 'extLineno': '167028', 'internalLineNo': '1', 'sku': '193642409307', 'primaryUPC': 'SKR26060', 'skuName': '55260-BKBL/10/SHOE/SPEED TRL', 'status': 'Shipped & Returned', 'imageUrl': 'https://imageserver.skechers.com/img/productimages/large/55260_BKBL.jpg', 'uom': 'Each', 'uomqty': '1.00', 'conversion': '1.00', 'orderQty': '1.00', 'commitedQty': '0.00', 'cancelledQty': '0.00', 'shippedQty': '1.00', 'returnQty': '1.00', 'unitPrice': '5500.00', 'discountAmt': '0.00', 'promoCode': None, 'promoName': None, 'taxAmount': '838.98', 'openQty': '0.00', 'udf1': '', 'udf2': '', 'udf3': '', 'udf4': '', 'udf5': '', 'udf6': '', 'udf7': '', 'udf8': '', 'udf9': '', 'udf10': '', 'bundleSkuCode': None, 'shipByDate': '', 'fulfillmentLocCode': 'D42', 'fulfillmentLocName': 'SSAPL-BIG CENTRE THANE'}], 'paymentItems': [], 'customerGSTIN': '', 'codcharge': '0.00'}}]} | startdate : 04/11/2022 00:00:00 | enddate : 11/11/2022 00:00:00
16292:2023-03-17 17:52:12,990:INFO:responsedata : {'responseCode': 0, 'responseMessage': 'Success', 'totalOrders': 1, 'totalPages': 1, 'currentPage': 1, 'orderList': [{'SO011039673': {'orderLocation': 'M01', 'orderId': 'M016157', 'orderNo': 'SO011039673', 'extenalOrderNo': 'SO011039673', 'paymentMethod': 'Prepaid', 'status': 'Shipped & Returned', 'orderDate': '01/01/2021 20:26:23', 'orderAmount': '6798.50', 'orderCurrency': 'INR', 'conversionRate': '1.00', 'customerName': 'KARTIK  SYAL', 'shipAddress1': 'Sudama Cottage Cemetery Road Sanjauli', 'shipAddress2': 'Himachal Pradesh HP', 'shipAddress3': '', 'landmark': '', 'latitude': '', 'longitude': '', 'shipCity': 'Shimla', 'shipState': 'Himachal Pradesh', 'shipCountry': 'India', 'shipPincode': '171006', 'shipPhone1': '9418485155', 'shipPhone2': '9418485155', 'shipEmail1': 'kartik.syal@gmail.com', 'shipEmail2': 'kartik.syal@gmail.com', 'billName': 'KARTIK  SYAL', 'billAddress1': 'Sudama Cottage Cemetery Road Sanjauli', 'billAddress2': 'Himachal Pradesh HP', 'billAddress3': '', 'billCity': 'Shimla', 'billState': 'Himachal Pradesh', 'billCountry': 'India', 'billPincode': '171006', 'billPhone1': '9418485155', 'billPhone2': '9418485155', 'billEmail1': 'kartik.syal@gmail.com', 'billEmail2': 'kartik.syal@gmail.com', 'orderRemarks': None, 'shippingCharges': '0.00', 'handlingCharge2': '0.00', 'storeCredit': '0.00', 'isVerifiedOrder': '1', 'isOnHold': '0', 'giftvoucher': '0.00', 'otherDiscount': '0.00', 'discountCode': 'null', 'promoCode': None, 'promoName': None, 'cancelRemark': '', 'isGiftwrap': '0', 'giftwrapMsg': '', 'deliverySlot': '', 'customDataFeld1': '', 'customDataFeld2': '', 'customDataFeld3': '', 'customDataFeld4': '["Transaction is yet to complete"]', 'customDataFeld5': '', 'customDataFeld6': '', 'customDataFeld7': 'VCPI9616915895', 'customDataFeld8': '', 'customDataFeld9': '01/01/2021 14:57:48', 'customDataFeld10': '', 'discountAmount': '0.000', 'taxAmount': '1037.06', 'updatedDate': '17/11/2022 17:08:01', 'mode': 'wms', 'IsReplacementOrder': 'No', 'originalOrderno': '', 'customerCode': '999999', 'extCustomerCode': '', 'clientId': '0', 'fulfillmentLocCode': 'SHO', 'extFulFillmentLocCode': 'SHO', 'orderSourceName': 'Webstore', 'collectibleAmount': '0.00', 'totalOrderLine': '3', 'delFulfillmentMode': '2', 'geoType': None, 'geoAddress': None, 'geoLatitude': None, 'geoLongitude': None, 'orderSource': 'M01', 'orderType': 'SO', 'shipByDate': '03/01/2021 20:26:23', 'processAfterDate': '', 'masterorderNo': '29282', 'priority': 'Normal', 'pickupLocation': '', 'fulfillmentLocName': 'SKECHERS SOUTH ASIA PRIVATE LIMITED', 'items': [{'lineno': '65818', 'extLineno': '65818', 'internalLineNo': '1', 'sku': '192283360923', 'primaryUPC': 'SKR14931', 'skuName': '12614-NVBL/7/SHOE/GRACEFUL', 'status': 'Shipped & Returned', 'imageUrl': 'https://imageserver.skechers.com/img/productimages/large/12614_NVBL.jpg', 'uom': 'Each', 'uomqty': '1.00', 'conversion': '1.00', 'orderQty': '1.00', 'commitedQty': '0.00', 'cancelledQty': '0.00', 'shippedQty': '1.00', 'returnQty': '1.00', 'unitPrice': '1999.50', 'discountAmt': '0.00', 'promoCode': None, 'promoName': None, 'taxAmount': '305.01', 'openQty': '0.00', 'udf1': '', 'udf2': '', 'udf3': '', 'udf4': '', 'udf5': '', 'udf6': '', 'udf7': '', 'udf8': '', 'udf9': '', 'udf10': '', 'bundleSkuCode': None, 'shipByDate': '', 'fulfillmentLocCode': 'A74', 'fulfillmentLocName': 'SSAPL-E-COM'}, {'lineno': '65820', 'extLineno': '65820', 'internalLineNo': '2', 'sku': '193113594136', 'primaryUPC': 'SKR22106', 'skuName': '32709-NVBL/8/SHOE/BOBS SPARROW - SNEAKER CLUB', 'status': 'Shipped & Returned', 'imageUrl': 'https://imageserver.skechers.com/img/productimages/large/32709_NVBL.jpg', 'uom': 'Each', 'uomqty': '1.00', 'conversion': '1.00', 'orderQty': '1.00', 'commitedQty': '0.00', 'cancelledQty': '0.00', 'shippedQty': '1.00', 'returnQty': '1.00', 'unitPrice': '2399.50', 'discountAmt': '0.00', 'promoCode': None, 'promoName': None, 'taxAmount': '366.03', 'openQty': '0.00', 'udf1': '', 'udf2': '', 'udf3': '', 'udf4': '', 'udf5': '', 'udf6': '', 'udf7': '', 'udf8': '', 'udf9': '', 'udf10': '', 'bundleSkuCode': None, 'shipByDate': '', 'fulfillmentLocCode': 'A74', 'fulfillmentLocName': 'SSAPL-E-COM'}, {'lineno': '65822', 'extLineno': '65822', 'internalLineNo': '3', 'sku': '193113236616', 'primaryUPC': 'SKR23280', 'skuName': '32709-MVE/8/SHOE/BOBS SPARROW - SNEAKER CLUB', 'status': 'Shipped & Returned', 'imageUrl': 'https://imageserver.skechers.com/img/productimages/large/32709_MVE.jpg', 'uom': 'Each', 'uomqty': '1.00', 'conversion': '1.00', 'orderQty': '1.00', 'commitedQty': '0.00', 'cancelledQty': '0.00', 'shippedQty': '1.00', 'returnQty': '1.00', 'unitPrice': '2399.50', 'discountAmt': '0.00', 'promoCode': None, 'promoName': None, 'taxAmount': '366.03', 'openQty': '0.00', 'udf1': '', 'udf2': '', 'udf3': '', 'udf4': '', 'udf5': '', 'udf6': '', 'udf7': '', 'udf8': '', 'udf9': '', 'udf10': '', 'bundleSkuCode': None, 'shipByDate': '', 'fulfillmentLocCode': 'D42', 'fulfillmentLocName': 'SSAPL-BIG CENTRE THANE'}], 'paymentItems': [], 'customerGSTIN': '', 'codcharge': '0.00'}}]} | startdate : 11/11/2022 00:00:00 | enddate : 18/11/2022 00:00:00
16292:2023-03-17 17:52:13,446:INFO:responsedata : {'responseCode': 9, 'responseMessage': 'No Record Found.', 'totalOrders': None, 'totalPages': None, 'currentPage': None, 'orderList': []} | startdate : 18/11/2022 00:00:00 | enddate : 25/11/2022 00:00:00
16292:2023-03-17 17:52:13,886:INFO:responsedata : {'responseCode': 9, 'responseMessage': 'No Record Found.', 'totalOrders': None, 'totalPages': None, 'currentPage': None, 'orderList': []} | startdate : 25/11/2022 00:00:00 | enddate : 02/12/2022 00:00:00
16292:2023-03-17 17:52:14,392:INFO:responsedata : {'responseCode': 9, 'responseMessage': 'No Record Found.', 'totalOrders': None, 'totalPages': None, 'currentPage': None, 'orderList': []} | startdate : 02/12/2022 00:00:00 | enddate : 09/12/2022 00:00:00
16292:2023-03-17 17:52:14,805:INFO:responsedata : {'responseCode': 9, 'responseMessage': 'No Record Found.', 'totalOrders': None, 'totalPages': None, 'currentPage': None, 'orderList': []} | startdate : 09/12/2022 00:00:00 | enddate : 16/12/2022 00:00:00
16292:2023-03-17 17:52:15,214:INFO:responsedata : {'responseCode': 9, 'responseMessage': 'No Record Found.', 'totalOrders': None, 'totalPages': None, 'currentPage': None, 'orderList': []} | startdate : 16/12/2022 00:00:00 | enddate : 23/12/2022 00:00:00
16292:2023-03-17 17:52:15,723:INFO:responsedata : {'responseCode': 9, 'responseMessage': 'No Record Found.', 'totalOrders': None, 'totalPages': None, 'currentPage': None, 'orderList': []} | startdate : 23/12/2022 00:00:00 | enddate : 30/12/2022 00:00:00
16292:2023-03-17 17:52:16,149:INFO:responsedata : {'responseCode': 9, 'responseMessage': 'No Record Found.', 'totalOrders': None, 'totalPages': None, 'currentPage': None, 'orderList': []} | startdate : 30/12/2022 00:00:00 | enddate : 06/01/2023 00:00:00
16292:2023-03-17 17:52:16,576:INFO:responsedata : {'responseCode': 9, 'responseMessage': 'No Record Found.', 'totalOrders': None, 'totalPages': None, 'currentPage': None, 'orderList': []} | startdate : 06/01/2023 00:00:00 | enddate : 13/01/2023 00:00:00
16292:2023-03-17 17:52:17,092:INFO:responsedata : {'responseCode': 9, 'responseMessage': 'No Record Found.', 'totalOrders': None, 'totalPages': None, 'currentPage': None, 'orderList': []} | startdate : 13/01/2023 00:00:00 | enddate : 20/01/2023 00:00:00
16292:2023-03-17 17:52:17,656:INFO:responsedata : {'responseCode': 9, 'responseMessage': 'No Record Found.', 'totalOrders': None, 'totalPages': None, 'currentPage': None, 'orderList': []} | startdate : 20/01/2023 00:00:00 | enddate : 27/01/2023 00:00:00
16292:2023-03-17 17:52:18,317:INFO:responsedata : {'responseCode': 9, 'responseMessage': 'No Record Found.', 'totalOrders': None, 'totalPages': None, 'currentPage': None, 'orderList': []} | startdate : 27/01/2023 00:00:00 | enddate : 03/02/2023 00:00:00
16292:2023-03-17 17:52:19,099:INFO:responsedata : {'responseCode': 9, 'responseMessage': 'No Record Found.', 'totalOrders': None, 'totalPages': None, 'currentPage': None, 'orderList': []} | startdate : 03/02/2023 00:00:00 | enddate : 10/02/2023 00:00:00
16292:2023-03-17 17:52:19,707:INFO:responsedata : {'responseCode': 9, 'responseMessage': 'No Record Found.', 'totalOrders': None, 'totalPages': None, 'currentPage': None, 'orderList': []} | startdate : 10/02/2023 00:00:00 | enddate : 17/02/2023 00:00:00
16292:2023-03-17 17:52:20,174:INFO:responsedata : {'responseCode': 0, 'responseMessage': 'Success', 'totalOrders': 1, 'totalPages': 1, 'currentPage': 1, 'orderList': [{'SO011094472': {'orderLocation': 'M01', 'orderId': 'M0135825', 'orderNo': 'SO011094472', 'extenalOrderNo': 'SO011094472', 'paymentMethod': 'Prepaid', 'status': 'Shipped & Returned', 'orderDate': '20/11/2021 12:30:08', 'orderAmount': '1699.00', 'orderCurrency': 'INR', 'conversionRate': '1.00', 'customerName': 'Aniket  Singh', 'shipAddress1': 'Vidhya  Bhawan  Narayanpur', 'shipAddress2': 'Uttar Pradesh UP', 'shipAddress3': '', 'landmark': '', 'latitude': '', 'longitude': '', 'shipCity': 'Ballia', 'shipState': 'Uttar Pradesh', 'shipCountry': 'India', 'shipPincode': '277213', 'shipPhone1': '8777303129', 'shipPhone2': '8777303129', 'shipEmail1': 'ani8777303129@gmail.com', 'shipEmail2': 'ani8777303129@gmail.com', 'billName': 'Aniket  Singh', 'billAddress1': 'Vidhya  Bhawan  Narayanpur', 'billAddress2': 'Uttar Pradesh UP', 'billAddress3': '', 'billCity': 'Ballia', 'billState': 'Uttar Pradesh', 'billCountry': 'India', 'billPincode': '277213', 'billPhone1': '8777303129', 'billPhone2': '8777303129', 'billEmail1': 'ani8777303129@gmail.com', 'billEmail2': 'ani8777303129@gmail.com', 'orderRemarks': None, 'shippingCharges': '0.00', 'handlingCharge2': '0.00', 'storeCredit': '0.00', 'isVerifiedOrder': '1', 'isOnHold': '0', 'giftvoucher': '0.00', 'otherDiscount': '0.00', 'discountCode': 'null', 'promoCode': None, 'promoName': None, 'cancelRemark': '', 'isGiftwrap': '0', 'giftwrapMsg': '', 'deliverySlot': '', 'customDataFeld1': '', 'customDataFeld2': '', 'customDataFeld3': '', 'customDataFeld4': '["Transaction is yet to complete"]', 'customDataFeld5': '', 'customDataFeld6': '', 'customDataFeld7': 'WCPI0423696953', 'customDataFeld8': '', 'customDataFeld9': '20/11/2021 07:00:46', 'customDataFeld10': '', 'discountAmount': '0.000', 'taxAmount': '259.17', 'updatedDate': '18/02/2023 20:13:24', 'mode': 'wms', 'IsReplacementOrder': 'No', 'originalOrderno': '', 'customerCode': '999999', 'extCustomerCode': '', 'clientId': '0', 'fulfillmentLocCode': 'SHO', 'extFulFillmentLocCode': 'SHO', 'orderSourceName': 'Webstore', 'collectibleAmount': '0.00', 'totalOrderLine': '1', 'delFulfillmentMode': '2', 'geoType': None, 'geoAddress': None, 'geoLatitude': None, 'geoLongitude': None, 'orderSource': 'M01', 'orderType': 'SO', 'shipByDate': '22/11/2021 12:30:08', 'processAfterDate': '', 'masterorderNo': '83153', 'priority': 'Normal', 'pickupLocation': '', 'fulfillmentLocName': 'SKECHERS SOUTH ASIA PRIVATE LIMITED', 'items': [{'lineno': '186610', 'extLineno': '186610', 'internalLineNo': '1', 'sku': '193642118391', 'primaryUPC': 'SKR21108', 'skuName': '999163-RDBK/8/SLIPPER/GAMBIX', 'status': 'Shipped & Returned', 'imageUrl': 'https://imageserver.skechers.com/img/productimages/large/999163_RDBK.jpg', 'uom': 'Each', 'uomqty': '1.00', 'conversion': '1.00', 'orderQty': '1.00', 'commitedQty': '0.00', 'cancelledQty': '0.00', 'shippedQty': '1.00', 'returnQty': '1.00', 'unitPrice': '1699.00', 'discountAmt': '0.00', 'promoCode': None, 'promoName': None, 'taxAmount': '259.17', 'openQty': '0.00', 'udf1': '', 'udf2': '', 'udf3': '', 'udf4': '', 'udf5': '', 'udf6': '', 'udf7': '', 'udf8': '', 'udf9': '', 'udf10': '', 'bundleSkuCode': None, 'shipByDate': '', 'fulfillmentLocCode': 'D15', 'fulfillmentLocName': 'SSAPL-LINKING ROAD'}], 'paymentItems': [], 'codcharge': '0.00', 'customerGSTIN': ''}}]} | startdate : 17/02/2023 00:00:00 | enddate : 24/02/2023 00:00:00
16292:2023-03-17 17:52:20,619:INFO:responsedata : {'responseCode': 9, 'responseMessage': 'No Record Found.', 'totalOrders': None, 'totalPages': None, 'currentPage': None, 'orderList': []} | startdate : 24/02/2023 00:00:00 | enddate : 03/03/2023 00:00:00
16292:2023-03-17 17:52:21,078:INFO:responsedata : {'responseCode': 9, 'responseMessage': 'No Record Found.', 'totalOrders': None, 'totalPages': None, 'currentPage': None, 'orderList': []} | startdate : 03/03/2023 00:00:00 | enddate : 10/03/2023 00:00:00
16292:2023-03-17 17:52:21,474:INFO:responsedata : {'responseCode': 9, 'responseMessage': 'No Record Found.', 'totalOrders': None, 'totalPages': None, 'currentPage': None, 'orderList': []} | startdate : 10/03/2023 00:00:00 | enddate : 17/03/2023 00:00:00
16292:2023-03-17 17:52:21,855:INFO:responsedata : {'responseCode': 9, 'responseMessage': 'No Record Found.', 'totalOrders': None, 'totalPages': None, 'currentPage': None, 'orderList': []} | startdate : 17/03/2023 00:00:00 | enddate : 24/03/2023 00:00:00
1256:2023-03-17 18:21:18,180:INFO:responsedata : {'responseCode': 9, 'responseMessage': 'No Record Found.', 'totalOrders': None, 'totalPages': None, 'currentPage': None, 'orderList': []} | startdate : 01/07/2022 00:00:00 | enddate : 08/07/2022 00:00:00
1256:2023-03-17 18:21:18,528:INFO:responsedata : {'responseCode': 9, 'responseMessage': 'No Record Found.', 'totalOrders': None, 'totalPages': None, 'currentPage': None, 'orderList': []} | startdate : 08/07/2022 00:00:00 | enddate : 15/07/2022 00:00:00
1256:2023-03-17 18:21:18,953:INFO:responsedata : {'responseCode': 9, 'responseMessage': 'No Record Found.', 'totalOrders': None, 'totalPages': None, 'currentPage': None, 'orderList': []} | startdate : 15/07/2022 00:00:00 | enddate : 22/07/2022 00:00:00
1256:2023-03-17 18:21:19,369:INFO:responsedata : {'responseCode': 0, 'responseMessage': 'Success', 'totalOrders': 1, 'totalPages': 1, 'currentPage': 1, 'orderList': [{'SO011086828': {'orderLocation': 'M01', 'orderId': 'M0131993', 'orderNo': 'SO011086828', 'extenalOrderNo': 'SO011086828', 'paymentMethod': 'Prepaid', 'status': 'Shipped & Returned', 'orderDate': '20/10/2021 13:48:29', 'orderAmount': '5499.00', 'orderCurrency': 'INR', 'conversionRate': '1.00', 'customerName': 'KARAN  AGARWAL', 'shipAddress1': 'HOUSE NO - 382, IIIrd FLOOR, DEEPALI ENCLAVE, PITAM PURA DELHI', 'shipAddress2': 'Delhi DL', 'shipAddress3': '', 'landmark': '', 'latitude': '', 'longitude': '', 'shipCity': 'North West Delhi', 'shipState': 'Delhi', 'shipCountry': 'India', 'shipPincode': '110034', 'shipPhone1': '9312005255', 'shipPhone2': '9312005255', 'shipEmail1': 'karanidhi@gmail.com', 'shipEmail2': 'karanidhi@gmail.com', 'billName': 'KARAN  AGARWAL', 'billAddress1': 'HOUSE NO - 382, IIIrd FLOOR, DEEPALI ENCLAVE, PITAM PURA DELHI', 'billAddress2': 'Delhi DL', 'billAddress3': '', 'billCity': 'North West Delhi', 'billState': 'Delhi', 'billCountry': 'India', 'billPincode': '110034', 'billPhone1': '9312005255', 'billPhone2': '9312005255', 'billEmail1': 'karanidhi@gmail.com', 'billEmail2': 'karanidhi@gmail.com', 'orderRemarks': None, 'shippingCharges': '0.00', 'handlingCharge2': '0.00', 'storeCredit': '0.00', 'isVerifiedOrder': '1', 'isOnHold': '0', 'giftvoucher': '0.00', 'otherDiscount': '0.00', 'discountCode': 'null', 'promoCode': None, 'promoName': None, 'cancelRemark': '', 'isGiftwrap': '0', 'giftwrapMsg': '', 'deliverySlot': '', 'customDataFeld1': '', 'customDataFeld2': '', 'customDataFeld3': '', 'customDataFeld4': '["Transaction is yet to complete"]', 'customDataFeld5': '', 'customDataFeld6': '', 'customDataFeld7': 'WHMP0354680390', 'customDataFeld8': '', 'customDataFeld9': '20/10/2021 08:19:30', 'customDataFeld10': '', 'discountAmount': '0.000', 'taxAmount': '838.83', 'updatedDate': '27/07/2022 16:05:27', 'mode': 'wms', 'IsReplacementOrder': 'No', 'originalOrderno': '', 'customerCode': '999999', 'extCustomerCode': '', 'clientId': '0', 'fulfillmentLocCode': 'SHO', 'extFulFillmentLocCode': 'SHO', 'orderSourceName': 'Webstore', 'collectibleAmount': '0.00', 'totalOrderLine': '1', 'delFulfillmentMode': '2', 'geoType': None, 'geoAddress': None, 'geoLatitude': None, 'geoLongitude': None, 'orderSource': 'M01', 'orderType': 'SO', 'shipByDate': '22/10/2021 13:48:29', 'processAfterDate': '', 'masterorderNo': '76090', 'priority': 'Normal', 'pickupLocation': '', 'fulfillmentLocName': 'SKECHERS SOUTH ASIA PRIVATE LIMITED', 'items': [{'lineno': '170780', 'extLineno': '170780', 'internalLineNo': '1', 'sku': '195204302859', 'primaryUPC': 'SKR34456', 'skuName': '232228-BLK/9/SHOE/FLEX ADVANTAGE 4.0 - OVERTAKE', 'status': 'Shipped & Returned', 'imageUrl': 'https://imageserver.skechers.com/img/productimages/large/232228_BLK.jpg', 'uom': 'Each', 'uomqty': '1.00', 'conversion': '1.00', 'orderQty': '1.00', 'commitedQty': '0.00', 'cancelledQty': '0.00', 'shippedQty': '1.00', 'returnQty': '1.00', 'unitPrice': '5499.00', 'discountAmt': '0.00', 'promoCode': None, 'promoName': None, 'taxAmount': '838.83', 'openQty': '0.00', 'udf1': '', 'udf2': '', 'udf3': '', 'udf4': '', 'udf5': '', 'udf6': '', 'udf7': '', 'udf8': '', 'udf9': '', 'udf10': '', 'bundleSkuCode': None, 'shipByDate': '', 'fulfillmentLocCode': 'A74', 'fulfillmentLocName': 'SSAPL-E-COM'}], 'paymentItems': [], 'codcharge': '0.00', 'customerGSTIN': ''}}]} | startdate : 22/07/2022 00:00:00 | enddate : 29/07/2022 00:00:00
1256:2023-03-17 18:21:19,716:INFO:responsedata : {'responseCode': 9, 'responseMessage': 'No Record Found.', 'totalOrders': None, 'totalPages': None, 'currentPage': None, 'orderList': []} | startdate : 29/07/2022 00:00:00 | enddate : 05/08/2022 00:00:00
1256:2023-03-17 18:21:20,092:INFO:responsedata : {'responseCode': 9, 'responseMessage': 'No Record Found.', 'totalOrders': None, 'totalPages': None, 'currentPage': None, 'orderList': []} | startdate : 05/08/2022 00:00:00 | enddate : 12/08/2022 00:00:00
1256:2023-03-17 18:21:20,517:INFO:responsedata : {'responseCode': 0, 'responseMessage': 'Success', 'totalOrders': 1, 'totalPages': 1, 'currentPage': 1, 'orderList': [{'SO011094417': {'orderLocation': 'M01', 'orderId': 'M0135791', 'orderNo': 'SO011094417', 'extenalOrderNo': 'SO011094417', 'paymentMethod': 'Prepaid', 'status': 'Shipped & Returned', 'orderDate': '20/11/2021 06:54:48', 'orderAmount': '5999.00', 'orderCurrency': 'INR', 'conversionRate': '1.00', 'customerName': 'Arpit  Mehta', 'shipAddress1': 'Arpit hospital Plot 9A/FA, Scheme no 94 Ring road (Service road)', 'shipAddress2': 'Madhya Pradesh MP', 'shipAddress3': '', 'landmark': '', 'latitude': '', 'longitude': '', 'shipCity': 'Indore', 'shipState': 'Madhya Pradesh', 'shipCountry': 'India', 'shipPincode': '452018', 'shipPhone1': '7898154738', 'shipPhone2': '7898154738', 'shipEmail1': 'pallavi.mehta9@gmail.com', 'shipEmail2': 'pallavi.mehta9@gmail.com', 'billName': 'Arpit  Mehta', 'billAddress1': 'Arpit hospital Plot 9A/FA, Scheme no 94 Ring road (Service road)', 'billAddress2': 'Madhya Pradesh MP', 'billAddress3': '', 'billCity': 'Indore', 'billState': 'Madhya Pradesh', 'billCountry': 'India', 'billPincode': '452018', 'billPhone1': '7898154738', 'billPhone2': '7898154738', 'billEmail1': 'pallavi.mehta9@gmail.com', 'billEmail2': 'pallavi.mehta9@gmail.com', 'orderRemarks': None, 'shippingCharges': '0.00', 'handlingCharge2': '0.00', 'storeCredit': '0.00', 'isVerifiedOrder': '1', 'isOnHold': '0', 'giftvoucher': '0.00', 'otherDiscount': '0.00', 'discountCode': 'null', 'promoCode': None, 'promoName': None, 'cancelRemark': '', 'isGiftwrap': '0', 'giftwrapMsg': '', 'deliverySlot': '', 'customDataFeld1': '', 'customDataFeld2': '', 'customDataFeld3': '', 'customDataFeld4': '["Transaction is yet to complete"]', 'customDataFeld5': '', 'customDataFeld6': '', 'customDataFeld7': 'WHDF0423119303', 'customDataFeld8': '', 'customDataFeld9': '20/11/2021 01:26:26', 'customDataFeld10': '', 'discountAmount': '0.000', 'taxAmount': '915.10', 'updatedDate': '17/08/2022 12:24:53', 'mode': 'wms', 'IsReplacementOrder': 'No', 'originalOrderno': '', 'customerCode': '999999', 'extCustomerCode': '', 'clientId': '0', 'fulfillmentLocCode': 'SHO', 'extFulFillmentLocCode': 'SHO', 'orderSourceName': 'Webstore', 'collectibleAmount': '0.00', 'totalOrderLine': '1', 'delFulfillmentMode': '2', 'geoType': None, 'geoAddress': None, 'geoLatitude': None, 'geoLongitude': None, 'orderSource': 'M01', 'orderType': 'SO', 'shipByDate': '22/11/2021 06:54:48', 'processAfterDate': '', 'masterorderNo': '83098', 'priority': 'Normal', 'pickupLocation': '', 'fulfillmentLocName': 'SKECHERS SOUTH ASIA PRIVATE LIMITED', 'items': [{'lineno': '186482', 'extLineno': '186482', 'internalLineNo': '1', 'sku': '195204539675', 'primaryUPC': 'SKR34886', 'skuName': '216202-NVOR/7/SHOE/GO WALK 6', 'status': 'Shipped & Returned', 'imageUrl': 'https://imageserver.skechers.com/img/productimages/large/216202_NVOR.jpg', 'uom': 'Each', 'uomqty': '1.00', 'conversion': '1.00', 'orderQty': '1.00', 'commitedQty': '0.00', 'cancelledQty': '0.00', 'shippedQty': '1.00', 'returnQty': '1.00', 'unitPrice': '5999.00', 'discountAmt': '0.00', 'promoCode': None, 'promoName': None, 'taxAmount': '915.10', 'openQty': '0.00', 'udf1': '', 'udf2': '', 'udf3': '', 'udf4': '', 'udf5': '', 'udf6': '', 'udf7': '', 'udf8': '', 'udf9': '', 'udf10': '', 'bundleSkuCode': None, 'shipByDate': '', 'fulfillmentLocCode': 'A74', 'fulfillmentLocName': 'SSAPL-E-COM'}], 'paymentItems': [], 'codcharge': '0.00', 'customerGSTIN': ''}}]} | startdate : 12/08/2022 00:00:00 | enddate : 19/08/2022 00:00:00
1256:2023-03-17 18:21:21,105:INFO:responsedata : {'responseCode': 0, 'responseMessage': 'Success', 'totalOrders': 4, 'totalPages': 1, 'currentPage': 1, 'orderList': [{'SO011081729': {'orderLocation': 'M01', 'orderId': 'M0129229', 'orderNo': 'SO011081729', 'extenalOrderNo': 'SO011081729', 'paymentMethod': 'Prepaid', 'status': 'Shipped & Returned', 'orderDate': '23/09/2021 14:20:48', 'orderAmount': '3899.00', 'orderCurrency': 'INR', 'conversionRate': '1.00', 'customerName': 'Priyanka  Dhillon', 'shipAddress1': 'Bldg 2 flat 903 Chamunda Classic, pandurang Wadi, Mahajanwadi, opp. Thakur mall,mira road east', 'shipAddress2': 'Maharashtra MH', 'shipAddress3': '', 'landmark': '', 'latitude': '', 'longitude': '', 'shipCity': 'Thane', 'shipState': 'Maharashtra', 'shipCountry': 'India', 'shipPincode': '401107', 'shipPhone1': '9167391693', 'shipPhone2': '9167391693', 'shipEmail1': 'priyankad707@gmail.com', 'shipEmail2': 'priyankad707@gmail.com', 'billName': 'Priyanka  Dhillon', 'billAddress1': 'Bldg 2 flat 903 Chamunda Classic, pandurang Wadi, Mahajanwadi, opp. Thakur mall,mira road east', 'billAddress2': 'Maharashtra MH', 'billAddress3': '', 'billCity': 'Thane', 'billState': 'Maharashtra', 'billCountry': 'India', 'billPincode': '401107', 'billPhone1': '9167391693', 'billPhone2': '9167391693', 'billEmail1': 'priyankad707@gmail.com', 'billEmail2': 'priyankad707@gmail.com', 'orderRemarks': None, 'shippingCharges': '0.00', 'handlingCharge2': '0.00', 'storeCredit': '0.00', 'isVerifiedOrder': '1', 'isOnHold': '0', 'giftvoucher': '0.00', 'otherDiscount': '0.00', 'discountCode': 'null', 'promoCode': None, 'promoName': None, 'cancelRemark': '', 'isGiftwrap': '0', 'giftwrapMsg': '', 'deliverySlot': '', 'customDataFeld1': '', 'customDataFeld2': '', 'customDataFeld3': '', 'customDataFeld4': '["Transaction is yet to complete"]', 'customDataFeld5': '', 'customDataFeld6': '', 'customDataFeld7': 'WCPI0289935417', 'customDataFeld8': '', 'customDataFeld9': '23/09/2021 08:52:07', 'customDataFeld10': '', 'discountAmount': '0.000', 'taxAmount': '594.76', 'updatedDate': '25/08/2022 15:07:54', 'mode': 'wms', 'IsReplacementOrder': 'No', 'originalOrderno': '', 'customerCode': '999999', 'extCustomerCode': '', 'clientId': '0', 'fulfillmentLocCode': 'SHO', 'extFulFillmentLocCode': 'SHO', 'orderSourceName': 'Webstore', 'collectibleAmount': '0.00', 'totalOrderLine': '1', 'delFulfillmentMode': '2', 'geoType': None, 'geoAddress': None, 'geoLatitude': None, 'geoLongitude': None, 'orderSource': 'M01', 'orderType': 'SO', 'shipByDate': '25/09/2021 14:20:48', 'processAfterDate': '', 'masterorderNo': '71009', 'priority': 'Normal', 'pickupLocation': '', 'fulfillmentLocName': 'SKECHERS SOUTH ASIA PRIVATE LIMITED', 'items': [{'lineno': '159362', 'extLineno': '159362', 'internalLineNo': '1', 'sku': '193113557575', 'primaryUPC': 'SKR30081', 'skuName': '74191-BKWR/5/Shoe/SOLEI ST.-GROOVILICIOUS', 'status': 'Shipped & Returned', 'imageUrl': 'https://imageserver.skechers.com/img/productimages/large/74191_BKWR.jpg', 'uom': 'Each', 'uomqty': '1.00', 'conversion': '1.00', 'orderQty': '1.00', 'commitedQty': '0.00', 'cancelledQty': '0.00', 'shippedQty': '1.00', 'returnQty': '1.00', 'unitPrice': '3899.00', 'discountAmt': '0.00', 'promoCode': None, 'promoName': None, 'taxAmount': '594.76', 'openQty': '0.00', 'udf1': '', 'udf2': '', 'udf3': '', 'udf4': '', 'udf5': '', 'udf6': '', 'udf7': '', 'udf8': '', 'udf9': '', 'udf10': '', 'bundleSkuCode': None, 'shipByDate': '', 'fulfillmentLocCode': 'D42', 'fulfillmentLocName': 'SSAPL-BIG CENTRE THANE'}], 'paymentItems': [], 'codcharge': '0.00', 'customerGSTIN': ''}}, {'SO011091582': {'orderLocation': 'M01', 'orderId': 'M0134272', 'orderNo': 'SO011091582', 'extenalOrderNo': 'SO011091582', 'paymentMethod': 'Prepaid', 'status': 'Shipped & Returned', 'orderDate': '09/11/2021 13:04:15', 'orderAmount': '3599.00', 'orderCurrency': 'INR', 'conversionRate': '1.00', 'customerName': 'Anand  Rathi', 'shipAddress1': 'Jhumbarlal Rathi, Near SBI, Parsodi road, Dhamangaon Rly', 'shipAddress2': 'Maharashtra MH', 'shipAddress3': '', 'landmark': '', 'latitude': '', 'longitude': '', 'shipCity': 'Amravati', 'shipState': 'Maharashtra', 'shipCountry': 'India', 'shipPincode': '444709', 'shipPhone1': '9730190299', 'shipPhone2': '9730190299', 'shipEmail1': 'anandrathi000@gmail.com', 'shipEmail2': 'anandrathi000@gmail.com', 'billName': 'Anand  Rathi', 'billAddress1': 'Jhumbarlal Rathi, Near SBI, Parsodi road, Dhamangaon Rly', 'billAddress2': 'Maharashtra MH', 'billAddress3': '', 'billCity': 'Amravati', 'billState': 'Maharashtra', 'billCountry': 'India', 'billPincode': '444709', 'billPhone1': '9730190299', 'billPhone2': '9730190299', 'billEmail1': 'anandrathi000@gmail.com', 'billEmail2': 'anandrathi000@gmail.com', 'orderRemarks': None, 'shippingCharges': '0.00', 'handlingCharge2': '0.00', 'storeCredit': '0.00', 'isVerifiedOrder': '1', 'isOnHold': '0', 'giftvoucher': '0.00', 'otherDiscount': '0.00', 'discountCode': 'null', 'promoCode': None, 'promoName': None, 'cancelRemark': '', 'isGiftwrap': '0', 'giftwrapMsg': '', 'deliverySlot': '', 'customDataFeld1': '', 'customDataFeld2': '', 'customDataFeld3': '', 'customDataFeld4': '["Transaction is yet to complete"]', 'customDataFeld5': '', 'customDataFeld6': '', 'customDataFeld7': 'WHMP0400116174', 'customDataFeld8': '', 'customDataFeld9': '09/11/2021 07:36:36', 'customDataFeld10': '', 'discountAmount': '0.000', 'taxAmount': '549.00', 'updatedDate': '25/08/2022 18:20:21', 'mode': 'wms', 'IsReplacementOrder': 'No', 'originalOrderno': '', 'customerCode': '999999', 'extCustomerCode': '', 'clientId': '0', 'fulfillmentLocCode': 'SHO', 'extFulFillmentLocCode': 'SHO', 'orderSourceName': 'Webstore', 'collectibleAmount': '0.00', 'totalOrderLine': '1', 'delFulfillmentMode': '2', 'geoType': None, 'geoAddress': None, 'geoLatitude': None, 'geoLongitude': None, 'orderSource': 'M01', 'orderType': 'SO', 'shipByDate': '11/11/2021 13:04:15', 'processAfterDate': '', 'masterorderNo': '80267', 'priority': 'Normal', 'pickupLocation': '', 'fulfillmentLocName': 'SKECHERS SOUTH ASIA PRIVATE LIMITED', 'items': [{'lineno': '180184', 'extLineno': '180184', 'internalLineNo': '1', 'sku': '194428097305', 'primaryUPC': 'SKR26796', 'skuName': '220017-BBK/7/SHOE/GO TRAIL JACKRABBIT -', 'status': 'Shipped & Returned', 'imageUrl': 'https://imageserver.skechers.com/img/productimages/large/220017_BBK.jpg', 'uom': 'Each', 'uomqty': '1.00', 'conversion': '1.00', 'orderQty': '1.00', 'commitedQty': '0.00', 'cancelledQty': '0.00', 'shippedQty': '1.00', 'returnQty': '1.00', 'unitPrice': '3599.00', 'discountAmt': '0.00', 'promoCode': None, 'promoName': None, 'taxAmount': '549.00', 'openQty': '0.00', 'udf1': '', 'udf2': '', 'udf3': '', 'udf4': '', 'udf5': '', 'udf6': '', 'udf7': '', 'udf8': '', 'udf9': '', 'udf10': '', 'bundleSkuCode': None, 'shipByDate': '', 'fulfillmentLocCode': 'D42', 'fulfillmentLocName': 'SSAPL-BIG CENTRE THANE'}], 'paymentItems': [], 'codcharge': '0.00', 'customerGSTIN': ''}}, {'SO011082134': {'orderLocation': 'M01', 'orderId': 'M0129443', 'orderNo': 'SO011082134', 'extenalOrderNo': 'SO011082134', 'paymentMethod': 'Prepaid', 'status': 'Shipped & Returned', 'orderDate': '25/09/2021 22:44:33', 'orderAmount': '6499.00', 'orderCurrency': 'INR', 'conversionRate': '1.00', 'customerName': 'Zubair  Khan', 'shipAddress1': 'kheteshwar colony  BADI MASJID KE PICHE BEHIND MOTI MARKET', 'shipAddress2': 'Rajasthan RJ', 'shipAddress3': '', 'landmark': '', 'latitude': '', 'longitude': '', 'shipCity': 'BALOTRA', 'shipState': 'Rajasthan', 'shipCountry': 'India', 'shipPincode': '344022', 'shipPhone1': '9001054800', 'shipPhone2': '9001054800', 'shipEmail1': 'zubairhmt77@gmail.com', 'shipEmail2': 'zubairhmt77@gmail.com', 'billName': 'Zubair  Khan', 'billAddress1': 'kheteshwar colony  BADI MASJID KE PICHE BEHIND MOTI MARKET', 'billAddress2': 'Rajasthan RJ', 'billAddress3': '', 'billCity': 'BALOTRA', 'billState': 'Rajasthan', 'billCountry': 'India', 'billPincode': '344022', 'billPhone1': '9001054800', 'billPhone2': '9001054800', 'billEmail1': 'zubairhmt77@gmail.com', 'billEmail2': 'zubairhmt77@gmail.com', 'orderRemarks': None, 'shippingCharges': '0.00', 'handlingCharge2': '0.00', 'storeCredit': '0.00', 'isVerifiedOrder': '1', 'isOnHold': '0', 'giftvoucher': '0.00', 'otherDiscount': '0.00', 'discountCode': 'null', 'promoCode': None, 'promoName': None, 'cancelRemark': '', 'isGiftwrap': '0', 'giftwrapMsg': '', 'deliverySlot': '', 'customDataFeld1': '', 'customDataFeld2': '', 'customDataFeld3': '', 'customDataFeld4': '["Transaction is yet to complete"]', 'customDataFeld5': '', 'customDataFeld6': '', 'customDataFeld7': 'WHMP0295574700', 'customDataFeld8': '', 'customDataFeld9': '25/09/2021 17:17:32', 'customDataFeld10': '', 'discountAmount': '500.000', 'taxAmount': '991.37', 'updatedDate': '25/08/2022 18:41:30', 'mode': 'wms', 'IsReplacementOrder': 'No', 'originalOrderno': '', 'customerCode': '999999', 'extCustomerCode': '', 'clientId': '0', 'fulfillmentLocCode': 'SHO', 'extFulFillmentLocCode': 'SHO', 'orderSourceName': 'Webstore', 'collectibleAmount': '0.00', 'totalOrderLine': '1', 'delFulfillmentMode': '2', 'geoType': None, 'geoAddress': None, 'geoLatitude': None, 'geoLongitude': None, 'orderSource': 'M01', 'orderType': 'SO', 'shipByDate': '27/09/2021 22:44:33', 'processAfterDate': '', 'masterorderNo': '71407', 'priority': 'Normal', 'pickupLocation': '', 'fulfillmentLocName': 'SKECHERS SOUTH ASIA PRIVATE LIMITED', 'items': [{'lineno': '160252', 'extLineno': '160252', 'internalLineNo': '1', 'sku': '193642415605', 'primaryUPC': 'SKR29395', 'skuName': '54450-BKCC/8/SHOE/MAX CUSHIONING PREMIER-VANTAG', 'status': 'Shipped & Returned', 'imageUrl': 'https://imageserver.skechers.com/img/productimages/large/54450_BKCC.jpg', 'uom': 'Each', 'uomqty': '1.00', 'conversion': '1.00', 'orderQty': '1.00', 'commitedQty': '0.00', 'cancelledQty': '0.00', 'shippedQty': '1.00', 'returnQty': '1.00', 'unitPrice': '6999.00', 'discountAmt': '500.00', 'promoCode': None, 'promoName': None, 'taxAmount': '991.37', 'openQty': '0.00', 'udf1': '', 'udf2': '', 'udf3': '', 'udf4': '', 'udf5': '', 'udf6': '', 'udf7': '', 'udf8': '', 'udf9': '', 'udf10': '', 'bundleSkuCode': None, 'shipByDate': '', 'fulfillmentLocCode': 'D42', 'fulfillmentLocName': 'SSAPL-BIG CENTRE THANE'}], 'paymentItems': [], 'codcharge': '0.00', 'customerGSTIN': ''}}, {'SO011080843': {'orderLocation': 'M01', 'orderId': 'M0128754', 'orderNo': 'SO011080843', 'extenalOrderNo': 'SO011080843', 'paymentMethod': 'Prepaid', 'status': 'Shipped & Returned', 'orderDate': '17/09/2021 23:20:45', 'orderAmount': '7378.00', 'orderCurrency': 'INR', 'conversionRate': '1.00', 'customerName': 'Harsha  Agarwal', 'shipAddress1': 'Karachi Kadhai/Punjabi Rasoi, Sachin tendulkar marg, Tulsi vihar, City center Gwalior 474011', 'shipAddress2': 'Madhya Pradesh MP', 'shipAddress3': '', 'landmark': '', 'latitude': '', 'longitude': '', 'shipCity': 'Gwalior', 'shipState': 'Madhya Pradesh', 'shipCountry': 'India', 'shipPincode': '474011', 'shipPhone1': '8952856533', 'shipPhone2': '8952856533', 'shipEmail1': 'agarwalharsha92@gmail.com', 'shipEmail2': 'agarwalharsha92@gmail.com', 'billName': 'Harsha  Agarwal', 'billAddress1': 'Karachi Kadhai/Punjabi Rasoi, Sachin tendulkar marg, Tulsi vihar, City center Gwalior 474011', 'billAddress2': 'Madhya Pradesh MP', 'billAddress3': '', 'billCity': 'Gwalior', 'billState': 'Madhya Pradesh', 'billCountry': 'India', 'billPincode': '474011', 'billPhone1': '8952856533', 'billPhone2': '8952856533', 'billEmail1': 'agarwalharsha92@gmail.com', 'billEmail2': 'agarwalharsha92@gmail.com', 'orderRemarks': None, 'shippingCharges': '0.00', 'handlingCharge2': '0.00', 'storeCredit': '0.00', 'isVerifiedOrder': '1', 'isOnHold': '0', 'giftvoucher': '0.00', 'otherDiscount': '0.00', 'discountCode': 'null', 'promoCode': None, 'promoName': None, 'cancelRemark': '', 'isGiftwrap': '0', 'giftwrapMsg': '', 'deliverySlot': '', 'customDataFeld1': '', 'customDataFeld2': '', 'customDataFeld3': '', 'customDataFeld4': '["Transaction is yet to complete"]', 'customDataFeld5': '', 'customDataFeld6': '', 'customDataFeld7': 'WIDS0277198795', 'customDataFeld8': '', 'customDataFeld9': '17/09/2021 17:54:10', 'customDataFeld10': '', 'discountAmount': '0.000', 'taxAmount': '1125.46', 'updatedDate': '25/08/2022 18:50:46', 'mode': 'wms', 'IsReplacementOrder': 'No', 'originalOrderno': '', 'customerCode': '999999', 'extCustomerCode': '', 'clientId': '0', 'fulfillmentLocCode': 'SHO', 'extFulFillmentLocCode': 'SHO', 'orderSourceName': 'Webstore', 'collectibleAmount': '0.00', 'totalOrderLine': '3', 'delFulfillmentMode': '2', 'geoType': None, 'geoAddress': None, 'geoLatitude': None, 'geoLongitude': None, 'orderSource': 'M01', 'orderType': 'SO', 'shipByDate': '19/09/2021 23:20:45', 'processAfterDate': '', 'masterorderNo': '70123', 'priority': 'Normal', 'pickupLocation': '', 'fulfillmentLocName': 'SKECHERS SOUTH ASIA PRIVATE LIMITED', 'items': [{'lineno': '157302', 'extLineno': '157302', 'internalLineNo': '1', 'sku': '194428289700', 'primaryUPC': 'SKR30026', 'skuName': '163056-GRY/9/SANDAL/REGGAE CUP - HOME SKILLET', 'status': 'Shipped & Returned', 'imageUrl': 'https://imageserver.skechers.com/img/productimages/large/163056_GRY.jpg', 'uom': 'Each', 'uomqty': '1.00', 'conversion': '1.00', 'orderQty': '1.00', 'commitedQty': '0.00', 'cancelledQty': '0.00', 'shippedQty': '1.00', 'returnQty': '1.00', 'unitPrice': '2579.00', 'discountAmt': '0.00', 'promoCode': None, 'promoName': None, 'taxAmount': '393.41', 'openQty': '0.00', 'udf1': '', 'udf2': '', 'udf3': '', 'udf4': '', 'udf5': '', 'udf6': '', 'udf7': '', 'udf8': '', 'udf9': '', 'udf10': '', 'bundleSkuCode': None, 'shipByDate': '', 'fulfillmentLocCode': 'D52', 'fulfillmentLocName': 'SSAPL - AKSHARDHAM NCR'}, {'lineno': '157304', 'extLineno': '157304', 'internalLineNo': '2', 'sku': '193642182552', 'primaryUPC': 'SKR22390', 'skuName': "88888350-NVCL/9/SHOE/FLEX APPEAL 3.0-BREEZIN' KICK", 'status': 'Shipped & Returned', 'imageUrl': 'https://imageserver.skechers.com/img/productimages/large/88888350_NVCL.jpg', 'uom': 'Each', 'uomqty': '1.00', 'conversion': '1.00', 'orderQty': '1.00', 'commitedQty': '0.00', 'cancelledQty': '0.00', 'shippedQty': '1.00', 'returnQty': '1.00', 'unitPrice': '2400.00', 'discountAmt': '0.00', 'promoCode': None, 'promoName': None, 'taxAmount': '366.10', 'openQty': '0.00', 'udf1': '', 'udf2': '', 'udf3': '', 'udf4': '', 'udf5': '', 'udf6': '', 'udf7': '', 'udf8': '', 'udf9': '', 'udf10': '', 'bundleSkuCode': None, 'shipByDate': '', 'fulfillmentLocCode': 'D42', 'fulfillmentLocName': 'SSAPL-BIG CENTRE THANE'}, {'lineno': '157306', 'extLineno': '157306', 'internalLineNo': '3', 'sku': '194428801872', 'primaryUPC': 'SKR30842', 'skuName': '55362-BKOR/9/SANDAL/ON-THE-GO 600 - VIRTUOUS', 'status': 'Shipped & Returned', 'imageUrl': 'https://imageserver.skechers.com/img/productimages/large/55362_BKOR.jpg', 'uom': 'Each', 'uomqty': '1.00', 'conversion': '1.00', 'orderQty': '1.00', 'commitedQty': '0.00', 'cancelledQty': '0.00', 'shippedQty': '1.00', 'returnQty': '1.00', 'unitPrice': '2399.00', 'discountAmt': '0.00', 'promoCode': None, 'promoName': None, 'taxAmount': '365.95', 'openQty': '0.00', 'udf1': '', 'udf2': '', 'udf3': '', 'udf4': '', 'udf5': '', 'udf6': '', 'udf7': '', 'udf8': '', 'udf9': '', 'udf10': '', 'bundleSkuCode': None, 'shipByDate': '', 'fulfillmentLocCode': 'D42', 'fulfillmentLocName': 'SSAPL-BIG CENTRE THANE'}], 'paymentItems': [], 'codcharge': '0.00', 'customerGSTIN': ''}}]} | startdate : 19/08/2022 00:00:00 | enddate : 26/08/2022 00:00:00
1256:2023-03-17 18:21:21,538:INFO:responsedata : {'responseCode': 0, 'responseMessage': 'Success', 'totalOrders': 1, 'totalPages': 1, 'currentPage': 1, 'orderList': [{'SO011092161': {'orderLocation': 'M01', 'orderId': 'M0134566', 'orderNo': 'SO011092161', 'extenalOrderNo': 'SO011092161', 'paymentMethod': 'Prepaid', 'status': 'Shipped & Returned', 'orderDate': '11/11/2021 23:42:26', 'orderAmount': '5000.00', 'orderCurrency': 'INR', 'conversionRate': '1.00', 'customerName': 'VIPIN  Bokariya', 'shipAddress1': 'C904 MAHAVIR CLASSIK OPP L&T GATE NO 5 SAKI VIHAR ROAD POWAI ANDHERI EAST ANDHERI EAST', 'shipAddress2': 'Maharashtra MH', 'shipAddress3': '', 'landmark': '', 'latitude': '', 'longitude': '', 'shipCity': 'Mumbai', 'shipState': 'Maharashtra', 'shipCountry': 'India', 'shipPincode': '400072', 'shipPhone1': '9892728310', 'shipPhone2': '9892728310', 'shipEmail1': 'vipinsonika@gmail.com', 'shipEmail2': 'vipinsonika@gmail.com', 'billName': 'VIPIN  Bokariya', 'billAddress1': 'C904 MAHAVIR CLASSIK OPP L&T GATE NO 5 SAKI VIHAR ROAD POWAI ANDHERI EAST ANDHERI EAST', 'billAddress2': 'Maharashtra MH', 'billAddress3': '', 'billCity': 'Mumbai', 'billState': 'Maharashtra', 'billCountry': 'India', 'billPincode': '400072', 'billPhone1': '9892728310', 'billPhone2': '9892728310', 'billEmail1': 'vipinsonika@gmail.com', 'billEmail2': 'vipinsonika@gmail.com', 'orderRemarks': None, 'shippingCharges': '0.00', 'handlingCharge2': '0.00', 'storeCredit': '0.00', 'isVerifiedOrder': '1', 'isOnHold': '0', 'giftvoucher': '0.00', 'otherDiscount': '0.00', 'discountCode': 'null', 'promoCode': None, 'promoName': None, 'cancelRemark': '', 'isGiftwrap': '0', 'giftwrapMsg': '', 'deliverySlot': '', 'customDataFeld1': '', 'customDataFeld2': '', 'customDataFeld3': '', 'customDataFeld4': '["Transaction is yet to complete"]', 'customDataFeld5': '', 'customDataFeld6': '', 'customDataFeld7': 'WAE20406122128', 'customDataFeld8': '', 'customDataFeld9': '11/11/2021 18:15:17', 'customDataFeld10': '', 'discountAmount': '0.000', 'taxAmount': '762.71', 'updatedDate': '27/08/2022 15:46:33', 'mode': 'wms', 'IsReplacementOrder': 'No', 'originalOrderno': '', 'customerCode': '999999', 'extCustomerCode': '', 'clientId': '0', 'fulfillmentLocCode': 'SHO', 'extFulFillmentLocCode': 'SHO', 'orderSourceName': 'Webstore', 'collectibleAmount': '0.00', 'totalOrderLine': '1', 'delFulfillmentMode': '2', 'geoType': None, 'geoAddress': None, 'geoLatitude': None, 'geoLongitude': None, 'orderSource': 'M01', 'orderType': 'SO', 'shipByDate': '13/11/2021 23:42:26', 'processAfterDate': '', 'masterorderNo': '80844', 'priority': 'Normal', 'pickupLocation': '', 'fulfillmentLocName': 'SKECHERS SOUTH ASIA PRIVATE LIMITED', 'items': [{'lineno': '181452', 'extLineno': '181452', 'internalLineNo': '1', 'sku': '193642043648', 'primaryUPC': 'SKR27238', 'skuName': '55220-WNVR/9/SHOE/GO RUN RAZOR 3', 'status': 'Shipped & Returned', 'imageUrl': 'https://imageserver.skechers.com/img/productimages/large/55220_WNVR.jpg', 'uom': 'Each', 'uomqty': '1.00', 'conversion': '1.00', 'orderQty': '1.00', 'commitedQty': '0.00', 'cancelledQty': '0.00', 'shippedQty': '1.00', 'returnQty': '1.00', 'unitPrice': '5000.00', 'discountAmt': '0.00', 'promoCode': None, 'promoName': None, 'taxAmount': '762.71', 'openQty': '0.00', 'udf1': '', 'udf2': '', 'udf3': '', 'udf4': '', 'udf5': '', 'udf6': '', 'udf7': '', 'udf8': '', 'udf9': '', 'udf10': '', 'bundleSkuCode': None, 'shipByDate': '', 'fulfillmentLocCode': 'D33', 'fulfillmentLocName': 'SSAPL-OMR-CHENNAI'}], 'paymentItems': [], 'codcharge': '0.00', 'customerGSTIN': ''}}]} | startdate : 26/08/2022 00:00:00 | enddate : 02/09/2022 00:00:00
1256:2023-03-17 18:21:21,973:INFO:responsedata : {'responseCode': 9, 'responseMessage': 'No Record Found.', 'totalOrders': None, 'totalPages': None, 'currentPage': None, 'orderList': []} | startdate : 02/09/2022 00:00:00 | enddate : 09/09/2022 00:00:00
1256:2023-03-17 18:21:22,384:INFO:responsedata : {'responseCode': 9, 'responseMessage': 'No Record Found.', 'totalOrders': None, 'totalPages': None, 'currentPage': None, 'orderList': []} | startdate : 09/09/2022 00:00:00 | enddate : 16/09/2022 00:00:00
1256:2023-03-17 18:21:22,740:INFO:responsedata : {'responseCode': 9, 'responseMessage': 'No Record Found.', 'totalOrders': None, 'totalPages': None, 'currentPage': None, 'orderList': []} | startdate : 16/09/2022 00:00:00 | enddate : 23/09/2022 00:00:00
1256:2023-03-17 18:21:23,778:INFO:responsedata : {'responseCode': 0, 'responseMessage': 'Success', 'totalOrders': 20, 'totalPages': 1, 'currentPage': 1, 'orderList': [{'SO011096864': {'orderLocation': 'M01', 'orderId': 'M0137121', 'orderNo': 'SO011096864', 'extenalOrderNo': 'SO011096864', 'paymentMethod': 'Prepaid', 'status': 'Shipped & Returned', 'orderDate': '26/11/2021 23:28:39', 'orderAmount': '3599.00', 'orderCurrency': 'INR', 'conversionRate': '1.00', 'customerName': 'Madhur  Garg', 'shipAddress1': 'Flat No. C1, Kanhaiya Apartment, Mahavir Enclave, Roorkee', 'shipAddress2': 'Uttarakhand UT', 'shipAddress3': '', 'landmark': '', 'latitude': '', 'longitude': '', 'shipCity': 'Haridwar', 'shipState': 'Uttarakhand', 'shipCountry': 'India', 'shipPincode': '247667', 'shipPhone1': '8179615847', 'shipPhone2': '8179615847', 'shipEmail1': 'madhurgarg96@gmail.com', 'shipEmail2': 'madhurgarg96@gmail.com', 'billName': 'Madhur  Garg', 'billAddress1': 'Flat No. C1, Kanhaiya Apartment, Mahavir Enclave, Roorkee', 'billAddress2': 'Uttarakhand UT', 'billAddress3': '', 'billCity': 'Haridwar', 'billState': 'Uttarakhand', 'billCountry': 'India', 'billPincode': '247667', 'billPhone1': '8179615847', 'billPhone2': '8179615847', 'billEmail1': 'madhurgarg96@gmail.com', 'billEmail2': 'madhurgarg96@gmail.com', 'orderRemarks': None, 'shippingCharges': '0.00', 'handlingCharge2': '0.00', 'storeCredit': '0.00', 'isVerifiedOrder': '1', 'isOnHold': '0', 'giftvoucher': '0.00', 'otherDiscount': '0.00', 'discountCode': 'null', 'promoCode': None, 'promoName': None, 'cancelRemark': '', 'isGiftwrap': '0', 'giftwrapMsg': '', 'deliverySlot': '', 'customDataFeld1': '', 'customDataFeld2': '', 'customDataFeld3': '', 'customDataFeld4': '["Transaction is yet to complete"]', 'customDataFeld5': '', 'customDataFeld6': '', 'customDataFeld7': 'WHMP0437422141', 'customDataFeld8': '', 'customDataFeld9': '26/11/2021 18:00:50', 'customDataFeld10': '', 'discountAmount': '0.000', 'taxAmount': '549.00', 'updatedDate': '23/09/2022 19:42:43', 'mode': 'wms', 'IsReplacementOrder': 'No', 'originalOrderno': '', 'customerCode': '999999', 'extCustomerCode': '', 'clientId': '0', 'fulfillmentLocCode': 'SHO', 'extFulFillmentLocCode': 'SHO', 'orderSourceName': 'Webstore', 'collectibleAmount': '0.00', 'totalOrderLine': '1', 'delFulfillmentMode': '2', 'geoType': None, 'geoAddress': None, 'geoLatitude': None, 'geoLongitude': None, 'orderSource': 'M01', 'orderType': 'SO', 'shipByDate': '28/11/2021 23:28:39', 'processAfterDate': '', 'masterorderNo': '85540', 'priority': 'Normal', 'pickupLocation': '', 'fulfillmentLocName': 'SKECHERS SOUTH ASIA PRIVATE LIMITED', 'items': [{'lineno': '192098', 'extLineno': '192098', 'internalLineNo': '1', 'sku': '194428097305', 'primaryUPC': 'SKR26796', 'skuName': '220017-BBK/7/SHOE/GO TRAIL JACKRABBIT -', 'status': 'Shipped & Returned', 'imageUrl': 'https://imageserver.skechers.com/img/productimages/large/220017_BBK.jpg', 'uom': 'Each', 'uomqty': '1.00', 'conversion': '1.00', 'orderQty': '1.00', 'commitedQty': '0.00', 'cancelledQty': '0.00', 'shippedQty': '1.00', 'returnQty': '1.00', 'unitPrice': '3599.00', 'discountAmt': '0.00', 'promoCode': None, 'promoName': None, 'taxAmount': '549.00', 'openQty': '0.00', 'udf1': '', 'udf2': '', 'udf3': '', 'udf4': '', 'udf5': '', 'udf6': '', 'udf7': '', 'udf8': '', 'udf9': '', 'udf10': '', 'bundleSkuCode': None, 'shipByDate': '', 'fulfillmentLocCode': 'D33', 'fulfillmentLocName': 'SSAPL-OMR-CHENNAI'}], 'paymentItems': [], 'codcharge': '0.00', 'customerGSTIN': ''}}, {'SO011042590': {'orderLocation': 'M01', 'orderId': 'M017780', 'orderNo': 'SO011042590', 'extenalOrderNo': 'SO011042590', 'paymentMethod': 'Prepaid', 'status': 'Shipped & Returned', 'orderDate': '11/01/2021 21:14:55', 'orderAmount': '9198.40', 'orderCurrency': 'INR', 'conversionRate': '1.00', 'customerName': 'Chander  Arora', 'shipAddress1': '620-A, JP Nagar', 'shipAddress2': 'Punjab PB', 'shipAddress3': '', 'landmark': '', 'latitude': '', 'longitude': '', 'shipCity': 'Jalandhar', 'shipState': 'Punjab', 'shipCountry': 'India', 'shipPincode': '144002', 'shipPhone1': '9417256080', 'shipPhone2': '9417256080', 'shipEmail1': 'aroraish89@gmail.com', 'shipEmail2': 'aroraish89@gmail.com', 'billName': 'Chander  Arora', 'billAddress1': '620-A, JP Nagar', 'billAddress2': 'Punjab PB', 'billAddress3': '', 'billCity': 'Jalandhar', 'billState': 'Punjab', 'billCountry': 'India', 'billPincode': '144002', 'billPhone1': '9417256080', 'billPhone2': '9417256080', 'billEmail1': 'aroraish89@gmail.com', 'billEmail2': 'aroraish89@gmail.com', 'orderRemarks': None, 'shippingCharges': '0.00', 'handlingCharge2': '0.00', 'storeCredit': '0.00', 'isVerifiedOrder': '1', 'isOnHold': '0', 'giftvoucher': '0.00', 'otherDiscount': '0.00', 'discountCode': 'null', 'promoCode': None, 'promoName': None, 'cancelRemark': '', 'isGiftwrap': '0', 'giftwrapMsg': '', 'deliverySlot': '', 'customDataFeld1': '', 'customDataFeld2': '', 'customDataFeld3': '', 'customDataFeld4': '["Transaction is yet to complete"]', 'customDataFeld5': '', 'customDataFeld6': '', 'customDataFeld7': 'VSBI9648627414', 'customDataFeld8': '', 'customDataFeld9': '11/01/2021 15:50:23', 'customDataFeld10': '', 'discountAmount': '0.000', 'taxAmount': '1403.15', 'updatedDate': '24/09/2022 15:39:20', 'mode': 'wms', 'IsReplacementOrder': 'No', 'originalOrderno': '', 'customerCode': '999999', 'extCustomerCode': '', 'clientId': '0', 'fulfillmentLocCode': 'SHO', 'extFulFillmentLocCode': 'SHO', 'orderSourceName': 'Webstore', 'collectibleAmount': '0.00', 'totalOrderLine': '2', 'delFulfillmentMode': '2', 'geoType': None, 'geoAddress': None, 'geoLatitude': None, 'geoLongitude': None, 'orderSource': 'M01', 'orderType': 'SO', 'shipByDate': '13/01/2021 21:14:55', 'processAfterDate': '', 'masterorderNo': '32191', 'priority': 'Normal', 'pickupLocation': '', 'fulfillmentLocName': 'SKECHERS SOUTH ASIA PRIVATE LIMITED', 'items': [{'lineno': '72332', 'extLineno': '72332', 'internalLineNo': '1', 'sku': '193642097719', 'primaryUPC': 'SKR21575', 'skuName': '15900-BKPK/9/SHOE/GO WALK 5-PRIZED', 'status': 'Shipped & Returned', 'imageUrl': 'https://imageserver.skechers.com/img/productimages/large/15900_BKPK.jpg', 'uom': 'Each', 'uomqty': '1.00', 'conversion': '1.00', 'orderQty': '1.00', 'commitedQty': '0.00', 'cancelledQty': '0.00', 'shippedQty': '1.00', 'returnQty': '1.00', 'unitPrice': '4399.20', 'discountAmt': '0.00', 'promoCode': None, 'promoName': None, 'taxAmount': '671.06', 'openQty': '0.00', 'udf1': '', 'udf2': '', 'udf3': '', 'udf4': '', 'udf5': '', 'udf6': '', 'udf7': '', 'udf8': '', 'udf9': '', 'udf10': '', 'bundleSkuCode': None, 'shipByDate': '', 'fulfillmentLocCode': 'A74', 'fulfillmentLocName': 'SSAPL-E-COM'}, {'lineno': '72334', 'extLineno': '72334', 'internalLineNo': '2', 'sku': '193642125771', 'primaryUPC': 'SKR22658', 'skuName': '55500-BLK/11/SHOE/GO WALK 5-PRIZED', 'status': 'Shipped & Returned', 'imageUrl': 'https://imageserver.skechers.com/img/productimages/large/55500_BLK.jpg', 'uom': 'Each', 'uomqty': '1.00', 'conversion': '1.00', 'orderQty': '1.00', 'commitedQty': '0.00', 'cancelledQty': '0.00', 'shippedQty': '1.00', 'returnQty': '1.00', 'unitPrice': '4799.20', 'discountAmt': '0.00', 'promoCode': None, 'promoName': None, 'taxAmount': '732.08', 'openQty': '0.00', 'udf1': '', 'udf2': '', 'udf3': '', 'udf4': '', 'udf5': '', 'udf6': '', 'udf7': '', 'udf8': '', 'udf9': '', 'udf10': '', 'bundleSkuCode': None, 'shipByDate': '', 'fulfillmentLocCode': 'A74', 'fulfillmentLocName': 'SSAPL-E-COM'}], 'paymentItems': [], 'codcharge': '0.00', 'customerGSTIN': ''}}, {'SO011078787': {'orderLocation': 'M01', 'orderId': 'M0127626', 'orderNo': 'SO011078787', 'extenalOrderNo': 'SO011078787', 'paymentMethod': 'Prepaid', 'status': 'Shipped & Returned', 'orderDate': '06/09/2021 13:57:42', 'orderAmount': '1900.00', 'orderCurrency': 'INR', 'conversionRate': '1.00', 'customerName': 'Neha  Keswani', 'shipAddress1': 'A-706, Montana,  2nd Cross Lane, Lokhandwala complex, Andheri West, Mumbai-400053 Near SBI Bank', 'shipAddress2': 'Maharashtra MH', 'shipAddress3': '', 'landmark': '', 'latitude': '', 'longitude': '', 'shipCity': 'Mumbai', 'shipState': 'Maharashtra', 'shipCountry': 'India', 'shipPincode': '400053', 'shipPhone1': '8097662236', 'shipPhone2': '8097662236', 'shipEmail1': 'nehakeswani20@gmail.com', 'shipEmail2': 'nehakeswani20@gmail.com', 'billName': 'Neha  Keswani', 'billAddress1': 'A-706, Montana,  2nd Cross Lane, Lokhandwala complex, Andheri West, Mumbai-400053 Near SBI Bank', 'billAddress2': 'Maharashtra MH', 'billAddress3': '', 'billCity': 'Mumbai', 'billState': 'Maharashtra', 'billCountry': 'India', 'billPincode': '400053', 'billPhone1': '8097662236', 'billPhone2': '8097662236', 'billEmail1': 'nehakeswani20@gmail.com', 'billEmail2': 'nehakeswani20@gmail.com', 'orderRemarks': None, 'shippingCharges': '0.00', 'handlingCharge2': '0.00', 'storeCredit': '0.00', 'isVerifiedOrder': '1', 'isOnHold': '0', 'giftvoucher': '0.00', 'otherDiscount': '0.00', 'discountCode': 'null', 'promoCode': None, 'promoName': None, 'cancelRemark': '', 'isGiftwrap': '0', 'giftwrapMsg': '', 'deliverySlot': '', 'customDataFeld1': '', 'customDataFeld2': '', 'customDataFeld3': '', 'customDataFeld4': '["Transaction is yet to complete"]', 'customDataFeld5': '', 'customDataFeld6': '', 'customDataFeld7': 'WHMP0250428858', 'customDataFeld8': '', 'customDataFeld9': '06/09/2021 08:32:05', 'customDataFeld10': '', 'discountAmount': '0.000', 'taxAmount': '289.83', 'updatedDate': '26/09/2022 17:18:07', 'mode': 'wms', 'IsReplacementOrder': 'No', 'originalOrderno': '', 'customerCode': '999999', 'extCustomerCode': '', 'clientId': '0', 'fulfillmentLocCode': 'SHO', 'extFulFillmentLocCode': 'SHO', 'orderSourceName': 'Webstore', 'collectibleAmount': '0.00', 'totalOrderLine': '1', 'delFulfillmentMode': '2', 'geoType': None, 'geoAddress': None, 'geoLatitude': None, 'geoLongitude': None, 'orderSource': 'M01', 'orderType': 'SO', 'shipByDate': '08/09/2021 13:57:42', 'processAfterDate': '', 'masterorderNo': '68073', 'priority': 'Normal', 'pickupLocation': '', 'fulfillmentLocName': 'SKECHERS SOUTH ASIA PRIVATE LIMITED', 'items': [{'lineno': '152630', 'extLineno': '152630', 'internalLineNo': '1', 'sku': '889110698693', 'primaryUPC': 'SKR18702', 'skuName': '38527-BLK/6/SANDAL/BEVERLEE - SMITTEN KITTEN', 'status': 'Shipped & Returned', 'imageUrl': 'https://imageserver.skechers.com/img/productimages/large/38527_BLK.jpg', 'uom': 'Each', 'uomqty': '1.00', 'conversion': '1.00', 'orderQty': '1.00', 'commitedQty': '0.00', 'cancelledQty': '0.00', 'shippedQty': '1.00', 'returnQty': '1.00', 'unitPrice': '1900.00', 'discountAmt': '0.00', 'promoCode': None, 'promoName': None, 'taxAmount': '289.83', 'openQty': '0.00', 'udf1': '', 'udf2': '', 'udf3': '', 'udf4': '', 'udf5': '', 'udf6': '', 'udf7': '', 'udf8': '', 'udf9': '', 'udf10': '', 'bundleSkuCode': None, 'shipByDate': '', 'fulfillmentLocCode': 'D42', 'fulfillmentLocName': 'SSAPL-BIG CENTRE THANE'}], 'paymentItems': [], 'codcharge': '0.00', 'customerGSTIN': ''}}, {'SO011080793': {'orderLocation': 'M01', 'orderId': 'M0128722', 'orderNo': 'SO011080793', 'extenalOrderNo': 'SO011080793', 'paymentMethod': 'Prepaid', 'status': 'Shipped & Returned', 'orderDate': '17/09/2021 19:38:31', 'orderAmount': '4799.00', 'orderCurrency': 'INR', 'conversionRate': '1.00', 'customerName': 'SSG  Nikhil', 'shipAddress1': 'A 85 Swati Soc Vibhag 2 Chikuwadi  nana varachha road', 'shipAddress2': 'Gujarat GJ', 'shipAddress3': '', 'landmark': '', 'latitude': '', 'longitude': '', 'shipCity': 'Surat', 'shipState': 'Gujarat', 'shipCountry': 'India', 'shipPincode': '395006', 'shipPhone1': '8000331680', 'shipPhone2': '8000331680', 'shipEmail1': 'nikhilp60@gmail.com', 'shipEmail2': 'nikhilp60@gmail.com', 'billName': 'SSG  Nikhil', 'billAddress1': 'A 85 Swati Soc Vibhag 2 Chikuwadi  nana varachha road', 'billAddress2': 'Gujarat GJ', 'billAddress3': '', 'billCity': 'Surat', 'billState': 'Gujarat', 'billCountry': 'India', 'billPincode': '395006', 'billPhone1': '8000331680', 'billPhone2': '8000331680', 'billEmail1': 'nikhilp60@gmail.com', 'billEmail2': 'nikhilp60@gmail.com', 'orderRemarks': None, 'shippingCharges': '0.00', 'handlingCharge2': '0.00', 'storeCredit': '0.00', 'isVerifiedOrder': '1', 'isOnHold': '0', 'giftvoucher': '0.00', 'otherDiscount': '0.00', 'discountCode': 'null', 'promoCode': None, 'promoName': None, 'cancelRemark': '', 'isGiftwrap': '0', 'giftwrapMsg': '', 'deliverySlot': '', 'customDataFeld1': '', 'customDataFeld2': '', 'customDataFeld3': '', 'customDataFeld4': '["Transaction is yet to complete"]', 'customDataFeld5': '', 'customDataFeld6': '', 'customDataFeld7': 'WCPI0276809692', 'customDataFeld8': '', 'customDataFeld9': '17/09/2021 14:09:38', 'customDataFeld10': '', 'discountAmount': '0.000', 'taxAmount': '732.05', 'updatedDate': '26/09/2022 17:18:39', 'mode': 'wms', 'IsReplacementOrder': 'No', 'originalOrderno': '', 'customerCode': '999999', 'extCustomerCode': '', 'clientId': '0', 'fulfillmentLocCode': 'SHO', 'extFulFillmentLocCode': 'SHO', 'orderSourceName': 'Webstore', 'collectibleAmount': '0.00', 'totalOrderLine': '1', 'delFulfillmentMode': '2', 'geoType': None, 'geoAddress': None, 'geoLatitude': None, 'geoLongitude': None, 'orderSource': 'M01', 'orderType': 'SO', 'shipByDate': '19/09/2021 19:38:31', 'processAfterDate': '', 'masterorderNo': '70073', 'priority': 'Normal', 'pickupLocation': '', 'fulfillmentLocName': 'SKECHERS SOUTH ASIA PRIVATE LIMITED', 'items': [{'lineno': '157170', 'extLineno': '157170', 'internalLineNo': '1', 'sku': '193642400656', 'primaryUPC': 'SKR26083', 'skuName': '68997-BKGY/9/SHOE/MAKO - REID', 'status': 'Shipped & Returned', 'imageUrl': 'https://imageserver.skechers.com/img/productimages/large/68997_BKGY.jpg', 'uom': 'Each', 'uomqty': '1.00', 'conversion': '1.00', 'orderQty': '1.00', 'commitedQty': '0.00', 'cancelledQty': '0.00', 'shippedQty': '1.00', 'returnQty': '1.00', 'unitPrice': '4799.00', 'discountAmt': '0.00', 'promoCode': None, 'promoName': None, 'taxAmount': '732.05', 'openQty': '0.00', 'udf1': '', 'udf2': '', 'udf3': '', 'udf4': '', 'udf5': '', 'udf6': '', 'udf7': '', 'udf8': '', 'udf9': '', 'udf10': '', 'bundleSkuCode': None, 'shipByDate': '', 'fulfillmentLocCode': 'D42', 'fulfillmentLocName': 'SSAPL-BIG CENTRE THANE'}], 'paymentItems': [], 'codcharge': '0.00', 'customerGSTIN': ''}}, {'SO011083484': {'orderLocation': 'M01', 'orderId': 'M0130187', 'orderNo': 'SO011083484', 'extenalOrderNo': 'SO011083484', 'paymentMethod': 'Prepaid', 'status': 'Shipped & Returned', 'orderDate': '03/10/2021 09:39:50', 'orderAmount': '7798.00', 'orderCurrency': 'INR', 'conversionRate': '1.00', 'customerName': 'Prabhakar  Kaluse', 'shipAddress1': 'N3 CIDCO PLOT NO 41  BESIDE HIGH COURT AURANGABAD', 'shipAddress2': 'Maharashtra MH', 'shipAddress3': '', 'landmark': '', 'latitude': '', 'longitude': '', 'shipCity': 'Aurangabad', 'shipState': 'Maharashtra', 'shipCountry': 'India', 'shipPincode': '431003', 'shipPhone1': '7517492734', 'shipPhone2': '7517492734', 'shipEmail1': 'pkaluse3003@gmail.com', 'shipEmail2': 'pkaluse3003@gmail.com', 'billName': 'Prabhakar  Kaluse', 'billAddress1': 'N3 CIDCO PLOT NO 41  BESIDE HIGH COURT AURANGABAD', 'billAddress2': 'Maharashtra MH', 'billAddress3': '', 'billCity': 'Aurangabad', 'billState': 'Maharashtra', 'billCountry': 'India', 'billPincode': '431003', 'billPhone1': '7517492734', 'billPhone2': '7517492734', 'billEmail1': 'pkaluse3003@gmail.com', 'billEmail2': 'pkaluse3003@gmail.com', 'orderRemarks': None, 'shippingCharges': '0.00', 'handlingCharge2': '0.00', 'storeCredit': '0.00', 'isVerifiedOrder': '1', 'isOnHold': '0', 'giftvoucher': '0.00', 'otherDiscount': '0.00', 'discountCode': 'null', 'promoCode': None, 'promoName': None, 'cancelRemark': '', 'isGiftwrap': '0', 'giftwrapMsg': '', 'deliverySlot': '', 'customDataFeld1': '', 'customDataFeld2': '', 'customDataFeld3': '', 'customDataFeld4': '["Transaction is yet to complete"]', 'customDataFeld5': '', 'customDataFeld6': '', 'customDataFeld7': 'WHMP0312873409', 'customDataFeld8': '', 'customDataFeld9': '03/10/2021 04:14:09', 'customDataFeld10': '', 'discountAmount': '1000.000', 'taxAmount': '1189.53', 'updatedDate': '26/09/2022 17:19:04', 'mode': 'wms', 'IsReplacementOrder': 'No', 'originalOrderno': '', 'customerCode': '999999', 'extCustomerCode': '', 'clientId': '0', 'fulfillmentLocCode': 'SHO', 'extFulFillmentLocCode': 'SHO', 'orderSourceName': 'Webstore', 'collectibleAmount': '0.00', 'totalOrderLine': '2', 'delFulfillmentMode': '2', 'geoType': None, 'geoAddress': None, 'geoLatitude': None, 'geoLongitude': None, 'orderSource': 'M01', 'orderType': 'SO', 'shipByDate': '05/10/2021 09:39:50', 'processAfterDate': '', 'masterorderNo': '72752', 'priority': 'Normal', 'pickupLocation': '', 'fulfillmentLocName': 'SKECHERS SOUTH ASIA PRIVATE LIMITED', 'items': [{'lineno': '163252', 'extLineno': '163252', 'internalLineNo': '1', 'sku': '194880463472', 'primaryUPC': 'SKR35102', 'skuName': '119099-MVE/6/SANDAL/FLEX APPEAL 2.0-COOL CITY', 'status': 'Shipped & Returned', 'imageUrl': 'https://imageserver.skechers.com/img/productimages/large/119099_MVE.jpg', 'uom': 'Each', 'uomqty': '1.00', 'conversion': '1.00', 'orderQty': '1.00', 'commitedQty': '0.00', 'cancelledQty': '0.00', 'shippedQty': '1.00', 'returnQty': '1.00', 'unitPrice': '3799.00', 'discountAmt': '431.80', 'promoCode': None, 'promoName': None, 'taxAmount': '513.64', 'openQty': '0.00', 'udf1': '', 'udf2': '', 'udf3': '', 'udf4': '', 'udf5': '', 'udf6': '', 'udf7': '', 'udf8': '', 'udf9': '', 'udf10': '', 'bundleSkuCode': None, 'shipByDate': '', 'fulfillmentLocCode': 'D42', 'fulfillmentLocName': 'SSAPL-BIG CENTRE THANE'}, {'lineno': '163254', 'extLineno': '163254', 'internalLineNo': '2', 'sku': '195204519387', 'primaryUPC': 'SKR37300', 'skuName': '119236-BLSH/6/SANDAL/ARCH FIT-CITY CATCH', 'status': 'Shipped & Returned', 'imageUrl': 'https://imageserver.skechers.com/img/productimages/large/119236_BLSH.jpg', 'uom': 'Each', 'uomqty': '1.00', 'conversion': '1.00', 'orderQty': '1.00', 'commitedQty': '0.00', 'cancelledQty': '0.00', 'shippedQty': '1.00', 'returnQty': '1.00', 'unitPrice': '4999.00', 'discountAmt': '568.20', 'promoCode': None, 'promoName': None, 'taxAmount': '675.88', 'openQty': '0.00', 'udf1': '', 'udf2': '', 'udf3': '', 'udf4': '', 'udf5': '', 'udf6': '', 'udf7': '', 'udf8': '', 'udf9': '', 'udf10': '', 'bundleSkuCode': None, 'shipByDate': '', 'fulfillmentLocCode': 'A74', 'fulfillmentLocName': 'SSAPL-E-COM'}], 'paymentItems': [], 'codcharge': '0.00', 'customerGSTIN': ''}}, {'SO011085683': {'orderLocation': 'M01', 'orderId': 'M0131397', 'orderNo': 'SO011085683', 'extenalOrderNo': 'SO011085683', 'paymentMethod': 'Prepaid', 'status': 'Shipped & Returned', 'orderDate': '14/10/2021 22:51:50', 'orderAmount': '2999.00', 'orderCurrency': 'INR', 'conversionRate': '1.00', 'customerName': 'Brijesh  Vaghasiya', 'shipAddress1': 'Plot no 378, Street no 5, Vijayrajnagar Bhavnagar Gujarat', 'shipAddress2': 'Gujarat GJ', 'shipAddress3': '', 'landmark': '', 'latitude': '', 'longitude': '', 'shipCity': 'Bhavnagar', 'shipState': 'Gujarat', 'shipCountry': 'India', 'shipPincode': '364002', 'shipPhone1': '9726902836', 'shipPhone2': '9726902836', 'shipEmail1': 'bj081118@gmail.com', 'shipEmail2': 'bj081118@gmail.com', 'billName': 'Brijesh  Vaghasiya', 'billAddress1': 'Plot no 378, Street no 5, Vijayrajnagar Bhavnagar Gujarat', 'billAddress2': 'Gujarat GJ', 'billAddress3': '', 'billCity': 'Bhavnagar', 'billState': 'Gujarat', 'billCountry': 'India', 'billPincode': '364002', 'billPhone1': '9726902836', 'billPhone2': '9726902836', 'billEmail1': 'bj081118@gmail.com', 'billEmail2': 'bj081118@gmail.com', 'orderRemarks': None, 'shippingCharges': '0.00', 'handlingCharge2': '0.00', 'storeCredit': '0.00', 'isVerifiedOrder': '1', 'isOnHold': '0', 'giftvoucher': '0.00', 'otherDiscount': '0.00', 'discountCode': 'null', 'promoCode': None, 'promoName': None, 'cancelRemark': '', 'isGiftwrap': '0', 'giftwrapMsg': '', 'deliverySlot': '', 'customDataFeld1': '', 'customDataFeld2': '', 'customDataFeld3': '', 'customDataFeld4': 'No Payment Information Required', 'customDataFeld5': '', 'customDataFeld6': '', 'customDataFeld7': '', 'customDataFeld8': '', 'customDataFeld9': '', 'customDataFeld10': '', 'discountAmount': '0.000', 'taxAmount': '457.47', 'updatedDate': '26/09/2022 17:19:28', 'mode': 'wms', 'IsReplacementOrder': 'No', 'originalOrderno': '', 'customerCode': '999999', 'extCustomerCode': '', 'clientId': '0', 'fulfillmentLocCode': 'SHO', 'extFulFillmentLocCode': 'SHO', 'orderSourceName': 'Webstore', 'collectibleAmount': '0.00', 'totalOrderLine': '1', 'delFulfillmentMode': '2', 'geoType': None, 'geoAddress': None, 'geoLatitude': None, 'geoLongitude': None, 'orderSource': 'M01', 'orderType': 'SO', 'shipByDate': '16/10/2021 22:51:50', 'processAfterDate': '', 'masterorderNo': '74946', 'priority': 'Normal', 'pickupLocation': '', 'fulfillmentLocName': 'SKECHERS SOUTH ASIA PRIVATE LIMITED', 'items': [{'lineno': '168190', 'extLineno': '168190', 'internalLineNo': '1', 'sku': '191665203506', 'primaryUPC': 'SKR13628', 'skuName': '55350-NVY/10/SLIPPER/ON-THE-GO 600', 'status': 'Shipped & Returned', 'imageUrl': 'https://imageserver.skechers.com/img/productimages/large/55350_NVY.jpg', 'uom': 'Each', 'uomqty': '1.00', 'conversion': '1.00', 'orderQty': '1.00', 'commitedQty': '0.00', 'cancelledQty': '0.00', 'shippedQty': '1.00', 'returnQty': '1.00', 'unitPrice': '2999.00', 'discountAmt': '0.00', 'promoCode': None, 'promoName': None, 'taxAmount': '457.47', 'openQty': '0.00', 'udf1': '', 'udf2': '', 'udf3': '', 'udf4': '', 'udf5': '', 'udf6': '', 'udf7': '', 'udf8': '', 'udf9': '', 'udf10': '', 'bundleSkuCode': None, 'shipByDate': '', 'fulfillmentLocCode': 'D42', 'fulfillmentLocName': 'SSAPL-BIG CENTRE THANE'}], 'paymentItems': [], 'codcharge': '0.00', 'customerGSTIN': ''}}, {'SO011084287': {'orderLocation': 'M01', 'orderId': 'M0130659', 'orderNo': 'SO011084287', 'extenalOrderNo': 'SO011084287', 'paymentMethod': 'Prepaid', 'status': 'Shipped & Returned', 'orderDate': '07/10/2021 21:20:26', 'orderAmount': '3899.00', 'orderCurrency': 'INR', 'conversionRate': '1.00', 'customerName': 'Pratishtha  Agrawal', 'shipAddress1': '48  D radha nagar near krishna nagar Mathura', 'shipAddress2': 'Uttar Pradesh UP', 'shipAddress3': '', 'landmark': '', 'latitude': '', 'longitude': '', 'shipCity': 'Mathura', 'shipState': 'Uttar Pradesh', 'shipCountry': 'India', 'shipPincode': '281004', 'shipPhone1': '7014697450', 'shipPhone2': '7014697450', 'shipEmail1': 'pratishtha.ag13@gmail.com', 'shipEmail2': 'pratishtha.ag13@gmail.com', 'billName': 'Pratishtha  Agrawal', 'billAddress1': '48  D radha nagar near krishna nagar Mathura', 'billAddress2': 'Uttar Pradesh UP', 'billAddress3': '', 'billCity': 'Mathura', 'billState': 'Uttar Pradesh', 'billCountry': 'India', 'billPincode': '281004', 'billPhone1': '7014697450', 'billPhone2': '7014697450', 'billEmail1': 'pratishtha.ag13@gmail.com', 'billEmail2': 'pratishtha.ag13@gmail.com', 'orderRemarks': None, 'shippingCharges': '0.00', 'handlingCharge2': '0.00', 'storeCredit': '0.00', 'isVerifiedOrder': '1', 'isOnHold': '0', 'giftvoucher': '0.00', 'otherDiscount': '0.00', 'discountCode': 'null', 'promoCode': None, 'promoName': None, 'cancelRemark': '', 'isGiftwrap': '0', 'giftwrapMsg': '', 'deliverySlot': '', 'customDataFeld1': '', 'customDataFeld2': '', 'customDataFeld3': '', 'customDataFeld4': '["Transaction is yet to complete"]', 'customDataFeld5': '', 'customDataFeld6': '', 'customDataFeld7': 'WCPI0324775194', 'customDataFeld8': '', 'customDataFeld9': '07/10/2021 15:56:16', 'customDataFeld10': '', 'discountAmount': '0.000', 'taxAmount': '594.76', 'updatedDate': '26/09/2022 17:19:51', 'mode': 'wms', 'IsReplacementOrder': 'No', 'originalOrderno': '', 'customerCode': '999999', 'extCustomerCode': '', 'clientId': '0', 'fulfillmentLocCode': 'SHO', 'extFulFillmentLocCode': 'SHO', 'orderSourceName': 'Webstore', 'collectibleAmount': '0.00', 'totalOrderLine': '1', 'delFulfillmentMode': '2', 'geoType': None, 'geoAddress': None, 'geoLatitude': None, 'geoLongitude': None, 'orderSource': 'M01', 'orderType': 'SO', 'shipByDate': '09/10/2021 21:20:26', 'processAfterDate': '', 'masterorderNo': '73555', 'priority': 'Normal', 'pickupLocation': '', 'fulfillmentLocName': 'SKECHERS SOUTH ASIA PRIVATE LIMITED', 'items': [{'lineno': '165054', 'extLineno': '165054', 'internalLineNo': '1', 'sku': '193642167313', 'primaryUPC': 'SKR24702', 'skuName': '13278-MVE/7/SHOE/SKECH-AIR STRATUS-WIND BREEZE', 'status': 'Shipped & Returned', 'imageUrl': 'https://imageserver.skechers.com/img/productimages/large/13278_MVE.jpg', 'uom': 'Each', 'uomqty': '1.00', 'conversion': '1.00', 'orderQty': '1.00', 'commitedQty': '0.00', 'cancelledQty': '0.00', 'shippedQty': '1.00', 'returnQty': '1.00', 'unitPrice': '3899.00', 'discountAmt': '0.00', 'promoCode': None, 'promoName': None, 'taxAmount': '594.76', 'openQty': '0.00', 'udf1': '', 'udf2': '', 'udf3': '', 'udf4': '', 'udf5': '', 'udf6': '', 'udf7': '', 'udf8': '', 'udf9': '', 'udf10': '', 'bundleSkuCode': None, 'shipByDate': '', 'fulfillmentLocCode': 'D42', 'fulfillmentLocName': 'SSAPL-BIG CENTRE THANE'}], 'paymentItems': [], 'codcharge': '0.00', 'customerGSTIN': ''}}, {'SO011089965': {'orderLocation': 'M01', 'orderId': 'M0133395', 'orderNo': 'SO011089965', 'extenalOrderNo': 'SO011089965', 'paymentMethod': 'Prepaid', 'status': 'Shipped & Returned', 'orderDate': '01/11/2021 16:15:31', 'orderAmount': '1650.00', 'orderCurrency': 'INR', 'conversionRate': '1.00', 'customerName': 'Ved  Vyas', 'shipAddress1': 'B11 Nandanvan park Behind Swastik School,opp c u shah medical college Surendranagar', 'shipAddress2': 'Gujarat GJ', 'shipAddress3': '', 'landmark': '', 'latitude': '', 'longitude': '', 'shipCity': 'Surendra Nagar', 'shipState': 'Gujarat', 'shipCountry': 'India', 'shipPincode': '363001', 'shipPhone1': '7490018003', 'shipPhone2': '7490018003', 'shipEmail1': 'vyasved78@gmail.com', 'shipEmail2': 'vyasved78@gmail.com', 'billName': 'Ved  Vyas', 'billAddress1': 'B11 Nandanvan park Behind Swastik School,opp c u shah medical college Surendranagar', 'billAddress2': 'Gujarat GJ', 'billAddress3': '', 'billCity': 'Surendra Nagar', 'billState': 'Gujarat', 'billCountry': 'India', 'billPincode': '363001', 'billPhone1': '7490018003', 'billPhone2': '7490018003', 'billEmail1': 'vyasved78@gmail.com', 'billEmail2': 'vyasved78@gmail.com', 'orderRemarks': None, 'shippingCharges': '0.00', 'handlingCharge2': '0.00', 'storeCredit': '0.00', 'isVerifiedOrder': '1', 'isOnHold': '0', 'giftvoucher': '0.00', 'otherDiscount': '0.00', 'discountCode': 'null', 'promoCode': None, 'promoName': None, 'cancelRemark': '', 'isGiftwrap': '0', 'giftwrapMsg': '', 'deliverySlot': '', 'customDataFeld1': '', 'customDataFeld2': '', 'customDataFeld3': '', 'customDataFeld4': '["Transaction is yet to complete"]', 'customDataFeld5': '', 'customDataFeld6': '', 'customDataFeld7': 'WCPI0384385855', 'customDataFeld8': '', 'customDataFeld9': '01/11/2021 10:46:32', 'customDataFeld10': '', 'discountAmount': '0.000', 'taxAmount': '251.69', 'updatedDate': '26/09/2022 17:21:15', 'mode': 'wms', 'IsReplacementOrder': 'No', 'originalOrderno': '', 'customerCode': '999999', 'extCustomerCode': '', 'clientId': '0', 'fulfillmentLocCode': 'SHO', 'extFulFillmentLocCode': 'SHO', 'orderSourceName': 'Webstore', 'collectibleAmount': '0.00', 'totalOrderLine': '1', 'delFulfillmentMode': '2', 'geoType': None, 'geoAddress': None, 'geoLatitude': None, 'geoLongitude': None, 'orderSource': 'M01', 'orderType': 'SO', 'shipByDate': '03/11/2021 16:15:31', 'processAfterDate': '', 'masterorderNo': '78663', 'priority': 'Normal', 'pickupLocation': '', 'fulfillmentLocName': 'SKECHERS SOUTH ASIA PRIVATE LIMITED', 'items': [{'lineno': '176578', 'extLineno': '176578', 'internalLineNo': '1', 'sku': '191665203902', 'primaryUPC': 'SKR13653', 'skuName': '55352-CHOC/12/SLIPPER/ON-THE-GO 600', 'status': 'Shipped & Returned', 'imageUrl': 'https://imageserver.skechers.com/img/productimages/large/55352_CHOC.jpg', 'uom': 'Each', 'uomqty': '1.00', 'conversion': '1.00', 'orderQty': '1.00', 'commitedQty': '0.00', 'cancelledQty': '0.00', 'shippedQty': '1.00', 'returnQty': '1.00', 'unitPrice': '1650.00', 'discountAmt': '0.00', 'promoCode': None, 'promoName': None, 'taxAmount': '251.69', 'openQty': '0.00', 'udf1': '', 'udf2': '', 'udf3': '', 'udf4': '', 'udf5': '', 'udf6': '', 'udf7': '', 'udf8': '', 'udf9': '', 'udf10': '', 'bundleSkuCode': None, 'shipByDate': '', 'fulfillmentLocCode': 'D42', 'fulfillmentLocName': 'SSAPL-BIG CENTRE THANE'}], 'paymentItems': [], 'codcharge': '0.00', 'customerGSTIN': ''}}, {'SO011090225': {'orderLocation': 'M01', 'orderId': 'M0133544', 'orderNo': 'SO011090225', 'extenalOrderNo': 'SO011090225', 'paymentMethod': 'Prepaid', 'status': 'Shipped & Returned', 'orderDate': '02/11/2021 20:43:14', 'orderAmount': '3599.00', 'orderCurrency': 'INR', 'conversionRate': '1.00', 'customerName': 'Rajendra  Gupta', 'shipAddress1': '128 Kandhai Hanuman Ganj', 'shipAddress2': 'Uttar Pradesh UP', 'shipAddress3': '', 'landmark': '', 'latitude': '', 'longitude': '', 'shipCity': 'Pratapgarh', 'shipState': 'Uttar Pradesh', 'shipCountry': 'India', 'shipPincode': '230403', 'shipPhone1': '9918944306', 'shipPhone2': '9918944306', 'shipEmail1': 'rajendrakimsln@gmail.com', 'shipEmail2': 'rajendrakimsln@gmail.com', 'billName': 'Rajendra  Gupta', 'billAddress1': '128 Kandhai Hanuman Ganj', 'billAddress2': 'Uttar Pradesh UP', 'billAddress3': '', 'billCity': 'Pratapgarh', 'billState': 'Uttar Pradesh', 'billCountry': 'India', 'billPincode': '230403', 'billPhone1': '9918944306', 'billPhone2': '9918944306', 'billEmail1': 'rajendrakimsln@gmail.com', 'billEmail2': 'rajendrakimsln@gmail.com', 'orderRemarks': None, 'shippingCharges': '0.00', 'handlingCharge2': '0.00', 'storeCredit': '0.00', 'isVerifiedOrder': '1', 'isOnHold': '0', 'giftvoucher': '0.00', 'otherDiscount': '0.00', 'discountCode': 'null', 'promoCode': None, 'promoName': None, 'cancelRemark': '', 'isGiftwrap': '0', 'giftwrapMsg': '', 'deliverySlot': '', 'customDataFeld1': '', 'customDataFeld2': '', 'customDataFeld3': '', 'customDataFeld4': '["Transaction is yet to complete"]', 'customDataFeld5': '', 'customDataFeld6': '', 'customDataFeld7': 'WCPI0387341555', 'customDataFeld8': '', 'customDataFeld9': '02/11/2021 15:15:11', 'customDataFeld10': '', 'discountAmount': '0.000', 'taxAmount': '549.00', 'updatedDate': '26/09/2022 17:21:42', 'mode': 'wms', 'IsReplacementOrder': 'No', 'originalOrderno': '', 'customerCode': '999999', 'extCustomerCode': '', 'clientId': '0', 'fulfillmentLocCode': 'SHO', 'extFulFillmentLocCode': 'SHO', 'orderSourceName': 'Webstore', 'collectibleAmount': '0.00', 'totalOrderLine': '1', 'delFulfillmentMode': '2', 'geoType': None, 'geoAddress': None, 'geoLatitude': None, 'geoLongitude': None, 'orderSource': 'M01', 'orderType': 'SO', 'shipByDate': '04/11/2021 20:43:14', 'processAfterDate': '', 'masterorderNo': '78921', 'priority': 'Normal', 'pickupLocation': '', 'fulfillmentLocName': 'SKECHERS SOUTH ASIA PRIVATE LIMITED', 'items': [{'lineno': '177158', 'extLineno': '177158', 'internalLineNo': '1', 'sku': '194428097343', 'primaryUPC': 'SKR26798', 'skuName': '220017-BBK/9/SHOE/GO TRAIL JACKRABBIT -', 'status': 'Shipped & Returned', 'imageUrl': 'https://imageserver.skechers.com/img/productimages/large/220017_BBK.jpg', 'uom': 'Each', 'uomqty': '1.00', 'conversion': '1.00', 'orderQty': '1.00', 'commitedQty': '0.00', 'cancelledQty': '0.00', 'shippedQty': '1.00', 'returnQty': '1.00', 'unitPrice': '3599.00', 'discountAmt': '0.00', 'promoCode': None, 'promoName': None, 'taxAmount': '549.00', 'openQty': '0.00', 'udf1': '', 'udf2': '', 'udf3': '', 'udf4': '', 'udf5': '', 'udf6': '', 'udf7': '', 'udf8': '', 'udf9': '', 'udf10': '', 'bundleSkuCode': None, 'shipByDate': '', 'fulfillmentLocCode': 'D42', 'fulfillmentLocName': 'SSAPL-BIG CENTRE THANE'}], 'paymentItems': [], 'codcharge': '0.00', 'customerGSTIN': ''}}, {'SO011094499': {'orderLocation': 'M01', 'orderId': 'M0135843', 'orderNo': 'SO011094499', 'extenalOrderNo': 'SO011094499', 'paymentMethod': 'Prepaid', 'status': 'Delivered', 'orderDate': '20/11/2021 14:01:57', 'orderAmount': '7579.00', 'orderCurrency': 'INR', 'conversionRate': '1.00', 'customerName': 'LALIT  TIWARI', 'shipAddress1': 'H.NO. 2025, 60 FEET ROAD OPP DR. DUA CLINIC SECTOR 3, BALLABGARH', 'shipAddress2': 'Haryana HR', 'shipAddress3': '', 'landmark': '', 'latitude': '', 'longitude': '', 'shipCity': 'Faridabad', 'shipState': 'Haryana', 'shipCountry': 'India', 'shipPincode': '121004', 'shipPhone1': '9313361750', 'shipPhone2': '9313361750', 'shipEmail1': 'LALIT.TIWARI@OUTLOOK.COM', 'shipEmail2': 'LALIT.TIWARI@OUTLOOK.COM', 'billName': 'LALIT  TIWARI', 'billAddress1': 'H.NO. 2025, 60 FEET ROAD OPP DR. DUA CLINIC SECTOR 3, BALLABGARH', 'billAddress2': 'Haryana HR', 'billAddress3': '', 'billCity': 'Faridabad', 'billState': 'Haryana', 'billCountry': 'India', 'billPincode': '121004', 'billPhone1': '9313361750', 'billPhone2': '9313361750', 'billEmail1': 'LALIT.TIWARI@OUTLOOK.COM', 'billEmail2': 'LALIT.TIWARI@OUTLOOK.COM', 'orderRemarks': None, 'shippingCharges': '0.00', 'handlingCharge2': '0.00', 'storeCredit': '0.00', 'isVerifiedOrder': '1', 'isOnHold': '0', 'giftvoucher': '0.00', 'otherDiscount': '0.00', 'discountCode': 'null', 'promoCode': None, 'promoName': None, 'cancelRemark': '', 'isGiftwrap': '0', 'giftwrapMsg': '', 'deliverySlot': '', 'customDataFeld1': '', 'customDataFeld2': '', 'customDataFeld3': '', 'customDataFeld4': '["Transaction is yet to complete"]', 'customDataFeld5': '', 'customDataFeld6': '', 'customDataFeld7': 'WHMP0423930138', 'customDataFeld8': '', 'customDataFeld9': '20/11/2021 08:33:03', 'customDataFeld10': '', 'discountAmount': '0.000', 'taxAmount': '1107.13', 'updatedDate': '26/09/2022 17:22:11', 'mode': 'wms', 'IsReplacementOrder': 'No', 'originalOrderno': '', 'customerCode': '999999', 'extCustomerCode': '', 'clientId': '0', 'fulfillmentLocCode': 'SHO', 'extFulFillmentLocCode': 'SHO', 'orderSourceName': 'Webstore', 'collectibleAmount': '0.00', 'totalOrderLine': '3', 'delFulfillmentMode': '2', 'geoType': None, 'geoAddress': None, 'geoLatitude': None, 'geoLongitude': None, 'orderSource': 'M01', 'orderType': 'SO', 'shipByDate': '22/11/2021 14:01:57', 'processAfterDate': '', 'masterorderNo': '83180', 'priority': 'Normal', 'pickupLocation': '', 'fulfillmentLocName': 'SKECHERS SOUTH ASIA PRIVATE LIMITED', 'items': [{'lineno': '186670', 'extLineno': '186670', 'internalLineNo': '1', 'sku': '192283984648', 'primaryUPC': 'SKR21254', 'skuName': '68671-BKW/10/SHOE/SHOGUN - DOWN TIME', 'status': 'Delivered', 'imageUrl': 'https://imageserver.skechers.com/img/productimages/large/68671_BKW.jpg', 'uom': 'Each', 'uomqty': '1.00', 'conversion': '1.00', 'orderQty': '1.00', 'commitedQty': '0.00', 'cancelledQty': '0.00', 'shippedQty': '1.00', 'returnQty': '0.00', 'unitPrice': '4000.00', 'discountAmt': '0.00', 'promoCode': None, 'promoName': None, 'taxAmount': '610.17', 'openQty': '0.00', 'udf1': '', 'udf2': '', 'udf3': '', 'udf4': '', 'udf5': '', 'udf6': '', 'udf7': '', 'udf8': '', 'udf9': '', 'udf10': '', 'bundleSkuCode': None, 'shipByDate': '', 'fulfillmentLocCode': 'D42', 'fulfillmentLocName': 'SSAPL-BIG CENTRE THANE'}, {'lineno': '186672', 'extLineno': '186672', 'internalLineNo': '2', 'sku': '191665421269', 'primaryUPC': 'SKR13496', 'skuName': '54684-NVGY/10/SHOE/GO WALK 4', 'status': 'Shipped & Returned', 'imageUrl': 'https://imageserver.skechers.com/img/productimages/large/54684_NVGY.jpg', 'uom': 'Each', 'uomqty': '1.00', 'conversion': '1.00', 'orderQty': '1.00', 'commitedQty': '0.00', 'cancelledQty': '0.00', 'shippedQty': '1.00', 'returnQty': '1.00', 'unitPrice': '2500.00', 'discountAmt': '0.00', 'promoCode': None, 'promoName': None, 'taxAmount': '381.36', 'openQty': '0.00', 'udf1': '', 'udf2': '', 'udf3': '', 'udf4': '', 'udf5': '', 'udf6': '', 'udf7': '', 'udf8': '', 'udf9': '', 'udf10': '', 'bundleSkuCode': None, 'shipByDate': '', 'fulfillmentLocCode': 'D42', 'fulfillmentLocName': 'SSAPL-BIG CENTRE THANE'}, {'lineno': '186674', 'extLineno': '186674', 'internalLineNo': '3', 'sku': '193642686456', 'primaryUPC': 'SKR24013', 'skuName': 'M4LT78A-CHAR/XL/T-SHIRTS/SKECHERS 92 LS', 'status': 'Shipped & Returned', 'imageUrl': 'https://imageserver.skechers.com/img/productimages/large/M4LT78A_CHAR.jpg', 'uom': 'Each', 'uomqty': '1.00', 'conversion': '1.00', 'orderQty': '1.00', 'commitedQty': '0.00', 'cancelledQty': '0.00', 'shippedQty': '1.00', 'returnQty': '1.00', 'unitPrice': '1079.00', 'discountAmt': '0.00', 'promoCode': None, 'promoName': None, 'taxAmount': '115.61', 'openQty': '0.00', 'udf1': '', 'udf2': '', 'udf3': '', 'udf4': '', 'udf5': '', 'udf6': '', 'udf7': '', 'udf8': '', 'udf9': '', 'udf10': '', 'bundleSkuCode': None, 'shipByDate': '', 'fulfillmentLocCode': 'D42', 'fulfillmentLocName': 'SSAPL-BIG CENTRE THANE'}], 'paymentItems': [], 'codcharge': '0.00', 'customerGSTIN': ''}}, {'SO011094240': {'orderLocation': 'M01', 'orderId': 'M0135685', 'orderNo': 'SO011094240', 'extenalOrderNo': 'SO011094240', 'paymentMethod': 'Prepaid', 'status': 'Delivered', 'orderDate': '19/11/2021 14:40:36', 'orderAmount': '5999.00', 'orderCurrency': 'INR', 'conversionRate': '1.00', 'customerName': 'Suryansh  Gupta', 'shipAddress1': 'Satya Prakash Bhawan Phagwara Road Shakti Trading Company', 'shipAddress2': 'Punjab PB', 'shipAddress3': '', 'landmark': '', 'latitude': '', 'longitude': '', 'shipCity': 'Hoshiarpur', 'shipState': 'Punjab', 'shipCountry': 'India', 'shipPincode': '146001', 'shipPhone1': '9060300022', 'shipPhone2': '9060300022', 'shipEmail1': 'suryanshgupta145@gmail.com', 'shipEmail2': 'suryanshgupta145@gmail.com', 'billName': 'Suryansh  Gupta', 'billAddress1': 'Satya Prakash Bhawan Phagwara Road Shakti Trading Company', 'billAddress2': 'Punjab PB', 'billAddress3': '', 'billCity': 'Hoshiarpur', 'billState': 'Punjab', 'billCountry': 'India', 'billPincode': '146001', 'billPhone1': '9060300022', 'billPhone2': '9060300022', 'billEmail1': 'suryanshgupta145@gmail.com', 'billEmail2': 'suryanshgupta145@gmail.com', 'orderRemarks': None, 'shippingCharges': '0.00', 'handlingCharge2': '0.00', 'storeCredit': '0.00', 'isVerifiedOrder': '1', 'isOnHold': '0', 'giftvoucher': '0.00', 'otherDiscount': '0.00', 'discountCode': 'null', 'promoCode': None, 'promoName': None, 'cancelRemark': '', 'isGiftwrap': '0', 'giftwrapMsg': '', 'deliverySlot': '', 'customDataFeld1': '', 'customDataFeld2': '', 'customDataFeld3': '', 'customDataFeld4': '["Transaction is yet to complete"]', 'customDataFeld5': '', 'customDataFeld6': '', 'customDataFeld7': 'WHMP0422070025', 'customDataFeld8': '', 'customDataFeld9': '19/11/2021 09:12:18', 'customDataFeld10': '', 'discountAmount': '0.000', 'taxAmount': '915.10', 'updatedDate': '26/09/2022 17:24:03', 'mode': 'wms', 'IsReplacementOrder': 'No', 'originalOrderno': '', 'customerCode': '999999', 'extCustomerCode': '', 'clientId': '0', 'fulfillmentLocCode': 'SHO', 'extFulFillmentLocCode': 'SHO', 'orderSourceName': 'Webstore', 'collectibleAmount': '0.00', 'totalOrderLine': '2', 'delFulfillmentMode': '2', 'geoType': None, 'geoAddress': None, 'geoLatitude': None, 'geoLongitude': None, 'orderSource': 'M01', 'orderType': 'SO', 'shipByDate': '21/11/2021 14:40:36', 'processAfterDate': '', 'masterorderNo': '82922', 'priority': 'Normal', 'pickupLocation': '', 'fulfillmentLocName': 'SKECHERS SOUTH ASIA PRIVATE LIMITED', 'items': [{'lineno': '186092', 'extLineno': '186092', 'internalLineNo': '1', 'sku': '193113914057', 'primaryUPC': 'SKR21729', 'skuName': '55509-BBK/7/SHOE/GO WALK 5-QUALIFY', 'status': 'Shipped & Returned', 'imageUrl': 'https://imageserver.skechers.com/img/productimages/large/55509_BBK.jpg', 'uom': 'Each', 'uomqty': '1.00', 'conversion': '1.00', 'orderQty': '1.00', 'commitedQty': '0.00', 'cancelledQty': '0.00', 'shippedQty': '1.00', 'returnQty': '1.00', 'unitPrice': '2999.00', 'discountAmt': '0.00', 'promoCode': None, 'promoName': None, 'taxAmount': '457.47', 'openQty': '0.00', 'udf1': '', 'udf2': '', 'udf3': '', 'udf4': '', 'udf5': '', 'udf6': '', 'udf7': '', 'udf8': '', 'udf9': '', 'udf10': '', 'bundleSkuCode': None, 'shipByDate': '', 'fulfillmentLocCode': 'D42', 'fulfillmentLocName': 'SSAPL-BIG CENTRE THANE'}, {'lineno': '186094', 'extLineno': '186094', 'internalLineNo': '2', 'sku': '193113266705', 'primaryUPC': 'SKR22784', 'skuName': '52871-BKGY/7/SHOE/ELITE FLEX-CLEAR LEAF', 'status': 'Delivered', 'imageUrl': 'https://imageserver.skechers.com/img/productimages/large/52871_BKGY.jpg', 'uom': 'Each', 'uomqty': '1.00', 'conversion': '1.00', 'orderQty': '1.00', 'commitedQty': '0.00', 'cancelledQty': '0.00', 'shippedQty': '1.00', 'returnQty': '0.00', 'unitPrice': '3000.00', 'discountAmt': '0.00', 'promoCode': None, 'promoName': None, 'taxAmount': '457.63', 'openQty': '0.00', 'udf1': '', 'udf2': '', 'udf3': '', 'udf4': '', 'udf5': '', 'udf6': '', 'udf7': '', 'udf8': '', 'udf9': '', 'udf10': '', 'bundleSkuCode': None, 'shipByDate': '', 'fulfillmentLocCode': 'D33', 'fulfillmentLocName': 'SSAPL-OMR-CHENNAI'}], 'paymentItems': [], 'codcharge': '0.00', 'customerGSTIN': ''}}, {'SO011094936': {'orderLocation': 'M01', 'orderId': 'M0136067', 'orderNo': 'SO011094936', 'extenalOrderNo': 'SO011094936', 'paymentMethod': 'Prepaid', 'status': 'Allocated', 'orderDate': '21/11/2021 18:37:19', 'orderAmount': '7723.00', 'orderCurrency': 'INR', 'conversionRate': '1.00', 'customerName': 'Pankaj  Kabra', 'shipAddress1': 'Mhasawad Road  Behind MSEB substation', 'shipAddress2': 'Maharashtra MH', 'shipAddress3': '', 'landmark': '', 'latitude': '', 'longitude': '', 'shipCity': 'Jalgaon', 'shipState': 'Maharashtra', 'shipCountry': 'India', 'shipPincode': '425109', 'shipPhone1': '9422258798', 'shipPhone2': '9422258798', 'shipEmail1': 'pankajmkabra@gmail.com', 'shipEmail2': 'pankajmkabra@gmail.com', 'billName': 'Pankaj  Kabra', 'billAddress1': 'Mhasawad Road  Behind MSEB substation', 'billAddress2': 'Maharashtra MH', 'billAddress3': '', 'billCity': 'Jalgaon', 'billState': 'Maharashtra', 'billCountry': 'India', 'billPincode': '425109', 'billPhone1': '9422258798', 'billPhone2': '9422258798', 'billEmail1': 'pankajmkabra@gmail.com', 'billEmail2': 'pankajmkabra@gmail.com', 'orderRemarks': None, 'shippingCharges': '0.00', 'handlingCharge2': '0.00', 'storeCredit': '0.00', 'isVerifiedOrder': '1', 'isOnHold': '0', 'giftvoucher': '0.00', 'otherDiscount': '0.00', 'discountCode': 'null', 'promoCode': None, 'promoName': None, 'cancelRemark': '', 'isGiftwrap': '0', 'giftwrapMsg': '', 'deliverySlot': '', 'customDataFeld1': '', 'customDataFeld2': '', 'customDataFeld3': '', 'customDataFeld4': '["Transaction is yet to complete"]', 'customDataFeld5': '', 'customDataFeld6': '', 'customDataFeld7': 'WSBI0426098858', 'customDataFeld8': '', 'customDataFeld9': '21/11/2021 13:11:13', 'customDataFeld10': '', 'discountAmount': '0.000', 'taxAmount': '1059.00', 'updatedDate': '26/09/2022 17:25:35', 'mode': 'wms', 'IsReplacementOrder': 'No', 'originalOrderno': '', 'customerCode': '999999', 'extCustomerCode': '', 'clientId': '0', 'fulfillmentLocCode': 'SHO', 'extFulFillmentLocCode': 'SHO', 'orderSourceName': 'Webstore', 'collectibleAmount': '0.00', 'totalOrderLine': '4', 'delFulfillmentMode': '2', 'geoType': None, 'geoAddress': None, 'geoLatitude': None, 'geoLongitude': None, 'orderSource': 'M01', 'orderType': 'SO', 'shipByDate': '23/11/2021 18:37:19', 'processAfterDate': '', 'masterorderNo': '83617', 'priority': 'Normal', 'pickupLocation': '', 'fulfillmentLocName': 'SKECHERS SOUTH ASIA PRIVATE LIMITED', 'items': [{'lineno': '187706', 'extLineno': '187706', 'internalLineNo': '1', 'sku': '190211726193', 'primaryUPC': 'SKR13267', 'skuName': '54150-BBK/11/SHOE/GO WALK 4', 'status': 'Shipped & Returned', 'imageUrl': 'https://imageserver.skechers.com/img/productimages/large/54150_BBK.jpg', 'uom': 'Each', 'uomqty': '1.00', 'conversion': '1.00', 'orderQty': '1.00', 'commitedQty': '0.00', 'cancelledQty': '0.00', 'shippedQty': '1.00', 'returnQty': '1.00', 'unitPrice': '2850.00', 'discountAmt': '0.00', 'promoCode': None, 'promoName': None, 'taxAmount': '434.75', 'openQty': '0.00', 'udf1': '', 'udf2': '', 'udf3': '', 'udf4': '', 'udf5': '', 'udf6': '', 'udf7': '', 'udf8': '', 'udf9': '', 'udf10': '', 'bundleSkuCode': None, 'shipByDate': '', 'fulfillmentLocCode': 'A74', 'fulfillmentLocName': 'SSAPL-E-COM'}, {'lineno': '187708', 'extLineno': '187708', 'internalLineNo': '2', 'sku': '193113565303', 'primaryUPC': 'SKR19527', 'skuName': '66043-BRN/10/SANDAL/PELEM-BERONE', 'status': 'Shipped & Returned', 'imageUrl': 'https://imageserver.skechers.com/img/productimages/large/66043_BRN.jpg', 'uom': 'Each', 'uomqty': '1.00', 'conversion': '1.00', 'orderQty': '1.00', 'commitedQty': '0.00', 'cancelledQty': '0.00', 'shippedQty': '1.00', 'returnQty': '1.00', 'unitPrice': '2250.00', 'discountAmt': '0.00', 'promoCode': None, 'promoName': None, 'taxAmount': '343.22', 'openQty': '0.00', 'udf1': '', 'udf2': '', 'udf3': '', 'udf4': '', 'udf5': '', 'udf6': '', 'udf7': '', 'udf8': '', 'udf9': '', 'udf10': '', 'bundleSkuCode': None, 'shipByDate': '', 'fulfillmentLocCode': 'D42', 'fulfillmentLocName': 'SSAPL-BIG CENTRE THANE'}, {'lineno': '187710', 'extLineno': '187710', 'internalLineNo': '3', 'sku': '194880184148', 'primaryUPC': 'SKR32221', 'skuName': 'M3TS240A-BLU/L/TOPWEAR/SEAMLESS S/S TEE', 'status': 'Allocated', 'imageUrl': 'https://imageserver.skechers.com/img/productimages/large/M3TS240A_BLU.jpg', 'uom': 'Each', 'uomqty': '1.00', 'conversion': '1.00', 'orderQty': '1.00', 'commitedQty': '1.00', 'cancelledQty': '0.00', 'shippedQty': '0.00', 'returnQty': '0.00', 'unitPrice': '1274.00', 'discountAmt': '0.00', 'promoCode': None, 'promoName': None, 'taxAmount': '136.50', 'openQty': '0.00', 'udf1': '', 'udf2': '', 'udf3': '', 'udf4': '', 'udf5': '', 'udf6': '', 'udf7': '', 'udf8': '', 'udf9': '', 'udf10': '', 'bundleSkuCode': None, 'shipByDate': '', 'fulfillmentLocCode': 'D52', 'fulfillmentLocName': 'SSAPL - AKSHARDHAM NCR'}, {'lineno': '187712', 'extLineno': '187712', 'internalLineNo': '4', 'sku': '194428633107', 'primaryUPC': 'SKR29664', 'skuName': 'M2SH49A-NVY/M/BOTTOMWEAR/TRIBUTE 7" SHORT', 'status': 'Delivered', 'imageUrl': 'https://imageserver.skechers.com/img/productimages/large/M2SH49A_NVY.jpg', 'uom': 'Each', 'uomqty': '1.00', 'conversion': '1.00', 'orderQty': '1.00', 'commitedQty': '0.00', 'cancelledQty': '0.00', 'shippedQty': '1.00', 'returnQty': '0.00', 'unitPrice': '1349.00', 'discountAmt': '0.00', 'promoCode': None, 'promoName': None, 'taxAmount': '144.54', 'openQty': '0.00', 'udf1': '', 'udf2': '', 'udf3': '', 'udf4': '', 'udf5': '', 'udf6': '', 'udf7': '', 'udf8': '', 'udf9': '', 'udf10': '', 'bundleSkuCode': None, 'shipByDate': '', 'fulfillmentLocCode': 'A26', 'fulfillmentLocName': 'SSAPL-KOLKATA FORUM'}], 'paymentItems': [], 'codcharge': '0.00', 'customerGSTIN': ''}}, {'SO011096617': {'orderLocation': 'M01', 'orderId': 'M0136993', 'orderNo': 'SO011096617', 'extenalOrderNo': 'SO011096617', 'paymentMethod': 'Prepaid', 'status': 'Shipped & Returned', 'orderDate': '26/11/2021 13:44:10', 'orderAmount': '3500.00', 'orderCurrency': 'INR', 'conversionRate': '1.00', 'customerName': 'Vishal  Chauhan', 'shipAddress1': 'Ivy International School Shimla, Chakryal Kamlanagar', 'shipAddress2': 'Himachal Pradesh HP', 'shipAddress3': '', 'landmark': '', 'latitude': '', 'longitude': '', 'shipCity': 'Shimla', 'shipState': 'Himachal Pradesh', 'shipCountry': 'India', 'shipPincode': '171006', 'shipPhone1': '9882366666', 'shipPhone2': '9882366666', 'shipEmail1': 'vishal@ivyshimla.com', 'shipEmail2': 'vishal@ivyshimla.com', 'billName': 'Vishal  Chauhan', 'billAddress1': 'Ivy International School Shimla, Chakryal Kamlanagar', 'billAddress2': 'Himachal Pradesh HP', 'billAddress3': '', 'billCity': 'Shimla', 'billState': 'Himachal Pradesh', 'billCountry': 'India', 'billPincode': '171006', 'billPhone1': '9882366666', 'billPhone2': '9882366666', 'billEmail1': 'vishal@ivyshimla.com', 'billEmail2': 'vishal@ivyshimla.com', 'orderRemarks': None, 'shippingCharges': '0.00', 'handlingCharge2': '0.00', 'storeCredit': '0.00', 'isVerifiedOrder': '1', 'isOnHold': '0', 'giftvoucher': '0.00', 'otherDiscount': '0.00', 'discountCode': 'null', 'promoCode': None, 'promoName': None, 'cancelRemark': '', 'isGiftwrap': '0', 'giftwrapMsg': '', 'deliverySlot': '', 'customDataFeld1': '', 'customDataFeld2': '', 'customDataFeld3': '', 'customDataFeld4': '["Transaction is yet to complete"]', 'customDataFeld5': '', 'customDataFeld6': '', 'customDataFeld7': 'WHMP0436237922', 'customDataFeld8': '', 'customDataFeld9': '26/11/2021 08:16:15', 'customDataFeld10': '', 'discountAmount': '0.000', 'taxAmount': '533.90', 'updatedDate': '26/09/2022 17:26:05', 'mode': 'wms', 'IsReplacementOrder': 'No', 'originalOrderno': '', 'customerCode': '999999', 'extCustomerCode': '', 'clientId': '0', 'fulfillmentLocCode': 'SHO', 'extFulFillmentLocCode': 'SHO', 'orderSourceName': 'Webstore', 'collectibleAmount': '0.00', 'totalOrderLine': '1', 'delFulfillmentMode': '2', 'geoType': None, 'geoAddress': None, 'geoLatitude': None, 'geoLongitude': None, 'orderSource': 'M01', 'orderType': 'SO', 'shipByDate': '28/11/2021 13:44:10', 'processAfterDate': '', 'masterorderNo': '85293', 'priority': 'Normal', 'pickupLocation': '', 'fulfillmentLocName': 'SKECHERS SOUTH ASIA PRIVATE LIMITED', 'items': [{'lineno': '191544', 'extLineno': '191544', 'internalLineNo': '1', 'sku': '193642235692', 'primaryUPC': 'SKR24814', 'skuName': '66401-CHAR/9/SHOE/BREGMAN-MODESO', 'status': 'Shipped & Returned', 'imageUrl': 'https://imageserver.skechers.com/img/productimages/large/66401_CHAR.jpg', 'uom': 'Each', 'uomqty': '1.00', 'conversion': '1.00', 'orderQty': '1.00', 'commitedQty': '0.00', 'cancelledQty': '0.00', 'shippedQty': '1.00', 'returnQty': '1.00', 'unitPrice': '3500.00', 'discountAmt': '0.00', 'promoCode': None, 'promoName': None, 'taxAmount': '533.90', 'openQty': '0.00', 'udf1': '', 'udf2': '', 'udf3': '', 'udf4': '', 'udf5': '', 'udf6': '', 'udf7': '', 'udf8': '', 'udf9': '', 'udf10': '', 'bundleSkuCode': None, 'shipByDate': '', 'fulfillmentLocCode': 'D42', 'fulfillmentLocName': 'SSAPL-BIG CENTRE THANE'}], 'paymentItems': [], 'codcharge': '0.00', 'customerGSTIN': ''}}, {'SO011091500': {'orderLocation': 'M01', 'orderId': 'M0134236', 'orderNo': 'SO011091500', 'extenalOrderNo': 'SO011091500', 'paymentMethod': 'Prepaid', 'status': 'Delivered', 'orderDate': '08/11/2021 23:07:46', 'orderAmount': '3099.00', 'orderCurrency': 'INR', 'conversionRate': '1.00', 'customerName': 'Hitesh  Sharma', 'shipAddress1': 'Y4/308, GYH Enclave, Siddharth Vihar, Sector-7', 'shipAddress2': 'Uttar Pradesh UP', 'shipAddress3': '', 'landmark': '', 'latitude': '', 'longitude': '', 'shipCity': 'Ghaziabad', 'shipState': 'Uttar Pradesh', 'shipCountry': 'India', 'shipPincode': '201009', 'shipPhone1': '9821728233', 'shipPhone2': '9821728233', 'shipEmail1': 'hiteshsharmalatti@gmail.com', 'shipEmail2': 'hiteshsharmalatti@gmail.com', 'billName': 'Hitesh  Sharma', 'billAddress1': 'Y4/308, GYH Enclave, Siddharth Vihar, Sector-7', 'billAddress2': 'Uttar Pradesh UP', 'billAddress3': '', 'billCity': 'Ghaziabad', 'billState': 'Uttar Pradesh', 'billCountry': 'India', 'billPincode': '201009', 'billPhone1': '9821728233', 'billPhone2': '9821728233', 'billEmail1': 'hiteshsharmalatti@gmail.com', 'billEmail2': 'hiteshsharmalatti@gmail.com', 'orderRemarks': None, 'shippingCharges': '0.00', 'handlingCharge2': '0.00', 'storeCredit': '0.00', 'isVerifiedOrder': '1', 'isOnHold': '0', 'giftvoucher': '0.00', 'otherDiscount': '0.00', 'discountCode': 'null', 'promoCode': None, 'promoName': None, 'cancelRemark': '', 'isGiftwrap': '0', 'giftwrapMsg': '', 'deliverySlot': '', 'customDataFeld1': '', 'customDataFeld2': '', 'customDataFeld3': '', 'customDataFeld4': '["Transaction is yet to complete"]', 'customDataFeld5': '', 'customDataFeld6': '', 'customDataFeld7': 'WICI0399154092', 'customDataFeld8': '', 'customDataFeld9': '08/11/2021 17:43:15', 'customDataFeld10': '', 'discountAmount': '0.000', 'taxAmount': '367.81', 'updatedDate': '26/09/2022 17:29:10', 'mode': 'wms', 'IsReplacementOrder': 'No', 'originalOrderno': '', 'customerCode': '999999', 'extCustomerCode': '', 'clientId': '0', 'fulfillmentLocCode': 'SHO', 'extFulFillmentLocCode': 'SHO', 'orderSourceName': 'Webstore', 'collectibleAmount': '0.00', 'totalOrderLine': '2', 'delFulfillmentMode': '2', 'geoType': None, 'geoAddress': None, 'geoLatitude': None, 'geoLongitude': None, 'orderSource': 'M01', 'orderType': 'SO', 'shipByDate': '10/11/2021 23:07:46', 'processAfterDate': '', 'masterorderNo': '80191', 'priority': 'Normal', 'pickupLocation': '', 'fulfillmentLocName': 'SKECHERS SOUTH ASIA PRIVATE LIMITED', 'items': [{'lineno': '180026', 'extLineno': '180026', 'internalLineNo': '1', 'sku': '190872287422', 'primaryUPC': 'SKR13901', 'skuName': '90604L-CCOR/4/SHOE/ENERGY LIGHTS- TARVOS', 'status': 'Shipped & Returned', 'imageUrl': 'https://imageserver.skechers.com/img/productimages/large/90604L_CCOR.jpg', 'uom': 'Each', 'uomqty': '1.00', 'conversion': '1.00', 'orderQty': '1.00', 'commitedQty': '0.00', 'cancelledQty': '0.00', 'shippedQty': '1.00', 'returnQty': '1.00', 'unitPrice': '2099.00', 'discountAmt': '0.00', 'promoCode': None, 'promoName': None, 'taxAmount': '320.19', 'openQty': '0.00', 'udf1': '', 'udf2': '', 'udf3': '', 'udf4': '', 'udf5': '', 'udf6': '', 'udf7': '', 'udf8': '', 'udf9': '', 'udf10': '', 'bundleSkuCode': None, 'shipByDate': '', 'fulfillmentLocCode': 'D42', 'fulfillmentLocName': 'SSAPL-BIG CENTRE THANE'}, {'lineno': '180028', 'extLineno': '180028', 'internalLineNo': '2', 'sku': '192283208997', 'primaryUPC': 'SKR19455', 'skuName': '97850L-NVOR/6/SHOE/GO WALK MAX', 'status': 'Delivered', 'imageUrl': 'https://imageserver.skechers.com/img/productimages/large/97850L_NVOR.jpg', 'uom': 'Each', 'uomqty': '1.00', 'conversion': '1.00', 'orderQty': '1.00', 'commitedQty': '0.00', 'cancelledQty': '0.00', 'shippedQty': '1.00', 'returnQty': '0.00', 'unitPrice': '1000.00', 'discountAmt': '0.00', 'promoCode': None, 'promoName': None, 'taxAmount': '47.62', 'openQty': '0.00', 'udf1': '', 'udf2': '', 'udf3': '', 'udf4': '', 'udf5': '', 'udf6': '', 'udf7': '', 'udf8': '', 'udf9': '', 'udf10': '', 'bundleSkuCode': None, 'shipByDate': '', 'fulfillmentLocCode': 'D33', 'fulfillmentLocName': 'SSAPL-OMR-CHENNAI'}], 'paymentItems': [], 'codcharge': '0.00', 'customerGSTIN': ''}}, {'SO011089355': {'orderLocation': 'M01', 'orderId': 'M0133069', 'orderNo': 'SO011089355', 'extenalOrderNo': 'SO011089355', 'paymentMethod': 'Prepaid', 'status': 'Shipped & Returned', 'orderDate': '29/10/2021 17:55:03', 'orderAmount': '5499.00', 'orderCurrency': 'INR', 'conversionRate': '1.00', 'customerName': 'Binita  Lama', 'shipAddress1': 'Flat 5D,  Baikuntha Apartment 114 NSC BOSE ROAD', 'shipAddress2': 'West Bengal WB', 'shipAddress3': '', 'landmark': '', 'latitude': '', 'longitude': '', 'shipCity': 'Kolkata', 'shipState': 'West Bengal', 'shipCountry': 'India', 'shipPincode': '700040', 'shipPhone1': '9007044136', 'shipPhone2': '9007044136', 'shipEmail1': 'binita.l.pradhan@gmail.com', 'shipEmail2': 'binita.l.pradhan@gmail.com', 'billName': 'Binita  Lama', 'billAddress1': 'Flat 5D,  Baikuntha Apartment 114 NSC BOSE ROAD', 'billAddress2': 'West Bengal WB', 'billAddress3': '', 'billCity': 'Kolkata', 'billState': 'West Bengal', 'billCountry': 'India', 'billPincode': '700040', 'billPhone1': '9007044136', 'billPhone2': '9007044136', 'billEmail1': 'binita.l.pradhan@gmail.com', 'billEmail2': 'binita.l.pradhan@gmail.com', 'orderRemarks': None, 'shippingCharges': '0.00', 'handlingCharge2': '0.00', 'storeCredit': '0.00', 'isVerifiedOrder': '1', 'isOnHold': '0', 'giftvoucher': '0.00', 'otherDiscount': '0.00', 'discountCode': 'null', 'promoCode': None, 'promoName': None, 'cancelRemark': '', 'isGiftwrap': '0', 'giftwrapMsg': '', 'deliverySlot': '', 'customDataFeld1': '', 'customDataFeld2': '', 'customDataFeld3': '', 'customDataFeld4': '["Transaction is yet to complete"]', 'customDataFeld5': '', 'customDataFeld6': '', 'customDataFeld7': 'WHMP0377484332', 'customDataFeld8': '', 'customDataFeld9': '29/10/2021 12:26:55', 'customDataFeld10': '', 'discountAmount': '0.000', 'taxAmount': '838.83', 'updatedDate': '26/09/2022 17:32:03', 'mode': 'wms', 'IsReplacementOrder': 'No', 'originalOrderno': '', 'customerCode': '999999', 'extCustomerCode': '', 'clientId': '0', 'fulfillmentLocCode': 'SHO', 'extFulFillmentLocCode': 'SHO', 'orderSourceName': 'Webstore', 'collectibleAmount': '0.00', 'totalOrderLine': '1', 'delFulfillmentMode': '2', 'geoType': None, 'geoAddress': None, 'geoLatitude': None, 'geoLongitude': None, 'orderSource': 'M01', 'orderType': 'SO', 'shipByDate': '31/10/2021 17:55:03', 'processAfterDate': '', 'masterorderNo': '78066', 'priority': 'Normal', 'pickupLocation': '', 'fulfillmentLocName': 'SKECHERS SOUTH ASIA PRIVATE LIMITED', 'items': [{'lineno': '175276', 'extLineno': '175276', 'internalLineNo': '1', 'sku': '191665119197', 'primaryUPC': 'SKR21510', 'skuName': '73690-WHT/6/SHOE/UNO - STAND ON AIR', 'status': 'Shipped & Returned', 'imageUrl': 'https://imageserver.skechers.com/img/productimages/large/73690_WHT.jpg', 'uom': 'Each', 'uomqty': '1.00', 'conversion': '1.00', 'orderQty': '1.00', 'commitedQty': '0.00', 'cancelledQty': '0.00', 'shippedQty': '1.00', 'returnQty': '1.00', 'unitPrice': '5499.00', 'discountAmt': '0.00', 'promoCode': None, 'promoName': None, 'taxAmount': '838.83', 'openQty': '0.00', 'udf1': '', 'udf2': '', 'udf3': '', 'udf4': '', 'udf5': '', 'udf6': '', 'udf7': '', 'udf8': '', 'udf9': '', 'udf10': '', 'bundleSkuCode': None, 'shipByDate': '', 'fulfillmentLocCode': 'D42', 'fulfillmentLocName': 'SSAPL-BIG CENTRE THANE'}], 'paymentItems': [], 'codcharge': '0.00', 'customerGSTIN': ''}}, {'SO011079372': {'orderLocation': 'M01', 'orderId': 'M0127948', 'orderNo': 'SO011079372', 'extenalOrderNo': 'SO011079372', 'paymentMethod': 'Prepaid', 'status': 'Shipped & Returned', 'orderDate': '09/09/2021 21:35:52', 'orderAmount': '3250.00', 'orderCurrency': 'INR', 'conversionRate': '1.00', 'customerName': 'Ashok  Pandey', 'shipAddress1': '64 Astha Vihar Phase-2, Awadhpuri BHEL Near Regal Town', 'shipAddress2': 'Madhya Pradesh MP', 'shipAddress3': '', 'landmark': '', 'latitude': '', 'longitude': '', 'shipCity': 'Bhopal', 'shipState': 'Madhya Pradesh', 'shipCountry': 'India', 'shipPincode': '462022', 'shipPhone1': '09755163388', 'shipPhone2': '09755163388', 'shipEmail1': 'ashokpanday@gmail.com', 'shipEmail2': 'ashokpanday@gmail.com', 'billName': 'Ashok  Pandey', 'billAddress1': '64 Astha Vihar Phase-2, Awadhpuri BHEL Near Regal Town', 'billAddress2': 'Madhya Pradesh MP', 'billAddress3': '', 'billCity': 'Bhopal', 'billState': 'Madhya Pradesh', 'billCountry': 'India', 'billPincode': '462022', 'billPhone1': '09755163388', 'billPhone2': '09755163388', 'billEmail1': 'ashokpanday@gmail.com', 'billEmail2': 'ashokpanday@gmail.com', 'orderRemarks': None, 'shippingCharges': '0.00', 'handlingCharge2': '0.00', 'storeCredit': '0.00', 'isVerifiedOrder': '1', 'isOnHold': '0', 'giftvoucher': '0.00', 'otherDiscount': '0.00', 'discountCode': 'null', 'promoCode': None, 'promoName': None, 'cancelRemark': '', 'isGiftwrap': '0', 'giftwrapMsg': '', 'deliverySlot': '', 'customDataFeld1': '', 'customDataFeld2': '', 'customDataFeld3': '', 'customDataFeld4': '["Transaction is yet to complete"]', 'customDataFeld5': '', 'customDataFeld6': '', 'customDataFeld7': 'WSBI0259216005', 'customDataFeld8': '', 'customDataFeld9': '09/09/2021 16:07:11', 'customDataFeld10': '', 'discountAmount': '0.000', 'taxAmount': '495.76', 'updatedDate': '26/09/2022 17:42:57', 'mode': 'wms', 'IsReplacementOrder': 'No', 'originalOrderno': '', 'customerCode': '999999', 'extCustomerCode': '', 'clientId': '0', 'fulfillmentLocCode': 'SHO', 'extFulFillmentLocCode': 'SHO', 'orderSourceName': 'Webstore', 'collectibleAmount': '0.00', 'totalOrderLine': '1', 'delFulfillmentMode': '2', 'geoType': None, 'geoAddress': None, 'geoLatitude': None, 'geoLongitude': None, 'orderSource': 'M01', 'orderType': 'SO', 'shipByDate': '11/09/2021 21:35:52', 'processAfterDate': '', 'masterorderNo': '68654', 'priority': 'Normal', 'pickupLocation': '', 'fulfillmentLocName': 'SKECHERS SOUTH ASIA PRIVATE LIMITED', 'items': [{'lineno': '153964', 'extLineno': '153964', 'internalLineNo': '1', 'sku': '194428038537', 'primaryUPC': 'SKR26666', 'skuName': '232029-BKLM/9/SHOE/ULTRA GROOVE', 'status': 'Shipped & Returned', 'imageUrl': 'https://imageserver.skechers.com/img/productimages/large/232029_BKLM.jpg', 'uom': 'Each', 'uomqty': '1.00', 'conversion': '1.00', 'orderQty': '1.00', 'commitedQty': '0.00', 'cancelledQty': '0.00', 'shippedQty': '1.00', 'returnQty': '1.00', 'unitPrice': '3250.00', 'discountAmt': '0.00', 'promoCode': None, 'promoName': None, 'taxAmount': '495.76', 'openQty': '0.00', 'udf1': '', 'udf2': '', 'udf3': '', 'udf4': '', 'udf5': '', 'udf6': '', 'udf7': '', 'udf8': '', 'udf9': '', 'udf10': '', 'bundleSkuCode': None, 'shipByDate': '', 'fulfillmentLocCode': 'D42', 'fulfillmentLocName': 'SSAPL-BIG CENTRE THANE'}], 'paymentItems': [], 'codcharge': '0.00', 'customerGSTIN': ''}}, {'SO011097097': {'orderLocation': 'M01', 'orderId': 'M0137253', 'orderNo': 'SO011097097', 'extenalOrderNo': 'SO011097097', 'paymentMethod': 'Prepaid', 'status': 'Shipped & Returned', 'orderDate': '27/11/2021 14:50:11', 'orderAmount': '2999.00', 'orderCurrency': 'INR', 'conversionRate': '1.00', 'customerName': 'Lovish  Goyal', 'shipAddress1': 'Atc mart  heera tower  Nabha bhabhat road  Opposite liquor and wine shop near victoria society', 'shipAddress2': 'Punjab PB', 'shipAddress3': '', 'landmark': '', 'latitude': '', 'longitude': '', 'shipCity': 'Patiala', 'shipState': 'Punjab', 'shipCountry': 'India', 'shipPincode': '140603', 'shipPhone1': '7009769920', 'shipPhone2': '7009769920', 'shipEmail1': 'lovishgoyal@gmail.com', 'shipEmail2': 'lovishgoyal@gmail.com', 'billName': 'Lovish  Goyal', 'billAddress1': 'Atc mart  heera tower  Nabha bhabhat road  Opposite liquor and wine shop near victoria society', 'billAddress2': 'Punjab PB', 'billAddress3': '', 'billCity': 'Patiala', 'billState': 'Punjab', 'billCountry': 'India', 'billPincode': '140603', 'billPhone1': '7009769920', 'billPhone2': '7009769920', 'billEmail1': 'lovishgoyal@gmail.com', 'billEmail2': 'lovishgoyal@gmail.com', 'orderRemarks': None, 'shippingCharges': '0.00', 'handlingCharge2': '0.00', 'storeCredit': '0.00', 'isVerifiedOrder': '1', 'isOnHold': '0', 'giftvoucher': '0.00', 'otherDiscount': '0.00', 'discountCode': 'null', 'promoCode': None, 'promoName': None, 'cancelRemark': '', 'isGiftwrap': '0', 'giftwrapMsg': '', 'deliverySlot': '', 'customDataFeld1': '', 'customDataFeld2': '', 'customDataFeld3': '', 'customDataFeld4': '["Transaction is yet to complete"]', 'customDataFeld5': '', 'customDataFeld6': '', 'customDataFeld7': 'WHMP0438381746', 'customDataFeld8': '', 'customDataFeld9': '27/11/2021 09:21:42', 'customDataFeld10': '', 'discountAmount': '0.000', 'taxAmount': '457.47', 'updatedDate': '26/09/2022 17:54:50', 'mode': 'wms', 'IsReplacementOrder': 'No', 'originalOrderno': '', 'customerCode': '999999', 'extCustomerCode': '', 'clientId': '0', 'fulfillmentLocCode': 'SHO', 'extFulFillmentLocCode': 'SHO', 'orderSourceName': 'Webstore', 'collectibleAmount': '0.00', 'totalOrderLine': '1', 'delFulfillmentMode': '2', 'geoType': None, 'geoAddress': None, 'geoLatitude': None, 'geoLongitude': None, 'orderSource': 'M01', 'orderType': 'SO', 'shipByDate': '29/11/2021 14:50:11', 'processAfterDate': '', 'masterorderNo': '85773', 'priority': 'Normal', 'pickupLocation': '', 'fulfillmentLocName': 'SKECHERS SOUTH ASIA PRIVATE LIMITED', 'items': [{'lineno': '192620', 'extLineno': '192620', 'internalLineNo': '1', 'sku': '193642416763', 'primaryUPC': 'SKR23551', 'skuName': '66150-BLK/11/SHOE/STATUS 2.0', 'status': 'Shipped & Returned', 'imageUrl': 'https://imageserver.skechers.com/img/productimages/large/66150_BLK.jpg', 'uom': 'Each', 'uomqty': '1.00', 'conversion': '1.00', 'orderQty': '1.00', 'commitedQty': '0.00', 'cancelledQty': '0.00', 'shippedQty': '1.00', 'returnQty': '1.00', 'unitPrice': '2999.00', 'discountAmt': '0.00', 'promoCode': None, 'promoName': None, 'taxAmount': '457.47', 'openQty': '0.00', 'udf1': '', 'udf2': '', 'udf3': '', 'udf4': '', 'udf5': '', 'udf6': '', 'udf7': '', 'udf8': '', 'udf9': '', 'udf10': '', 'bundleSkuCode': None, 'shipByDate': '', 'fulfillmentLocCode': 'D42', 'fulfillmentLocName': 'SSAPL-BIG CENTRE THANE'}], 'paymentItems': [], 'codcharge': '0.00', 'customerGSTIN': ''}}, {'SO011084768': {'orderLocation': 'M01', 'orderId': 'M0130899', 'orderNo': 'SO011084768', 'extenalOrderNo': 'SO011084768', 'paymentMethod': 'Prepaid', 'status': 'Shipped & Returned', 'orderDate': '10/10/2021 10:01:01', 'orderAmount': '3500.00', 'orderCurrency': 'INR', 'conversionRate': '1.00', 'customerName': 'Parth  Dabhi', 'shipAddress1': '319,sarita vihar society Opp. Remuka bhavan,  Puna to bombay market road', 'shipAddress2': 'Gujarat GJ', 'shipAddress3': '', 'landmark': '', 'latitude': '', 'longitude': '', 'shipCity': 'Surat', 'shipState': 'Gujarat', 'shipCountry': 'India', 'shipPincode': '395006', 'shipPhone1': '9768187157', 'shipPhone2': '9768187157', 'shipEmail1': 'parthdabhi7@gmail.com', 'shipEmail2': 'parthdabhi7@gmail.com', 'billName': 'Parth  Dabhi', 'billAddress1': '319,sarita vihar society Opp. Remuka bhavan,  Puna to bombay market road', 'billAddress2': 'Gujarat GJ', 'billAddress3': '', 'billCity': 'Surat', 'billState': 'Gujarat', 'billCountry': 'India', 'billPincode': '395006', 'billPhone1': '9768187157', 'billPhone2': '9768187157', 'billEmail1': 'parthdabhi7@gmail.com', 'billEmail2': 'parthdabhi7@gmail.com', 'orderRemarks': None, 'shippingCharges': '0.00', 'handlingCharge2': '0.00', 'storeCredit': '0.00', 'isVerifiedOrder': '1', 'isOnHold': '0', 'giftvoucher': '0.00', 'otherDiscount': '0.00', 'discountCode': 'null', 'promoCode': None, 'promoName': None, 'cancelRemark': '', 'isGiftwrap': '0', 'giftwrapMsg': '', 'deliverySlot': '', 'customDataFeld1': '', 'customDataFeld2': '', 'customDataFeld3': '', 'customDataFeld4': '["Transaction is yet to complete"]', 'customDataFeld5': '', 'customDataFeld6': '', 'customDataFeld7': 'WHMP0330440654', 'customDataFeld8': '', 'customDataFeld9': '10/10/2021 04:32:20', 'customDataFeld10': '', 'discountAmount': '0.000', 'taxAmount': '533.90', 'updatedDate': '26/09/2022 21:14:21', 'mode': 'wms', 'IsReplacementOrder': 'No', 'originalOrderno': '', 'customerCode': '999999', 'extCustomerCode': '', 'clientId': '0', 'fulfillmentLocCode': 'SHO', 'extFulFillmentLocCode': 'SHO', 'orderSourceName': 'Webstore', 'collectibleAmount': '0.00', 'totalOrderLine': '1', 'delFulfillmentMode': '2', 'geoType': None, 'geoAddress': None, 'geoLatitude': None, 'geoLongitude': None, 'orderSource': 'M01', 'orderType': 'SO', 'shipByDate': '12/10/2021 10:01:01', 'processAfterDate': '', 'masterorderNo': '74035', 'priority': 'Normal', 'pickupLocation': '', 'fulfillmentLocName': 'SKECHERS SOUTH ASIA PRIVATE LIMITED', 'items': [{'lineno': '166148', 'extLineno': '166148', 'internalLineNo': '1', 'sku': '194428034492', 'primaryUPC': 'SKR26970', 'skuName': '54490-NVY/10/SHOE/GO WALK AIR-AIRFLOW', 'status': 'Shipped & Returned', 'imageUrl': 'https://imageserver.skechers.com/img/productimages/large/54490_NVY.jpg', 'uom': 'Each', 'uomqty': '1.00', 'conversion': '1.00', 'orderQty': '1.00', 'commitedQty': '0.00', 'cancelledQty': '0.00', 'shippedQty': '1.00', 'returnQty': '1.00', 'unitPrice': '3500.00', 'discountAmt': '0.00', 'promoCode': None, 'promoName': None, 'taxAmount': '533.90', 'openQty': '0.00', 'udf1': '', 'udf2': '', 'udf3': '', 'udf4': '', 'udf5': '', 'udf6': '', 'udf7': '', 'udf8': '', 'udf9': '', 'udf10': '', 'bundleSkuCode': None, 'shipByDate': '', 'fulfillmentLocCode': 'D42', 'fulfillmentLocName': 'SSAPL-BIG CENTRE THANE'}], 'paymentItems': [], 'codcharge': '0.00', 'customerGSTIN': ''}}, {'SO011050274': {'orderLocation': 'M01', 'orderId': 'M0111874', 'orderNo': 'SO011050274', 'extenalOrderNo': 'SO011050274', 'paymentMethod': 'Prepaid', 'status': 'Shipped & Returned', 'orderDate': '20/02/2021 08:13:49', 'orderAmount': '2649.50', 'orderCurrency': 'INR', 'conversionRate': '1.00', 'customerName': 'Ankush  Kaushal', 'shipAddress1': 'Airtel Center ,Plot No. 16, Phase IV, Sector 18 Gurugram', 'shipAddress2': 'Haryana HR', 'shipAddress3': '', 'landmark': '', 'latitude': '', 'longitude': '', 'shipCity': 'Gurgaon', 'shipState': 'Haryana', 'shipCountry': 'India', 'shipPincode': '122015', 'shipPhone1': '8146971555', 'shipPhone2': '8146971555', 'shipEmail1': 'kaushal_ankush84@yahoo.co.in', 'shipEmail2': 'kaushal_ankush84@yahoo.co.in', 'billName': 'Ankush  Kaushal', 'billAddress1': 'Airtel Center ,Plot No. 16, Phase IV, Sector 18 Gurugram', 'billAddress2': 'Haryana HR', 'billAddress3': '', 'billCity': 'Gurgaon', 'billState': 'Haryana', 'billCountry': 'India', 'billPincode': '122015', 'billPhone1': '8146971555', 'billPhone2': '8146971555', 'billEmail1': 'kaushal_ankush84@yahoo.co.in', 'billEmail2': 'kaushal_ankush84@yahoo.co.in', 'orderRemarks': None, 'shippingCharges': '0.00', 'handlingCharge2': '0.00', 'storeCredit': '0.00', 'isVerifiedOrder': '1', 'isOnHold': '0', 'giftvoucher': '0.00', 'otherDiscount': '0.00', 'discountCode': 'null', 'promoCode': None, 'promoName': None, 'cancelRemark': '', 'isGiftwrap': '0', 'giftwrapMsg': '', 'deliverySlot': '', 'customDataFeld1': '', 'customDataFeld2': '', 'customDataFeld3': '', 'customDataFeld4': '["Transaction is yet to complete"]', 'customDataFeld5': '', 'customDataFeld6': '', 'customDataFeld7': 'VICI9765663445', 'customDataFeld8': '', 'customDataFeld9': '20/02/2021 02:45:01', 'customDataFeld10': '', 'discountAmount': '0.000', 'taxAmount': '404.16', 'updatedDate': '28/09/2022 13:08:07', 'mode': 'wms', 'IsReplacementOrder': 'No', 'originalOrderno': '', 'customerCode': '999999', 'extCustomerCode': '', 'clientId': '0', 'fulfillmentLocCode': 'SHO', 'extFulFillmentLocCode': 'SHO', 'orderSourceName': 'Webstore', 'collectibleAmount': '0.00', 'totalOrderLine': '1', 'delFulfillmentMode': '2', 'geoType': None, 'geoAddress': None, 'geoLatitude': None, 'geoLongitude': None, 'orderSource': 'M01', 'orderType': 'SO', 'shipByDate': '22/02/2021 08:13:49', 'processAfterDate': '', 'masterorderNo': '39861', 'priority': 'Normal', 'pickupLocation': '', 'fulfillmentLocName': 'SKECHERS SOUTH ASIA PRIVATE LIMITED', 'items': [{'lineno': '89288', 'extLineno': '89288', 'internalLineNo': '1', 'sku': '193642165340', 'primaryUPC': 'SKR22610', 'skuName': '55169-BKBL/9/SHOE/GO RUN FOCUS', 'status': 'Shipped & Returned', 'imageUrl': 'https://imageserver.skechers.com/img/productimages/large/55169_BKBL.jpg', 'uom': 'Each', 'uomqty': '1.00', 'conversion': '1.00', 'orderQty': '1.00', 'commitedQty': '0.00', 'cancelledQty': '0.00', 'shippedQty': '1.00', 'returnQty': '1.00', 'unitPrice': '2649.50', 'discountAmt': '0.00', 'promoCode': None, 'promoName': None, 'taxAmount': '404.16', 'openQty': '0.00', 'udf1': '', 'udf2': '', 'udf3': '', 'udf4': '', 'udf5': '', 'udf6': '', 'udf7': '', 'udf8': '', 'udf9': '', 'udf10': '', 'bundleSkuCode': None, 'shipByDate': '', 'fulfillmentLocCode': 'D42', 'fulfillmentLocName': 'SSAPL-BIG CENTRE THANE'}], 'paymentItems': [], 'codcharge': '0.00', 'customerGSTIN': ''}}, {'SO011096889': {'orderLocation': 'M01', 'orderId': 'M0137132', 'orderNo': 'SO011096889', 'extenalOrderNo': 'SO011096889', 'paymentMethod': 'Prepaid', 'status': 'Shipped & Returned', 'orderDate': '27/11/2021 00:00:19', 'orderAmount': '3500.00', 'orderCurrency': 'INR', 'conversionRate': '1.00', 'customerName': 'Puja  Bengani', 'shipAddress1': 'B5 - 71 Elite Empire Balewadi, Baner road', 'shipAddress2': 'Maharashtra MH', 'shipAddress3': '', 'landmark': '', 'latitude': '', 'longitude': '', 'shipCity': 'Pune', 'shipState': 'Maharashtra', 'shipCountry': 'India', 'shipPincode': '411045', 'shipPhone1': '9674917003', 'shipPhone2': '9674917003', 'shipEmail1': 'jain.pujadugar@gmail.com', 'shipEmail2': 'jain.pujadugar@gmail.com', 'billName': 'Puja  Bengani', 'billAddress1': 'B5 - 71 Elite Empire Balewadi, Baner road', 'billAddress2': 'Maharashtra MH', 'billAddress3': '', 'billCity': 'Pune', 'billState': 'Maharashtra', 'billCountry': 'India', 'billPincode': '411045', 'billPhone1': '9674917003', 'billPhone2': '9674917003', 'billEmail1': 'jain.pujadugar@gmail.com', 'billEmail2': 'jain.pujadugar@gmail.com', 'orderRemarks': None, 'shippingCharges': '0.00', 'handlingCharge2': '0.00', 'storeCredit': '0.00', 'isVerifiedOrder': '1', 'isOnHold': '0', 'giftvoucher': '0.00', 'otherDiscount': '0.00', 'discountCode': 'null', 'promoCode': None, 'promoName': None, 'cancelRemark': '', 'isGiftwrap': '0', 'giftwrapMsg': '', 'deliverySlot': '', 'customDataFeld1': '', 'customDataFeld2': '', 'customDataFeld3': '', 'customDataFeld4': '["Transaction is yet to complete"]', 'customDataFeld5': '', 'customDataFeld6': '', 'customDataFeld7': 'WPNB0437450751', 'customDataFeld8': '', 'customDataFeld9': '26/11/2021 18:33:07', 'customDataFeld10': '', 'discountAmount': '0.000', 'taxAmount': '533.90', 'updatedDate': '28/09/2022 13:09:17', 'mode': 'wms', 'IsReplacementOrder': 'No', 'originalOrderno': '', 'customerCode': '999999', 'extCustomerCode': '', 'clientId': '0', 'fulfillmentLocCode': 'SHO', 'extFulFillmentLocCode': 'SHO', 'orderSourceName': 'Webstore', 'collectibleAmount': '0.00', 'totalOrderLine': '1', 'delFulfillmentMode': '2', 'geoType': None, 'geoAddress': None, 'geoLatitude': None, 'geoLongitude': None, 'orderSource': 'M01', 'orderType': 'SO', 'shipByDate': '29/11/2021 00:00:19', 'processAfterDate': '', 'masterorderNo': '85565', 'priority': 'Normal', 'pickupLocation': '', 'fulfillmentLocName': 'SKECHERS SOUTH ASIA PRIVATE LIMITED', 'items': [{'lineno': '192152', 'extLineno': '192152', 'internalLineNo': '1', 'sku': '193113954213', 'primaryUPC': 'SKR24820', 'skuName': '66402-BLK/9/SHOE/BREGMAN-SELONE', 'status': 'Shipped & Returned', 'imageUrl': 'https://imageserver.skechers.com/img/productimages/large/66402_BLK.jpg', 'uom': 'Each', 'uomqty': '1.00', 'conversion': '1.00', 'orderQty': '1.00', 'commitedQty': '0.00', 'cancelledQty': '0.00', 'shippedQty': '1.00', 'returnQty': '1.00', 'unitPrice': '3500.00', 'discountAmt': '0.00', 'promoCode': None, 'promoName': None, 'taxAmount': '533.90', 'openQty': '0.00', 'udf1': '', 'udf2': '', 'udf3': '', 'udf4': '', 'udf5': '', 'udf6': '', 'udf7': '', 'udf8': '', 'udf9': '', 'udf10': '', 'bundleSkuCode': None, 'shipByDate': '', 'fulfillmentLocCode': 'D42', 'fulfillmentLocName': 'SSAPL-BIG CENTRE THANE'}], 'paymentItems': [], 'codcharge': '0.00', 'customerGSTIN': ''}}]} | startdate : 23/09/2022 00:00:00 | enddate : 30/09/2022 00:00:00
1256:2023-03-17 18:21:24,136:INFO:responsedata : {'responseCode': 9, 'responseMessage': 'No Record Found.', 'totalOrders': None, 'totalPages': None, 'currentPage': None, 'orderList': []} | startdate : 30/09/2022 00:00:00 | enddate : 07/10/2022 00:00:00
1256:2023-03-17 18:21:24,561:INFO:responsedata : {'responseCode': 0, 'responseMessage': 'Success', 'totalOrders': 2, 'totalPages': 1, 'currentPage': 1, 'orderList': [{'SO011048748': {'orderLocation': 'M01', 'orderId': 'M0111104', 'orderNo': 'SO011048748', 'extenalOrderNo': 'SO011048748', 'paymentMethod': 'Prepaid', 'status': 'Shipped & Returned', 'orderDate': '10/02/2021 18:09:21', 'orderAmount': '3749.50', 'orderCurrency': 'INR', 'conversionRate': '1.00', 'customerName': 'Rishabh  Rastogi', 'shipAddress1': 'B-12 Samrat Palace, Garh Road, Meerut', 'shipAddress2': 'Uttar Pradesh UP', 'shipAddress3': '', 'landmark': '', 'latitude': '', 'longitude': '', 'shipCity': 'Meerut', 'shipState': 'Uttar Pradesh', 'shipCountry': 'India', 'shipPincode': '250002', 'shipPhone1': '8218404586', 'shipPhone2': '8218404586', 'shipEmail1': 'rishabh0211@gmail.com', 'shipEmail2': 'rishabh0211@gmail.com', 'billName': 'Rishabh  Rastogi', 'billAddress1': 'B-12 Samrat Palace, Garh Road, Meerut', 'billAddress2': 'Uttar Pradesh UP', 'billAddress3': '', 'billCity': 'Meerut', 'billState': 'Uttar Pradesh', 'billCountry': 'India', 'billPincode': '250002', 'billPhone1': '8218404586', 'billPhone2': '8218404586', 'billEmail1': 'rishabh0211@gmail.com', 'billEmail2': 'rishabh0211@gmail.com', 'orderRemarks': None, 'shippingCharges': '0.00', 'handlingCharge2': '0.00', 'storeCredit': '0.00', 'isVerifiedOrder': '1', 'isOnHold': '0', 'giftvoucher': '0.00', 'otherDiscount': '0.00', 'discountCode': 'null', 'promoCode': None, 'promoName': None, 'cancelRemark': '', 'isGiftwrap': '0', 'giftwrapMsg': '', 'deliverySlot': '', 'customDataFeld1': '', 'customDataFeld2': '', 'customDataFeld3': '', 'customDataFeld4': '["Transaction is yet to complete"]', 'customDataFeld5': '', 'customDataFeld6': '', 'customDataFeld7': 'VHMP9737994994', 'customDataFeld8': '', 'customDataFeld9': '10/02/2021 12:43:16', 'customDataFeld10': '', 'discountAmount': '0.000', 'taxAmount': '571.96', 'updatedDate': '09/10/2022 17:13:16', 'mode': 'wms', 'IsReplacementOrder': 'No', 'originalOrderno': '', 'customerCode': '999999', 'extCustomerCode': '', 'clientId': '0', 'fulfillmentLocCode': 'SHO', 'extFulFillmentLocCode': 'SHO', 'orderSourceName': 'Webstore', 'collectibleAmount': '0.00', 'totalOrderLine': '1', 'delFulfillmentMode': '2', 'geoType': None, 'geoAddress': None, 'geoLatitude': None, 'geoLongitude': None, 'orderSource': 'M01', 'orderType': 'SO', 'shipByDate': '12/02/2021 18:09:21', 'processAfterDate': '', 'masterorderNo': '38339', 'priority': 'Normal', 'pickupLocation': '', 'fulfillmentLocName': 'SKECHERS SOUTH ASIA PRIVATE LIMITED', 'items': [{'lineno': '85904', 'extLineno': '85904', 'internalLineNo': '1', 'sku': '193113990860', 'primaryUPC': 'SKR24465', 'skuName': '69710-NVY/8/SHOE/MODERN JOGGER 2.0 - SWITZER', 'status': 'Shipped & Returned', 'imageUrl': 'https://imageserver.skechers.com/img/productimages/large/69710_NVY.jpg', 'uom': 'Each', 'uomqty': '1.00', 'conversion': '1.00', 'orderQty': '1.00', 'commitedQty': '0.00', 'cancelledQty': '0.00', 'shippedQty': '1.00', 'returnQty': '1.00', 'unitPrice': '3749.50', 'discountAmt': '0.00', 'promoCode': None, 'promoName': None, 'taxAmount': '571.96', 'openQty': '0.00', 'udf1': '', 'udf2': '', 'udf3': '', 'udf4': '', 'udf5': '', 'udf6': '', 'udf7': '', 'udf8': '', 'udf9': '', 'udf10': '', 'bundleSkuCode': None, 'shipByDate': '', 'fulfillmentLocCode': 'D42', 'fulfillmentLocName': 'SSAPL-BIG CENTRE THANE'}], 'paymentItems': [], 'codcharge': '0.00', 'customerGSTIN': ''}}, {'SO011085170': {'orderLocation': 'M01', 'orderId': 'M0131109', 'orderNo': 'SO011085170', 'extenalOrderNo': 'SO011085170', 'paymentMethod': 'Prepaid', 'status': 'Shipped & Returned', 'orderDate': '12/10/2021 00:00:30', 'orderAmount': '5000.00', 'orderCurrency': 'INR', 'conversionRate': '1.00', 'customerName': 'Sumati  Jaggi', 'shipAddress1': 'House number :-140/10 Mohalla Joshian  Thanesar, Kurukshetra', 'shipAddress2': 'Haryana HR', 'shipAddress3': '', 'landmark': '', 'latitude': '', 'longitude': '', 'shipCity': 'Kurukshetra', 'shipState': 'Haryana', 'shipCountry': 'India', 'shipPincode': '136118', 'shipPhone1': '9728277999', 'shipPhone2': '9728277999', 'shipEmail1': 'Sumati.jaggi9@gmail.com', 'shipEmail2': 'Sumati.jaggi9@gmail.com', 'billName': 'Sumati  Jaggi', 'billAddress1': 'House number :-140/10 Mohalla Joshian  Thanesar, Kurukshetra', 'billAddress2': 'Haryana HR', 'billAddress3': '', 'billCity': 'Kurukshetra', 'billState': 'Haryana', 'billCountry': 'India', 'billPincode': '136118', 'billPhone1': '9728277999', 'billPhone2': '9728277999', 'billEmail1': 'Sumati.jaggi9@gmail.com', 'billEmail2': 'Sumati.jaggi9@gmail.com', 'orderRemarks': None, 'shippingCharges': '0.00', 'handlingCharge2': '0.00', 'storeCredit': '0.00', 'isVerifiedOrder': '1', 'isOnHold': '0', 'giftvoucher': '0.00', 'otherDiscount': '0.00', 'discountCode': 'null', 'promoCode': None, 'promoName': None, 'cancelRemark': '', 'isGiftwrap': '0', 'giftwrapMsg': '', 'deliverySlot': '', 'customDataFeld1': '', 'customDataFeld2': '', 'customDataFeld3': '', 'customDataFeld4': '["Transaction is yet to complete"]', 'customDataFeld5': '', 'customDataFeld6': '', 'customDataFeld7': 'WHMP0334724906', 'customDataFeld8': '', 'customDataFeld9': '11/10/2021 18:35:15', 'customDataFeld10': '', 'discountAmount': '0.000', 'taxAmount': '762.71', 'updatedDate': '09/10/2022 18:07:21', 'mode': 'wms', 'IsReplacementOrder': 'No', 'originalOrderno': '', 'customerCode': '999999', 'extCustomerCode': '', 'clientId': '0', 'fulfillmentLocCode': 'SHO', 'extFulFillmentLocCode': 'SHO', 'orderSourceName': 'Webstore', 'collectibleAmount': '0.00', 'totalOrderLine': '1', 'delFulfillmentMode': '2', 'geoType': None, 'geoAddress': None, 'geoLatitude': None, 'geoLongitude': None, 'orderSource': 'M01', 'orderType': 'SO', 'shipByDate': '14/10/2021 00:00:30', 'processAfterDate': '', 'masterorderNo': '74436', 'priority': 'Normal', 'pickupLocation': '', 'fulfillmentLocName': 'SKECHERS SOUTH ASIA PRIVATE LIMITED', 'items': [{'lineno': '167058', 'extLineno': '167058', 'internalLineNo': '1', 'sku': '193113982650', 'primaryUPC': 'SKR23690', 'skuName': '23482-BBK/10/SHOE/MICROBURST 2.0', 'status': 'Shipped & Returned', 'imageUrl': 'https://imageserver.skechers.com/img/productimages/large/23482_BBK.jpg', 'uom': 'Each', 'uomqty': '2.00', 'conversion': '1.00', 'orderQty': '2.00', 'commitedQty': '0.00', 'cancelledQty': '0.00', 'shippedQty': '2.00', 'returnQty': '2.00', 'unitPrice': '2500.00', 'discountAmt': '0.00', 'promoCode': None, 'promoName': None, 'taxAmount': '762.71', 'openQty': '0.00', 'udf1': '', 'udf2': '', 'udf3': '', 'udf4': '', 'udf5': '', 'udf6': '', 'udf7': '', 'udf8': '', 'udf9': '', 'udf10': '', 'bundleSkuCode': None, 'shipByDate': '', 'fulfillmentLocCode': 'D42', 'fulfillmentLocName': 'SSAPL-BIG CENTRE THANE'}], 'paymentItems': [], 'codcharge': '0.00', 'customerGSTIN': ''}}]} | startdate : 07/10/2022 00:00:00 | enddate : 14/10/2022 00:00:00
1256:2023-03-17 18:21:25,068:INFO:responsedata : {'responseCode': 9, 'responseMessage': 'No Record Found.', 'totalOrders': None, 'totalPages': None, 'currentPage': None, 'orderList': []} | startdate : 14/10/2022 00:00:00 | enddate : 21/10/2022 00:00:00
1256:2023-03-17 18:21:25,405:INFO:responsedata : {'responseCode': 9, 'responseMessage': 'No Record Found.', 'totalOrders': None, 'totalPages': None, 'currentPage': None, 'orderList': []} | startdate : 21/10/2022 00:00:00 | enddate : 28/10/2022 00:00:00
1256:2023-03-17 18:21:25,923:INFO:responsedata : {'responseCode': 9, 'responseMessage': 'No Record Found.', 'totalOrders': None, 'totalPages': None, 'currentPage': None, 'orderList': []} | startdate : 28/10/2022 00:00:00 | enddate : 04/11/2022 00:00:00
1256:2023-03-17 18:21:26,298:INFO:responsedata : {'responseCode': 0, 'responseMessage': 'Success', 'totalOrders': 1, 'totalPages': 1, 'currentPage': 1, 'orderList': [{'SO011085155': {'orderLocation': 'M01', 'orderId': 'M0131101', 'orderNo': 'SO011085155', 'extenalOrderNo': 'SO011085155', 'paymentMethod': 'Prepaid', 'status': 'Shipped & Returned', 'orderDate': '11/10/2021 23:20:35', 'orderAmount': '5500.00', 'orderCurrency': 'INR', 'conversionRate': '1.00', 'customerName': 'Jesika  Shah', 'shipAddress1': 'Before Ajaypal, Behind Destination Bir Chaugan Bir', 'shipAddress2': 'Himachal Pradesh HP', 'shipAddress3': '', 'landmark': '', 'latitude': '', 'longitude': '', 'shipCity': 'Kangra', 'shipState': 'Himachal Pradesh', 'shipCountry': 'India', 'shipPincode': '176077', 'shipPhone1': '9819154929', 'shipPhone2': '9819154929', 'shipEmail1': 'jespit@gmail.com', 'shipEmail2': 'jespit@gmail.com', 'billName': 'Jesika  Shah', 'billAddress1': 'Before Ajaypal, Behind Destination Bir Chaugan Bir', 'billAddress2': 'Himachal Pradesh HP', 'billAddress3': '', 'billCity': 'Kangra', 'billState': 'Himachal Pradesh', 'billCountry': 'India', 'billPincode': '176077', 'billPhone1': '9819154929', 'billPhone2': '9819154929', 'billEmail1': 'jespit@gmail.com', 'billEmail2': 'jespit@gmail.com', 'orderRemarks': None, 'shippingCharges': '0.00', 'handlingCharge2': '0.00', 'storeCredit': '0.00', 'isVerifiedOrder': '1', 'isOnHold': '0', 'giftvoucher': '0.00', 'otherDiscount': '0.00', 'discountCode': 'null', 'promoCode': None, 'promoName': None, 'cancelRemark': '', 'isGiftwrap': '0', 'giftwrapMsg': '', 'deliverySlot': '', 'customDataFeld1': '', 'customDataFeld2': '', 'customDataFeld3': '', 'customDataFeld4': '["Transaction is yet to complete"]', 'customDataFeld5': '', 'customDataFeld6': '', 'customDataFeld7': 'WHMP0334672995', 'customDataFeld8': '', 'customDataFeld9': '11/10/2021 17:51:54', 'customDataFeld10': '', 'discountAmount': '0.000', 'taxAmount': '838.98', 'updatedDate': '04/11/2022 16:46:25', 'mode': 'wms', 'IsReplacementOrder': 'No', 'originalOrderno': '', 'customerCode': '999999', 'extCustomerCode': '', 'clientId': '0', 'fulfillmentLocCode': 'SHO', 'extFulFillmentLocCode': 'SHO', 'orderSourceName': 'Webstore', 'collectibleAmount': '0.00', 'totalOrderLine': '1', 'delFulfillmentMode': '2', 'geoType': None, 'geoAddress': None, 'geoLatitude': None, 'geoLongitude': None, 'orderSource': 'M01', 'orderType': 'SO', 'shipByDate': '13/10/2021 23:20:35', 'processAfterDate': '', 'masterorderNo': '74421', 'priority': 'Normal', 'pickupLocation': '', 'fulfillmentLocName': 'SKECHERS SOUTH ASIA PRIVATE LIMITED', 'items': [{'lineno': '167028', 'extLineno': '167028', 'internalLineNo': '1', 'sku': '193642409307', 'primaryUPC': 'SKR26060', 'skuName': '55260-BKBL/10/SHOE/SPEED TRL', 'status': 'Shipped & Returned', 'imageUrl': 'https://imageserver.skechers.com/img/productimages/large/55260_BKBL.jpg', 'uom': 'Each', 'uomqty': '1.00', 'conversion': '1.00', 'orderQty': '1.00', 'commitedQty': '0.00', 'cancelledQty': '0.00', 'shippedQty': '1.00', 'returnQty': '1.00', 'unitPrice': '5500.00', 'discountAmt': '0.00', 'promoCode': None, 'promoName': None, 'taxAmount': '838.98', 'openQty': '0.00', 'udf1': '', 'udf2': '', 'udf3': '', 'udf4': '', 'udf5': '', 'udf6': '', 'udf7': '', 'udf8': '', 'udf9': '', 'udf10': '', 'bundleSkuCode': None, 'shipByDate': '', 'fulfillmentLocCode': 'D42', 'fulfillmentLocName': 'SSAPL-BIG CENTRE THANE'}], 'paymentItems': [], 'codcharge': '0.00', 'customerGSTIN': ''}}]} | startdate : 04/11/2022 00:00:00 | enddate : 11/11/2022 00:00:00
1256:2023-03-17 18:21:26,708:INFO:responsedata : {'responseCode': 0, 'responseMessage': 'Success', 'totalOrders': 1, 'totalPages': 1, 'currentPage': 1, 'orderList': [{'SO011039673': {'orderLocation': 'M01', 'orderId': 'M016157', 'orderNo': 'SO011039673', 'extenalOrderNo': 'SO011039673', 'paymentMethod': 'Prepaid', 'status': 'Shipped & Returned', 'orderDate': '01/01/2021 20:26:23', 'orderAmount': '6798.50', 'orderCurrency': 'INR', 'conversionRate': '1.00', 'customerName': 'KARTIK  SYAL', 'shipAddress1': 'Sudama Cottage Cemetery Road Sanjauli', 'shipAddress2': 'Himachal Pradesh HP', 'shipAddress3': '', 'landmark': '', 'latitude': '', 'longitude': '', 'shipCity': 'Shimla', 'shipState': 'Himachal Pradesh', 'shipCountry': 'India', 'shipPincode': '171006', 'shipPhone1': '9418485155', 'shipPhone2': '9418485155', 'shipEmail1': 'kartik.syal@gmail.com', 'shipEmail2': 'kartik.syal@gmail.com', 'billName': 'KARTIK  SYAL', 'billAddress1': 'Sudama Cottage Cemetery Road Sanjauli', 'billAddress2': 'Himachal Pradesh HP', 'billAddress3': '', 'billCity': 'Shimla', 'billState': 'Himachal Pradesh', 'billCountry': 'India', 'billPincode': '171006', 'billPhone1': '9418485155', 'billPhone2': '9418485155', 'billEmail1': 'kartik.syal@gmail.com', 'billEmail2': 'kartik.syal@gmail.com', 'orderRemarks': None, 'shippingCharges': '0.00', 'handlingCharge2': '0.00', 'storeCredit': '0.00', 'isVerifiedOrder': '1', 'isOnHold': '0', 'giftvoucher': '0.00', 'otherDiscount': '0.00', 'discountCode': 'null', 'promoCode': None, 'promoName': None, 'cancelRemark': '', 'isGiftwrap': '0', 'giftwrapMsg': '', 'deliverySlot': '', 'customDataFeld1': '', 'customDataFeld2': '', 'customDataFeld3': '', 'customDataFeld4': '["Transaction is yet to complete"]', 'customDataFeld5': '', 'customDataFeld6': '', 'customDataFeld7': 'VCPI9616915895', 'customDataFeld8': '', 'customDataFeld9': '01/01/2021 14:57:48', 'customDataFeld10': '', 'discountAmount': '0.000', 'taxAmount': '1037.06', 'updatedDate': '17/11/2022 17:08:01', 'mode': 'wms', 'IsReplacementOrder': 'No', 'originalOrderno': '', 'customerCode': '999999', 'extCustomerCode': '', 'clientId': '0', 'fulfillmentLocCode': 'SHO', 'extFulFillmentLocCode': 'SHO', 'orderSourceName': 'Webstore', 'collectibleAmount': '0.00', 'totalOrderLine': '3', 'delFulfillmentMode': '2', 'geoType': None, 'geoAddress': None, 'geoLatitude': None, 'geoLongitude': None, 'orderSource': 'M01', 'orderType': 'SO', 'shipByDate': '03/01/2021 20:26:23', 'processAfterDate': '', 'masterorderNo': '29282', 'priority': 'Normal', 'pickupLocation': '', 'fulfillmentLocName': 'SKECHERS SOUTH ASIA PRIVATE LIMITED', 'items': [{'lineno': '65818', 'extLineno': '65818', 'internalLineNo': '1', 'sku': '192283360923', 'primaryUPC': 'SKR14931', 'skuName': '12614-NVBL/7/SHOE/GRACEFUL', 'status': 'Shipped & Returned', 'imageUrl': 'https://imageserver.skechers.com/img/productimages/large/12614_NVBL.jpg', 'uom': 'Each', 'uomqty': '1.00', 'conversion': '1.00', 'orderQty': '1.00', 'commitedQty': '0.00', 'cancelledQty': '0.00', 'shippedQty': '1.00', 'returnQty': '1.00', 'unitPrice': '1999.50', 'discountAmt': '0.00', 'promoCode': None, 'promoName': None, 'taxAmount': '305.01', 'openQty': '0.00', 'udf1': '', 'udf2': '', 'udf3': '', 'udf4': '', 'udf5': '', 'udf6': '', 'udf7': '', 'udf8': '', 'udf9': '', 'udf10': '', 'bundleSkuCode': None, 'shipByDate': '', 'fulfillmentLocCode': 'A74', 'fulfillmentLocName': 'SSAPL-E-COM'}, {'lineno': '65820', 'extLineno': '65820', 'internalLineNo': '2', 'sku': '193113594136', 'primaryUPC': 'SKR22106', 'skuName': '32709-NVBL/8/SHOE/BOBS SPARROW - SNEAKER CLUB', 'status': 'Shipped & Returned', 'imageUrl': 'https://imageserver.skechers.com/img/productimages/large/32709_NVBL.jpg', 'uom': 'Each', 'uomqty': '1.00', 'conversion': '1.00', 'orderQty': '1.00', 'commitedQty': '0.00', 'cancelledQty': '0.00', 'shippedQty': '1.00', 'returnQty': '1.00', 'unitPrice': '2399.50', 'discountAmt': '0.00', 'promoCode': None, 'promoName': None, 'taxAmount': '366.03', 'openQty': '0.00', 'udf1': '', 'udf2': '', 'udf3': '', 'udf4': '', 'udf5': '', 'udf6': '', 'udf7': '', 'udf8': '', 'udf9': '', 'udf10': '', 'bundleSkuCode': None, 'shipByDate': '', 'fulfillmentLocCode': 'A74', 'fulfillmentLocName': 'SSAPL-E-COM'}, {'lineno': '65822', 'extLineno': '65822', 'internalLineNo': '3', 'sku': '193113236616', 'primaryUPC': 'SKR23280', 'skuName': '32709-MVE/8/SHOE/BOBS SPARROW - SNEAKER CLUB', 'status': 'Shipped & Returned', 'imageUrl': 'https://imageserver.skechers.com/img/productimages/large/32709_MVE.jpg', 'uom': 'Each', 'uomqty': '1.00', 'conversion': '1.00', 'orderQty': '1.00', 'commitedQty': '0.00', 'cancelledQty': '0.00', 'shippedQty': '1.00', 'returnQty': '1.00', 'unitPrice': '2399.50', 'discountAmt': '0.00', 'promoCode': None, 'promoName': None, 'taxAmount': '366.03', 'openQty': '0.00', 'udf1': '', 'udf2': '', 'udf3': '', 'udf4': '', 'udf5': '', 'udf6': '', 'udf7': '', 'udf8': '', 'udf9': '', 'udf10': '', 'bundleSkuCode': None, 'shipByDate': '', 'fulfillmentLocCode': 'D42', 'fulfillmentLocName': 'SSAPL-BIG CENTRE THANE'}], 'paymentItems': [], 'codcharge': '0.00', 'customerGSTIN': ''}}]} | startdate : 11/11/2022 00:00:00 | enddate : 18/11/2022 00:00:00
1256:2023-03-17 18:21:27,034:INFO:responsedata : {'responseCode': 9, 'responseMessage': 'No Record Found.', 'totalOrders': None, 'totalPages': None, 'currentPage': None, 'orderList': []} | startdate : 18/11/2022 00:00:00 | enddate : 25/11/2022 00:00:00
1256:2023-03-17 18:21:27,485:INFO:responsedata : {'responseCode': 9, 'responseMessage': 'No Record Found.', 'totalOrders': None, 'totalPages': None, 'currentPage': None, 'orderList': []} | startdate : 25/11/2022 00:00:00 | enddate : 02/12/2022 00:00:00
1256:2023-03-17 18:21:27,823:INFO:responsedata : {'responseCode': 9, 'responseMessage': 'No Record Found.', 'totalOrders': None, 'totalPages': None, 'currentPage': None, 'orderList': []} | startdate : 02/12/2022 00:00:00 | enddate : 09/12/2022 00:00:00
1256:2023-03-17 18:21:28,264:INFO:responsedata : {'responseCode': 9, 'responseMessage': 'No Record Found.', 'totalOrders': None, 'totalPages': None, 'currentPage': None, 'orderList': []} | startdate : 09/12/2022 00:00:00 | enddate : 16/12/2022 00:00:00
1256:2023-03-17 18:21:28,603:INFO:responsedata : {'responseCode': 9, 'responseMessage': 'No Record Found.', 'totalOrders': None, 'totalPages': None, 'currentPage': None, 'orderList': []} | startdate : 16/12/2022 00:00:00 | enddate : 23/12/2022 00:00:00
1256:2023-03-17 18:21:28,925:INFO:responsedata : {'responseCode': 9, 'responseMessage': 'No Record Found.', 'totalOrders': None, 'totalPages': None, 'currentPage': None, 'orderList': []} | startdate : 23/12/2022 00:00:00 | enddate : 30/12/2022 00:00:00
1256:2023-03-17 18:21:29,354:INFO:responsedata : {'responseCode': 9, 'responseMessage': 'No Record Found.', 'totalOrders': None, 'totalPages': None, 'currentPage': None, 'orderList': []} | startdate : 30/12/2022 00:00:00 | enddate : 06/01/2023 00:00:00
1256:2023-03-17 18:21:29,718:INFO:responsedata : {'responseCode': 9, 'responseMessage': 'No Record Found.', 'totalOrders': None, 'totalPages': None, 'currentPage': None, 'orderList': []} | startdate : 06/01/2023 00:00:00 | enddate : 13/01/2023 00:00:00
1256:2023-03-17 18:21:30,274:INFO:responsedata : {'responseCode': 9, 'responseMessage': 'No Record Found.', 'totalOrders': None, 'totalPages': None, 'currentPage': None, 'orderList': []} | startdate : 13/01/2023 00:00:00 | enddate : 20/01/2023 00:00:00
1256:2023-03-17 18:21:30,707:INFO:responsedata : {'responseCode': 9, 'responseMessage': 'No Record Found.', 'totalOrders': None, 'totalPages': None, 'currentPage': None, 'orderList': []} | startdate : 20/01/2023 00:00:00 | enddate : 27/01/2023 00:00:00
1256:2023-03-17 18:21:31,054:INFO:responsedata : {'responseCode': 9, 'responseMessage': 'No Record Found.', 'totalOrders': None, 'totalPages': None, 'currentPage': None, 'orderList': []} | startdate : 27/01/2023 00:00:00 | enddate : 03/02/2023 00:00:00
1256:2023-03-17 18:21:31,490:INFO:responsedata : {'responseCode': 9, 'responseMessage': 'No Record Found.', 'totalOrders': None, 'totalPages': None, 'currentPage': None, 'orderList': []} | startdate : 03/02/2023 00:00:00 | enddate : 10/02/2023 00:00:00
1256:2023-03-17 18:21:31,987:INFO:responsedata : {'responseCode': 9, 'responseMessage': 'No Record Found.', 'totalOrders': None, 'totalPages': None, 'currentPage': None, 'orderList': []} | startdate : 10/02/2023 00:00:00 | enddate : 17/02/2023 00:00:00
1256:2023-03-17 18:21:32,381:INFO:responsedata : {'responseCode': 0, 'responseMessage': 'Success', 'totalOrders': 1, 'totalPages': 1, 'currentPage': 1, 'orderList': [{'SO011094472': {'orderLocation': 'M01', 'orderId': 'M0135825', 'orderNo': 'SO011094472', 'extenalOrderNo': 'SO011094472', 'paymentMethod': 'Prepaid', 'status': 'Shipped & Returned', 'orderDate': '20/11/2021 12:30:08', 'orderAmount': '1699.00', 'orderCurrency': 'INR', 'conversionRate': '1.00', 'customerName': 'Aniket  Singh', 'shipAddress1': 'Vidhya  Bhawan  Narayanpur', 'shipAddress2': 'Uttar Pradesh UP', 'shipAddress3': '', 'landmark': '', 'latitude': '', 'longitude': '', 'shipCity': 'Ballia', 'shipState': 'Uttar Pradesh', 'shipCountry': 'India', 'shipPincode': '277213', 'shipPhone1': '8777303129', 'shipPhone2': '8777303129', 'shipEmail1': 'ani8777303129@gmail.com', 'shipEmail2': 'ani8777303129@gmail.com', 'billName': 'Aniket  Singh', 'billAddress1': 'Vidhya  Bhawan  Narayanpur', 'billAddress2': 'Uttar Pradesh UP', 'billAddress3': '', 'billCity': 'Ballia', 'billState': 'Uttar Pradesh', 'billCountry': 'India', 'billPincode': '277213', 'billPhone1': '8777303129', 'billPhone2': '8777303129', 'billEmail1': 'ani8777303129@gmail.com', 'billEmail2': 'ani8777303129@gmail.com', 'orderRemarks': None, 'shippingCharges': '0.00', 'handlingCharge2': '0.00', 'storeCredit': '0.00', 'isVerifiedOrder': '1', 'isOnHold': '0', 'giftvoucher': '0.00', 'otherDiscount': '0.00', 'discountCode': 'null', 'promoCode': None, 'promoName': None, 'cancelRemark': '', 'isGiftwrap': '0', 'giftwrapMsg': '', 'deliverySlot': '', 'customDataFeld1': '', 'customDataFeld2': '', 'customDataFeld3': '', 'customDataFeld4': '["Transaction is yet to complete"]', 'customDataFeld5': '', 'customDataFeld6': '', 'customDataFeld7': 'WCPI0423696953', 'customDataFeld8': '', 'customDataFeld9': '20/11/2021 07:00:46', 'customDataFeld10': '', 'discountAmount': '0.000', 'taxAmount': '259.17', 'updatedDate': '18/02/2023 20:13:24', 'mode': 'wms', 'IsReplacementOrder': 'No', 'originalOrderno': '', 'customerCode': '999999', 'extCustomerCode': '', 'clientId': '0', 'fulfillmentLocCode': 'SHO', 'extFulFillmentLocCode': 'SHO', 'orderSourceName': 'Webstore', 'collectibleAmount': '0.00', 'totalOrderLine': '1', 'delFulfillmentMode': '2', 'geoType': None, 'geoAddress': None, 'geoLatitude': None, 'geoLongitude': None, 'orderSource': 'M01', 'orderType': 'SO', 'shipByDate': '22/11/2021 12:30:08', 'processAfterDate': '', 'masterorderNo': '83153', 'priority': 'Normal', 'pickupLocation': '', 'fulfillmentLocName': 'SKECHERS SOUTH ASIA PRIVATE LIMITED', 'items': [{'lineno': '186610', 'extLineno': '186610', 'internalLineNo': '1', 'sku': '193642118391', 'primaryUPC': 'SKR21108', 'skuName': '999163-RDBK/8/SLIPPER/GAMBIX', 'status': 'Shipped & Returned', 'imageUrl': 'https://imageserver.skechers.com/img/productimages/large/999163_RDBK.jpg', 'uom': 'Each', 'uomqty': '1.00', 'conversion': '1.00', 'orderQty': '1.00', 'commitedQty': '0.00', 'cancelledQty': '0.00', 'shippedQty': '1.00', 'returnQty': '1.00', 'unitPrice': '1699.00', 'discountAmt': '0.00', 'promoCode': None, 'promoName': None, 'taxAmount': '259.17', 'openQty': '0.00', 'udf1': '', 'udf2': '', 'udf3': '', 'udf4': '', 'udf5': '', 'udf6': '', 'udf7': '', 'udf8': '', 'udf9': '', 'udf10': '', 'bundleSkuCode': None, 'shipByDate': '', 'fulfillmentLocCode': 'D15', 'fulfillmentLocName': 'SSAPL-LINKING ROAD'}], 'paymentItems': [], 'codcharge': '0.00', 'customerGSTIN': ''}}]} | startdate : 17/02/2023 00:00:00 | enddate : 24/02/2023 00:00:00
1256:2023-03-17 18:21:32,837:INFO:responsedata : {'responseCode': 9, 'responseMessage': 'No Record Found.', 'totalOrders': None, 'totalPages': None, 'currentPage': None, 'orderList': []} | startdate : 24/02/2023 00:00:00 | enddate : 03/03/2023 00:00:00
1256:2023-03-17 18:21:33,180:INFO:responsedata : {'responseCode': 9, 'responseMessage': 'No Record Found.', 'totalOrders': None, 'totalPages': None, 'currentPage': None, 'orderList': []} | startdate : 03/03/2023 00:00:00 | enddate : 10/03/2023 00:00:00
1256:2023-03-17 18:21:33,517:INFO:responsedata : {'responseCode': 9, 'responseMessage': 'No Record Found.', 'totalOrders': None, 'totalPages': None, 'currentPage': None, 'orderList': []} | startdate : 10/03/2023 00:00:00 | enddate : 17/03/2023 00:00:00
1256:2023-03-17 18:21:33,837:INFO:responsedata : {'responseCode': 9, 'responseMessage': 'No Record Found.', 'totalOrders': None, 'totalPages': None, 'currentPage': None, 'orderList': []} | startdate : 17/03/2023 00:00:00 | enddate : 24/03/2023 00:00:00
18940:2023-04-14 15:17:56,138:INFO:responsedata : {'responseCode': 9, 'responseMessage': 'No Record Found.', 'totalOrders': None, 'totalPages': None, 'currentPage': None, 'orderList': []} | startdate : 01/07/2022 00:00:00 | enddate : 08/07/2022 00:00:00
18940:2023-04-14 15:17:56,559:INFO:responsedata : {'responseCode': 9, 'responseMessage': 'No Record Found.', 'totalOrders': None, 'totalPages': None, 'currentPage': None, 'orderList': []} | startdate : 08/07/2022 00:00:00 | enddate : 15/07/2022 00:00:00
18940:2023-04-14 15:17:57,020:INFO:responsedata : {'responseCode': 9, 'responseMessage': 'No Record Found.', 'totalOrders': None, 'totalPages': None, 'currentPage': None, 'orderList': []} | startdate : 15/07/2022 00:00:00 | enddate : 22/07/2022 00:00:00
18940:2023-04-14 15:17:57,489:INFO:responsedata : {'responseCode': 0, 'responseMessage': 'Success', 'totalOrders': 1, 'totalPages': 1, 'currentPage': 1, 'orderList': [{'SO011086828': {'orderLocation': 'M01', 'orderId': 'M0131993', 'orderNo': 'SO011086828', 'extenalOrderNo': 'SO011086828', 'paymentMethod': 'Prepaid', 'status': 'Shipped & Returned', 'orderDate': '20/10/2021 13:48:29', 'orderAmount': '5499.00', 'orderCurrency': 'INR', 'conversionRate': '1.00', 'customerName': 'KARAN  AGARWAL', 'shipAddress1': 'HOUSE NO - 382, IIIrd FLOOR, DEEPALI ENCLAVE, PITAM PURA DELHI', 'shipAddress2': 'Delhi DL', 'shipAddress3': '', 'landmark': '', 'latitude': '', 'longitude': '', 'shipCity': 'North West Delhi', 'shipState': 'Delhi', 'shipCountry': 'India', 'shipPincode': '110034', 'shipPhone1': '9312005255', 'shipPhone2': '9312005255', 'shipEmail1': 'karanidhi@gmail.com', 'shipEmail2': 'karanidhi@gmail.com', 'billName': 'KARAN  AGARWAL', 'billAddress1': 'HOUSE NO - 382, IIIrd FLOOR, DEEPALI ENCLAVE, PITAM PURA DELHI', 'billAddress2': 'Delhi DL', 'billAddress3': '', 'billCity': 'North West Delhi', 'billState': 'Delhi', 'billCountry': 'India', 'billPincode': '110034', 'billPhone1': '9312005255', 'billPhone2': '9312005255', 'billEmail1': 'karanidhi@gmail.com', 'billEmail2': 'karanidhi@gmail.com', 'orderRemarks': None, 'shippingCharges': '0.00', 'handlingCharge2': '0.00', 'storeCredit': '0.00', 'isVerifiedOrder': '1', 'isOnHold': '0', 'giftvoucher': '0.00', 'otherDiscount': '0.00', 'discountCode': 'null', 'promoCode': None, 'promoName': None, 'cancelRemark': '', 'isGiftwrap': '0', 'giftwrapMsg': '', 'deliverySlot': '', 'customDataFeld1': '', 'customDataFeld2': '', 'customDataFeld3': '', 'customDataFeld4': '["Transaction is yet to complete"]', 'customDataFeld5': '', 'customDataFeld6': '', 'customDataFeld7': 'WHMP0354680390', 'customDataFeld8': '', 'customDataFeld9': '20/10/2021 08:19:30', 'customDataFeld10': '', 'discountAmount': '0.000', 'taxAmount': '838.83', 'updatedDate': '27/07/2022 16:05:27', 'mode': 'wms', 'IsReplacementOrder': 'No', 'originalOrderno': '', 'customerCode': '999999', 'extCustomerCode': '', 'clientId': '0', 'fulfillmentLocCode': 'SHO', 'extFulFillmentLocCode': 'SHO', 'orderSourceName': 'Webstore', 'collectibleAmount': '0.00', 'totalOrderLine': '1', 'delFulfillmentMode': '2', 'geoType': None, 'geoAddress': None, 'geoLatitude': None, 'geoLongitude': None, 'orderSource': 'M01', 'orderType': 'SO', 'shipByDate': '22/10/2021 13:48:29', 'processAfterDate': '', 'masterorderNo': '76090', 'priority': 'Normal', 'pickupLocation': '', 'fulfillmentLocName': 'SKECHERS SOUTH ASIA PRIVATE LIMITED', 'items': [{'lineno': '170780', 'extLineno': '170780', 'internalLineNo': '1', 'sku': '195204302859', 'primaryUPC': 'SKR34456', 'skuName': '232228-BLK/9/SHOE/FLEX ADVANTAGE 4.0 - OVERTAKE', 'status': 'Shipped & Returned', 'imageUrl': 'https://imageserver.skechers.com/img/productimages/large/232228_BLK.jpg', 'uom': 'Each', 'uomqty': '1.00', 'conversion': '1.00', 'orderQty': '1.00', 'commitedQty': '0.00', 'cancelledQty': '0.00', 'shippedQty': '1.00', 'returnQty': '1.00', 'unitPrice': '5499.00', 'discountAmt': '0.00', 'promoCode': None, 'promoName': None, 'taxAmount': '838.83', 'openQty': '0.00', 'udf1': '', 'udf2': '', 'udf3': '', 'udf4': '', 'udf5': '', 'udf6': '', 'udf7': '', 'udf8': '', 'udf9': '', 'udf10': '', 'bundleSkuCode': None, 'shipByDate': '', 'fulfillmentLocCode': 'A74', 'fulfillmentLocName': 'SSAPL-E-COM'}], 'paymentItems': [], 'codcharge': '0.00', 'customerGSTIN': ''}}]} | startdate : 22/07/2022 00:00:00 | enddate : 29/07/2022 00:00:00
18940:2023-04-14 15:17:57,924:INFO:responsedata : {'responseCode': 9, 'responseMessage': 'No Record Found.', 'totalOrders': None, 'totalPages': None, 'currentPage': None, 'orderList': []} | startdate : 29/07/2022 00:00:00 | enddate : 05/08/2022 00:00:00
18940:2023-04-14 15:17:58,330:INFO:responsedata : {'responseCode': 9, 'responseMessage': 'No Record Found.', 'totalOrders': None, 'totalPages': None, 'currentPage': None, 'orderList': []} | startdate : 05/08/2022 00:00:00 | enddate : 12/08/2022 00:00:00
18940:2023-04-14 15:17:58,835:INFO:responsedata : {'responseCode': 0, 'responseMessage': 'Success', 'totalOrders': 1, 'totalPages': 1, 'currentPage': 1, 'orderList': [{'SO011094417': {'orderLocation': 'M01', 'orderId': 'M0135791', 'orderNo': 'SO011094417', 'extenalOrderNo': 'SO011094417', 'paymentMethod': 'Prepaid', 'status': 'Shipped & Returned', 'orderDate': '20/11/2021 06:54:48', 'orderAmount': '5999.00', 'orderCurrency': 'INR', 'conversionRate': '1.00', 'customerName': 'Arpit  Mehta', 'shipAddress1': 'Arpit hospital Plot 9A/FA, Scheme no 94 Ring road (Service road)', 'shipAddress2': 'Madhya Pradesh MP', 'shipAddress3': '', 'landmark': '', 'latitude': '', 'longitude': '', 'shipCity': 'Indore', 'shipState': 'Madhya Pradesh', 'shipCountry': 'India', 'shipPincode': '452018', 'shipPhone1': '7898154738', 'shipPhone2': '7898154738', 'shipEmail1': 'pallavi.mehta9@gmail.com', 'shipEmail2': 'pallavi.mehta9@gmail.com', 'billName': 'Arpit  Mehta', 'billAddress1': 'Arpit hospital Plot 9A/FA, Scheme no 94 Ring road (Service road)', 'billAddress2': 'Madhya Pradesh MP', 'billAddress3': '', 'billCity': 'Indore', 'billState': 'Madhya Pradesh', 'billCountry': 'India', 'billPincode': '452018', 'billPhone1': '7898154738', 'billPhone2': '7898154738', 'billEmail1': 'pallavi.mehta9@gmail.com', 'billEmail2': 'pallavi.mehta9@gmail.com', 'orderRemarks': None, 'shippingCharges': '0.00', 'handlingCharge2': '0.00', 'storeCredit': '0.00', 'isVerifiedOrder': '1', 'isOnHold': '0', 'giftvoucher': '0.00', 'otherDiscount': '0.00', 'discountCode': 'null', 'promoCode': None, 'promoName': None, 'cancelRemark': '', 'isGiftwrap': '0', 'giftwrapMsg': '', 'deliverySlot': '', 'customDataFeld1': '', 'customDataFeld2': '', 'customDataFeld3': '', 'customDataFeld4': '["Transaction is yet to complete"]', 'customDataFeld5': '', 'customDataFeld6': '', 'customDataFeld7': 'WHDF0423119303', 'customDataFeld8': '', 'customDataFeld9': '20/11/2021 01:26:26', 'customDataFeld10': '', 'discountAmount': '0.000', 'taxAmount': '915.10', 'updatedDate': '17/08/2022 12:24:53', 'mode': 'wms', 'IsReplacementOrder': 'No', 'originalOrderno': '', 'customerCode': '999999', 'extCustomerCode': '', 'clientId': '0', 'fulfillmentLocCode': 'SHO', 'extFulFillmentLocCode': 'SHO', 'orderSourceName': 'Webstore', 'collectibleAmount': '0.00', 'totalOrderLine': '1', 'delFulfillmentMode': '2', 'geoType': None, 'geoAddress': None, 'geoLatitude': None, 'geoLongitude': None, 'orderSource': 'M01', 'orderType': 'SO', 'shipByDate': '22/11/2021 06:54:48', 'processAfterDate': '', 'masterorderNo': '83098', 'priority': 'Normal', 'pickupLocation': '', 'fulfillmentLocName': 'SKECHERS SOUTH ASIA PRIVATE LIMITED', 'items': [{'lineno': '186482', 'extLineno': '186482', 'internalLineNo': '1', 'sku': '195204539675', 'primaryUPC': 'SKR34886', 'skuName': '216202-NVOR/7/SHOE/GO WALK 6', 'status': 'Shipped & Returned', 'imageUrl': 'https://imageserver.skechers.com/img/productimages/large/216202_NVOR.jpg', 'uom': 'Each', 'uomqty': '1.00', 'conversion': '1.00', 'orderQty': '1.00', 'commitedQty': '0.00', 'cancelledQty': '0.00', 'shippedQty': '1.00', 'returnQty': '1.00', 'unitPrice': '5999.00', 'discountAmt': '0.00', 'promoCode': None, 'promoName': None, 'taxAmount': '915.10', 'openQty': '0.00', 'udf1': '', 'udf2': '', 'udf3': '', 'udf4': '', 'udf5': '', 'udf6': '', 'udf7': '', 'udf8': '', 'udf9': '', 'udf10': '', 'bundleSkuCode': None, 'shipByDate': '', 'fulfillmentLocCode': 'A74', 'fulfillmentLocName': 'SSAPL-E-COM'}], 'paymentItems': [], 'codcharge': '0.00', 'customerGSTIN': ''}}]} | startdate : 12/08/2022 00:00:00 | enddate : 19/08/2022 00:00:00
18940:2023-04-14 15:17:59,400:INFO:responsedata : {'responseCode': 0, 'responseMessage': 'Success', 'totalOrders': 4, 'totalPages': 1, 'currentPage': 1, 'orderList': [{'SO011081729': {'orderLocation': 'M01', 'orderId': 'M0129229', 'orderNo': 'SO011081729', 'extenalOrderNo': 'SO011081729', 'paymentMethod': 'Prepaid', 'status': 'Shipped & Returned', 'orderDate': '23/09/2021 14:20:48', 'orderAmount': '3899.00', 'orderCurrency': 'INR', 'conversionRate': '1.00', 'customerName': 'Priyanka  Dhillon', 'shipAddress1': 'Bldg 2 flat 903 Chamunda Classic, pandurang Wadi, Mahajanwadi, opp. Thakur mall,mira road east', 'shipAddress2': 'Maharashtra MH', 'shipAddress3': '', 'landmark': '', 'latitude': '', 'longitude': '', 'shipCity': 'Thane', 'shipState': 'Maharashtra', 'shipCountry': 'India', 'shipPincode': '401107', 'shipPhone1': '9167391693', 'shipPhone2': '9167391693', 'shipEmail1': 'priyankad707@gmail.com', 'shipEmail2': 'priyankad707@gmail.com', 'billName': 'Priyanka  Dhillon', 'billAddress1': 'Bldg 2 flat 903 Chamunda Classic, pandurang Wadi, Mahajanwadi, opp. Thakur mall,mira road east', 'billAddress2': 'Maharashtra MH', 'billAddress3': '', 'billCity': 'Thane', 'billState': 'Maharashtra', 'billCountry': 'India', 'billPincode': '401107', 'billPhone1': '9167391693', 'billPhone2': '9167391693', 'billEmail1': 'priyankad707@gmail.com', 'billEmail2': 'priyankad707@gmail.com', 'orderRemarks': None, 'shippingCharges': '0.00', 'handlingCharge2': '0.00', 'storeCredit': '0.00', 'isVerifiedOrder': '1', 'isOnHold': '0', 'giftvoucher': '0.00', 'otherDiscount': '0.00', 'discountCode': 'null', 'promoCode': None, 'promoName': None, 'cancelRemark': '', 'isGiftwrap': '0', 'giftwrapMsg': '', 'deliverySlot': '', 'customDataFeld1': '', 'customDataFeld2': '', 'customDataFeld3': '', 'customDataFeld4': '["Transaction is yet to complete"]', 'customDataFeld5': '', 'customDataFeld6': '', 'customDataFeld7': 'WCPI0289935417', 'customDataFeld8': '', 'customDataFeld9': '23/09/2021 08:52:07', 'customDataFeld10': '', 'discountAmount': '0.000', 'taxAmount': '594.76', 'updatedDate': '25/08/2022 15:07:54', 'mode': 'wms', 'IsReplacementOrder': 'No', 'originalOrderno': '', 'customerCode': '999999', 'extCustomerCode': '', 'clientId': '0', 'fulfillmentLocCode': 'SHO', 'extFulFillmentLocCode': 'SHO', 'orderSourceName': 'Webstore', 'collectibleAmount': '0.00', 'totalOrderLine': '1', 'delFulfillmentMode': '2', 'geoType': None, 'geoAddress': None, 'geoLatitude': None, 'geoLongitude': None, 'orderSource': 'M01', 'orderType': 'SO', 'shipByDate': '25/09/2021 14:20:48', 'processAfterDate': '', 'masterorderNo': '71009', 'priority': 'Normal', 'pickupLocation': '', 'fulfillmentLocName': 'SKECHERS SOUTH ASIA PRIVATE LIMITED', 'items': [{'lineno': '159362', 'extLineno': '159362', 'internalLineNo': '1', 'sku': '193113557575', 'primaryUPC': 'SKR30081', 'skuName': '74191-BKWR/5/Shoe/SOLEI ST.-GROOVILICIOUS', 'status': 'Shipped & Returned', 'imageUrl': 'https://imageserver.skechers.com/img/productimages/large/74191_BKWR.jpg', 'uom': 'Each', 'uomqty': '1.00', 'conversion': '1.00', 'orderQty': '1.00', 'commitedQty': '0.00', 'cancelledQty': '0.00', 'shippedQty': '1.00', 'returnQty': '1.00', 'unitPrice': '3899.00', 'discountAmt': '0.00', 'promoCode': None, 'promoName': None, 'taxAmount': '594.76', 'openQty': '0.00', 'udf1': '', 'udf2': '', 'udf3': '', 'udf4': '', 'udf5': '', 'udf6': '', 'udf7': '', 'udf8': '', 'udf9': '', 'udf10': '', 'bundleSkuCode': None, 'shipByDate': '', 'fulfillmentLocCode': 'D42', 'fulfillmentLocName': 'SSAPL-BIG CENTRE THANE'}], 'paymentItems': [], 'codcharge': '0.00', 'customerGSTIN': ''}}, {'SO011091582': {'orderLocation': 'M01', 'orderId': 'M0134272', 'orderNo': 'SO011091582', 'extenalOrderNo': 'SO011091582', 'paymentMethod': 'Prepaid', 'status': 'Shipped & Returned', 'orderDate': '09/11/2021 13:04:15', 'orderAmount': '3599.00', 'orderCurrency': 'INR', 'conversionRate': '1.00', 'customerName': 'Anand  Rathi', 'shipAddress1': 'Jhumbarlal Rathi, Near SBI, Parsodi road, Dhamangaon Rly', 'shipAddress2': 'Maharashtra MH', 'shipAddress3': '', 'landmark': '', 'latitude': '', 'longitude': '', 'shipCity': 'Amravati', 'shipState': 'Maharashtra', 'shipCountry': 'India', 'shipPincode': '444709', 'shipPhone1': '9730190299', 'shipPhone2': '9730190299', 'shipEmail1': 'anandrathi000@gmail.com', 'shipEmail2': 'anandrathi000@gmail.com', 'billName': 'Anand  Rathi', 'billAddress1': 'Jhumbarlal Rathi, Near SBI, Parsodi road, Dhamangaon Rly', 'billAddress2': 'Maharashtra MH', 'billAddress3': '', 'billCity': 'Amravati', 'billState': 'Maharashtra', 'billCountry': 'India', 'billPincode': '444709', 'billPhone1': '9730190299', 'billPhone2': '9730190299', 'billEmail1': 'anandrathi000@gmail.com', 'billEmail2': 'anandrathi000@gmail.com', 'orderRemarks': None, 'shippingCharges': '0.00', 'handlingCharge2': '0.00', 'storeCredit': '0.00', 'isVerifiedOrder': '1', 'isOnHold': '0', 'giftvoucher': '0.00', 'otherDiscount': '0.00', 'discountCode': 'null', 'promoCode': None, 'promoName': None, 'cancelRemark': '', 'isGiftwrap': '0', 'giftwrapMsg': '', 'deliverySlot': '', 'customDataFeld1': '', 'customDataFeld2': '', 'customDataFeld3': '', 'customDataFeld4': '["Transaction is yet to complete"]', 'customDataFeld5': '', 'customDataFeld6': '', 'customDataFeld7': 'WHMP0400116174', 'customDataFeld8': '', 'customDataFeld9': '09/11/2021 07:36:36', 'customDataFeld10': '', 'discountAmount': '0.000', 'taxAmount': '549.00', 'updatedDate': '25/08/2022 18:20:21', 'mode': 'wms', 'IsReplacementOrder': 'No', 'originalOrderno': '', 'customerCode': '999999', 'extCustomerCode': '', 'clientId': '0', 'fulfillmentLocCode': 'SHO', 'extFulFillmentLocCode': 'SHO', 'orderSourceName': 'Webstore', 'collectibleAmount': '0.00', 'totalOrderLine': '1', 'delFulfillmentMode': '2', 'geoType': None, 'geoAddress': None, 'geoLatitude': None, 'geoLongitude': None, 'orderSource': 'M01', 'orderType': 'SO', 'shipByDate': '11/11/2021 13:04:15', 'processAfterDate': '', 'masterorderNo': '80267', 'priority': 'Normal', 'pickupLocation': '', 'fulfillmentLocName': 'SKECHERS SOUTH ASIA PRIVATE LIMITED', 'items': [{'lineno': '180184', 'extLineno': '180184', 'internalLineNo': '1', 'sku': '194428097305', 'primaryUPC': 'SKR26796', 'skuName': '220017-BBK/7/SHOE/GO TRAIL JACKRABBIT -', 'status': 'Shipped & Returned', 'imageUrl': 'https://imageserver.skechers.com/img/productimages/large/220017_BBK.jpg', 'uom': 'Each', 'uomqty': '1.00', 'conversion': '1.00', 'orderQty': '1.00', 'commitedQty': '0.00', 'cancelledQty': '0.00', 'shippedQty': '1.00', 'returnQty': '1.00', 'unitPrice': '3599.00', 'discountAmt': '0.00', 'promoCode': None, 'promoName': None, 'taxAmount': '549.00', 'openQty': '0.00', 'udf1': '', 'udf2': '', 'udf3': '', 'udf4': '', 'udf5': '', 'udf6': '', 'udf7': '', 'udf8': '', 'udf9': '', 'udf10': '', 'bundleSkuCode': None, 'shipByDate': '', 'fulfillmentLocCode': 'D42', 'fulfillmentLocName': 'SSAPL-BIG CENTRE THANE'}], 'paymentItems': [], 'codcharge': '0.00', 'customerGSTIN': ''}}, {'SO011082134': {'orderLocation': 'M01', 'orderId': 'M0129443', 'orderNo': 'SO011082134', 'extenalOrderNo': 'SO011082134', 'paymentMethod': 'Prepaid', 'status': 'Shipped & Returned', 'orderDate': '25/09/2021 22:44:33', 'orderAmount': '6499.00', 'orderCurrency': 'INR', 'conversionRate': '1.00', 'customerName': 'Zubair  Khan', 'shipAddress1': 'kheteshwar colony  BADI MASJID KE PICHE BEHIND MOTI MARKET', 'shipAddress2': 'Rajasthan RJ', 'shipAddress3': '', 'landmark': '', 'latitude': '', 'longitude': '', 'shipCity': 'BALOTRA', 'shipState': 'Rajasthan', 'shipCountry': 'India', 'shipPincode': '344022', 'shipPhone1': '9001054800', 'shipPhone2': '9001054800', 'shipEmail1': 'zubairhmt77@gmail.com', 'shipEmail2': 'zubairhmt77@gmail.com', 'billName': 'Zubair  Khan', 'billAddress1': 'kheteshwar colony  BADI MASJID KE PICHE BEHIND MOTI MARKET', 'billAddress2': 'Rajasthan RJ', 'billAddress3': '', 'billCity': 'BALOTRA', 'billState': 'Rajasthan', 'billCountry': 'India', 'billPincode': '344022', 'billPhone1': '9001054800', 'billPhone2': '9001054800', 'billEmail1': 'zubairhmt77@gmail.com', 'billEmail2': 'zubairhmt77@gmail.com', 'orderRemarks': None, 'shippingCharges': '0.00', 'handlingCharge2': '0.00', 'storeCredit': '0.00', 'isVerifiedOrder': '1', 'isOnHold': '0', 'giftvoucher': '0.00', 'otherDiscount': '0.00', 'discountCode': 'null', 'promoCode': None, 'promoName': None, 'cancelRemark': '', 'isGiftwrap': '0', 'giftwrapMsg': '', 'deliverySlot': '', 'customDataFeld1': '', 'customDataFeld2': '', 'customDataFeld3': '', 'customDataFeld4': '["Transaction is yet to complete"]', 'customDataFeld5': '', 'customDataFeld6': '', 'customDataFeld7': 'WHMP0295574700', 'customDataFeld8': '', 'customDataFeld9': '25/09/2021 17:17:32', 'customDataFeld10': '', 'discountAmount': '500.000', 'taxAmount': '991.37', 'updatedDate': '25/08/2022 18:41:30', 'mode': 'wms', 'IsReplacementOrder': 'No', 'originalOrderno': '', 'customerCode': '999999', 'extCustomerCode': '', 'clientId': '0', 'fulfillmentLocCode': 'SHO', 'extFulFillmentLocCode': 'SHO', 'orderSourceName': 'Webstore', 'collectibleAmount': '0.00', 'totalOrderLine': '1', 'delFulfillmentMode': '2', 'geoType': None, 'geoAddress': None, 'geoLatitude': None, 'geoLongitude': None, 'orderSource': 'M01', 'orderType': 'SO', 'shipByDate': '27/09/2021 22:44:33', 'processAfterDate': '', 'masterorderNo': '71407', 'priority': 'Normal', 'pickupLocation': '', 'fulfillmentLocName': 'SKECHERS SOUTH ASIA PRIVATE LIMITED', 'items': [{'lineno': '160252', 'extLineno': '160252', 'internalLineNo': '1', 'sku': '193642415605', 'primaryUPC': 'SKR29395', 'skuName': '54450-BKCC/8/SHOE/MAX CUSHIONING PREMIER-VANTAG', 'status': 'Shipped & Returned', 'imageUrl': 'https://imageserver.skechers.com/img/productimages/large/54450_BKCC.jpg', 'uom': 'Each', 'uomqty': '1.00', 'conversion': '1.00', 'orderQty': '1.00', 'commitedQty': '0.00', 'cancelledQty': '0.00', 'shippedQty': '1.00', 'returnQty': '1.00', 'unitPrice': '6999.00', 'discountAmt': '500.00', 'promoCode': None, 'promoName': None, 'taxAmount': '991.37', 'openQty': '0.00', 'udf1': '', 'udf2': '', 'udf3': '', 'udf4': '', 'udf5': '', 'udf6': '', 'udf7': '', 'udf8': '', 'udf9': '', 'udf10': '', 'bundleSkuCode': None, 'shipByDate': '', 'fulfillmentLocCode': 'D42', 'fulfillmentLocName': 'SSAPL-BIG CENTRE THANE'}], 'paymentItems': [], 'codcharge': '0.00', 'customerGSTIN': ''}}, {'SO011080843': {'orderLocation': 'M01', 'orderId': 'M0128754', 'orderNo': 'SO011080843', 'extenalOrderNo': 'SO011080843', 'paymentMethod': 'Prepaid', 'status': 'Shipped & Returned', 'orderDate': '17/09/2021 23:20:45', 'orderAmount': '7378.00', 'orderCurrency': 'INR', 'conversionRate': '1.00', 'customerName': 'Harsha  Agarwal', 'shipAddress1': 'Karachi Kadhai/Punjabi Rasoi, Sachin tendulkar marg, Tulsi vihar, City center Gwalior 474011', 'shipAddress2': 'Madhya Pradesh MP', 'shipAddress3': '', 'landmark': '', 'latitude': '', 'longitude': '', 'shipCity': 'Gwalior', 'shipState': 'Madhya Pradesh', 'shipCountry': 'India', 'shipPincode': '474011', 'shipPhone1': '8952856533', 'shipPhone2': '8952856533', 'shipEmail1': 'agarwalharsha92@gmail.com', 'shipEmail2': 'agarwalharsha92@gmail.com', 'billName': 'Harsha  Agarwal', 'billAddress1': 'Karachi Kadhai/Punjabi Rasoi, Sachin tendulkar marg, Tulsi vihar, City center Gwalior 474011', 'billAddress2': 'Madhya Pradesh MP', 'billAddress3': '', 'billCity': 'Gwalior', 'billState': 'Madhya Pradesh', 'billCountry': 'India', 'billPincode': '474011', 'billPhone1': '8952856533', 'billPhone2': '8952856533', 'billEmail1': 'agarwalharsha92@gmail.com', 'billEmail2': 'agarwalharsha92@gmail.com', 'orderRemarks': None, 'shippingCharges': '0.00', 'handlingCharge2': '0.00', 'storeCredit': '0.00', 'isVerifiedOrder': '1', 'isOnHold': '0', 'giftvoucher': '0.00', 'otherDiscount': '0.00', 'discountCode': 'null', 'promoCode': None, 'promoName': None, 'cancelRemark': '', 'isGiftwrap': '0', 'giftwrapMsg': '', 'deliverySlot': '', 'customDataFeld1': '', 'customDataFeld2': '', 'customDataFeld3': '', 'customDataFeld4': '["Transaction is yet to complete"]', 'customDataFeld5': '', 'customDataFeld6': '', 'customDataFeld7': 'WIDS0277198795', 'customDataFeld8': '', 'customDataFeld9': '17/09/2021 17:54:10', 'customDataFeld10': '', 'discountAmount': '0.000', 'taxAmount': '1125.46', 'updatedDate': '25/08/2022 18:50:46', 'mode': 'wms', 'IsReplacementOrder': 'No', 'originalOrderno': '', 'customerCode': '999999', 'extCustomerCode': '', 'clientId': '0', 'fulfillmentLocCode': 'SHO', 'extFulFillmentLocCode': 'SHO', 'orderSourceName': 'Webstore', 'collectibleAmount': '0.00', 'totalOrderLine': '3', 'delFulfillmentMode': '2', 'geoType': None, 'geoAddress': None, 'geoLatitude': None, 'geoLongitude': None, 'orderSource': 'M01', 'orderType': 'SO', 'shipByDate': '19/09/2021 23:20:45', 'processAfterDate': '', 'masterorderNo': '70123', 'priority': 'Normal', 'pickupLocation': '', 'fulfillmentLocName': 'SKECHERS SOUTH ASIA PRIVATE LIMITED', 'items': [{'lineno': '157302', 'extLineno': '157302', 'internalLineNo': '1', 'sku': '194428289700', 'primaryUPC': 'SKR30026', 'skuName': '163056-GRY/9/SANDAL/REGGAE CUP - HOME SKILLET', 'status': 'Shipped & Returned', 'imageUrl': 'https://imageserver.skechers.com/img/productimages/large/163056_GRY.jpg', 'uom': 'Each', 'uomqty': '1.00', 'conversion': '1.00', 'orderQty': '1.00', 'commitedQty': '0.00', 'cancelledQty': '0.00', 'shippedQty': '1.00', 'returnQty': '1.00', 'unitPrice': '2579.00', 'discountAmt': '0.00', 'promoCode': None, 'promoName': None, 'taxAmount': '393.41', 'openQty': '0.00', 'udf1': '', 'udf2': '', 'udf3': '', 'udf4': '', 'udf5': '', 'udf6': '', 'udf7': '', 'udf8': '', 'udf9': '', 'udf10': '', 'bundleSkuCode': None, 'shipByDate': '', 'fulfillmentLocCode': 'D52', 'fulfillmentLocName': 'SSAPL - AKSHARDHAM NCR'}, {'lineno': '157304', 'extLineno': '157304', 'internalLineNo': '2', 'sku': '193642182552', 'primaryUPC': 'SKR22390', 'skuName': "88888350-NVCL/9/SHOE/FLEX APPEAL 3.0-BREEZIN' KICK", 'status': 'Shipped & Returned', 'imageUrl': 'https://imageserver.skechers.com/img/productimages/large/88888350_NVCL.jpg', 'uom': 'Each', 'uomqty': '1.00', 'conversion': '1.00', 'orderQty': '1.00', 'commitedQty': '0.00', 'cancelledQty': '0.00', 'shippedQty': '1.00', 'returnQty': '1.00', 'unitPrice': '2400.00', 'discountAmt': '0.00', 'promoCode': None, 'promoName': None, 'taxAmount': '366.10', 'openQty': '0.00', 'udf1': '', 'udf2': '', 'udf3': '', 'udf4': '', 'udf5': '', 'udf6': '', 'udf7': '', 'udf8': '', 'udf9': '', 'udf10': '', 'bundleSkuCode': None, 'shipByDate': '', 'fulfillmentLocCode': 'D42', 'fulfillmentLocName': 'SSAPL-BIG CENTRE THANE'}, {'lineno': '157306', 'extLineno': '157306', 'internalLineNo': '3', 'sku': '194428801872', 'primaryUPC': 'SKR30842', 'skuName': '55362-BKOR/9/SANDAL/ON-THE-GO 600 - VIRTUOUS', 'status': 'Shipped & Returned', 'imageUrl': 'https://imageserver.skechers.com/img/productimages/large/55362_BKOR.jpg', 'uom': 'Each', 'uomqty': '1.00', 'conversion': '1.00', 'orderQty': '1.00', 'commitedQty': '0.00', 'cancelledQty': '0.00', 'shippedQty': '1.00', 'returnQty': '1.00', 'unitPrice': '2399.00', 'discountAmt': '0.00', 'promoCode': None, 'promoName': None, 'taxAmount': '365.95', 'openQty': '0.00', 'udf1': '', 'udf2': '', 'udf3': '', 'udf4': '', 'udf5': '', 'udf6': '', 'udf7': '', 'udf8': '', 'udf9': '', 'udf10': '', 'bundleSkuCode': None, 'shipByDate': '', 'fulfillmentLocCode': 'D42', 'fulfillmentLocName': 'SSAPL-BIG CENTRE THANE'}], 'paymentItems': [], 'codcharge': '0.00', 'customerGSTIN': ''}}]} | startdate : 19/08/2022 00:00:00 | enddate : 26/08/2022 00:00:00
18940:2023-04-14 15:17:59,987:INFO:responsedata : {'responseCode': 0, 'responseMessage': 'Success', 'totalOrders': 1, 'totalPages': 1, 'currentPage': 1, 'orderList': [{'SO011092161': {'orderLocation': 'M01', 'orderId': 'M0134566', 'orderNo': 'SO011092161', 'extenalOrderNo': 'SO011092161', 'paymentMethod': 'Prepaid', 'status': 'Shipped & Returned', 'orderDate': '11/11/2021 23:42:26', 'orderAmount': '5000.00', 'orderCurrency': 'INR', 'conversionRate': '1.00', 'customerName': 'VIPIN  Bokariya', 'shipAddress1': 'C904 MAHAVIR CLASSIK OPP L&T GATE NO 5 SAKI VIHAR ROAD POWAI ANDHERI EAST ANDHERI EAST', 'shipAddress2': 'Maharashtra MH', 'shipAddress3': '', 'landmark': '', 'latitude': '', 'longitude': '', 'shipCity': 'Mumbai', 'shipState': 'Maharashtra', 'shipCountry': 'India', 'shipPincode': '400072', 'shipPhone1': '9892728310', 'shipPhone2': '9892728310', 'shipEmail1': 'vipinsonika@gmail.com', 'shipEmail2': 'vipinsonika@gmail.com', 'billName': 'VIPIN  Bokariya', 'billAddress1': 'C904 MAHAVIR CLASSIK OPP L&T GATE NO 5 SAKI VIHAR ROAD POWAI ANDHERI EAST ANDHERI EAST', 'billAddress2': 'Maharashtra MH', 'billAddress3': '', 'billCity': 'Mumbai', 'billState': 'Maharashtra', 'billCountry': 'India', 'billPincode': '400072', 'billPhone1': '9892728310', 'billPhone2': '9892728310', 'billEmail1': 'vipinsonika@gmail.com', 'billEmail2': 'vipinsonika@gmail.com', 'orderRemarks': None, 'shippingCharges': '0.00', 'handlingCharge2': '0.00', 'storeCredit': '0.00', 'isVerifiedOrder': '1', 'isOnHold': '0', 'giftvoucher': '0.00', 'otherDiscount': '0.00', 'discountCode': 'null', 'promoCode': None, 'promoName': None, 'cancelRemark': '', 'isGiftwrap': '0', 'giftwrapMsg': '', 'deliverySlot': '', 'customDataFeld1': '', 'customDataFeld2': '', 'customDataFeld3': '', 'customDataFeld4': '["Transaction is yet to complete"]', 'customDataFeld5': '', 'customDataFeld6': '', 'customDataFeld7': 'WAE20406122128', 'customDataFeld8': '', 'customDataFeld9': '11/11/2021 18:15:17', 'customDataFeld10': '', 'discountAmount': '0.000', 'taxAmount': '762.71', 'updatedDate': '27/08/2022 15:46:33', 'mode': 'wms', 'IsReplacementOrder': 'No', 'originalOrderno': '', 'customerCode': '999999', 'extCustomerCode': '', 'clientId': '0', 'fulfillmentLocCode': 'SHO', 'extFulFillmentLocCode': 'SHO', 'orderSourceName': 'Webstore', 'collectibleAmount': '0.00', 'totalOrderLine': '1', 'delFulfillmentMode': '2', 'geoType': None, 'geoAddress': None, 'geoLatitude': None, 'geoLongitude': None, 'orderSource': 'M01', 'orderType': 'SO', 'shipByDate': '13/11/2021 23:42:26', 'processAfterDate': '', 'masterorderNo': '80844', 'priority': 'Normal', 'pickupLocation': '', 'fulfillmentLocName': 'SKECHERS SOUTH ASIA PRIVATE LIMITED', 'items': [{'lineno': '181452', 'extLineno': '181452', 'internalLineNo': '1', 'sku': '193642043648', 'primaryUPC': 'SKR27238', 'skuName': '55220-WNVR/9/SHOE/GO RUN RAZOR 3', 'status': 'Shipped & Returned', 'imageUrl': 'https://imageserver.skechers.com/img/productimages/large/55220_WNVR.jpg', 'uom': 'Each', 'uomqty': '1.00', 'conversion': '1.00', 'orderQty': '1.00', 'commitedQty': '0.00', 'cancelledQty': '0.00', 'shippedQty': '1.00', 'returnQty': '1.00', 'unitPrice': '5000.00', 'discountAmt': '0.00', 'promoCode': None, 'promoName': None, 'taxAmount': '762.71', 'openQty': '0.00', 'udf1': '', 'udf2': '', 'udf3': '', 'udf4': '', 'udf5': '', 'udf6': '', 'udf7': '', 'udf8': '', 'udf9': '', 'udf10': '', 'bundleSkuCode': None, 'shipByDate': '', 'fulfillmentLocCode': 'D33', 'fulfillmentLocName': 'SSAPL-OMR-CHENNAI'}], 'paymentItems': [], 'codcharge': '0.00', 'customerGSTIN': ''}}]} | startdate : 26/08/2022 00:00:00 | enddate : 02/09/2022 00:00:00
18940:2023-04-14 15:18:00,400:INFO:responsedata : {'responseCode': 9, 'responseMessage': 'No Record Found.', 'totalOrders': None, 'totalPages': None, 'currentPage': None, 'orderList': []} | startdate : 02/09/2022 00:00:00 | enddate : 09/09/2022 00:00:00
18940:2023-04-14 15:18:00,820:INFO:responsedata : {'responseCode': 9, 'responseMessage': 'No Record Found.', 'totalOrders': None, 'totalPages': None, 'currentPage': None, 'orderList': []} | startdate : 09/09/2022 00:00:00 | enddate : 16/09/2022 00:00:00
18940:2023-04-14 15:18:01,281:INFO:responsedata : {'responseCode': 9, 'responseMessage': 'No Record Found.', 'totalOrders': None, 'totalPages': None, 'currentPage': None, 'orderList': []} | startdate : 16/09/2022 00:00:00 | enddate : 23/09/2022 00:00:00
18940:2023-04-14 15:18:02,485:INFO:responsedata : {'responseCode': 0, 'responseMessage': 'Success', 'totalOrders': 20, 'totalPages': 1, 'currentPage': 1, 'orderList': [{'SO011096864': {'orderLocation': 'M01', 'orderId': 'M0137121', 'orderNo': 'SO011096864', 'extenalOrderNo': 'SO011096864', 'paymentMethod': 'Prepaid', 'status': 'Shipped & Returned', 'orderDate': '26/11/2021 23:28:39', 'orderAmount': '3599.00', 'orderCurrency': 'INR', 'conversionRate': '1.00', 'customerName': 'Madhur  Garg', 'shipAddress1': 'Flat No. C1, Kanhaiya Apartment, Mahavir Enclave, Roorkee', 'shipAddress2': 'Uttarakhand UT', 'shipAddress3': '', 'landmark': '', 'latitude': '', 'longitude': '', 'shipCity': 'Haridwar', 'shipState': 'Uttarakhand', 'shipCountry': 'India', 'shipPincode': '247667', 'shipPhone1': '8179615847', 'shipPhone2': '8179615847', 'shipEmail1': 'madhurgarg96@gmail.com', 'shipEmail2': 'madhurgarg96@gmail.com', 'billName': 'Madhur  Garg', 'billAddress1': 'Flat No. C1, Kanhaiya Apartment, Mahavir Enclave, Roorkee', 'billAddress2': 'Uttarakhand UT', 'billAddress3': '', 'billCity': 'Haridwar', 'billState': 'Uttarakhand', 'billCountry': 'India', 'billPincode': '247667', 'billPhone1': '8179615847', 'billPhone2': '8179615847', 'billEmail1': 'madhurgarg96@gmail.com', 'billEmail2': 'madhurgarg96@gmail.com', 'orderRemarks': None, 'shippingCharges': '0.00', 'handlingCharge2': '0.00', 'storeCredit': '0.00', 'isVerifiedOrder': '1', 'isOnHold': '0', 'giftvoucher': '0.00', 'otherDiscount': '0.00', 'discountCode': 'null', 'promoCode': None, 'promoName': None, 'cancelRemark': '', 'isGiftwrap': '0', 'giftwrapMsg': '', 'deliverySlot': '', 'customDataFeld1': '', 'customDataFeld2': '', 'customDataFeld3': '', 'customDataFeld4': '["Transaction is yet to complete"]', 'customDataFeld5': '', 'customDataFeld6': '', 'customDataFeld7': 'WHMP0437422141', 'customDataFeld8': '', 'customDataFeld9': '26/11/2021 18:00:50', 'customDataFeld10': '', 'discountAmount': '0.000', 'taxAmount': '549.00', 'updatedDate': '23/09/2022 19:42:43', 'mode': 'wms', 'IsReplacementOrder': 'No', 'originalOrderno': '', 'customerCode': '999999', 'extCustomerCode': '', 'clientId': '0', 'fulfillmentLocCode': 'SHO', 'extFulFillmentLocCode': 'SHO', 'orderSourceName': 'Webstore', 'collectibleAmount': '0.00', 'totalOrderLine': '1', 'delFulfillmentMode': '2', 'geoType': None, 'geoAddress': None, 'geoLatitude': None, 'geoLongitude': None, 'orderSource': 'M01', 'orderType': 'SO', 'shipByDate': '28/11/2021 23:28:39', 'processAfterDate': '', 'masterorderNo': '85540', 'priority': 'Normal', 'pickupLocation': '', 'fulfillmentLocName': 'SKECHERS SOUTH ASIA PRIVATE LIMITED', 'items': [{'lineno': '192098', 'extLineno': '192098', 'internalLineNo': '1', 'sku': '194428097305', 'primaryUPC': 'SKR26796', 'skuName': '220017-BBK/7/SHOE/GO TRAIL JACKRABBIT -', 'status': 'Shipped & Returned', 'imageUrl': 'https://imageserver.skechers.com/img/productimages/large/220017_BBK.jpg', 'uom': 'Each', 'uomqty': '1.00', 'conversion': '1.00', 'orderQty': '1.00', 'commitedQty': '0.00', 'cancelledQty': '0.00', 'shippedQty': '1.00', 'returnQty': '1.00', 'unitPrice': '3599.00', 'discountAmt': '0.00', 'promoCode': None, 'promoName': None, 'taxAmount': '549.00', 'openQty': '0.00', 'udf1': '', 'udf2': '', 'udf3': '', 'udf4': '', 'udf5': '', 'udf6': '', 'udf7': '', 'udf8': '', 'udf9': '', 'udf10': '', 'bundleSkuCode': None, 'shipByDate': '', 'fulfillmentLocCode': 'D33', 'fulfillmentLocName': 'SSAPL-OMR-CHENNAI'}], 'paymentItems': [], 'codcharge': '0.00', 'customerGSTIN': ''}}, {'SO011042590': {'orderLocation': 'M01', 'orderId': 'M017780', 'orderNo': 'SO011042590', 'extenalOrderNo': 'SO011042590', 'paymentMethod': 'Prepaid', 'status': 'Shipped & Returned', 'orderDate': '11/01/2021 21:14:55', 'orderAmount': '9198.40', 'orderCurrency': 'INR', 'conversionRate': '1.00', 'customerName': 'Chander  Arora', 'shipAddress1': '620-A, JP Nagar', 'shipAddress2': 'Punjab PB', 'shipAddress3': '', 'landmark': '', 'latitude': '', 'longitude': '', 'shipCity': 'Jalandhar', 'shipState': 'Punjab', 'shipCountry': 'India', 'shipPincode': '144002', 'shipPhone1': '9417256080', 'shipPhone2': '9417256080', 'shipEmail1': 'aroraish89@gmail.com', 'shipEmail2': 'aroraish89@gmail.com', 'billName': 'Chander  Arora', 'billAddress1': '620-A, JP Nagar', 'billAddress2': 'Punjab PB', 'billAddress3': '', 'billCity': 'Jalandhar', 'billState': 'Punjab', 'billCountry': 'India', 'billPincode': '144002', 'billPhone1': '9417256080', 'billPhone2': '9417256080', 'billEmail1': 'aroraish89@gmail.com', 'billEmail2': 'aroraish89@gmail.com', 'orderRemarks': None, 'shippingCharges': '0.00', 'handlingCharge2': '0.00', 'storeCredit': '0.00', 'isVerifiedOrder': '1', 'isOnHold': '0', 'giftvoucher': '0.00', 'otherDiscount': '0.00', 'discountCode': 'null', 'promoCode': None, 'promoName': None, 'cancelRemark': '', 'isGiftwrap': '0', 'giftwrapMsg': '', 'deliverySlot': '', 'customDataFeld1': '', 'customDataFeld2': '', 'customDataFeld3': '', 'customDataFeld4': '["Transaction is yet to complete"]', 'customDataFeld5': '', 'customDataFeld6': '', 'customDataFeld7': 'VSBI9648627414', 'customDataFeld8': '', 'customDataFeld9': '11/01/2021 15:50:23', 'customDataFeld10': '', 'discountAmount': '0.000', 'taxAmount': '1403.15', 'updatedDate': '24/09/2022 15:39:20', 'mode': 'wms', 'IsReplacementOrder': 'No', 'originalOrderno': '', 'customerCode': '999999', 'extCustomerCode': '', 'clientId': '0', 'fulfillmentLocCode': 'SHO', 'extFulFillmentLocCode': 'SHO', 'orderSourceName': 'Webstore', 'collectibleAmount': '0.00', 'totalOrderLine': '2', 'delFulfillmentMode': '2', 'geoType': None, 'geoAddress': None, 'geoLatitude': None, 'geoLongitude': None, 'orderSource': 'M01', 'orderType': 'SO', 'shipByDate': '13/01/2021 21:14:55', 'processAfterDate': '', 'masterorderNo': '32191', 'priority': 'Normal', 'pickupLocation': '', 'fulfillmentLocName': 'SKECHERS SOUTH ASIA PRIVATE LIMITED', 'items': [{'lineno': '72332', 'extLineno': '72332', 'internalLineNo': '1', 'sku': '193642097719', 'primaryUPC': 'SKR21575', 'skuName': '15900-BKPK/9/SHOE/GO WALK 5-PRIZED', 'status': 'Shipped & Returned', 'imageUrl': 'https://imageserver.skechers.com/img/productimages/large/15900_BKPK.jpg', 'uom': 'Each', 'uomqty': '1.00', 'conversion': '1.00', 'orderQty': '1.00', 'commitedQty': '0.00', 'cancelledQty': '0.00', 'shippedQty': '1.00', 'returnQty': '1.00', 'unitPrice': '4399.20', 'discountAmt': '0.00', 'promoCode': None, 'promoName': None, 'taxAmount': '671.06', 'openQty': '0.00', 'udf1': '', 'udf2': '', 'udf3': '', 'udf4': '', 'udf5': '', 'udf6': '', 'udf7': '', 'udf8': '', 'udf9': '', 'udf10': '', 'bundleSkuCode': None, 'shipByDate': '', 'fulfillmentLocCode': 'A74', 'fulfillmentLocName': 'SSAPL-E-COM'}, {'lineno': '72334', 'extLineno': '72334', 'internalLineNo': '2', 'sku': '193642125771', 'primaryUPC': 'SKR22658', 'skuName': '55500-BLK/11/SHOE/GO WALK 5-PRIZED', 'status': 'Shipped & Returned', 'imageUrl': 'https://imageserver.skechers.com/img/productimages/large/55500_BLK.jpg', 'uom': 'Each', 'uomqty': '1.00', 'conversion': '1.00', 'orderQty': '1.00', 'commitedQty': '0.00', 'cancelledQty': '0.00', 'shippedQty': '1.00', 'returnQty': '1.00', 'unitPrice': '4799.20', 'discountAmt': '0.00', 'promoCode': None, 'promoName': None, 'taxAmount': '732.08', 'openQty': '0.00', 'udf1': '', 'udf2': '', 'udf3': '', 'udf4': '', 'udf5': '', 'udf6': '', 'udf7': '', 'udf8': '', 'udf9': '', 'udf10': '', 'bundleSkuCode': None, 'shipByDate': '', 'fulfillmentLocCode': 'A74', 'fulfillmentLocName': 'SSAPL-E-COM'}], 'paymentItems': [], 'codcharge': '0.00', 'customerGSTIN': ''}}, {'SO011078787': {'orderLocation': 'M01', 'orderId': 'M0127626', 'orderNo': 'SO011078787', 'extenalOrderNo': 'SO011078787', 'paymentMethod': 'Prepaid', 'status': 'Shipped & Returned', 'orderDate': '06/09/2021 13:57:42', 'orderAmount': '1900.00', 'orderCurrency': 'INR', 'conversionRate': '1.00', 'customerName': 'Neha  Keswani', 'shipAddress1': 'A-706, Montana,  2nd Cross Lane, Lokhandwala complex, Andheri West, Mumbai-400053 Near SBI Bank', 'shipAddress2': 'Maharashtra MH', 'shipAddress3': '', 'landmark': '', 'latitude': '', 'longitude': '', 'shipCity': 'Mumbai', 'shipState': 'Maharashtra', 'shipCountry': 'India', 'shipPincode': '400053', 'shipPhone1': '8097662236', 'shipPhone2': '8097662236', 'shipEmail1': 'nehakeswani20@gmail.com', 'shipEmail2': 'nehakeswani20@gmail.com', 'billName': 'Neha  Keswani', 'billAddress1': 'A-706, Montana,  2nd Cross Lane, Lokhandwala complex, Andheri West, Mumbai-400053 Near SBI Bank', 'billAddress2': 'Maharashtra MH', 'billAddress3': '', 'billCity': 'Mumbai', 'billState': 'Maharashtra', 'billCountry': 'India', 'billPincode': '400053', 'billPhone1': '8097662236', 'billPhone2': '8097662236', 'billEmail1': 'nehakeswani20@gmail.com', 'billEmail2': 'nehakeswani20@gmail.com', 'orderRemarks': None, 'shippingCharges': '0.00', 'handlingCharge2': '0.00', 'storeCredit': '0.00', 'isVerifiedOrder': '1', 'isOnHold': '0', 'giftvoucher': '0.00', 'otherDiscount': '0.00', 'discountCode': 'null', 'promoCode': None, 'promoName': None, 'cancelRemark': '', 'isGiftwrap': '0', 'giftwrapMsg': '', 'deliverySlot': '', 'customDataFeld1': '', 'customDataFeld2': '', 'customDataFeld3': '', 'customDataFeld4': '["Transaction is yet to complete"]', 'customDataFeld5': '', 'customDataFeld6': '', 'customDataFeld7': 'WHMP0250428858', 'customDataFeld8': '', 'customDataFeld9': '06/09/2021 08:32:05', 'customDataFeld10': '', 'discountAmount': '0.000', 'taxAmount': '289.83', 'updatedDate': '26/09/2022 17:18:07', 'mode': 'wms', 'IsReplacementOrder': 'No', 'originalOrderno': '', 'customerCode': '999999', 'extCustomerCode': '', 'clientId': '0', 'fulfillmentLocCode': 'SHO', 'extFulFillmentLocCode': 'SHO', 'orderSourceName': 'Webstore', 'collectibleAmount': '0.00', 'totalOrderLine': '1', 'delFulfillmentMode': '2', 'geoType': None, 'geoAddress': None, 'geoLatitude': None, 'geoLongitude': None, 'orderSource': 'M01', 'orderType': 'SO', 'shipByDate': '08/09/2021 13:57:42', 'processAfterDate': '', 'masterorderNo': '68073', 'priority': 'Normal', 'pickupLocation': '', 'fulfillmentLocName': 'SKECHERS SOUTH ASIA PRIVATE LIMITED', 'items': [{'lineno': '152630', 'extLineno': '152630', 'internalLineNo': '1', 'sku': '889110698693', 'primaryUPC': 'SKR18702', 'skuName': '38527-BLK/6/SANDAL/BEVERLEE - SMITTEN KITTEN', 'status': 'Shipped & Returned', 'imageUrl': 'https://imageserver.skechers.com/img/productimages/large/38527_BLK.jpg', 'uom': 'Each', 'uomqty': '1.00', 'conversion': '1.00', 'orderQty': '1.00', 'commitedQty': '0.00', 'cancelledQty': '0.00', 'shippedQty': '1.00', 'returnQty': '1.00', 'unitPrice': '1900.00', 'discountAmt': '0.00', 'promoCode': None, 'promoName': None, 'taxAmount': '289.83', 'openQty': '0.00', 'udf1': '', 'udf2': '', 'udf3': '', 'udf4': '', 'udf5': '', 'udf6': '', 'udf7': '', 'udf8': '', 'udf9': '', 'udf10': '', 'bundleSkuCode': None, 'shipByDate': '', 'fulfillmentLocCode': 'D42', 'fulfillmentLocName': 'SSAPL-BIG CENTRE THANE'}], 'paymentItems': [], 'codcharge': '0.00', 'customerGSTIN': ''}}, {'SO011080793': {'orderLocation': 'M01', 'orderId': 'M0128722', 'orderNo': 'SO011080793', 'extenalOrderNo': 'SO011080793', 'paymentMethod': 'Prepaid', 'status': 'Shipped & Returned', 'orderDate': '17/09/2021 19:38:31', 'orderAmount': '4799.00', 'orderCurrency': 'INR', 'conversionRate': '1.00', 'customerName': 'SSG  Nikhil', 'shipAddress1': 'A 85 Swati Soc Vibhag 2 Chikuwadi  nana varachha road', 'shipAddress2': 'Gujarat GJ', 'shipAddress3': '', 'landmark': '', 'latitude': '', 'longitude': '', 'shipCity': 'Surat', 'shipState': 'Gujarat', 'shipCountry': 'India', 'shipPincode': '395006', 'shipPhone1': '8000331680', 'shipPhone2': '8000331680', 'shipEmail1': 'nikhilp60@gmail.com', 'shipEmail2': 'nikhilp60@gmail.com', 'billName': 'SSG  Nikhil', 'billAddress1': 'A 85 Swati Soc Vibhag 2 Chikuwadi  nana varachha road', 'billAddress2': 'Gujarat GJ', 'billAddress3': '', 'billCity': 'Surat', 'billState': 'Gujarat', 'billCountry': 'India', 'billPincode': '395006', 'billPhone1': '8000331680', 'billPhone2': '8000331680', 'billEmail1': 'nikhilp60@gmail.com', 'billEmail2': 'nikhilp60@gmail.com', 'orderRemarks': None, 'shippingCharges': '0.00', 'handlingCharge2': '0.00', 'storeCredit': '0.00', 'isVerifiedOrder': '1', 'isOnHold': '0', 'giftvoucher': '0.00', 'otherDiscount': '0.00', 'discountCode': 'null', 'promoCode': None, 'promoName': None, 'cancelRemark': '', 'isGiftwrap': '0', 'giftwrapMsg': '', 'deliverySlot': '', 'customDataFeld1': '', 'customDataFeld2': '', 'customDataFeld3': '', 'customDataFeld4': '["Transaction is yet to complete"]', 'customDataFeld5': '', 'customDataFeld6': '', 'customDataFeld7': 'WCPI0276809692', 'customDataFeld8': '', 'customDataFeld9': '17/09/2021 14:09:38', 'customDataFeld10': '', 'discountAmount': '0.000', 'taxAmount': '732.05', 'updatedDate': '26/09/2022 17:18:39', 'mode': 'wms', 'IsReplacementOrder': 'No', 'originalOrderno': '', 'customerCode': '999999', 'extCustomerCode': '', 'clientId': '0', 'fulfillmentLocCode': 'SHO', 'extFulFillmentLocCode': 'SHO', 'orderSourceName': 'Webstore', 'collectibleAmount': '0.00', 'totalOrderLine': '1', 'delFulfillmentMode': '2', 'geoType': None, 'geoAddress': None, 'geoLatitude': None, 'geoLongitude': None, 'orderSource': 'M01', 'orderType': 'SO', 'shipByDate': '19/09/2021 19:38:31', 'processAfterDate': '', 'masterorderNo': '70073', 'priority': 'Normal', 'pickupLocation': '', 'fulfillmentLocName': 'SKECHERS SOUTH ASIA PRIVATE LIMITED', 'items': [{'lineno': '157170', 'extLineno': '157170', 'internalLineNo': '1', 'sku': '193642400656', 'primaryUPC': 'SKR26083', 'skuName': '68997-BKGY/9/SHOE/MAKO - REID', 'status': 'Shipped & Returned', 'imageUrl': 'https://imageserver.skechers.com/img/productimages/large/68997_BKGY.jpg', 'uom': 'Each', 'uomqty': '1.00', 'conversion': '1.00', 'orderQty': '1.00', 'commitedQty': '0.00', 'cancelledQty': '0.00', 'shippedQty': '1.00', 'returnQty': '1.00', 'unitPrice': '4799.00', 'discountAmt': '0.00', 'promoCode': None, 'promoName': None, 'taxAmount': '732.05', 'openQty': '0.00', 'udf1': '', 'udf2': '', 'udf3': '', 'udf4': '', 'udf5': '', 'udf6': '', 'udf7': '', 'udf8': '', 'udf9': '', 'udf10': '', 'bundleSkuCode': None, 'shipByDate': '', 'fulfillmentLocCode': 'D42', 'fulfillmentLocName': 'SSAPL-BIG CENTRE THANE'}], 'paymentItems': [], 'codcharge': '0.00', 'customerGSTIN': ''}}, {'SO011083484': {'orderLocation': 'M01', 'orderId': 'M0130187', 'orderNo': 'SO011083484', 'extenalOrderNo': 'SO011083484', 'paymentMethod': 'Prepaid', 'status': 'Shipped & Returned', 'orderDate': '03/10/2021 09:39:50', 'orderAmount': '7798.00', 'orderCurrency': 'INR', 'conversionRate': '1.00', 'customerName': 'Prabhakar  Kaluse', 'shipAddress1': 'N3 CIDCO PLOT NO 41  BESIDE HIGH COURT AURANGABAD', 'shipAddress2': 'Maharashtra MH', 'shipAddress3': '', 'landmark': '', 'latitude': '', 'longitude': '', 'shipCity': 'Aurangabad', 'shipState': 'Maharashtra', 'shipCountry': 'India', 'shipPincode': '431003', 'shipPhone1': '7517492734', 'shipPhone2': '7517492734', 'shipEmail1': 'pkaluse3003@gmail.com', 'shipEmail2': 'pkaluse3003@gmail.com', 'billName': 'Prabhakar  Kaluse', 'billAddress1': 'N3 CIDCO PLOT NO 41  BESIDE HIGH COURT AURANGABAD', 'billAddress2': 'Maharashtra MH', 'billAddress3': '', 'billCity': 'Aurangabad', 'billState': 'Maharashtra', 'billCountry': 'India', 'billPincode': '431003', 'billPhone1': '7517492734', 'billPhone2': '7517492734', 'billEmail1': 'pkaluse3003@gmail.com', 'billEmail2': 'pkaluse3003@gmail.com', 'orderRemarks': None, 'shippingCharges': '0.00', 'handlingCharge2': '0.00', 'storeCredit': '0.00', 'isVerifiedOrder': '1', 'isOnHold': '0', 'giftvoucher': '0.00', 'otherDiscount': '0.00', 'discountCode': 'null', 'promoCode': None, 'promoName': None, 'cancelRemark': '', 'isGiftwrap': '0', 'giftwrapMsg': '', 'deliverySlot': '', 'customDataFeld1': '', 'customDataFeld2': '', 'customDataFeld3': '', 'customDataFeld4': '["Transaction is yet to complete"]', 'customDataFeld5': '', 'customDataFeld6': '', 'customDataFeld7': 'WHMP0312873409', 'customDataFeld8': '', 'customDataFeld9': '03/10/2021 04:14:09', 'customDataFeld10': '', 'discountAmount': '1000.000', 'taxAmount': '1189.53', 'updatedDate': '26/09/2022 17:19:04', 'mode': 'wms', 'IsReplacementOrder': 'No', 'originalOrderno': '', 'customerCode': '999999', 'extCustomerCode': '', 'clientId': '0', 'fulfillmentLocCode': 'SHO', 'extFulFillmentLocCode': 'SHO', 'orderSourceName': 'Webstore', 'collectibleAmount': '0.00', 'totalOrderLine': '2', 'delFulfillmentMode': '2', 'geoType': None, 'geoAddress': None, 'geoLatitude': None, 'geoLongitude': None, 'orderSource': 'M01', 'orderType': 'SO', 'shipByDate': '05/10/2021 09:39:50', 'processAfterDate': '', 'masterorderNo': '72752', 'priority': 'Normal', 'pickupLocation': '', 'fulfillmentLocName': 'SKECHERS SOUTH ASIA PRIVATE LIMITED', 'items': [{'lineno': '163252', 'extLineno': '163252', 'internalLineNo': '1', 'sku': '194880463472', 'primaryUPC': 'SKR35102', 'skuName': '119099-MVE/6/SANDAL/FLEX APPEAL 2.0-COOL CITY', 'status': 'Shipped & Returned', 'imageUrl': 'https://imageserver.skechers.com/img/productimages/large/119099_MVE.jpg', 'uom': 'Each', 'uomqty': '1.00', 'conversion': '1.00', 'orderQty': '1.00', 'commitedQty': '0.00', 'cancelledQty': '0.00', 'shippedQty': '1.00', 'returnQty': '1.00', 'unitPrice': '3799.00', 'discountAmt': '431.80', 'promoCode': None, 'promoName': None, 'taxAmount': '513.64', 'openQty': '0.00', 'udf1': '', 'udf2': '', 'udf3': '', 'udf4': '', 'udf5': '', 'udf6': '', 'udf7': '', 'udf8': '', 'udf9': '', 'udf10': '', 'bundleSkuCode': None, 'shipByDate': '', 'fulfillmentLocCode': 'D42', 'fulfillmentLocName': 'SSAPL-BIG CENTRE THANE'}, {'lineno': '163254', 'extLineno': '163254', 'internalLineNo': '2', 'sku': '195204519387', 'primaryUPC': 'SKR37300', 'skuName': '119236-BLSH/6/SANDAL/ARCH FIT-CITY CATCH', 'status': 'Shipped & Returned', 'imageUrl': 'https://imageserver.skechers.com/img/productimages/large/119236_BLSH.jpg', 'uom': 'Each', 'uomqty': '1.00', 'conversion': '1.00', 'orderQty': '1.00', 'commitedQty': '0.00', 'cancelledQty': '0.00', 'shippedQty': '1.00', 'returnQty': '1.00', 'unitPrice': '4999.00', 'discountAmt': '568.20', 'promoCode': None, 'promoName': None, 'taxAmount': '675.88', 'openQty': '0.00', 'udf1': '', 'udf2': '', 'udf3': '', 'udf4': '', 'udf5': '', 'udf6': '', 'udf7': '', 'udf8': '', 'udf9': '', 'udf10': '', 'bundleSkuCode': None, 'shipByDate': '', 'fulfillmentLocCode': 'A74', 'fulfillmentLocName': 'SSAPL-E-COM'}], 'paymentItems': [], 'codcharge': '0.00', 'customerGSTIN': ''}}, {'SO011085683': {'orderLocation': 'M01', 'orderId': 'M0131397', 'orderNo': 'SO011085683', 'extenalOrderNo': 'SO011085683', 'paymentMethod': 'Prepaid', 'status': 'Shipped & Returned', 'orderDate': '14/10/2021 22:51:50', 'orderAmount': '2999.00', 'orderCurrency': 'INR', 'conversionRate': '1.00', 'customerName': 'Brijesh  Vaghasiya', 'shipAddress1': 'Plot no 378, Street no 5, Vijayrajnagar Bhavnagar Gujarat', 'shipAddress2': 'Gujarat GJ', 'shipAddress3': '', 'landmark': '', 'latitude': '', 'longitude': '', 'shipCity': 'Bhavnagar', 'shipState': 'Gujarat', 'shipCountry': 'India', 'shipPincode': '364002', 'shipPhone1': '9726902836', 'shipPhone2': '9726902836', 'shipEmail1': 'bj081118@gmail.com', 'shipEmail2': 'bj081118@gmail.com', 'billName': 'Brijesh  Vaghasiya', 'billAddress1': 'Plot no 378, Street no 5, Vijayrajnagar Bhavnagar Gujarat', 'billAddress2': 'Gujarat GJ', 'billAddress3': '', 'billCity': 'Bhavnagar', 'billState': 'Gujarat', 'billCountry': 'India', 'billPincode': '364002', 'billPhone1': '9726902836', 'billPhone2': '9726902836', 'billEmail1': 'bj081118@gmail.com', 'billEmail2': 'bj081118@gmail.com', 'orderRemarks': None, 'shippingCharges': '0.00', 'handlingCharge2': '0.00', 'storeCredit': '0.00', 'isVerifiedOrder': '1', 'isOnHold': '0', 'giftvoucher': '0.00', 'otherDiscount': '0.00', 'discountCode': 'null', 'promoCode': None, 'promoName': None, 'cancelRemark': '', 'isGiftwrap': '0', 'giftwrapMsg': '', 'deliverySlot': '', 'customDataFeld1': '', 'customDataFeld2': '', 'customDataFeld3': '', 'customDataFeld4': 'No Payment Information Required', 'customDataFeld5': '', 'customDataFeld6': '', 'customDataFeld7': '', 'customDataFeld8': '', 'customDataFeld9': '', 'customDataFeld10': '', 'discountAmount': '0.000', 'taxAmount': '457.47', 'updatedDate': '26/09/2022 17:19:28', 'mode': 'wms', 'IsReplacementOrder': 'No', 'originalOrderno': '', 'customerCode': '999999', 'extCustomerCode': '', 'clientId': '0', 'fulfillmentLocCode': 'SHO', 'extFulFillmentLocCode': 'SHO', 'orderSourceName': 'Webstore', 'collectibleAmount': '0.00', 'totalOrderLine': '1', 'delFulfillmentMode': '2', 'geoType': None, 'geoAddress': None, 'geoLatitude': None, 'geoLongitude': None, 'orderSource': 'M01', 'orderType': 'SO', 'shipByDate': '16/10/2021 22:51:50', 'processAfterDate': '', 'masterorderNo': '74946', 'priority': 'Normal', 'pickupLocation': '', 'fulfillmentLocName': 'SKECHERS SOUTH ASIA PRIVATE LIMITED', 'items': [{'lineno': '168190', 'extLineno': '168190', 'internalLineNo': '1', 'sku': '191665203506', 'primaryUPC': 'SKR13628', 'skuName': '55350-NVY/10/SLIPPER/ON-THE-GO 600', 'status': 'Shipped & Returned', 'imageUrl': 'https://imageserver.skechers.com/img/productimages/large/55350_NVY.jpg', 'uom': 'Each', 'uomqty': '1.00', 'conversion': '1.00', 'orderQty': '1.00', 'commitedQty': '0.00', 'cancelledQty': '0.00', 'shippedQty': '1.00', 'returnQty': '1.00', 'unitPrice': '2999.00', 'discountAmt': '0.00', 'promoCode': None, 'promoName': None, 'taxAmount': '457.47', 'openQty': '0.00', 'udf1': '', 'udf2': '', 'udf3': '', 'udf4': '', 'udf5': '', 'udf6': '', 'udf7': '', 'udf8': '', 'udf9': '', 'udf10': '', 'bundleSkuCode': None, 'shipByDate': '', 'fulfillmentLocCode': 'D42', 'fulfillmentLocName': 'SSAPL-BIG CENTRE THANE'}], 'paymentItems': [], 'codcharge': '0.00', 'customerGSTIN': ''}}, {'SO011084287': {'orderLocation': 'M01', 'orderId': 'M0130659', 'orderNo': 'SO011084287', 'extenalOrderNo': 'SO011084287', 'paymentMethod': 'Prepaid', 'status': 'Shipped & Returned', 'orderDate': '07/10/2021 21:20:26', 'orderAmount': '3899.00', 'orderCurrency': 'INR', 'conversionRate': '1.00', 'customerName': 'Pratishtha  Agrawal', 'shipAddress1': '48  D radha nagar near krishna nagar Mathura', 'shipAddress2': 'Uttar Pradesh UP', 'shipAddress3': '', 'landmark': '', 'latitude': '', 'longitude': '', 'shipCity': 'Mathura', 'shipState': 'Uttar Pradesh', 'shipCountry': 'India', 'shipPincode': '281004', 'shipPhone1': '7014697450', 'shipPhone2': '7014697450', 'shipEmail1': 'pratishtha.ag13@gmail.com', 'shipEmail2': 'pratishtha.ag13@gmail.com', 'billName': 'Pratishtha  Agrawal', 'billAddress1': '48  D radha nagar near krishna nagar Mathura', 'billAddress2': 'Uttar Pradesh UP', 'billAddress3': '', 'billCity': 'Mathura', 'billState': 'Uttar Pradesh', 'billCountry': 'India', 'billPincode': '281004', 'billPhone1': '7014697450', 'billPhone2': '7014697450', 'billEmail1': 'pratishtha.ag13@gmail.com', 'billEmail2': 'pratishtha.ag13@gmail.com', 'orderRemarks': None, 'shippingCharges': '0.00', 'handlingCharge2': '0.00', 'storeCredit': '0.00', 'isVerifiedOrder': '1', 'isOnHold': '0', 'giftvoucher': '0.00', 'otherDiscount': '0.00', 'discountCode': 'null', 'promoCode': None, 'promoName': None, 'cancelRemark': '', 'isGiftwrap': '0', 'giftwrapMsg': '', 'deliverySlot': '', 'customDataFeld1': '', 'customDataFeld2': '', 'customDataFeld3': '', 'customDataFeld4': '["Transaction is yet to complete"]', 'customDataFeld5': '', 'customDataFeld6': '', 'customDataFeld7': 'WCPI0324775194', 'customDataFeld8': '', 'customDataFeld9': '07/10/2021 15:56:16', 'customDataFeld10': '', 'discountAmount': '0.000', 'taxAmount': '594.76', 'updatedDate': '26/09/2022 17:19:51', 'mode': 'wms', 'IsReplacementOrder': 'No', 'originalOrderno': '', 'customerCode': '999999', 'extCustomerCode': '', 'clientId': '0', 'fulfillmentLocCode': 'SHO', 'extFulFillmentLocCode': 'SHO', 'orderSourceName': 'Webstore', 'collectibleAmount': '0.00', 'totalOrderLine': '1', 'delFulfillmentMode': '2', 'geoType': None, 'geoAddress': None, 'geoLatitude': None, 'geoLongitude': None, 'orderSource': 'M01', 'orderType': 'SO', 'shipByDate': '09/10/2021 21:20:26', 'processAfterDate': '', 'masterorderNo': '73555', 'priority': 'Normal', 'pickupLocation': '', 'fulfillmentLocName': 'SKECHERS SOUTH ASIA PRIVATE LIMITED', 'items': [{'lineno': '165054', 'extLineno': '165054', 'internalLineNo': '1', 'sku': '193642167313', 'primaryUPC': 'SKR24702', 'skuName': '13278-MVE/7/SHOE/SKECH-AIR STRATUS-WIND BREEZE', 'status': 'Shipped & Returned', 'imageUrl': 'https://imageserver.skechers.com/img/productimages/large/13278_MVE.jpg', 'uom': 'Each', 'uomqty': '1.00', 'conversion': '1.00', 'orderQty': '1.00', 'commitedQty': '0.00', 'cancelledQty': '0.00', 'shippedQty': '1.00', 'returnQty': '1.00', 'unitPrice': '3899.00', 'discountAmt': '0.00', 'promoCode': None, 'promoName': None, 'taxAmount': '594.76', 'openQty': '0.00', 'udf1': '', 'udf2': '', 'udf3': '', 'udf4': '', 'udf5': '', 'udf6': '', 'udf7': '', 'udf8': '', 'udf9': '', 'udf10': '', 'bundleSkuCode': None, 'shipByDate': '', 'fulfillmentLocCode': 'D42', 'fulfillmentLocName': 'SSAPL-BIG CENTRE THANE'}], 'paymentItems': [], 'codcharge': '0.00', 'customerGSTIN': ''}}, {'SO011089965': {'orderLocation': 'M01', 'orderId': 'M0133395', 'orderNo': 'SO011089965', 'extenalOrderNo': 'SO011089965', 'paymentMethod': 'Prepaid', 'status': 'Shipped & Returned', 'orderDate': '01/11/2021 16:15:31', 'orderAmount': '1650.00', 'orderCurrency': 'INR', 'conversionRate': '1.00', 'customerName': 'Ved  Vyas', 'shipAddress1': 'B11 Nandanvan park Behind Swastik School,opp c u shah medical college Surendranagar', 'shipAddress2': 'Gujarat GJ', 'shipAddress3': '', 'landmark': '', 'latitude': '', 'longitude': '', 'shipCity': 'Surendra Nagar', 'shipState': 'Gujarat', 'shipCountry': 'India', 'shipPincode': '363001', 'shipPhone1': '7490018003', 'shipPhone2': '7490018003', 'shipEmail1': 'vyasved78@gmail.com', 'shipEmail2': 'vyasved78@gmail.com', 'billName': 'Ved  Vyas', 'billAddress1': 'B11 Nandanvan park Behind Swastik School,opp c u shah medical college Surendranagar', 'billAddress2': 'Gujarat GJ', 'billAddress3': '', 'billCity': 'Surendra Nagar', 'billState': 'Gujarat', 'billCountry': 'India', 'billPincode': '363001', 'billPhone1': '7490018003', 'billPhone2': '7490018003', 'billEmail1': 'vyasved78@gmail.com', 'billEmail2': 'vyasved78@gmail.com', 'orderRemarks': None, 'shippingCharges': '0.00', 'handlingCharge2': '0.00', 'storeCredit': '0.00', 'isVerifiedOrder': '1', 'isOnHold': '0', 'giftvoucher': '0.00', 'otherDiscount': '0.00', 'discountCode': 'null', 'promoCode': None, 'promoName': None, 'cancelRemark': '', 'isGiftwrap': '0', 'giftwrapMsg': '', 'deliverySlot': '', 'customDataFeld1': '', 'customDataFeld2': '', 'customDataFeld3': '', 'customDataFeld4': '["Transaction is yet to complete"]', 'customDataFeld5': '', 'customDataFeld6': '', 'customDataFeld7': 'WCPI0384385855', 'customDataFeld8': '', 'customDataFeld9': '01/11/2021 10:46:32', 'customDataFeld10': '', 'discountAmount': '0.000', 'taxAmount': '251.69', 'updatedDate': '26/09/2022 17:21:15', 'mode': 'wms', 'IsReplacementOrder': 'No', 'originalOrderno': '', 'customerCode': '999999', 'extCustomerCode': '', 'clientId': '0', 'fulfillmentLocCode': 'SHO', 'extFulFillmentLocCode': 'SHO', 'orderSourceName': 'Webstore', 'collectibleAmount': '0.00', 'totalOrderLine': '1', 'delFulfillmentMode': '2', 'geoType': None, 'geoAddress': None, 'geoLatitude': None, 'geoLongitude': None, 'orderSource': 'M01', 'orderType': 'SO', 'shipByDate': '03/11/2021 16:15:31', 'processAfterDate': '', 'masterorderNo': '78663', 'priority': 'Normal', 'pickupLocation': '', 'fulfillmentLocName': 'SKECHERS SOUTH ASIA PRIVATE LIMITED', 'items': [{'lineno': '176578', 'extLineno': '176578', 'internalLineNo': '1', 'sku': '191665203902', 'primaryUPC': 'SKR13653', 'skuName': '55352-CHOC/12/SLIPPER/ON-THE-GO 600', 'status': 'Shipped & Returned', 'imageUrl': 'https://imageserver.skechers.com/img/productimages/large/55352_CHOC.jpg', 'uom': 'Each', 'uomqty': '1.00', 'conversion': '1.00', 'orderQty': '1.00', 'commitedQty': '0.00', 'cancelledQty': '0.00', 'shippedQty': '1.00', 'returnQty': '1.00', 'unitPrice': '1650.00', 'discountAmt': '0.00', 'promoCode': None, 'promoName': None, 'taxAmount': '251.69', 'openQty': '0.00', 'udf1': '', 'udf2': '', 'udf3': '', 'udf4': '', 'udf5': '', 'udf6': '', 'udf7': '', 'udf8': '', 'udf9': '', 'udf10': '', 'bundleSkuCode': None, 'shipByDate': '', 'fulfillmentLocCode': 'D42', 'fulfillmentLocName': 'SSAPL-BIG CENTRE THANE'}], 'paymentItems': [], 'codcharge': '0.00', 'customerGSTIN': ''}}, {'SO011090225': {'orderLocation': 'M01', 'orderId': 'M0133544', 'orderNo': 'SO011090225', 'extenalOrderNo': 'SO011090225', 'paymentMethod': 'Prepaid', 'status': 'Shipped & Returned', 'orderDate': '02/11/2021 20:43:14', 'orderAmount': '3599.00', 'orderCurrency': 'INR', 'conversionRate': '1.00', 'customerName': 'Rajendra  Gupta', 'shipAddress1': '128 Kandhai Hanuman Ganj', 'shipAddress2': 'Uttar Pradesh UP', 'shipAddress3': '', 'landmark': '', 'latitude': '', 'longitude': '', 'shipCity': 'Pratapgarh', 'shipState': 'Uttar Pradesh', 'shipCountry': 'India', 'shipPincode': '230403', 'shipPhone1': '9918944306', 'shipPhone2': '9918944306', 'shipEmail1': 'rajendrakimsln@gmail.com', 'shipEmail2': 'rajendrakimsln@gmail.com', 'billName': 'Rajendra  Gupta', 'billAddress1': '128 Kandhai Hanuman Ganj', 'billAddress2': 'Uttar Pradesh UP', 'billAddress3': '', 'billCity': 'Pratapgarh', 'billState': 'Uttar Pradesh', 'billCountry': 'India', 'billPincode': '230403', 'billPhone1': '9918944306', 'billPhone2': '9918944306', 'billEmail1': 'rajendrakimsln@gmail.com', 'billEmail2': 'rajendrakimsln@gmail.com', 'orderRemarks': None, 'shippingCharges': '0.00', 'handlingCharge2': '0.00', 'storeCredit': '0.00', 'isVerifiedOrder': '1', 'isOnHold': '0', 'giftvoucher': '0.00', 'otherDiscount': '0.00', 'discountCode': 'null', 'promoCode': None, 'promoName': None, 'cancelRemark': '', 'isGiftwrap': '0', 'giftwrapMsg': '', 'deliverySlot': '', 'customDataFeld1': '', 'customDataFeld2': '', 'customDataFeld3': '', 'customDataFeld4': '["Transaction is yet to complete"]', 'customDataFeld5': '', 'customDataFeld6': '', 'customDataFeld7': 'WCPI0387341555', 'customDataFeld8': '', 'customDataFeld9': '02/11/2021 15:15:11', 'customDataFeld10': '', 'discountAmount': '0.000', 'taxAmount': '549.00', 'updatedDate': '26/09/2022 17:21:42', 'mode': 'wms', 'IsReplacementOrder': 'No', 'originalOrderno': '', 'customerCode': '999999', 'extCustomerCode': '', 'clientId': '0', 'fulfillmentLocCode': 'SHO', 'extFulFillmentLocCode': 'SHO', 'orderSourceName': 'Webstore', 'collectibleAmount': '0.00', 'totalOrderLine': '1', 'delFulfillmentMode': '2', 'geoType': None, 'geoAddress': None, 'geoLatitude': None, 'geoLongitude': None, 'orderSource': 'M01', 'orderType': 'SO', 'shipByDate': '04/11/2021 20:43:14', 'processAfterDate': '', 'masterorderNo': '78921', 'priority': 'Normal', 'pickupLocation': '', 'fulfillmentLocName': 'SKECHERS SOUTH ASIA PRIVATE LIMITED', 'items': [{'lineno': '177158', 'extLineno': '177158', 'internalLineNo': '1', 'sku': '194428097343', 'primaryUPC': 'SKR26798', 'skuName': '220017-BBK/9/SHOE/GO TRAIL JACKRABBIT -', 'status': 'Shipped & Returned', 'imageUrl': 'https://imageserver.skechers.com/img/productimages/large/220017_BBK.jpg', 'uom': 'Each', 'uomqty': '1.00', 'conversion': '1.00', 'orderQty': '1.00', 'commitedQty': '0.00', 'cancelledQty': '0.00', 'shippedQty': '1.00', 'returnQty': '1.00', 'unitPrice': '3599.00', 'discountAmt': '0.00', 'promoCode': None, 'promoName': None, 'taxAmount': '549.00', 'openQty': '0.00', 'udf1': '', 'udf2': '', 'udf3': '', 'udf4': '', 'udf5': '', 'udf6': '', 'udf7': '', 'udf8': '', 'udf9': '', 'udf10': '', 'bundleSkuCode': None, 'shipByDate': '', 'fulfillmentLocCode': 'D42', 'fulfillmentLocName': 'SSAPL-BIG CENTRE THANE'}], 'paymentItems': [], 'codcharge': '0.00', 'customerGSTIN': ''}}, {'SO011094499': {'orderLocation': 'M01', 'orderId': 'M0135843', 'orderNo': 'SO011094499', 'extenalOrderNo': 'SO011094499', 'paymentMethod': 'Prepaid', 'status': 'Delivered', 'orderDate': '20/11/2021 14:01:57', 'orderAmount': '7579.00', 'orderCurrency': 'INR', 'conversionRate': '1.00', 'customerName': 'LALIT  TIWARI', 'shipAddress1': 'H.NO. 2025, 60 FEET ROAD OPP DR. DUA CLINIC SECTOR 3, BALLABGARH', 'shipAddress2': 'Haryana HR', 'shipAddress3': '', 'landmark': '', 'latitude': '', 'longitude': '', 'shipCity': 'Faridabad', 'shipState': 'Haryana', 'shipCountry': 'India', 'shipPincode': '121004', 'shipPhone1': '9313361750', 'shipPhone2': '9313361750', 'shipEmail1': 'LALIT.TIWARI@OUTLOOK.COM', 'shipEmail2': 'LALIT.TIWARI@OUTLOOK.COM', 'billName': 'LALIT  TIWARI', 'billAddress1': 'H.NO. 2025, 60 FEET ROAD OPP DR. DUA CLINIC SECTOR 3, BALLABGARH', 'billAddress2': 'Haryana HR', 'billAddress3': '', 'billCity': 'Faridabad', 'billState': 'Haryana', 'billCountry': 'India', 'billPincode': '121004', 'billPhone1': '9313361750', 'billPhone2': '9313361750', 'billEmail1': 'LALIT.TIWARI@OUTLOOK.COM', 'billEmail2': 'LALIT.TIWARI@OUTLOOK.COM', 'orderRemarks': None, 'shippingCharges': '0.00', 'handlingCharge2': '0.00', 'storeCredit': '0.00', 'isVerifiedOrder': '1', 'isOnHold': '0', 'giftvoucher': '0.00', 'otherDiscount': '0.00', 'discountCode': 'null', 'promoCode': None, 'promoName': None, 'cancelRemark': '', 'isGiftwrap': '0', 'giftwrapMsg': '', 'deliverySlot': '', 'customDataFeld1': '', 'customDataFeld2': '', 'customDataFeld3': '', 'customDataFeld4': '["Transaction is yet to complete"]', 'customDataFeld5': '', 'customDataFeld6': '', 'customDataFeld7': 'WHMP0423930138', 'customDataFeld8': '', 'customDataFeld9': '20/11/2021 08:33:03', 'customDataFeld10': '', 'discountAmount': '0.000', 'taxAmount': '1107.13', 'updatedDate': '26/09/2022 17:22:11', 'mode': 'wms', 'IsReplacementOrder': 'No', 'originalOrderno': '', 'customerCode': '999999', 'extCustomerCode': '', 'clientId': '0', 'fulfillmentLocCode': 'SHO', 'extFulFillmentLocCode': 'SHO', 'orderSourceName': 'Webstore', 'collectibleAmount': '0.00', 'totalOrderLine': '3', 'delFulfillmentMode': '2', 'geoType': None, 'geoAddress': None, 'geoLatitude': None, 'geoLongitude': None, 'orderSource': 'M01', 'orderType': 'SO', 'shipByDate': '22/11/2021 14:01:57', 'processAfterDate': '', 'masterorderNo': '83180', 'priority': 'Normal', 'pickupLocation': '', 'fulfillmentLocName': 'SKECHERS SOUTH ASIA PRIVATE LIMITED', 'items': [{'lineno': '186670', 'extLineno': '186670', 'internalLineNo': '1', 'sku': '192283984648', 'primaryUPC': 'SKR21254', 'skuName': '68671-BKW/10/SHOE/SHOGUN - DOWN TIME', 'status': 'Delivered', 'imageUrl': 'https://imageserver.skechers.com/img/productimages/large/68671_BKW.jpg', 'uom': 'Each', 'uomqty': '1.00', 'conversion': '1.00', 'orderQty': '1.00', 'commitedQty': '0.00', 'cancelledQty': '0.00', 'shippedQty': '1.00', 'returnQty': '0.00', 'unitPrice': '4000.00', 'discountAmt': '0.00', 'promoCode': None, 'promoName': None, 'taxAmount': '610.17', 'openQty': '0.00', 'udf1': '', 'udf2': '', 'udf3': '', 'udf4': '', 'udf5': '', 'udf6': '', 'udf7': '', 'udf8': '', 'udf9': '', 'udf10': '', 'bundleSkuCode': None, 'shipByDate': '', 'fulfillmentLocCode': 'D42', 'fulfillmentLocName': 'SSAPL-BIG CENTRE THANE'}, {'lineno': '186672', 'extLineno': '186672', 'internalLineNo': '2', 'sku': '191665421269', 'primaryUPC': 'SKR13496', 'skuName': '54684-NVGY/10/SHOE/GO WALK 4', 'status': 'Shipped & Returned', 'imageUrl': 'https://imageserver.skechers.com/img/productimages/large/54684_NVGY.jpg', 'uom': 'Each', 'uomqty': '1.00', 'conversion': '1.00', 'orderQty': '1.00', 'commitedQty': '0.00', 'cancelledQty': '0.00', 'shippedQty': '1.00', 'returnQty': '1.00', 'unitPrice': '2500.00', 'discountAmt': '0.00', 'promoCode': None, 'promoName': None, 'taxAmount': '381.36', 'openQty': '0.00', 'udf1': '', 'udf2': '', 'udf3': '', 'udf4': '', 'udf5': '', 'udf6': '', 'udf7': '', 'udf8': '', 'udf9': '', 'udf10': '', 'bundleSkuCode': None, 'shipByDate': '', 'fulfillmentLocCode': 'D42', 'fulfillmentLocName': 'SSAPL-BIG CENTRE THANE'}, {'lineno': '186674', 'extLineno': '186674', 'internalLineNo': '3', 'sku': '193642686456', 'primaryUPC': 'SKR24013', 'skuName': 'M4LT78A-CHAR/XL/T-SHIRTS/SKECHERS 92 LS', 'status': 'Shipped & Returned', 'imageUrl': 'https://imageserver.skechers.com/img/productimages/large/M4LT78A_CHAR.jpg', 'uom': 'Each', 'uomqty': '1.00', 'conversion': '1.00', 'orderQty': '1.00', 'commitedQty': '0.00', 'cancelledQty': '0.00', 'shippedQty': '1.00', 'returnQty': '1.00', 'unitPrice': '1079.00', 'discountAmt': '0.00', 'promoCode': None, 'promoName': None, 'taxAmount': '115.61', 'openQty': '0.00', 'udf1': '', 'udf2': '', 'udf3': '', 'udf4': '', 'udf5': '', 'udf6': '', 'udf7': '', 'udf8': '', 'udf9': '', 'udf10': '', 'bundleSkuCode': None, 'shipByDate': '', 'fulfillmentLocCode': 'D42', 'fulfillmentLocName': 'SSAPL-BIG CENTRE THANE'}], 'paymentItems': [], 'codcharge': '0.00', 'customerGSTIN': ''}}, {'SO011094240': {'orderLocation': 'M01', 'orderId': 'M0135685', 'orderNo': 'SO011094240', 'extenalOrderNo': 'SO011094240', 'paymentMethod': 'Prepaid', 'status': 'Delivered', 'orderDate': '19/11/2021 14:40:36', 'orderAmount': '5999.00', 'orderCurrency': 'INR', 'conversionRate': '1.00', 'customerName': 'Suryansh  Gupta', 'shipAddress1': 'Satya Prakash Bhawan Phagwara Road Shakti Trading Company', 'shipAddress2': 'Punjab PB', 'shipAddress3': '', 'landmark': '', 'latitude': '', 'longitude': '', 'shipCity': 'Hoshiarpur', 'shipState': 'Punjab', 'shipCountry': 'India', 'shipPincode': '146001', 'shipPhone1': '9060300022', 'shipPhone2': '9060300022', 'shipEmail1': 'suryanshgupta145@gmail.com', 'shipEmail2': 'suryanshgupta145@gmail.com', 'billName': 'Suryansh  Gupta', 'billAddress1': 'Satya Prakash Bhawan Phagwara Road Shakti Trading Company', 'billAddress2': 'Punjab PB', 'billAddress3': '', 'billCity': 'Hoshiarpur', 'billState': 'Punjab', 'billCountry': 'India', 'billPincode': '146001', 'billPhone1': '9060300022', 'billPhone2': '9060300022', 'billEmail1': 'suryanshgupta145@gmail.com', 'billEmail2': 'suryanshgupta145@gmail.com', 'orderRemarks': None, 'shippingCharges': '0.00', 'handlingCharge2': '0.00', 'storeCredit': '0.00', 'isVerifiedOrder': '1', 'isOnHold': '0', 'giftvoucher': '0.00', 'otherDiscount': '0.00', 'discountCode': 'null', 'promoCode': None, 'promoName': None, 'cancelRemark': '', 'isGiftwrap': '0', 'giftwrapMsg': '', 'deliverySlot': '', 'customDataFeld1': '', 'customDataFeld2': '', 'customDataFeld3': '', 'customDataFeld4': '["Transaction is yet to complete"]', 'customDataFeld5': '', 'customDataFeld6': '', 'customDataFeld7': 'WHMP0422070025', 'customDataFeld8': '', 'customDataFeld9': '19/11/2021 09:12:18', 'customDataFeld10': '', 'discountAmount': '0.000', 'taxAmount': '915.10', 'updatedDate': '26/09/2022 17:24:03', 'mode': 'wms', 'IsReplacementOrder': 'No', 'originalOrderno': '', 'customerCode': '999999', 'extCustomerCode': '', 'clientId': '0', 'fulfillmentLocCode': 'SHO', 'extFulFillmentLocCode': 'SHO', 'orderSourceName': 'Webstore', 'collectibleAmount': '0.00', 'totalOrderLine': '2', 'delFulfillmentMode': '2', 'geoType': None, 'geoAddress': None, 'geoLatitude': None, 'geoLongitude': None, 'orderSource': 'M01', 'orderType': 'SO', 'shipByDate': '21/11/2021 14:40:36', 'processAfterDate': '', 'masterorderNo': '82922', 'priority': 'Normal', 'pickupLocation': '', 'fulfillmentLocName': 'SKECHERS SOUTH ASIA PRIVATE LIMITED', 'items': [{'lineno': '186092', 'extLineno': '186092', 'internalLineNo': '1', 'sku': '193113914057', 'primaryUPC': 'SKR21729', 'skuName': '55509-BBK/7/SHOE/GO WALK 5-QUALIFY', 'status': 'Shipped & Returned', 'imageUrl': 'https://imageserver.skechers.com/img/productimages/large/55509_BBK.jpg', 'uom': 'Each', 'uomqty': '1.00', 'conversion': '1.00', 'orderQty': '1.00', 'commitedQty': '0.00', 'cancelledQty': '0.00', 'shippedQty': '1.00', 'returnQty': '1.00', 'unitPrice': '2999.00', 'discountAmt': '0.00', 'promoCode': None, 'promoName': None, 'taxAmount': '457.47', 'openQty': '0.00', 'udf1': '', 'udf2': '', 'udf3': '', 'udf4': '', 'udf5': '', 'udf6': '', 'udf7': '', 'udf8': '', 'udf9': '', 'udf10': '', 'bundleSkuCode': None, 'shipByDate': '', 'fulfillmentLocCode': 'D42', 'fulfillmentLocName': 'SSAPL-BIG CENTRE THANE'}, {'lineno': '186094', 'extLineno': '186094', 'internalLineNo': '2', 'sku': '193113266705', 'primaryUPC': 'SKR22784', 'skuName': '52871-BKGY/7/SHOE/ELITE FLEX-CLEAR LEAF', 'status': 'Delivered', 'imageUrl': 'https://imageserver.skechers.com/img/productimages/large/52871_BKGY.jpg', 'uom': 'Each', 'uomqty': '1.00', 'conversion': '1.00', 'orderQty': '1.00', 'commitedQty': '0.00', 'cancelledQty': '0.00', 'shippedQty': '1.00', 'returnQty': '0.00', 'unitPrice': '3000.00', 'discountAmt': '0.00', 'promoCode': None, 'promoName': None, 'taxAmount': '457.63', 'openQty': '0.00', 'udf1': '', 'udf2': '', 'udf3': '', 'udf4': '', 'udf5': '', 'udf6': '', 'udf7': '', 'udf8': '', 'udf9': '', 'udf10': '', 'bundleSkuCode': None, 'shipByDate': '', 'fulfillmentLocCode': 'D33', 'fulfillmentLocName': 'SSAPL-OMR-CHENNAI'}], 'paymentItems': [], 'codcharge': '0.00', 'customerGSTIN': ''}}, {'SO011094936': {'orderLocation': 'M01', 'orderId': 'M0136067', 'orderNo': 'SO011094936', 'extenalOrderNo': 'SO011094936', 'paymentMethod': 'Prepaid', 'status': 'Allocated', 'orderDate': '21/11/2021 18:37:19', 'orderAmount': '7723.00', 'orderCurrency': 'INR', 'conversionRate': '1.00', 'customerName': 'Pankaj  Kabra', 'shipAddress1': 'Mhasawad Road  Behind MSEB substation', 'shipAddress2': 'Maharashtra MH', 'shipAddress3': '', 'landmark': '', 'latitude': '', 'longitude': '', 'shipCity': 'Jalgaon', 'shipState': 'Maharashtra', 'shipCountry': 'India', 'shipPincode': '425109', 'shipPhone1': '9422258798', 'shipPhone2': '9422258798', 'shipEmail1': 'pankajmkabra@gmail.com', 'shipEmail2': 'pankajmkabra@gmail.com', 'billName': 'Pankaj  Kabra', 'billAddress1': 'Mhasawad Road  Behind MSEB substation', 'billAddress2': 'Maharashtra MH', 'billAddress3': '', 'billCity': 'Jalgaon', 'billState': 'Maharashtra', 'billCountry': 'India', 'billPincode': '425109', 'billPhone1': '9422258798', 'billPhone2': '9422258798', 'billEmail1': 'pankajmkabra@gmail.com', 'billEmail2': 'pankajmkabra@gmail.com', 'orderRemarks': None, 'shippingCharges': '0.00', 'handlingCharge2': '0.00', 'storeCredit': '0.00', 'isVerifiedOrder': '1', 'isOnHold': '0', 'giftvoucher': '0.00', 'otherDiscount': '0.00', 'discountCode': 'null', 'promoCode': None, 'promoName': None, 'cancelRemark': '', 'isGiftwrap': '0', 'giftwrapMsg': '', 'deliverySlot': '', 'customDataFeld1': '', 'customDataFeld2': '', 'customDataFeld3': '', 'customDataFeld4': '["Transaction is yet to complete"]', 'customDataFeld5': '', 'customDataFeld6': '', 'customDataFeld7': 'WSBI0426098858', 'customDataFeld8': '', 'customDataFeld9': '21/11/2021 13:11:13', 'customDataFeld10': '', 'discountAmount': '0.000', 'taxAmount': '1059.00', 'updatedDate': '26/09/2022 17:25:35', 'mode': 'wms', 'IsReplacementOrder': 'No', 'originalOrderno': '', 'customerCode': '999999', 'extCustomerCode': '', 'clientId': '0', 'fulfillmentLocCode': 'SHO', 'extFulFillmentLocCode': 'SHO', 'orderSourceName': 'Webstore', 'collectibleAmount': '0.00', 'totalOrderLine': '4', 'delFulfillmentMode': '2', 'geoType': None, 'geoAddress': None, 'geoLatitude': None, 'geoLongitude': None, 'orderSource': 'M01', 'orderType': 'SO', 'shipByDate': '23/11/2021 18:37:19', 'processAfterDate': '', 'masterorderNo': '83617', 'priority': 'Normal', 'pickupLocation': '', 'fulfillmentLocName': 'SKECHERS SOUTH ASIA PRIVATE LIMITED', 'items': [{'lineno': '187706', 'extLineno': '187706', 'internalLineNo': '1', 'sku': '190211726193', 'primaryUPC': 'SKR13267', 'skuName': '54150-BBK/11/SHOE/GO WALK 4', 'status': 'Shipped & Returned', 'imageUrl': 'https://imageserver.skechers.com/img/productimages/large/54150_BBK.jpg', 'uom': 'Each', 'uomqty': '1.00', 'conversion': '1.00', 'orderQty': '1.00', 'commitedQty': '0.00', 'cancelledQty': '0.00', 'shippedQty': '1.00', 'returnQty': '1.00', 'unitPrice': '2850.00', 'discountAmt': '0.00', 'promoCode': None, 'promoName': None, 'taxAmount': '434.75', 'openQty': '0.00', 'udf1': '', 'udf2': '', 'udf3': '', 'udf4': '', 'udf5': '', 'udf6': '', 'udf7': '', 'udf8': '', 'udf9': '', 'udf10': '', 'bundleSkuCode': None, 'shipByDate': '', 'fulfillmentLocCode': 'A74', 'fulfillmentLocName': 'SSAPL-E-COM'}, {'lineno': '187708', 'extLineno': '187708', 'internalLineNo': '2', 'sku': '193113565303', 'primaryUPC': 'SKR19527', 'skuName': '66043-BRN/10/SANDAL/PELEM-BERONE', 'status': 'Shipped & Returned', 'imageUrl': 'https://imageserver.skechers.com/img/productimages/large/66043_BRN.jpg', 'uom': 'Each', 'uomqty': '1.00', 'conversion': '1.00', 'orderQty': '1.00', 'commitedQty': '0.00', 'cancelledQty': '0.00', 'shippedQty': '1.00', 'returnQty': '1.00', 'unitPrice': '2250.00', 'discountAmt': '0.00', 'promoCode': None, 'promoName': None, 'taxAmount': '343.22', 'openQty': '0.00', 'udf1': '', 'udf2': '', 'udf3': '', 'udf4': '', 'udf5': '', 'udf6': '', 'udf7': '', 'udf8': '', 'udf9': '', 'udf10': '', 'bundleSkuCode': None, 'shipByDate': '', 'fulfillmentLocCode': 'D42', 'fulfillmentLocName': 'SSAPL-BIG CENTRE THANE'}, {'lineno': '187710', 'extLineno': '187710', 'internalLineNo': '3', 'sku': '194880184148', 'primaryUPC': 'SKR32221', 'skuName': 'M3TS240A-BLU/L/TOPWEAR/SEAMLESS S/S TEE', 'status': 'Allocated', 'imageUrl': 'https://imageserver.skechers.com/img/productimages/large/M3TS240A_BLU.jpg', 'uom': 'Each', 'uomqty': '1.00', 'conversion': '1.00', 'orderQty': '1.00', 'commitedQty': '1.00', 'cancelledQty': '0.00', 'shippedQty': '0.00', 'returnQty': '0.00', 'unitPrice': '1274.00', 'discountAmt': '0.00', 'promoCode': None, 'promoName': None, 'taxAmount': '136.50', 'openQty': '0.00', 'udf1': '', 'udf2': '', 'udf3': '', 'udf4': '', 'udf5': '', 'udf6': '', 'udf7': '', 'udf8': '', 'udf9': '', 'udf10': '', 'bundleSkuCode': None, 'shipByDate': '', 'fulfillmentLocCode': 'D52', 'fulfillmentLocName': 'SSAPL - AKSHARDHAM NCR'}, {'lineno': '187712', 'extLineno': '187712', 'internalLineNo': '4', 'sku': '194428633107', 'primaryUPC': 'SKR29664', 'skuName': 'M2SH49A-NVY/M/BOTTOMWEAR/TRIBUTE 7" SHORT', 'status': 'Delivered', 'imageUrl': 'https://imageserver.skechers.com/img/productimages/large/M2SH49A_NVY.jpg', 'uom': 'Each', 'uomqty': '1.00', 'conversion': '1.00', 'orderQty': '1.00', 'commitedQty': '0.00', 'cancelledQty': '0.00', 'shippedQty': '1.00', 'returnQty': '0.00', 'unitPrice': '1349.00', 'discountAmt': '0.00', 'promoCode': None, 'promoName': None, 'taxAmount': '144.54', 'openQty': '0.00', 'udf1': '', 'udf2': '', 'udf3': '', 'udf4': '', 'udf5': '', 'udf6': '', 'udf7': '', 'udf8': '', 'udf9': '', 'udf10': '', 'bundleSkuCode': None, 'shipByDate': '', 'fulfillmentLocCode': 'A26', 'fulfillmentLocName': 'SSAPL-KOLKATA FORUM'}], 'paymentItems': [], 'codcharge': '0.00', 'customerGSTIN': ''}}, {'SO011096617': {'orderLocation': 'M01', 'orderId': 'M0136993', 'orderNo': 'SO011096617', 'extenalOrderNo': 'SO011096617', 'paymentMethod': 'Prepaid', 'status': 'Shipped & Returned', 'orderDate': '26/11/2021 13:44:10', 'orderAmount': '3500.00', 'orderCurrency': 'INR', 'conversionRate': '1.00', 'customerName': 'Vishal  Chauhan', 'shipAddress1': 'Ivy International School Shimla, Chakryal Kamlanagar', 'shipAddress2': 'Himachal Pradesh HP', 'shipAddress3': '', 'landmark': '', 'latitude': '', 'longitude': '', 'shipCity': 'Shimla', 'shipState': 'Himachal Pradesh', 'shipCountry': 'India', 'shipPincode': '171006', 'shipPhone1': '9882366666', 'shipPhone2': '9882366666', 'shipEmail1': 'vishal@ivyshimla.com', 'shipEmail2': 'vishal@ivyshimla.com', 'billName': 'Vishal  Chauhan', 'billAddress1': 'Ivy International School Shimla, Chakryal Kamlanagar', 'billAddress2': 'Himachal Pradesh HP', 'billAddress3': '', 'billCity': 'Shimla', 'billState': 'Himachal Pradesh', 'billCountry': 'India', 'billPincode': '171006', 'billPhone1': '9882366666', 'billPhone2': '9882366666', 'billEmail1': 'vishal@ivyshimla.com', 'billEmail2': 'vishal@ivyshimla.com', 'orderRemarks': None, 'shippingCharges': '0.00', 'handlingCharge2': '0.00', 'storeCredit': '0.00', 'isVerifiedOrder': '1', 'isOnHold': '0', 'giftvoucher': '0.00', 'otherDiscount': '0.00', 'discountCode': 'null', 'promoCode': None, 'promoName': None, 'cancelRemark': '', 'isGiftwrap': '0', 'giftwrapMsg': '', 'deliverySlot': '', 'customDataFeld1': '', 'customDataFeld2': '', 'customDataFeld3': '', 'customDataFeld4': '["Transaction is yet to complete"]', 'customDataFeld5': '', 'customDataFeld6': '', 'customDataFeld7': 'WHMP0436237922', 'customDataFeld8': '', 'customDataFeld9': '26/11/2021 08:16:15', 'customDataFeld10': '', 'discountAmount': '0.000', 'taxAmount': '533.90', 'updatedDate': '26/09/2022 17:26:05', 'mode': 'wms', 'IsReplacementOrder': 'No', 'originalOrderno': '', 'customerCode': '999999', 'extCustomerCode': '', 'clientId': '0', 'fulfillmentLocCode': 'SHO', 'extFulFillmentLocCode': 'SHO', 'orderSourceName': 'Webstore', 'collectibleAmount': '0.00', 'totalOrderLine': '1', 'delFulfillmentMode': '2', 'geoType': None, 'geoAddress': None, 'geoLatitude': None, 'geoLongitude': None, 'orderSource': 'M01', 'orderType': 'SO', 'shipByDate': '28/11/2021 13:44:10', 'processAfterDate': '', 'masterorderNo': '85293', 'priority': 'Normal', 'pickupLocation': '', 'fulfillmentLocName': 'SKECHERS SOUTH ASIA PRIVATE LIMITED', 'items': [{'lineno': '191544', 'extLineno': '191544', 'internalLineNo': '1', 'sku': '193642235692', 'primaryUPC': 'SKR24814', 'skuName': '66401-CHAR/9/SHOE/BREGMAN-MODESO', 'status': 'Shipped & Returned', 'imageUrl': 'https://imageserver.skechers.com/img/productimages/large/66401_CHAR.jpg', 'uom': 'Each', 'uomqty': '1.00', 'conversion': '1.00', 'orderQty': '1.00', 'commitedQty': '0.00', 'cancelledQty': '0.00', 'shippedQty': '1.00', 'returnQty': '1.00', 'unitPrice': '3500.00', 'discountAmt': '0.00', 'promoCode': None, 'promoName': None, 'taxAmount': '533.90', 'openQty': '0.00', 'udf1': '', 'udf2': '', 'udf3': '', 'udf4': '', 'udf5': '', 'udf6': '', 'udf7': '', 'udf8': '', 'udf9': '', 'udf10': '', 'bundleSkuCode': None, 'shipByDate': '', 'fulfillmentLocCode': 'D42', 'fulfillmentLocName': 'SSAPL-BIG CENTRE THANE'}], 'paymentItems': [], 'codcharge': '0.00', 'customerGSTIN': ''}}, {'SO011091500': {'orderLocation': 'M01', 'orderId': 'M0134236', 'orderNo': 'SO011091500', 'extenalOrderNo': 'SO011091500', 'paymentMethod': 'Prepaid', 'status': 'Delivered', 'orderDate': '08/11/2021 23:07:46', 'orderAmount': '3099.00', 'orderCurrency': 'INR', 'conversionRate': '1.00', 'customerName': 'Hitesh  Sharma', 'shipAddress1': 'Y4/308, GYH Enclave, Siddharth Vihar, Sector-7', 'shipAddress2': 'Uttar Pradesh UP', 'shipAddress3': '', 'landmark': '', 'latitude': '', 'longitude': '', 'shipCity': 'Ghaziabad', 'shipState': 'Uttar Pradesh', 'shipCountry': 'India', 'shipPincode': '201009', 'shipPhone1': '9821728233', 'shipPhone2': '9821728233', 'shipEmail1': 'hiteshsharmalatti@gmail.com', 'shipEmail2': 'hiteshsharmalatti@gmail.com', 'billName': 'Hitesh  Sharma', 'billAddress1': 'Y4/308, GYH Enclave, Siddharth Vihar, Sector-7', 'billAddress2': 'Uttar Pradesh UP', 'billAddress3': '', 'billCity': 'Ghaziabad', 'billState': 'Uttar Pradesh', 'billCountry': 'India', 'billPincode': '201009', 'billPhone1': '9821728233', 'billPhone2': '9821728233', 'billEmail1': 'hiteshsharmalatti@gmail.com', 'billEmail2': 'hiteshsharmalatti@gmail.com', 'orderRemarks': None, 'shippingCharges': '0.00', 'handlingCharge2': '0.00', 'storeCredit': '0.00', 'isVerifiedOrder': '1', 'isOnHold': '0', 'giftvoucher': '0.00', 'otherDiscount': '0.00', 'discountCode': 'null', 'promoCode': None, 'promoName': None, 'cancelRemark': '', 'isGiftwrap': '0', 'giftwrapMsg': '', 'deliverySlot': '', 'customDataFeld1': '', 'customDataFeld2': '', 'customDataFeld3': '', 'customDataFeld4': '["Transaction is yet to complete"]', 'customDataFeld5': '', 'customDataFeld6': '', 'customDataFeld7': 'WICI0399154092', 'customDataFeld8': '', 'customDataFeld9': '08/11/2021 17:43:15', 'customDataFeld10': '', 'discountAmount': '0.000', 'taxAmount': '367.81', 'updatedDate': '26/09/2022 17:29:10', 'mode': 'wms', 'IsReplacementOrder': 'No', 'originalOrderno': '', 'customerCode': '999999', 'extCustomerCode': '', 'clientId': '0', 'fulfillmentLocCode': 'SHO', 'extFulFillmentLocCode': 'SHO', 'orderSourceName': 'Webstore', 'collectibleAmount': '0.00', 'totalOrderLine': '2', 'delFulfillmentMode': '2', 'geoType': None, 'geoAddress': None, 'geoLatitude': None, 'geoLongitude': None, 'orderSource': 'M01', 'orderType': 'SO', 'shipByDate': '10/11/2021 23:07:46', 'processAfterDate': '', 'masterorderNo': '80191', 'priority': 'Normal', 'pickupLocation': '', 'fulfillmentLocName': 'SKECHERS SOUTH ASIA PRIVATE LIMITED', 'items': [{'lineno': '180026', 'extLineno': '180026', 'internalLineNo': '1', 'sku': '190872287422', 'primaryUPC': 'SKR13901', 'skuName': '90604L-CCOR/4/SHOE/ENERGY LIGHTS- TARVOS', 'status': 'Shipped & Returned', 'imageUrl': 'https://imageserver.skechers.com/img/productimages/large/90604L_CCOR.jpg', 'uom': 'Each', 'uomqty': '1.00', 'conversion': '1.00', 'orderQty': '1.00', 'commitedQty': '0.00', 'cancelledQty': '0.00', 'shippedQty': '1.00', 'returnQty': '1.00', 'unitPrice': '2099.00', 'discountAmt': '0.00', 'promoCode': None, 'promoName': None, 'taxAmount': '320.19', 'openQty': '0.00', 'udf1': '', 'udf2': '', 'udf3': '', 'udf4': '', 'udf5': '', 'udf6': '', 'udf7': '', 'udf8': '', 'udf9': '', 'udf10': '', 'bundleSkuCode': None, 'shipByDate': '', 'fulfillmentLocCode': 'D42', 'fulfillmentLocName': 'SSAPL-BIG CENTRE THANE'}, {'lineno': '180028', 'extLineno': '180028', 'internalLineNo': '2', 'sku': '192283208997', 'primaryUPC': 'SKR19455', 'skuName': '97850L-NVOR/6/SHOE/GO WALK MAX', 'status': 'Delivered', 'imageUrl': 'https://imageserver.skechers.com/img/productimages/large/97850L_NVOR.jpg', 'uom': 'Each', 'uomqty': '1.00', 'conversion': '1.00', 'orderQty': '1.00', 'commitedQty': '0.00', 'cancelledQty': '0.00', 'shippedQty': '1.00', 'returnQty': '0.00', 'unitPrice': '1000.00', 'discountAmt': '0.00', 'promoCode': None, 'promoName': None, 'taxAmount': '47.62', 'openQty': '0.00', 'udf1': '', 'udf2': '', 'udf3': '', 'udf4': '', 'udf5': '', 'udf6': '', 'udf7': '', 'udf8': '', 'udf9': '', 'udf10': '', 'bundleSkuCode': None, 'shipByDate': '', 'fulfillmentLocCode': 'D33', 'fulfillmentLocName': 'SSAPL-OMR-CHENNAI'}], 'paymentItems': [], 'codcharge': '0.00', 'customerGSTIN': ''}}, {'SO011089355': {'orderLocation': 'M01', 'orderId': 'M0133069', 'orderNo': 'SO011089355', 'extenalOrderNo': 'SO011089355', 'paymentMethod': 'Prepaid', 'status': 'Shipped & Returned', 'orderDate': '29/10/2021 17:55:03', 'orderAmount': '5499.00', 'orderCurrency': 'INR', 'conversionRate': '1.00', 'customerName': 'Binita  Lama', 'shipAddress1': 'Flat 5D,  Baikuntha Apartment 114 NSC BOSE ROAD', 'shipAddress2': 'West Bengal WB', 'shipAddress3': '', 'landmark': '', 'latitude': '', 'longitude': '', 'shipCity': 'Kolkata', 'shipState': 'West Bengal', 'shipCountry': 'India', 'shipPincode': '700040', 'shipPhone1': '9007044136', 'shipPhone2': '9007044136', 'shipEmail1': 'binita.l.pradhan@gmail.com', 'shipEmail2': 'binita.l.pradhan@gmail.com', 'billName': 'Binita  Lama', 'billAddress1': 'Flat 5D,  Baikuntha Apartment 114 NSC BOSE ROAD', 'billAddress2': 'West Bengal WB', 'billAddress3': '', 'billCity': 'Kolkata', 'billState': 'West Bengal', 'billCountry': 'India', 'billPincode': '700040', 'billPhone1': '9007044136', 'billPhone2': '9007044136', 'billEmail1': 'binita.l.pradhan@gmail.com', 'billEmail2': 'binita.l.pradhan@gmail.com', 'orderRemarks': None, 'shippingCharges': '0.00', 'handlingCharge2': '0.00', 'storeCredit': '0.00', 'isVerifiedOrder': '1', 'isOnHold': '0', 'giftvoucher': '0.00', 'otherDiscount': '0.00', 'discountCode': 'null', 'promoCode': None, 'promoName': None, 'cancelRemark': '', 'isGiftwrap': '0', 'giftwrapMsg': '', 'deliverySlot': '', 'customDataFeld1': '', 'customDataFeld2': '', 'customDataFeld3': '', 'customDataFeld4': '["Transaction is yet to complete"]', 'customDataFeld5': '', 'customDataFeld6': '', 'customDataFeld7': 'WHMP0377484332', 'customDataFeld8': '', 'customDataFeld9': '29/10/2021 12:26:55', 'customDataFeld10': '', 'discountAmount': '0.000', 'taxAmount': '838.83', 'updatedDate': '26/09/2022 17:32:03', 'mode': 'wms', 'IsReplacementOrder': 'No', 'originalOrderno': '', 'customerCode': '999999', 'extCustomerCode': '', 'clientId': '0', 'fulfillmentLocCode': 'SHO', 'extFulFillmentLocCode': 'SHO', 'orderSourceName': 'Webstore', 'collectibleAmount': '0.00', 'totalOrderLine': '1', 'delFulfillmentMode': '2', 'geoType': None, 'geoAddress': None, 'geoLatitude': None, 'geoLongitude': None, 'orderSource': 'M01', 'orderType': 'SO', 'shipByDate': '31/10/2021 17:55:03', 'processAfterDate': '', 'masterorderNo': '78066', 'priority': 'Normal', 'pickupLocation': '', 'fulfillmentLocName': 'SKECHERS SOUTH ASIA PRIVATE LIMITED', 'items': [{'lineno': '175276', 'extLineno': '175276', 'internalLineNo': '1', 'sku': '191665119197', 'primaryUPC': 'SKR21510', 'skuName': '73690-WHT/6/SHOE/UNO - STAND ON AIR', 'status': 'Shipped & Returned', 'imageUrl': 'https://imageserver.skechers.com/img/productimages/large/73690_WHT.jpg', 'uom': 'Each', 'uomqty': '1.00', 'conversion': '1.00', 'orderQty': '1.00', 'commitedQty': '0.00', 'cancelledQty': '0.00', 'shippedQty': '1.00', 'returnQty': '1.00', 'unitPrice': '5499.00', 'discountAmt': '0.00', 'promoCode': None, 'promoName': None, 'taxAmount': '838.83', 'openQty': '0.00', 'udf1': '', 'udf2': '', 'udf3': '', 'udf4': '', 'udf5': '', 'udf6': '', 'udf7': '', 'udf8': '', 'udf9': '', 'udf10': '', 'bundleSkuCode': None, 'shipByDate': '', 'fulfillmentLocCode': 'D42', 'fulfillmentLocName': 'SSAPL-BIG CENTRE THANE'}], 'paymentItems': [], 'codcharge': '0.00', 'customerGSTIN': ''}}, {'SO011079372': {'orderLocation': 'M01', 'orderId': 'M0127948', 'orderNo': 'SO011079372', 'extenalOrderNo': 'SO011079372', 'paymentMethod': 'Prepaid', 'status': 'Shipped & Returned', 'orderDate': '09/09/2021 21:35:52', 'orderAmount': '3250.00', 'orderCurrency': 'INR', 'conversionRate': '1.00', 'customerName': 'Ashok  Pandey', 'shipAddress1': '64 Astha Vihar Phase-2, Awadhpuri BHEL Near Regal Town', 'shipAddress2': 'Madhya Pradesh MP', 'shipAddress3': '', 'landmark': '', 'latitude': '', 'longitude': '', 'shipCity': 'Bhopal', 'shipState': 'Madhya Pradesh', 'shipCountry': 'India', 'shipPincode': '462022', 'shipPhone1': '09755163388', 'shipPhone2': '09755163388', 'shipEmail1': 'ashokpanday@gmail.com', 'shipEmail2': 'ashokpanday@gmail.com', 'billName': 'Ashok  Pandey', 'billAddress1': '64 Astha Vihar Phase-2, Awadhpuri BHEL Near Regal Town', 'billAddress2': 'Madhya Pradesh MP', 'billAddress3': '', 'billCity': 'Bhopal', 'billState': 'Madhya Pradesh', 'billCountry': 'India', 'billPincode': '462022', 'billPhone1': '09755163388', 'billPhone2': '09755163388', 'billEmail1': 'ashokpanday@gmail.com', 'billEmail2': 'ashokpanday@gmail.com', 'orderRemarks': None, 'shippingCharges': '0.00', 'handlingCharge2': '0.00', 'storeCredit': '0.00', 'isVerifiedOrder': '1', 'isOnHold': '0', 'giftvoucher': '0.00', 'otherDiscount': '0.00', 'discountCode': 'null', 'promoCode': None, 'promoName': None, 'cancelRemark': '', 'isGiftwrap': '0', 'giftwrapMsg': '', 'deliverySlot': '', 'customDataFeld1': '', 'customDataFeld2': '', 'customDataFeld3': '', 'customDataFeld4': '["Transaction is yet to complete"]', 'customDataFeld5': '', 'customDataFeld6': '', 'customDataFeld7': 'WSBI0259216005', 'customDataFeld8': '', 'customDataFeld9': '09/09/2021 16:07:11', 'customDataFeld10': '', 'discountAmount': '0.000', 'taxAmount': '495.76', 'updatedDate': '26/09/2022 17:42:57', 'mode': 'wms', 'IsReplacementOrder': 'No', 'originalOrderno': '', 'customerCode': '999999', 'extCustomerCode': '', 'clientId': '0', 'fulfillmentLocCode': 'SHO', 'extFulFillmentLocCode': 'SHO', 'orderSourceName': 'Webstore', 'collectibleAmount': '0.00', 'totalOrderLine': '1', 'delFulfillmentMode': '2', 'geoType': None, 'geoAddress': None, 'geoLatitude': None, 'geoLongitude': None, 'orderSource': 'M01', 'orderType': 'SO', 'shipByDate': '11/09/2021 21:35:52', 'processAfterDate': '', 'masterorderNo': '68654', 'priority': 'Normal', 'pickupLocation': '', 'fulfillmentLocName': 'SKECHERS SOUTH ASIA PRIVATE LIMITED', 'items': [{'lineno': '153964', 'extLineno': '153964', 'internalLineNo': '1', 'sku': '194428038537', 'primaryUPC': 'SKR26666', 'skuName': '232029-BKLM/9/SHOE/ULTRA GROOVE', 'status': 'Shipped & Returned', 'imageUrl': 'https://imageserver.skechers.com/img/productimages/large/232029_BKLM.jpg', 'uom': 'Each', 'uomqty': '1.00', 'conversion': '1.00', 'orderQty': '1.00', 'commitedQty': '0.00', 'cancelledQty': '0.00', 'shippedQty': '1.00', 'returnQty': '1.00', 'unitPrice': '3250.00', 'discountAmt': '0.00', 'promoCode': None, 'promoName': None, 'taxAmount': '495.76', 'openQty': '0.00', 'udf1': '', 'udf2': '', 'udf3': '', 'udf4': '', 'udf5': '', 'udf6': '', 'udf7': '', 'udf8': '', 'udf9': '', 'udf10': '', 'bundleSkuCode': None, 'shipByDate': '', 'fulfillmentLocCode': 'D42', 'fulfillmentLocName': 'SSAPL-BIG CENTRE THANE'}], 'paymentItems': [], 'codcharge': '0.00', 'customerGSTIN': ''}}, {'SO011097097': {'orderLocation': 'M01', 'orderId': 'M0137253', 'orderNo': 'SO011097097', 'extenalOrderNo': 'SO011097097', 'paymentMethod': 'Prepaid', 'status': 'Shipped & Returned', 'orderDate': '27/11/2021 14:50:11', 'orderAmount': '2999.00', 'orderCurrency': 'INR', 'conversionRate': '1.00', 'customerName': 'Lovish  Goyal', 'shipAddress1': 'Atc mart  heera tower  Nabha bhabhat road  Opposite liquor and wine shop near victoria society', 'shipAddress2': 'Punjab PB', 'shipAddress3': '', 'landmark': '', 'latitude': '', 'longitude': '', 'shipCity': 'Patiala', 'shipState': 'Punjab', 'shipCountry': 'India', 'shipPincode': '140603', 'shipPhone1': '7009769920', 'shipPhone2': '7009769920', 'shipEmail1': 'lovishgoyal@gmail.com', 'shipEmail2': 'lovishgoyal@gmail.com', 'billName': 'Lovish  Goyal', 'billAddress1': 'Atc mart  heera tower  Nabha bhabhat road  Opposite liquor and wine shop near victoria society', 'billAddress2': 'Punjab PB', 'billAddress3': '', 'billCity': 'Patiala', 'billState': 'Punjab', 'billCountry': 'India', 'billPincode': '140603', 'billPhone1': '7009769920', 'billPhone2': '7009769920', 'billEmail1': 'lovishgoyal@gmail.com', 'billEmail2': 'lovishgoyal@gmail.com', 'orderRemarks': None, 'shippingCharges': '0.00', 'handlingCharge2': '0.00', 'storeCredit': '0.00', 'isVerifiedOrder': '1', 'isOnHold': '0', 'giftvoucher': '0.00', 'otherDiscount': '0.00', 'discountCode': 'null', 'promoCode': None, 'promoName': None, 'cancelRemark': '', 'isGiftwrap': '0', 'giftwrapMsg': '', 'deliverySlot': '', 'customDataFeld1': '', 'customDataFeld2': '', 'customDataFeld3': '', 'customDataFeld4': '["Transaction is yet to complete"]', 'customDataFeld5': '', 'customDataFeld6': '', 'customDataFeld7': 'WHMP0438381746', 'customDataFeld8': '', 'customDataFeld9': '27/11/2021 09:21:42', 'customDataFeld10': '', 'discountAmount': '0.000', 'taxAmount': '457.47', 'updatedDate': '26/09/2022 17:54:50', 'mode': 'wms', 'IsReplacementOrder': 'No', 'originalOrderno': '', 'customerCode': '999999', 'extCustomerCode': '', 'clientId': '0', 'fulfillmentLocCode': 'SHO', 'extFulFillmentLocCode': 'SHO', 'orderSourceName': 'Webstore', 'collectibleAmount': '0.00', 'totalOrderLine': '1', 'delFulfillmentMode': '2', 'geoType': None, 'geoAddress': None, 'geoLatitude': None, 'geoLongitude': None, 'orderSource': 'M01', 'orderType': 'SO', 'shipByDate': '29/11/2021 14:50:11', 'processAfterDate': '', 'masterorderNo': '85773', 'priority': 'Normal', 'pickupLocation': '', 'fulfillmentLocName': 'SKECHERS SOUTH ASIA PRIVATE LIMITED', 'items': [{'lineno': '192620', 'extLineno': '192620', 'internalLineNo': '1', 'sku': '193642416763', 'primaryUPC': 'SKR23551', 'skuName': '66150-BLK/11/SHOE/STATUS 2.0', 'status': 'Shipped & Returned', 'imageUrl': 'https://imageserver.skechers.com/img/productimages/large/66150_BLK.jpg', 'uom': 'Each', 'uomqty': '1.00', 'conversion': '1.00', 'orderQty': '1.00', 'commitedQty': '0.00', 'cancelledQty': '0.00', 'shippedQty': '1.00', 'returnQty': '1.00', 'unitPrice': '2999.00', 'discountAmt': '0.00', 'promoCode': None, 'promoName': None, 'taxAmount': '457.47', 'openQty': '0.00', 'udf1': '', 'udf2': '', 'udf3': '', 'udf4': '', 'udf5': '', 'udf6': '', 'udf7': '', 'udf8': '', 'udf9': '', 'udf10': '', 'bundleSkuCode': None, 'shipByDate': '', 'fulfillmentLocCode': 'D42', 'fulfillmentLocName': 'SSAPL-BIG CENTRE THANE'}], 'paymentItems': [], 'codcharge': '0.00', 'customerGSTIN': ''}}, {'SO011084768': {'orderLocation': 'M01', 'orderId': 'M0130899', 'orderNo': 'SO011084768', 'extenalOrderNo': 'SO011084768', 'paymentMethod': 'Prepaid', 'status': 'Shipped & Returned', 'orderDate': '10/10/2021 10:01:01', 'orderAmount': '3500.00', 'orderCurrency': 'INR', 'conversionRate': '1.00', 'customerName': 'Parth  Dabhi', 'shipAddress1': '319,sarita vihar society Opp. Remuka bhavan,  Puna to bombay market road', 'shipAddress2': 'Gujarat GJ', 'shipAddress3': '', 'landmark': '', 'latitude': '', 'longitude': '', 'shipCity': 'Surat', 'shipState': 'Gujarat', 'shipCountry': 'India', 'shipPincode': '395006', 'shipPhone1': '9768187157', 'shipPhone2': '9768187157', 'shipEmail1': 'parthdabhi7@gmail.com', 'shipEmail2': 'parthdabhi7@gmail.com', 'billName': 'Parth  Dabhi', 'billAddress1': '319,sarita vihar society Opp. Remuka bhavan,  Puna to bombay market road', 'billAddress2': 'Gujarat GJ', 'billAddress3': '', 'billCity': 'Surat', 'billState': 'Gujarat', 'billCountry': 'India', 'billPincode': '395006', 'billPhone1': '9768187157', 'billPhone2': '9768187157', 'billEmail1': 'parthdabhi7@gmail.com', 'billEmail2': 'parthdabhi7@gmail.com', 'orderRemarks': None, 'shippingCharges': '0.00', 'handlingCharge2': '0.00', 'storeCredit': '0.00', 'isVerifiedOrder': '1', 'isOnHold': '0', 'giftvoucher': '0.00', 'otherDiscount': '0.00', 'discountCode': 'null', 'promoCode': None, 'promoName': None, 'cancelRemark': '', 'isGiftwrap': '0', 'giftwrapMsg': '', 'deliverySlot': '', 'customDataFeld1': '', 'customDataFeld2': '', 'customDataFeld3': '', 'customDataFeld4': '["Transaction is yet to complete"]', 'customDataFeld5': '', 'customDataFeld6': '', 'customDataFeld7': 'WHMP0330440654', 'customDataFeld8': '', 'customDataFeld9': '10/10/2021 04:32:20', 'customDataFeld10': '', 'discountAmount': '0.000', 'taxAmount': '533.90', 'updatedDate': '26/09/2022 21:14:21', 'mode': 'wms', 'IsReplacementOrder': 'No', 'originalOrderno': '', 'customerCode': '999999', 'extCustomerCode': '', 'clientId': '0', 'fulfillmentLocCode': 'SHO', 'extFulFillmentLocCode': 'SHO', 'orderSourceName': 'Webstore', 'collectibleAmount': '0.00', 'totalOrderLine': '1', 'delFulfillmentMode': '2', 'geoType': None, 'geoAddress': None, 'geoLatitude': None, 'geoLongitude': None, 'orderSource': 'M01', 'orderType': 'SO', 'shipByDate': '12/10/2021 10:01:01', 'processAfterDate': '', 'masterorderNo': '74035', 'priority': 'Normal', 'pickupLocation': '', 'fulfillmentLocName': 'SKECHERS SOUTH ASIA PRIVATE LIMITED', 'items': [{'lineno': '166148', 'extLineno': '166148', 'internalLineNo': '1', 'sku': '194428034492', 'primaryUPC': 'SKR26970', 'skuName': '54490-NVY/10/SHOE/GO WALK AIR-AIRFLOW', 'status': 'Shipped & Returned', 'imageUrl': 'https://imageserver.skechers.com/img/productimages/large/54490_NVY.jpg', 'uom': 'Each', 'uomqty': '1.00', 'conversion': '1.00', 'orderQty': '1.00', 'commitedQty': '0.00', 'cancelledQty': '0.00', 'shippedQty': '1.00', 'returnQty': '1.00', 'unitPrice': '3500.00', 'discountAmt': '0.00', 'promoCode': None, 'promoName': None, 'taxAmount': '533.90', 'openQty': '0.00', 'udf1': '', 'udf2': '', 'udf3': '', 'udf4': '', 'udf5': '', 'udf6': '', 'udf7': '', 'udf8': '', 'udf9': '', 'udf10': '', 'bundleSkuCode': None, 'shipByDate': '', 'fulfillmentLocCode': 'D42', 'fulfillmentLocName': 'SSAPL-BIG CENTRE THANE'}], 'paymentItems': [], 'codcharge': '0.00', 'customerGSTIN': ''}}, {'SO011050274': {'orderLocation': 'M01', 'orderId': 'M0111874', 'orderNo': 'SO011050274', 'extenalOrderNo': 'SO011050274', 'paymentMethod': 'Prepaid', 'status': 'Shipped & Returned', 'orderDate': '20/02/2021 08:13:49', 'orderAmount': '2649.50', 'orderCurrency': 'INR', 'conversionRate': '1.00', 'customerName': 'Ankush  Kaushal', 'shipAddress1': 'Airtel Center ,Plot No. 16, Phase IV, Sector 18 Gurugram', 'shipAddress2': 'Haryana HR', 'shipAddress3': '', 'landmark': '', 'latitude': '', 'longitude': '', 'shipCity': 'Gurgaon', 'shipState': 'Haryana', 'shipCountry': 'India', 'shipPincode': '122015', 'shipPhone1': '8146971555', 'shipPhone2': '8146971555', 'shipEmail1': 'kaushal_ankush84@yahoo.co.in', 'shipEmail2': 'kaushal_ankush84@yahoo.co.in', 'billName': 'Ankush  Kaushal', 'billAddress1': 'Airtel Center ,Plot No. 16, Phase IV, Sector 18 Gurugram', 'billAddress2': 'Haryana HR', 'billAddress3': '', 'billCity': 'Gurgaon', 'billState': 'Haryana', 'billCountry': 'India', 'billPincode': '122015', 'billPhone1': '8146971555', 'billPhone2': '8146971555', 'billEmail1': 'kaushal_ankush84@yahoo.co.in', 'billEmail2': 'kaushal_ankush84@yahoo.co.in', 'orderRemarks': None, 'shippingCharges': '0.00', 'handlingCharge2': '0.00', 'storeCredit': '0.00', 'isVerifiedOrder': '1', 'isOnHold': '0', 'giftvoucher': '0.00', 'otherDiscount': '0.00', 'discountCode': 'null', 'promoCode': None, 'promoName': None, 'cancelRemark': '', 'isGiftwrap': '0', 'giftwrapMsg': '', 'deliverySlot': '', 'customDataFeld1': '', 'customDataFeld2': '', 'customDataFeld3': '', 'customDataFeld4': '["Transaction is yet to complete"]', 'customDataFeld5': '', 'customDataFeld6': '', 'customDataFeld7': 'VICI9765663445', 'customDataFeld8': '', 'customDataFeld9': '20/02/2021 02:45:01', 'customDataFeld10': '', 'discountAmount': '0.000', 'taxAmount': '404.16', 'updatedDate': '28/09/2022 13:08:07', 'mode': 'wms', 'IsReplacementOrder': 'No', 'originalOrderno': '', 'customerCode': '999999', 'extCustomerCode': '', 'clientId': '0', 'fulfillmentLocCode': 'SHO', 'extFulFillmentLocCode': 'SHO', 'orderSourceName': 'Webstore', 'collectibleAmount': '0.00', 'totalOrderLine': '1', 'delFulfillmentMode': '2', 'geoType': None, 'geoAddress': None, 'geoLatitude': None, 'geoLongitude': None, 'orderSource': 'M01', 'orderType': 'SO', 'shipByDate': '22/02/2021 08:13:49', 'processAfterDate': '', 'masterorderNo': '39861', 'priority': 'Normal', 'pickupLocation': '', 'fulfillmentLocName': 'SKECHERS SOUTH ASIA PRIVATE LIMITED', 'items': [{'lineno': '89288', 'extLineno': '89288', 'internalLineNo': '1', 'sku': '193642165340', 'primaryUPC': 'SKR22610', 'skuName': '55169-BKBL/9/SHOE/GO RUN FOCUS', 'status': 'Shipped & Returned', 'imageUrl': 'https://imageserver.skechers.com/img/productimages/large/55169_BKBL.jpg', 'uom': 'Each', 'uomqty': '1.00', 'conversion': '1.00', 'orderQty': '1.00', 'commitedQty': '0.00', 'cancelledQty': '0.00', 'shippedQty': '1.00', 'returnQty': '1.00', 'unitPrice': '2649.50', 'discountAmt': '0.00', 'promoCode': None, 'promoName': None, 'taxAmount': '404.16', 'openQty': '0.00', 'udf1': '', 'udf2': '', 'udf3': '', 'udf4': '', 'udf5': '', 'udf6': '', 'udf7': '', 'udf8': '', 'udf9': '', 'udf10': '', 'bundleSkuCode': None, 'shipByDate': '', 'fulfillmentLocCode': 'D42', 'fulfillmentLocName': 'SSAPL-BIG CENTRE THANE'}], 'paymentItems': [], 'codcharge': '0.00', 'customerGSTIN': ''}}, {'SO011096889': {'orderLocation': 'M01', 'orderId': 'M0137132', 'orderNo': 'SO011096889', 'extenalOrderNo': 'SO011096889', 'paymentMethod': 'Prepaid', 'status': 'Shipped & Returned', 'orderDate': '27/11/2021 00:00:19', 'orderAmount': '3500.00', 'orderCurrency': 'INR', 'conversionRate': '1.00', 'customerName': 'Puja  Bengani', 'shipAddress1': 'B5 - 71 Elite Empire Balewadi, Baner road', 'shipAddress2': 'Maharashtra MH', 'shipAddress3': '', 'landmark': '', 'latitude': '', 'longitude': '', 'shipCity': 'Pune', 'shipState': 'Maharashtra', 'shipCountry': 'India', 'shipPincode': '411045', 'shipPhone1': '9674917003', 'shipPhone2': '9674917003', 'shipEmail1': 'jain.pujadugar@gmail.com', 'shipEmail2': 'jain.pujadugar@gmail.com', 'billName': 'Puja  Bengani', 'billAddress1': 'B5 - 71 Elite Empire Balewadi, Baner road', 'billAddress2': 'Maharashtra MH', 'billAddress3': '', 'billCity': 'Pune', 'billState': 'Maharashtra', 'billCountry': 'India', 'billPincode': '411045', 'billPhone1': '9674917003', 'billPhone2': '9674917003', 'billEmail1': 'jain.pujadugar@gmail.com', 'billEmail2': 'jain.pujadugar@gmail.com', 'orderRemarks': None, 'shippingCharges': '0.00', 'handlingCharge2': '0.00', 'storeCredit': '0.00', 'isVerifiedOrder': '1', 'isOnHold': '0', 'giftvoucher': '0.00', 'otherDiscount': '0.00', 'discountCode': 'null', 'promoCode': None, 'promoName': None, 'cancelRemark': '', 'isGiftwrap': '0', 'giftwrapMsg': '', 'deliverySlot': '', 'customDataFeld1': '', 'customDataFeld2': '', 'customDataFeld3': '', 'customDataFeld4': '["Transaction is yet to complete"]', 'customDataFeld5': '', 'customDataFeld6': '', 'customDataFeld7': 'WPNB0437450751', 'customDataFeld8': '', 'customDataFeld9': '26/11/2021 18:33:07', 'customDataFeld10': '', 'discountAmount': '0.000', 'taxAmount': '533.90', 'updatedDate': '28/09/2022 13:09:17', 'mode': 'wms', 'IsReplacementOrder': 'No', 'originalOrderno': '', 'customerCode': '999999', 'extCustomerCode': '', 'clientId': '0', 'fulfillmentLocCode': 'SHO', 'extFulFillmentLocCode': 'SHO', 'orderSourceName': 'Webstore', 'collectibleAmount': '0.00', 'totalOrderLine': '1', 'delFulfillmentMode': '2', 'geoType': None, 'geoAddress': None, 'geoLatitude': None, 'geoLongitude': None, 'orderSource': 'M01', 'orderType': 'SO', 'shipByDate': '29/11/2021 00:00:19', 'processAfterDate': '', 'masterorderNo': '85565', 'priority': 'Normal', 'pickupLocation': '', 'fulfillmentLocName': 'SKECHERS SOUTH ASIA PRIVATE LIMITED', 'items': [{'lineno': '192152', 'extLineno': '192152', 'internalLineNo': '1', 'sku': '193113954213', 'primaryUPC': 'SKR24820', 'skuName': '66402-BLK/9/SHOE/BREGMAN-SELONE', 'status': 'Shipped & Returned', 'imageUrl': 'https://imageserver.skechers.com/img/productimages/large/66402_BLK.jpg', 'uom': 'Each', 'uomqty': '1.00', 'conversion': '1.00', 'orderQty': '1.00', 'commitedQty': '0.00', 'cancelledQty': '0.00', 'shippedQty': '1.00', 'returnQty': '1.00', 'unitPrice': '3500.00', 'discountAmt': '0.00', 'promoCode': None, 'promoName': None, 'taxAmount': '533.90', 'openQty': '0.00', 'udf1': '', 'udf2': '', 'udf3': '', 'udf4': '', 'udf5': '', 'udf6': '', 'udf7': '', 'udf8': '', 'udf9': '', 'udf10': '', 'bundleSkuCode': None, 'shipByDate': '', 'fulfillmentLocCode': 'D42', 'fulfillmentLocName': 'SSAPL-BIG CENTRE THANE'}], 'paymentItems': [], 'codcharge': '0.00', 'customerGSTIN': ''}}]} | startdate : 23/09/2022 00:00:00 | enddate : 30/09/2022 00:00:00
18940:2023-04-14 15:18:02,910:INFO:responsedata : {'responseCode': 9, 'responseMessage': 'No Record Found.', 'totalOrders': None, 'totalPages': None, 'currentPage': None, 'orderList': []} | startdate : 30/09/2022 00:00:00 | enddate : 07/10/2022 00:00:00
18940:2023-04-14 15:18:03,379:INFO:responsedata : {'responseCode': 0, 'responseMessage': 'Success', 'totalOrders': 2, 'totalPages': 1, 'currentPage': 1, 'orderList': [{'SO011048748': {'orderLocation': 'M01', 'orderId': 'M0111104', 'orderNo': 'SO011048748', 'extenalOrderNo': 'SO011048748', 'paymentMethod': 'Prepaid', 'status': 'Shipped & Returned', 'orderDate': '10/02/2021 18:09:21', 'orderAmount': '3749.50', 'orderCurrency': 'INR', 'conversionRate': '1.00', 'customerName': 'Rishabh  Rastogi', 'shipAddress1': 'B-12 Samrat Palace, Garh Road, Meerut', 'shipAddress2': 'Uttar Pradesh UP', 'shipAddress3': '', 'landmark': '', 'latitude': '', 'longitude': '', 'shipCity': 'Meerut', 'shipState': 'Uttar Pradesh', 'shipCountry': 'India', 'shipPincode': '250002', 'shipPhone1': '8218404586', 'shipPhone2': '8218404586', 'shipEmail1': 'rishabh0211@gmail.com', 'shipEmail2': 'rishabh0211@gmail.com', 'billName': 'Rishabh  Rastogi', 'billAddress1': 'B-12 Samrat Palace, Garh Road, Meerut', 'billAddress2': 'Uttar Pradesh UP', 'billAddress3': '', 'billCity': 'Meerut', 'billState': 'Uttar Pradesh', 'billCountry': 'India', 'billPincode': '250002', 'billPhone1': '8218404586', 'billPhone2': '8218404586', 'billEmail1': 'rishabh0211@gmail.com', 'billEmail2': 'rishabh0211@gmail.com', 'orderRemarks': None, 'shippingCharges': '0.00', 'handlingCharge2': '0.00', 'storeCredit': '0.00', 'isVerifiedOrder': '1', 'isOnHold': '0', 'giftvoucher': '0.00', 'otherDiscount': '0.00', 'discountCode': 'null', 'promoCode': None, 'promoName': None, 'cancelRemark': '', 'isGiftwrap': '0', 'giftwrapMsg': '', 'deliverySlot': '', 'customDataFeld1': '', 'customDataFeld2': '', 'customDataFeld3': '', 'customDataFeld4': '["Transaction is yet to complete"]', 'customDataFeld5': '', 'customDataFeld6': '', 'customDataFeld7': 'VHMP9737994994', 'customDataFeld8': '', 'customDataFeld9': '10/02/2021 12:43:16', 'customDataFeld10': '', 'discountAmount': '0.000', 'taxAmount': '571.96', 'updatedDate': '09/10/2022 17:13:16', 'mode': 'wms', 'IsReplacementOrder': 'No', 'originalOrderno': '', 'customerCode': '999999', 'extCustomerCode': '', 'clientId': '0', 'fulfillmentLocCode': 'SHO', 'extFulFillmentLocCode': 'SHO', 'orderSourceName': 'Webstore', 'collectibleAmount': '0.00', 'totalOrderLine': '1', 'delFulfillmentMode': '2', 'geoType': None, 'geoAddress': None, 'geoLatitude': None, 'geoLongitude': None, 'orderSource': 'M01', 'orderType': 'SO', 'shipByDate': '12/02/2021 18:09:21', 'processAfterDate': '', 'masterorderNo': '38339', 'priority': 'Normal', 'pickupLocation': '', 'fulfillmentLocName': 'SKECHERS SOUTH ASIA PRIVATE LIMITED', 'items': [{'lineno': '85904', 'extLineno': '85904', 'internalLineNo': '1', 'sku': '193113990860', 'primaryUPC': 'SKR24465', 'skuName': '69710-NVY/8/SHOE/MODERN JOGGER 2.0 - SWITZER', 'status': 'Shipped & Returned', 'imageUrl': 'https://imageserver.skechers.com/img/productimages/large/69710_NVY.jpg', 'uom': 'Each', 'uomqty': '1.00', 'conversion': '1.00', 'orderQty': '1.00', 'commitedQty': '0.00', 'cancelledQty': '0.00', 'shippedQty': '1.00', 'returnQty': '1.00', 'unitPrice': '3749.50', 'discountAmt': '0.00', 'promoCode': None, 'promoName': None, 'taxAmount': '571.96', 'openQty': '0.00', 'udf1': '', 'udf2': '', 'udf3': '', 'udf4': '', 'udf5': '', 'udf6': '', 'udf7': '', 'udf8': '', 'udf9': '', 'udf10': '', 'bundleSkuCode': None, 'shipByDate': '', 'fulfillmentLocCode': 'D42', 'fulfillmentLocName': 'SSAPL-BIG CENTRE THANE'}], 'paymentItems': [], 'codcharge': '0.00', 'customerGSTIN': ''}}, {'SO011085170': {'orderLocation': 'M01', 'orderId': 'M0131109', 'orderNo': 'SO011085170', 'extenalOrderNo': 'SO011085170', 'paymentMethod': 'Prepaid', 'status': 'Shipped & Returned', 'orderDate': '12/10/2021 00:00:30', 'orderAmount': '5000.00', 'orderCurrency': 'INR', 'conversionRate': '1.00', 'customerName': 'Sumati  Jaggi', 'shipAddress1': 'House number :-140/10 Mohalla Joshian  Thanesar, Kurukshetra', 'shipAddress2': 'Haryana HR', 'shipAddress3': '', 'landmark': '', 'latitude': '', 'longitude': '', 'shipCity': 'Kurukshetra', 'shipState': 'Haryana', 'shipCountry': 'India', 'shipPincode': '136118', 'shipPhone1': '9728277999', 'shipPhone2': '9728277999', 'shipEmail1': 'Sumati.jaggi9@gmail.com', 'shipEmail2': 'Sumati.jaggi9@gmail.com', 'billName': 'Sumati  Jaggi', 'billAddress1': 'House number :-140/10 Mohalla Joshian  Thanesar, Kurukshetra', 'billAddress2': 'Haryana HR', 'billAddress3': '', 'billCity': 'Kurukshetra', 'billState': 'Haryana', 'billCountry': 'India', 'billPincode': '136118', 'billPhone1': '9728277999', 'billPhone2': '9728277999', 'billEmail1': 'Sumati.jaggi9@gmail.com', 'billEmail2': 'Sumati.jaggi9@gmail.com', 'orderRemarks': None, 'shippingCharges': '0.00', 'handlingCharge2': '0.00', 'storeCredit': '0.00', 'isVerifiedOrder': '1', 'isOnHold': '0', 'giftvoucher': '0.00', 'otherDiscount': '0.00', 'discountCode': 'null', 'promoCode': None, 'promoName': None, 'cancelRemark': '', 'isGiftwrap': '0', 'giftwrapMsg': '', 'deliverySlot': '', 'customDataFeld1': '', 'customDataFeld2': '', 'customDataFeld3': '', 'customDataFeld4': '["Transaction is yet to complete"]', 'customDataFeld5': '', 'customDataFeld6': '', 'customDataFeld7': 'WHMP0334724906', 'customDataFeld8': '', 'customDataFeld9': '11/10/2021 18:35:15', 'customDataFeld10': '', 'discountAmount': '0.000', 'taxAmount': '762.71', 'updatedDate': '09/10/2022 18:07:21', 'mode': 'wms', 'IsReplacementOrder': 'No', 'originalOrderno': '', 'customerCode': '999999', 'extCustomerCode': '', 'clientId': '0', 'fulfillmentLocCode': 'SHO', 'extFulFillmentLocCode': 'SHO', 'orderSourceName': 'Webstore', 'collectibleAmount': '0.00', 'totalOrderLine': '1', 'delFulfillmentMode': '2', 'geoType': None, 'geoAddress': None, 'geoLatitude': None, 'geoLongitude': None, 'orderSource': 'M01', 'orderType': 'SO', 'shipByDate': '14/10/2021 00:00:30', 'processAfterDate': '', 'masterorderNo': '74436', 'priority': 'Normal', 'pickupLocation': '', 'fulfillmentLocName': 'SKECHERS SOUTH ASIA PRIVATE LIMITED', 'items': [{'lineno': '167058', 'extLineno': '167058', 'internalLineNo': '1', 'sku': '193113982650', 'primaryUPC': 'SKR23690', 'skuName': '23482-BBK/10/SHOE/MICROBURST 2.0', 'status': 'Shipped & Returned', 'imageUrl': 'https://imageserver.skechers.com/img/productimages/large/23482_BBK.jpg', 'uom': 'Each', 'uomqty': '2.00', 'conversion': '1.00', 'orderQty': '2.00', 'commitedQty': '0.00', 'cancelledQty': '0.00', 'shippedQty': '2.00', 'returnQty': '2.00', 'unitPrice': '2500.00', 'discountAmt': '0.00', 'promoCode': None, 'promoName': None, 'taxAmount': '762.71', 'openQty': '0.00', 'udf1': '', 'udf2': '', 'udf3': '', 'udf4': '', 'udf5': '', 'udf6': '', 'udf7': '', 'udf8': '', 'udf9': '', 'udf10': '', 'bundleSkuCode': None, 'shipByDate': '', 'fulfillmentLocCode': 'D42', 'fulfillmentLocName': 'SSAPL-BIG CENTRE THANE'}], 'paymentItems': [], 'codcharge': '0.00', 'customerGSTIN': ''}}]} | startdate : 07/10/2022 00:00:00 | enddate : 14/10/2022 00:00:00
18940:2023-04-14 15:18:03,813:INFO:responsedata : {'responseCode': 9, 'responseMessage': 'No Record Found.', 'totalOrders': None, 'totalPages': None, 'currentPage': None, 'orderList': []} | startdate : 14/10/2022 00:00:00 | enddate : 21/10/2022 00:00:00
18940:2023-04-14 15:18:04,226:INFO:responsedata : {'responseCode': 9, 'responseMessage': 'No Record Found.', 'totalOrders': None, 'totalPages': None, 'currentPage': None, 'orderList': []} | startdate : 21/10/2022 00:00:00 | enddate : 28/10/2022 00:00:00
18940:2023-04-14 15:18:04,657:INFO:responsedata : {'responseCode': 9, 'responseMessage': 'No Record Found.', 'totalOrders': None, 'totalPages': None, 'currentPage': None, 'orderList': []} | startdate : 28/10/2022 00:00:00 | enddate : 04/11/2022 00:00:00
18940:2023-04-14 15:18:05,158:INFO:responsedata : {'responseCode': 0, 'responseMessage': 'Success', 'totalOrders': 1, 'totalPages': 1, 'currentPage': 1, 'orderList': [{'SO011085155': {'orderLocation': 'M01', 'orderId': 'M0131101', 'orderNo': 'SO011085155', 'extenalOrderNo': 'SO011085155', 'paymentMethod': 'Prepaid', 'status': 'Shipped & Returned', 'orderDate': '11/10/2021 23:20:35', 'orderAmount': '5500.00', 'orderCurrency': 'INR', 'conversionRate': '1.00', 'customerName': 'Jesika  Shah', 'shipAddress1': 'Before Ajaypal, Behind Destination Bir Chaugan Bir', 'shipAddress2': 'Himachal Pradesh HP', 'shipAddress3': '', 'landmark': '', 'latitude': '', 'longitude': '', 'shipCity': 'Kangra', 'shipState': 'Himachal Pradesh', 'shipCountry': 'India', 'shipPincode': '176077', 'shipPhone1': '9819154929', 'shipPhone2': '9819154929', 'shipEmail1': 'jespit@gmail.com', 'shipEmail2': 'jespit@gmail.com', 'billName': 'Jesika  Shah', 'billAddress1': 'Before Ajaypal, Behind Destination Bir Chaugan Bir', 'billAddress2': 'Himachal Pradesh HP', 'billAddress3': '', 'billCity': 'Kangra', 'billState': 'Himachal Pradesh', 'billCountry': 'India', 'billPincode': '176077', 'billPhone1': '9819154929', 'billPhone2': '9819154929', 'billEmail1': 'jespit@gmail.com', 'billEmail2': 'jespit@gmail.com', 'orderRemarks': None, 'shippingCharges': '0.00', 'handlingCharge2': '0.00', 'storeCredit': '0.00', 'isVerifiedOrder': '1', 'isOnHold': '0', 'giftvoucher': '0.00', 'otherDiscount': '0.00', 'discountCode': 'null', 'promoCode': None, 'promoName': None, 'cancelRemark': '', 'isGiftwrap': '0', 'giftwrapMsg': '', 'deliverySlot': '', 'customDataFeld1': '', 'customDataFeld2': '', 'customDataFeld3': '', 'customDataFeld4': '["Transaction is yet to complete"]', 'customDataFeld5': '', 'customDataFeld6': '', 'customDataFeld7': 'WHMP0334672995', 'customDataFeld8': '', 'customDataFeld9': '11/10/2021 17:51:54', 'customDataFeld10': '', 'discountAmount': '0.000', 'taxAmount': '838.98', 'updatedDate': '04/11/2022 16:46:25', 'mode': 'wms', 'IsReplacementOrder': 'No', 'originalOrderno': '', 'customerCode': '999999', 'extCustomerCode': '', 'clientId': '0', 'fulfillmentLocCode': 'SHO', 'extFulFillmentLocCode': 'SHO', 'orderSourceName': 'Webstore', 'collectibleAmount': '0.00', 'totalOrderLine': '1', 'delFulfillmentMode': '2', 'geoType': None, 'geoAddress': None, 'geoLatitude': None, 'geoLongitude': None, 'orderSource': 'M01', 'orderType': 'SO', 'shipByDate': '13/10/2021 23:20:35', 'processAfterDate': '', 'masterorderNo': '74421', 'priority': 'Normal', 'pickupLocation': '', 'fulfillmentLocName': 'SKECHERS SOUTH ASIA PRIVATE LIMITED', 'items': [{'lineno': '167028', 'extLineno': '167028', 'internalLineNo': '1', 'sku': '193642409307', 'primaryUPC': 'SKR26060', 'skuName': '55260-BKBL/10/SHOE/SPEED TRL', 'status': 'Shipped & Returned', 'imageUrl': 'https://imageserver.skechers.com/img/productimages/large/55260_BKBL.jpg', 'uom': 'Each', 'uomqty': '1.00', 'conversion': '1.00', 'orderQty': '1.00', 'commitedQty': '0.00', 'cancelledQty': '0.00', 'shippedQty': '1.00', 'returnQty': '1.00', 'unitPrice': '5500.00', 'discountAmt': '0.00', 'promoCode': None, 'promoName': None, 'taxAmount': '838.98', 'openQty': '0.00', 'udf1': '', 'udf2': '', 'udf3': '', 'udf4': '', 'udf5': '', 'udf6': '', 'udf7': '', 'udf8': '', 'udf9': '', 'udf10': '', 'bundleSkuCode': None, 'shipByDate': '', 'fulfillmentLocCode': 'D42', 'fulfillmentLocName': 'SSAPL-BIG CENTRE THANE'}], 'paymentItems': [], 'customerGSTIN': '', 'codcharge': '0.00'}}]} | startdate : 04/11/2022 00:00:00 | enddate : 11/11/2022 00:00:00
18940:2023-04-14 15:18:05,624:INFO:responsedata : {'responseCode': 0, 'responseMessage': 'Success', 'totalOrders': 1, 'totalPages': 1, 'currentPage': 1, 'orderList': [{'SO011039673': {'orderLocation': 'M01', 'orderId': 'M016157', 'orderNo': 'SO011039673', 'extenalOrderNo': 'SO011039673', 'paymentMethod': 'Prepaid', 'status': 'Shipped & Returned', 'orderDate': '01/01/2021 20:26:23', 'orderAmount': '6798.50', 'orderCurrency': 'INR', 'conversionRate': '1.00', 'customerName': 'KARTIK  SYAL', 'shipAddress1': 'Sudama Cottage Cemetery Road Sanjauli', 'shipAddress2': 'Himachal Pradesh HP', 'shipAddress3': '', 'landmark': '', 'latitude': '', 'longitude': '', 'shipCity': 'Shimla', 'shipState': 'Himachal Pradesh', 'shipCountry': 'India', 'shipPincode': '171006', 'shipPhone1': '9418485155', 'shipPhone2': '9418485155', 'shipEmail1': 'kartik.syal@gmail.com', 'shipEmail2': 'kartik.syal@gmail.com', 'billName': 'KARTIK  SYAL', 'billAddress1': 'Sudama Cottage Cemetery Road Sanjauli', 'billAddress2': 'Himachal Pradesh HP', 'billAddress3': '', 'billCity': 'Shimla', 'billState': 'Himachal Pradesh', 'billCountry': 'India', 'billPincode': '171006', 'billPhone1': '9418485155', 'billPhone2': '9418485155', 'billEmail1': 'kartik.syal@gmail.com', 'billEmail2': 'kartik.syal@gmail.com', 'orderRemarks': None, 'shippingCharges': '0.00', 'handlingCharge2': '0.00', 'storeCredit': '0.00', 'isVerifiedOrder': '1', 'isOnHold': '0', 'giftvoucher': '0.00', 'otherDiscount': '0.00', 'discountCode': 'null', 'promoCode': None, 'promoName': None, 'cancelRemark': '', 'isGiftwrap': '0', 'giftwrapMsg': '', 'deliverySlot': '', 'customDataFeld1': '', 'customDataFeld2': '', 'customDataFeld3': '', 'customDataFeld4': '["Transaction is yet to complete"]', 'customDataFeld5': '', 'customDataFeld6': '', 'customDataFeld7': 'VCPI9616915895', 'customDataFeld8': '', 'customDataFeld9': '01/01/2021 14:57:48', 'customDataFeld10': '', 'discountAmount': '0.000', 'taxAmount': '1037.06', 'updatedDate': '17/11/2022 17:08:01', 'mode': 'wms', 'IsReplacementOrder': 'No', 'originalOrderno': '', 'customerCode': '999999', 'extCustomerCode': '', 'clientId': '0', 'fulfillmentLocCode': 'SHO', 'extFulFillmentLocCode': 'SHO', 'orderSourceName': 'Webstore', 'collectibleAmount': '0.00', 'totalOrderLine': '3', 'delFulfillmentMode': '2', 'geoType': None, 'geoAddress': None, 'geoLatitude': None, 'geoLongitude': None, 'orderSource': 'M01', 'orderType': 'SO', 'shipByDate': '03/01/2021 20:26:23', 'processAfterDate': '', 'masterorderNo': '29282', 'priority': 'Normal', 'pickupLocation': '', 'fulfillmentLocName': 'SKECHERS SOUTH ASIA PRIVATE LIMITED', 'items': [{'lineno': '65818', 'extLineno': '65818', 'internalLineNo': '1', 'sku': '192283360923', 'primaryUPC': 'SKR14931', 'skuName': '12614-NVBL/7/SHOE/GRACEFUL', 'status': 'Shipped & Returned', 'imageUrl': 'https://imageserver.skechers.com/img/productimages/large/12614_NVBL.jpg', 'uom': 'Each', 'uomqty': '1.00', 'conversion': '1.00', 'orderQty': '1.00', 'commitedQty': '0.00', 'cancelledQty': '0.00', 'shippedQty': '1.00', 'returnQty': '1.00', 'unitPrice': '1999.50', 'discountAmt': '0.00', 'promoCode': None, 'promoName': None, 'taxAmount': '305.01', 'openQty': '0.00', 'udf1': '', 'udf2': '', 'udf3': '', 'udf4': '', 'udf5': '', 'udf6': '', 'udf7': '', 'udf8': '', 'udf9': '', 'udf10': '', 'bundleSkuCode': None, 'shipByDate': '', 'fulfillmentLocCode': 'A74', 'fulfillmentLocName': 'SSAPL-E-COM'}, {'lineno': '65820', 'extLineno': '65820', 'internalLineNo': '2', 'sku': '193113594136', 'primaryUPC': 'SKR22106', 'skuName': '32709-NVBL/8/SHOE/BOBS SPARROW - SNEAKER CLUB', 'status': 'Shipped & Returned', 'imageUrl': 'https://imageserver.skechers.com/img/productimages/large/32709_NVBL.jpg', 'uom': 'Each', 'uomqty': '1.00', 'conversion': '1.00', 'orderQty': '1.00', 'commitedQty': '0.00', 'cancelledQty': '0.00', 'shippedQty': '1.00', 'returnQty': '1.00', 'unitPrice': '2399.50', 'discountAmt': '0.00', 'promoCode': None, 'promoName': None, 'taxAmount': '366.03', 'openQty': '0.00', 'udf1': '', 'udf2': '', 'udf3': '', 'udf4': '', 'udf5': '', 'udf6': '', 'udf7': '', 'udf8': '', 'udf9': '', 'udf10': '', 'bundleSkuCode': None, 'shipByDate': '', 'fulfillmentLocCode': 'A74', 'fulfillmentLocName': 'SSAPL-E-COM'}, {'lineno': '65822', 'extLineno': '65822', 'internalLineNo': '3', 'sku': '193113236616', 'primaryUPC': 'SKR23280', 'skuName': '32709-MVE/8/SHOE/BOBS SPARROW - SNEAKER CLUB', 'status': 'Shipped & Returned', 'imageUrl': 'https://imageserver.skechers.com/img/productimages/large/32709_MVE.jpg', 'uom': 'Each', 'uomqty': '1.00', 'conversion': '1.00', 'orderQty': '1.00', 'commitedQty': '0.00', 'cancelledQty': '0.00', 'shippedQty': '1.00', 'returnQty': '1.00', 'unitPrice': '2399.50', 'discountAmt': '0.00', 'promoCode': None, 'promoName': None, 'taxAmount': '366.03', 'openQty': '0.00', 'udf1': '', 'udf2': '', 'udf3': '', 'udf4': '', 'udf5': '', 'udf6': '', 'udf7': '', 'udf8': '', 'udf9': '', 'udf10': '', 'bundleSkuCode': None, 'shipByDate': '', 'fulfillmentLocCode': 'D42', 'fulfillmentLocName': 'SSAPL-BIG CENTRE THANE'}], 'paymentItems': [], 'codcharge': '0.00', 'customerGSTIN': ''}}]} | startdate : 11/11/2022 00:00:00 | enddate : 18/11/2022 00:00:00
18940:2023-04-14 15:18:06,047:INFO:responsedata : {'responseCode': 9, 'responseMessage': 'No Record Found.', 'totalOrders': None, 'totalPages': None, 'currentPage': None, 'orderList': []} | startdate : 18/11/2022 00:00:00 | enddate : 25/11/2022 00:00:00
18940:2023-04-14 15:18:06,520:INFO:responsedata : {'responseCode': 9, 'responseMessage': 'No Record Found.', 'totalOrders': None, 'totalPages': None, 'currentPage': None, 'orderList': []} | startdate : 25/11/2022 00:00:00 | enddate : 02/12/2022 00:00:00
18940:2023-04-14 15:18:06,920:INFO:responsedata : {'responseCode': 9, 'responseMessage': 'No Record Found.', 'totalOrders': None, 'totalPages': None, 'currentPage': None, 'orderList': []} | startdate : 02/12/2022 00:00:00 | enddate : 09/12/2022 00:00:00
18940:2023-04-14 15:18:07,318:INFO:responsedata : {'responseCode': 9, 'responseMessage': 'No Record Found.', 'totalOrders': None, 'totalPages': None, 'currentPage': None, 'orderList': []} | startdate : 09/12/2022 00:00:00 | enddate : 16/12/2022 00:00:00
18940:2023-04-14 15:18:07,714:INFO:responsedata : {'responseCode': 9, 'responseMessage': 'No Record Found.', 'totalOrders': None, 'totalPages': None, 'currentPage': None, 'orderList': []} | startdate : 16/12/2022 00:00:00 | enddate : 23/12/2022 00:00:00
18940:2023-04-14 15:18:08,086:INFO:responsedata : {'responseCode': 9, 'responseMessage': 'No Record Found.', 'totalOrders': None, 'totalPages': None, 'currentPage': None, 'orderList': []} | startdate : 23/12/2022 00:00:00 | enddate : 30/12/2022 00:00:00
18940:2023-04-14 15:18:08,467:INFO:responsedata : {'responseCode': 9, 'responseMessage': 'No Record Found.', 'totalOrders': None, 'totalPages': None, 'currentPage': None, 'orderList': []} | startdate : 30/12/2022 00:00:00 | enddate : 06/01/2023 00:00:00
18940:2023-04-14 15:18:08,850:INFO:responsedata : {'responseCode': 9, 'responseMessage': 'No Record Found.', 'totalOrders': None, 'totalPages': None, 'currentPage': None, 'orderList': []} | startdate : 06/01/2023 00:00:00 | enddate : 13/01/2023 00:00:00
18940:2023-04-14 15:18:09,272:INFO:responsedata : {'responseCode': 9, 'responseMessage': 'No Record Found.', 'totalOrders': None, 'totalPages': None, 'currentPage': None, 'orderList': []} | startdate : 13/01/2023 00:00:00 | enddate : 20/01/2023 00:00:00
18940:2023-04-14 15:18:09,696:INFO:responsedata : {'responseCode': 9, 'responseMessage': 'No Record Found.', 'totalOrders': None, 'totalPages': None, 'currentPage': None, 'orderList': []} | startdate : 20/01/2023 00:00:00 | enddate : 27/01/2023 00:00:00
18940:2023-04-14 15:18:10,204:INFO:responsedata : {'responseCode': 9, 'responseMessage': 'No Record Found.', 'totalOrders': None, 'totalPages': None, 'currentPage': None, 'orderList': []} | startdate : 27/01/2023 00:00:00 | enddate : 03/02/2023 00:00:00
18940:2023-04-14 15:18:10,632:INFO:responsedata : {'responseCode': 9, 'responseMessage': 'No Record Found.', 'totalOrders': None, 'totalPages': None, 'currentPage': None, 'orderList': []} | startdate : 03/02/2023 00:00:00 | enddate : 10/02/2023 00:00:00
18940:2023-04-14 15:18:11,130:INFO:responsedata : {'responseCode': 9, 'responseMessage': 'No Record Found.', 'totalOrders': None, 'totalPages': None, 'currentPage': None, 'orderList': []} | startdate : 10/02/2023 00:00:00 | enddate : 17/02/2023 00:00:00
18940:2023-04-14 15:18:11,645:INFO:responsedata : {'responseCode': 0, 'responseMessage': 'Success', 'totalOrders': 1, 'totalPages': 1, 'currentPage': 1, 'orderList': [{'SO011094472': {'orderLocation': 'M01', 'orderId': 'M0135825', 'orderNo': 'SO011094472', 'extenalOrderNo': 'SO011094472', 'paymentMethod': 'Prepaid', 'status': 'Shipped & Returned', 'orderDate': '20/11/2021 12:30:08', 'orderAmount': '1699.00', 'orderCurrency': 'INR', 'conversionRate': '1.00', 'customerName': 'Aniket  Singh', 'shipAddress1': 'Vidhya  Bhawan  Narayanpur', 'shipAddress2': 'Uttar Pradesh UP', 'shipAddress3': '', 'landmark': '', 'latitude': '', 'longitude': '', 'shipCity': 'Ballia', 'shipState': 'Uttar Pradesh', 'shipCountry': 'India', 'shipPincode': '277213', 'shipPhone1': '8777303129', 'shipPhone2': '8777303129', 'shipEmail1': 'ani8777303129@gmail.com', 'shipEmail2': 'ani8777303129@gmail.com', 'billName': 'Aniket  Singh', 'billAddress1': 'Vidhya  Bhawan  Narayanpur', 'billAddress2': 'Uttar Pradesh UP', 'billAddress3': '', 'billCity': 'Ballia', 'billState': 'Uttar Pradesh', 'billCountry': 'India', 'billPincode': '277213', 'billPhone1': '8777303129', 'billPhone2': '8777303129', 'billEmail1': 'ani8777303129@gmail.com', 'billEmail2': 'ani8777303129@gmail.com', 'orderRemarks': None, 'shippingCharges': '0.00', 'handlingCharge2': '0.00', 'storeCredit': '0.00', 'isVerifiedOrder': '1', 'isOnHold': '0', 'giftvoucher': '0.00', 'otherDiscount': '0.00', 'discountCode': 'null', 'promoCode': None, 'promoName': None, 'cancelRemark': '', 'isGiftwrap': '0', 'giftwrapMsg': '', 'deliverySlot': '', 'customDataFeld1': '', 'customDataFeld2': '', 'customDataFeld3': '', 'customDataFeld4': '["Transaction is yet to complete"]', 'customDataFeld5': '', 'customDataFeld6': '', 'customDataFeld7': 'WCPI0423696953', 'customDataFeld8': '', 'customDataFeld9': '20/11/2021 07:00:46', 'customDataFeld10': '', 'discountAmount': '0.000', 'taxAmount': '259.17', 'updatedDate': '18/02/2023 20:13:24', 'mode': 'wms', 'IsReplacementOrder': 'No', 'originalOrderno': '', 'customerCode': '999999', 'extCustomerCode': '', 'clientId': '0', 'fulfillmentLocCode': 'SHO', 'extFulFillmentLocCode': 'SHO', 'orderSourceName': 'Webstore', 'collectibleAmount': '0.00', 'totalOrderLine': '1', 'delFulfillmentMode': '2', 'geoType': None, 'geoAddress': None, 'geoLatitude': None, 'geoLongitude': None, 'orderSource': 'M01', 'orderType': 'SO', 'shipByDate': '22/11/2021 12:30:08', 'processAfterDate': '', 'masterorderNo': '83153', 'priority': 'Normal', 'pickupLocation': '', 'fulfillmentLocName': 'SKECHERS SOUTH ASIA PRIVATE LIMITED', 'items': [{'lineno': '186610', 'extLineno': '186610', 'internalLineNo': '1', 'sku': '193642118391', 'primaryUPC': 'SKR21108', 'skuName': '999163-RDBK/8/SLIPPER/GAMBIX', 'status': 'Shipped & Returned', 'imageUrl': 'https://imageserver.skechers.com/img/productimages/large/999163_RDBK.jpg', 'uom': 'Each', 'uomqty': '1.00', 'conversion': '1.00', 'orderQty': '1.00', 'commitedQty': '0.00', 'cancelledQty': '0.00', 'shippedQty': '1.00', 'returnQty': '1.00', 'unitPrice': '1699.00', 'discountAmt': '0.00', 'promoCode': None, 'promoName': None, 'taxAmount': '259.17', 'openQty': '0.00', 'udf1': '', 'udf2': '', 'udf3': '', 'udf4': '', 'udf5': '', 'udf6': '', 'udf7': '', 'udf8': '', 'udf9': '', 'udf10': '', 'bundleSkuCode': None, 'shipByDate': '', 'fulfillmentLocCode': 'D15', 'fulfillmentLocName': 'SSAPL-LINKING ROAD'}], 'paymentItems': [], 'codcharge': '0.00', 'customerGSTIN': ''}}]} | startdate : 17/02/2023 00:00:00 | enddate : 24/02/2023 00:00:00
18940:2023-04-14 15:18:12,072:INFO:responsedata : {'responseCode': 9, 'responseMessage': 'No Record Found.', 'totalOrders': None, 'totalPages': None, 'currentPage': None, 'orderList': []} | startdate : 24/02/2023 00:00:00 | enddate : 03/03/2023 00:00:00
18940:2023-04-14 15:18:12,530:INFO:responsedata : {'responseCode': 9, 'responseMessage': 'No Record Found.', 'totalOrders': None, 'totalPages': None, 'currentPage': None, 'orderList': []} | startdate : 03/03/2023 00:00:00 | enddate : 10/03/2023 00:00:00
18940:2023-04-14 15:18:12,938:INFO:responsedata : {'responseCode': 9, 'responseMessage': 'No Record Found.', 'totalOrders': None, 'totalPages': None, 'currentPage': None, 'orderList': []} | startdate : 10/03/2023 00:00:00 | enddate : 17/03/2023 00:00:00
18940:2023-04-14 15:18:13,373:INFO:responsedata : {'responseCode': 9, 'responseMessage': 'No Record Found.', 'totalOrders': None, 'totalPages': None, 'currentPage': None, 'orderList': []} | startdate : 17/03/2023 00:00:00 | enddate : 24/03/2023 00:00:00
18940:2023-04-14 15:18:13,804:INFO:responsedata : {'responseCode': 9, 'responseMessage': 'No Record Found.', 'totalOrders': None, 'totalPages': None, 'currentPage': None, 'orderList': []} | startdate : 24/03/2023 00:00:00 | enddate : 31/03/2023 00:00:00
18940:2023-04-14 15:18:14,183:INFO:responsedata : {'responseCode': 9, 'responseMessage': 'No Record Found.', 'totalOrders': None, 'totalPages': None, 'currentPage': None, 'orderList': []} | startdate : 31/03/2023 00:00:00 | enddate : 07/04/2023 00:00:00
18940:2023-04-14 15:18:14,526:INFO:responsedata : {'responseCode': 13, 'responseMessage': 'API Hit Quota Exceeded', 'totalOrders': None, 'totalPages': None, 'currentPage': None, 'orderList': []} | startdate : 07/04/2023 00:00:00 | enddate : 14/04/2023 00:00:00
18940:2023-04-14 15:18:14,906:INFO:responsedata : {'responseCode': 13, 'responseMessage': 'API Hit Quota Exceeded', 'totalOrders': None, 'totalPages': None, 'currentPage': None, 'orderList': []} | startdate : 14/04/2023 00:00:00 | enddate : 21/04/2023 00:00:00
